[0.003s][info][gc] Using Parallel
[0,300s][info][gc] GC(0) Pause Young (Allocation Failure) 126M->26M(491M) 36,863ms
[0,427s][info][gc] GC(1) Pause Young (Allocation Failure) 150M->41M(491M) 33,145ms
[0,516s][info][gc] GC(2) Pause Young (Allocation Failure) 165M->52M(491M) 31,689ms
[0,596s][info][gc] GC(3) Pause Young (Allocation Failure) 173M->61M(491M) 25,723ms
[0,698s][info][gc] GC(4) Pause Young (Allocation Failure) 189M->69M(491M) 40,909ms
[0,788s][info][gc] GC(5) Pause Young (Allocation Failure) 193M->77M(463M) 25,051ms
[0,852s][info][gc] GC(6) Pause Young (Allocation Failure) 177M->82M(467M) 18,368ms
[0,920s][info][gc] GC(7) Pause Young (Allocation Failure) 176M->87M(477M) 25,618ms
[1,000s][info][gc] GC(8) Pause Young (Allocation Failure) 186M->92M(476M) 32,652ms
[1,078s][info][gc] GC(9) Pause Young (Allocation Failure) 185M->96M(474M) 28,514ms
[1,149s][info][gc] GC(10) Pause Young (Allocation Failure) 191M->101M(455M) 29,232ms
[1,231s][info][gc] GC(11) Pause Young (Allocation Failure) 185M->105M(472M) 13,603ms
[1,292s][info][gc] GC(12) Pause Young (Allocation Failure) 191M->108M(473M) 16,854ms
[1,349s][info][gc] GC(13) Pause Young (Allocation Failure) 197M->112M(472M) 15,057ms
[1,413s][info][gc] GC(14) Pause Young (Allocation Failure) 203M->116M(473M) 15,787ms
[1,457s][info][gc] GC(15) Pause Young (Allocation Failure) 195M->119M(474M) 12,210ms
[1,501s][info][gc] GC(16) Pause Young (Allocation Failure) 200M->122M(473M) 13,583ms
[1,557s][info][gc] GC(17) Pause Young (Allocation Failure) 205M->125M(475M) 13,534ms
[1,611s][info][gc] GC(18) Pause Young (Allocation Failure) 209M->128M(474M) 17,103ms
[1,669s][info][gc] GC(19) Pause Young (Allocation Failure) 213M->131M(477M) 13,461ms
[1,718s][info][gc] GC(20) Pause Young (Allocation Failure) 219M->134M(476M) 19,411ms
[1,758s][info][gc] GC(21) Pause Young (Allocation Failure) 224M->137M(479M) 12,841ms
[1,805s][info][gc] GC(22) Pause Young (Allocation Failure) 229M->140M(478M) 14,332ms
[1,860s][info][gc] GC(23) Pause Young (Allocation Failure) 234M->143M(481M) 15,588ms
[1,910s][info][gc] GC(24) Pause Young (Allocation Failure) 239M->146M(480M) 13,644ms
[1,954s][info][gc] GC(25) Pause Young (Allocation Failure) 244M->149M(483M) 14,250ms
[2,001s][info][gc] GC(26) Pause Young (Allocation Failure) 249M->152M(482M) 13,737ms
[2,046s][info][gc] GC(27) Pause Young (Allocation Failure) 254M->156M(483M) 13,907ms
[2,090s][info][gc] GC(28) Pause Young (Allocation Failure) 259M->159M(483M) 14,001ms
[2,143s][info][gc] GC(29) Pause Young (Allocation Failure) 265M->162M(484M) 16,428ms
[2,190s][info][gc] GC(30) Pause Young (Allocation Failure) 269M->165M(484M) 14,488ms
[2,237s][info][gc] GC(31) Pause Young (Allocation Failure) 274M->168M(484M) 14,807ms
[2,291s][info][gc] GC(32) Pause Young (Allocation Failure) 279M->171M(484M) 16,644ms
[2,361s][info][gc] GC(33) Pause Young (Allocation Failure) 284M->174M(483M) 20,023ms
[2,429s][info][gc] GC(34) Pause Young (Allocation Failure) 287M->177M(480M) 17,269ms
[2,482s][info][gc] GC(35) Pause Young (Allocation Failure) 272M->179M(483M) 15,646ms
[2,530s][info][gc] GC(36) Pause Young (Allocation Failure) 276M->182M(483M) 15,558ms
[2,577s][info][gc] GC(37) Pause Young (Allocation Failure) 279M->184M(482M) 15,445ms
[2,630s][info][gc] GC(38) Pause Young (Allocation Failure) 283M->187M(482M) 21,156ms
[2,682s][info][gc] GC(39) Pause Young (Allocation Failure) 286M->189M(481M) 17,457ms
[2,732s][info][gc] GC(40) Pause Young (Allocation Failure) 290M->192M(482M) 15,459ms
[2,780s][info][gc] GC(41) Pause Young (Allocation Failure) 294M->194M(481M) 16,519ms
[2,829s][info][gc] GC(42) Pause Young (Allocation Failure) 297M->197M(478M) 16,404ms
[2,876s][info][gc] GC(43) Pause Young (Allocation Failure) 301M->199M(481M) 15,960ms
[2,928s][info][gc] GC(44) Pause Young (Allocation Failure) 305M->202M(477M) 16,999ms
[2,976s][info][gc] GC(45) Pause Young (Allocation Failure) 308M->204M(479M) 16,767ms
[3,029s][info][gc] GC(46) Pause Young (Allocation Failure) 311M->207M(480M) 16,511ms
[3,072s][info][gc] GC(47) Pause Young (Allocation Failure) 288M->208M(479M) 16,415ms
[3,112s][info][gc] GC(48) Pause Young (Allocation Failure) 290M->210M(479M) 15,823ms
[3,153s][info][gc] GC(49) Pause Young (Allocation Failure) 293M->212M(479M) 16,297ms
[3,197s][info][gc] GC(50) Pause Young (Allocation Failure) 295M->214M(479M) 16,224ms
[3,245s][info][gc] GC(51) Pause Young (Allocation Failure) 298M->216M(478M) 17,133ms
[3,290s][info][gc] GC(52) Pause Young (Allocation Failure) 300M->218M(479M) 16,132ms
[3,330s][info][gc] GC(53) Pause Young (Allocation Failure) 303M->219M(478M) 16,178ms
[3,374s][info][gc] GC(54) Pause Young (Allocation Failure) 305M->221M(478M) 16,778ms
[3,418s][info][gc] GC(55) Pause Young (Allocation Failure) 308M->223M(478M) 17,084ms
[3,468s][info][gc] GC(56) Pause Young (Allocation Failure) 311M->225M(475M) 16,707ms
[3,521s][info][gc] GC(57) Pause Young (Allocation Failure) 314M->227M(478M) 16,976ms
[3,584s][info][gc] GC(58) Pause Young (Allocation Failure) 317M->229M(474M) 20,501ms
[3,652s][info][gc] GC(59) Pause Young (Allocation Failure) 319M->231M(477M) 19,868ms
[3,715s][info][gc] GC(60) Pause Young (Allocation Failure) 321M->233M(474M) 19,214ms
[3,770s][info][gc] GC(61) Pause Young (Allocation Failure) 325M->235M(477M) 17,191ms
[3,824s][info][gc] GC(62) Pause Young (Allocation Failure) 326M->237M(473M) 18,297ms
[3,877s][info][gc] GC(63) Pause Young (Allocation Failure) 329M->239M(476M) 17,100ms
[3,933s][info][gc] GC(64) Pause Young (Allocation Failure) 332M->241M(472M) 17,378ms
[3,988s][info][gc] GC(65) Pause Young (Allocation Failure) 335M->242M(476M) 17,685ms
[4,042s][info][gc] GC(66) Pause Young (Allocation Failure) 337M->244M(472M) 18,661ms
[4,101s][info][gc] GC(67) Pause Young (Allocation Failure) 340M->246M(475M) 18,572ms
[4,171s][info][gc] GC(68) Pause Young (Allocation Failure) 342M->248M(475M) 26,866ms
[4,241s][info][gc] GC(69) Pause Young (Allocation Failure) 344M->250M(474M) 23,849ms
[4,284s][info][gc] GC(70) Pause Young (Allocation Failure) 316M->251M(475M) 18,404ms
[4,321s][info][gc] GC(71) Pause Young (Allocation Failure) 317M->253M(475M) 17,678ms
[4,358s][info][gc] GC(72) Pause Young (Allocation Failure) 319M->254M(475M) 17,662ms
[4,394s][info][gc] GC(73) Pause Young (Allocation Failure) 320M->255M(475M) 17,882ms
[4,431s][info][gc] GC(74) Pause Young (Allocation Failure) 322M->256M(475M) 17,346ms
[4,468s][info][gc] GC(75) Pause Young (Allocation Failure) 323M->257M(475M) 17,649ms
[4,505s][info][gc] GC(76) Pause Young (Allocation Failure) 325M->259M(475M) 17,777ms
[4,544s][info][gc] GC(77) Pause Young (Allocation Failure) 326M->260M(475M) 17,941ms
[4,585s][info][gc] GC(78) Pause Young (Allocation Failure) 328M->261M(475M) 18,176ms
[4,623s][info][gc] GC(79) Pause Young (Allocation Failure) 329M->262M(475M) 18,188ms
[4,667s][info][gc] GC(80) Pause Young (Allocation Failure) 331M->264M(472M) 19,870ms
[4,713s][info][gc] GC(81) Pause Young (Allocation Failure) 333M->265M(474M) 21,827ms
[4,756s][info][gc] GC(82) Pause Young (Allocation Failure) 334M->266M(474M) 19,362ms
[4,808s][info][gc] GC(83) Pause Young (Allocation Failure) 336M->267M(474M) 19,324ms
[4,849s][info][gc] GC(84) Pause Young (Allocation Failure) 337M->269M(474M) 18,583ms
[4,889s][info][gc] GC(85) Pause Young (Allocation Failure) 339M->270M(473M) 18,879ms
[4,929s][info][gc] GC(86) Pause Young (Allocation Failure) 340M->271M(474M) 18,711ms
[4,970s][info][gc] GC(87) Pause Young (Allocation Failure) 342M->272M(474M) 19,488ms
[5,012s][info][gc] GC(88) Pause Young (Allocation Failure) 343M->274M(474M) 19,325ms
[5,055s][info][gc] GC(89) Pause Young (Allocation Failure) 345M->275M(473M) 20,334ms
[5,096s][info][gc] GC(90) Pause Young (Allocation Failure) 346M->276M(473M) 18,940ms
[5,143s][info][gc] GC(91) Pause Young (Allocation Failure) 348M->277M(473M) 20,176ms
[5,192s][info][gc] GC(92) Pause Young (Allocation Failure) 350M->279M(473M) 19,940ms
[5,237s][info][gc] GC(93) Pause Young (Allocation Failure) 351M->280M(472M) 20,457ms
[5,279s][info][gc] GC(94) Pause Young (Allocation Failure) 353M->281M(473M) 19,522ms
[5,320s][info][gc] GC(95) Pause Young (Allocation Failure) 354M->282M(473M) 19,597ms
[5,361s][info][gc] GC(96) Pause Young (Allocation Failure) 356M->283M(473M) 19,412ms
[5,404s][info][gc] GC(97) Pause Young (Allocation Failure) 357M->285M(472M) 20,287ms
[5,449s][info][gc] GC(98) Pause Young (Allocation Failure) 359M->286M(472M) 19,901ms
[5,495s][info][gc] GC(99) Pause Young (Allocation Failure) 360M->287M(472M) 21,871ms
[5,541s][info][gc] GC(100) Pause Young (Allocation Failure) 362M->288M(470M) 20,974ms
[5,585s][info][gc] GC(101) Pause Young (Allocation Failure) 363M->290M(472M) 20,059ms
[5,631s][info][gc] GC(102) Pause Young (Allocation Failure) 365M->291M(472M) 20,689ms
[5,678s][info][gc] GC(103) Pause Young (Allocation Failure) 366M->292M(472M) 20,460ms
[5,723s][info][gc] GC(104) Pause Young (Allocation Failure) 368M->293M(469M) 20,363ms
[5,767s][info][gc] GC(105) Pause Young (Allocation Failure) 369M->295M(471M) 20,674ms
[5,809s][info][gc] GC(106) Pause Young (Allocation Failure) 371M->296M(471M) 20,347ms
[5,852s][info][gc] GC(107) Pause Young (Allocation Failure) 373M->297M(470M) 20,430ms
[5,894s][info][gc] GC(108) Pause Young (Allocation Failure) 374M->298M(471M) 20,401ms
[5,937s][info][gc] GC(109) Pause Young (Allocation Failure) 376M->300M(471M) 20,221ms
[5,982s][info][gc] GC(110) Pause Young (Allocation Failure) 377M->301M(471M) 20,406ms
[6,030s][info][gc] GC(111) Pause Young (Allocation Failure) 379M->302M(470M) 20,969ms
[6,075s][info][gc] GC(112) Pause Young (Allocation Failure) 380M->303M(470M) 20,365ms
[6,118s][info][gc] GC(113) Pause Young (Allocation Failure) 382M->305M(470M) 20,353ms
[6,169s][info][gc] GC(114) Pause Young (Allocation Failure) 384M->306M(468M) 21,605ms
[6,214s][info][gc] GC(115) Pause Young (Allocation Failure) 385M->307M(470M) 21,013ms
[6,259s][info][gc] GC(116) Pause Young (Allocation Failure) 386M->308M(470M) 21,144ms
[6,304s][info][gc] GC(117) Pause Young (Allocation Failure) 388M->310M(469M) 21,032ms
[6,349s][info][gc] GC(118) Pause Young (Allocation Failure) 389M->311M(469M) 21,142ms
[6,393s][info][gc] GC(119) Pause Young (Allocation Failure) 391M->312M(469M) 21,265ms
[6,437s][info][gc] GC(120) Pause Young (Allocation Failure) 392M->313M(469M) 21,098ms
[6,482s][info][gc] GC(121) Pause Young (Allocation Failure) 394M->315M(468M) 21,274ms
[6,527s][info][gc] GC(122) Pause Young (Allocation Failure) 396M->316M(469M) 21,324ms
[6,572s][info][gc] GC(123) Pause Young (Allocation Failure) 397M->317M(469M) 21,788ms
[6,617s][info][gc] GC(124) Pause Young (Allocation Failure) 399M->318M(466M) 21,670ms
[6,662s][info][gc] GC(125) Pause Young (Allocation Failure) 400M->319M(468M) 21,795ms
[6,707s][info][gc] GC(126) Pause Young (Allocation Failure) 402M->321M(468M) 21,517ms
[6,755s][info][gc] GC(127) Pause Young (Allocation Failure) 403M->322M(467M) 21,951ms
[6,801s][info][gc] GC(128) Pause Young (Allocation Failure) 404M->323M(468M) 21,922ms
[6,848s][info][gc] GC(129) Pause Young (Allocation Failure) 406M->324M(468M) 22,121ms
[6,899s][info][gc] GC(130) Pause Young (Allocation Failure) 407M->326M(465M) 24,631ms
[6,947s][info][gc] GC(131) Pause Young (Allocation Failure) 408M->327M(467M) 22,475ms
[6,981s][info][gc] GC(132) Pause Young (Allocation Failure) 369M->328M(467M) 22,096ms
[7,015s][info][gc] GC(133) Pause Young (Allocation Failure) 370M->328M(467M) 21,396ms
[7,049s][info][gc] GC(134) Pause Young (Allocation Failure) 370M->329M(467M) 21,750ms
[7,083s][info][gc] GC(135) Pause Young (Allocation Failure) 371M->329M(468M) 21,795ms
[7,117s][info][gc] GC(136) Pause Young (Allocation Failure) 372M->330M(467M) 21,554ms
[7,155s][info][gc] GC(137) Pause Young (Allocation Failure) 373M->331M(468M) 21,708ms
[7,193s][info][gc] GC(138) Pause Young (Allocation Failure) 373M->331M(468M) 21,728ms
[7,227s][info][gc] GC(139) Pause Young (Allocation Failure) 374M->332M(468M) 21,574ms
[7,262s][info][gc] GC(140) Pause Young (Allocation Failure) 375M->332M(468M) 22,467ms
[7,298s][info][gc] GC(141) Pause Young (Allocation Failure) 375M->333M(468M) 22,384ms
[7,334s][info][gc] GC(142) Pause Young (Allocation Failure) 376M->334M(468M) 21,895ms
[7,369s][info][gc] GC(143) Pause Young (Allocation Failure) 377M->334M(468M) 21,507ms
[7,416s][info][gc] GC(144) Pause Young (Allocation Failure) 420M->336M(425M) 7,836ms
[7,454s][info][gc] GC(145) Pause Young (Allocation Failure) 379M->378M(460M) 24,460ms
[7,490s][info][gc] GC(146) Pause Young (Allocation Failure) 420M->378M(452M) 23,915ms
[7,526s][info][gc] GC(147) Pause Young (Allocation Failure) 421M->379M(460M) 23,739ms
[7,563s][info][gc] GC(148) Pause Young (Allocation Failure) 422M->379M(460M) 23,988ms
[7,602s][info][gc] GC(149) Pause Young (Allocation Failure) 422M->380M(460M) 26,669ms
[7,640s][info][gc] GC(150) Pause Young (Allocation Failure) 423M->381M(460M) 24,476ms
[7,677s][info][gc] GC(151) Pause Young (Allocation Failure) 424M->381M(460M) 24,136ms
[7,716s][info][gc] GC(152) Pause Young (Allocation Failure) 425M->382M(460M) 24,530ms
[7,754s][info][gc] GC(153) Pause Young (Allocation Failure) 425M->382M(460M) 24,208ms
[7,791s][info][gc] GC(154) Pause Young (Allocation Failure) 426M->383M(460M) 24,179ms
[8,295s][info][gc] GC(155) Pause Full (Ergonomics) 383M->341M(460M) 503,671ms
[8,841s][info][gc] GC(156) Pause Full (Ergonomics) 385M->342M(460M) 528,596ms
[9,706s][info][gc] GC(157) Pause Full (Ergonomics) 386M->339M(460M) 849,049ms
[9,749s][info][gc] GC(158) Pause Young (Allocation Failure) 383M->382M(461M) 22,608ms
[9,787s][info][gc] GC(159) Pause Young (Allocation Failure) 426M->383M(461M) 23,235ms
[9,824s][info][gc] GC(160) Pause Young (Allocation Failure) 427M->384M(461M) 23,749ms
[9,871s][info][gc] GC(161) Pause Young (Allocation Failure) 428M->384M(455M) 30,364ms
[9,907s][info][gc] GC(162) Pause Young (Allocation Failure) 428M->385M(459M) 22,898ms
[9,944s][info][gc] GC(163) Pause Young (Allocation Failure) 429M->385M(454M) 23,467ms
[9,981s][info][gc] GC(164) Pause Young (Allocation Failure) 430M->386M(458M) 23,751ms
[10,019s][info][gc] GC(165) Pause Young (Allocation Failure) 430M->387M(453M) 24,344ms
[10,056s][info][gc] GC(166) Pause Young (Allocation Failure) 431M->387M(458M) 24,309ms
[10,652s][info][gc] GC(167) Pause Full (Ergonomics) 387M->345M(458M) 595,817ms
[10,722s][info][gc] GC(168) Pause Young (Allocation Failure) 389M->346M(452M) 50,032ms
[10,763s][info][gc] GC(169) Pause Young (Allocation Failure) 390M->346M(458M) 25,240ms
[10,805s][info][gc] GC(170) Pause Young (Allocation Failure) 391M->347M(452M) 26,540ms
[10,847s][info][gc] GC(171) Pause Young (Allocation Failure) 391M->347M(456M) 25,632ms
[10,889s][info][gc] GC(172) Pause Young (Allocation Failure) 392M->348M(451M) 26,594ms
[10,928s][info][gc] GC(173) Pause Young (Allocation Failure) 393M->349M(454M) 25,934ms
[10,969s][info][gc] GC(174) Pause Young (Allocation Failure) 393M->349M(455M) 26,417ms
[11,012s][info][gc] GC(175) Pause Young (Allocation Failure) 394M->350M(455M) 28,538ms
[11,052s][info][gc] GC(176) Pause Young (Allocation Failure) 395M->351M(455M) 27,118ms
[11,105s][info][gc] GC(177) Pause Young (Allocation Failure) 395M->351M(455M) 32,524ms
[11,148s][info][gc] GC(178) Pause Young (Allocation Failure) 396M->352M(455M) 27,409ms
[11,198s][info][gc] GC(179) Pause Young (Allocation Failure) 397M->352M(456M) 28,831ms
[11,250s][info][gc] GC(180) Pause Young (Allocation Failure) 398M->353M(456M) 35,955ms
[11,294s][info][gc] GC(181) Pause Young (Allocation Failure) 398M->354M(456M) 27,326ms
[11,334s][info][gc] GC(182) Pause Young (Allocation Failure) 399M->354M(456M) 26,565ms
[11,374s][info][gc] GC(183) Pause Young (Allocation Failure) 400M->355M(457M) 26,299ms
[11,413s][info][gc] GC(184) Pause Young (Allocation Failure) 400M->356M(457M) 25,839ms
[11,453s][info][gc] GC(185) Pause Young (Allocation Failure) 401M->356M(457M) 26,096ms
[11,492s][info][gc] GC(186) Pause Young (Allocation Failure) 402M->357M(457M) 26,297ms
[11,532s][info][gc] GC(187) Pause Young (Allocation Failure) 403M->357M(458M) 26,124ms
[11,572s][info][gc] GC(188) Pause Young (Allocation Failure) 403M->358M(458M) 26,135ms
[11,611s][info][gc] GC(189) Pause Young (Allocation Failure) 404M->359M(458M) 26,415ms
[11,652s][info][gc] GC(190) Pause Young (Allocation Failure) 405M->359M(458M) 26,072ms
[11,693s][info][gc] GC(191) Pause Young (Allocation Failure) 405M->360M(458M) 26,589ms
[11,735s][info][gc] GC(192) Pause Young (Allocation Failure) 406M->361M(458M) 26,566ms
[11,775s][info][gc] GC(193) Pause Young (Allocation Failure) 407M->361M(458M) 26,411ms
[11,816s][info][gc] GC(194) Pause Young (Allocation Failure) 407M->362M(458M) 27,424ms
[11,857s][info][gc] GC(195) Pause Young (Allocation Failure) 408M->362M(459M) 27,209ms
[11,897s][info][gc] GC(196) Pause Young (Allocation Failure) 409M->363M(458M) 26,738ms
[11,938s][info][gc] GC(197) Pause Young (Allocation Failure) 410M->364M(459M) 26,506ms
[11,978s][info][gc] GC(198) Pause Young (Allocation Failure) 410M->364M(459M) 26,510ms
[12,018s][info][gc] GC(199) Pause Young (Allocation Failure) 411M->365M(459M) 26,681ms
[12,058s][info][gc] GC(200) Pause Young (Allocation Failure) 412M->366M(459M) 26,519ms
[12,098s][info][gc] GC(201) Pause Young (Allocation Failure) 412M->366M(459M) 26,540ms
[12,139s][info][gc] GC(202) Pause Young (Allocation Failure) 413M->367M(459M) 26,749ms
[12,187s][info][gc] GC(203) Pause Young (Allocation Failure) 414M->368M(459M) 28,404ms
[12,228s][info][gc] GC(204) Pause Young (Allocation Failure) 415M->368M(459M) 26,858ms
[12,269s][info][gc] GC(205) Pause Young (Allocation Failure) 415M->369M(459M) 26,874ms
[12,311s][info][gc] GC(206) Pause Young (Allocation Failure) 416M->369M(459M) 27,418ms
[12,352s][info][gc] GC(207) Pause Young (Allocation Failure) 417M->370M(459M) 27,026ms
[12,393s][info][gc] GC(208) Pause Young (Allocation Failure) 417M->371M(459M) 27,151ms
[12,435s][info][gc] GC(209) Pause Young (Allocation Failure) 418M->371M(459M) 27,217ms
[12,479s][info][gc] GC(210) Pause Young (Allocation Failure) 419M->372M(459M) 30,604ms
[12,521s][info][gc] GC(211) Pause Young (Allocation Failure) 420M->372M(459M) 27,039ms
[12,563s][info][gc] GC(212) Pause Young (Allocation Failure) 420M->373M(459M) 28,025ms
[12,604s][info][gc] GC(213) Pause Young (Allocation Failure) 421M->374M(458M) 27,144ms
[12,647s][info][gc] GC(214) Pause Young (Allocation Failure) 422M->374M(458M) 27,614ms
[12,688s][info][gc] GC(215) Pause Young (Allocation Failure) 422M->375M(458M) 27,394ms
[12,730s][info][gc] GC(216) Pause Young (Allocation Failure) 423M->376M(458M) 27,648ms
[12,772s][info][gc] GC(217) Pause Young (Allocation Failure) 424M->376M(458M) 27,426ms
[12,813s][info][gc] GC(218) Pause Young (Allocation Failure) 424M->377M(458M) 27,160ms
[12,855s][info][gc] GC(219) Pause Young (Allocation Failure) 425M->378M(458M) 27,591ms
[12,898s][info][gc] GC(220) Pause Young (Allocation Failure) 426M->378M(458M) 28,197ms
[12,940s][info][gc] GC(221) Pause Young (Allocation Failure) 427M->379M(458M) 27,965ms
[12,981s][info][gc] GC(222) Pause Young (Allocation Failure) 427M->379M(457M) 27,160ms
[13,023s][info][gc] GC(223) Pause Young (Allocation Failure) 428M->380M(458M) 27,821ms
[13,065s][info][gc] GC(224) Pause Young (Allocation Failure) 429M->381M(458M) 27,542ms
[13,107s][info][gc] GC(225) Pause Young (Allocation Failure) 429M->381M(458M) 27,470ms
[13,149s][info][gc] GC(226) Pause Young (Allocation Failure) 430M->382M(458M) 28,108ms
[13,201s][info][gc] GC(227) Pause Young (Allocation Failure) 431M->383M(458M) 31,287ms
[13,248s][info][gc] GC(228) Pause Young (Allocation Failure) 431M->383M(458M) 32,078ms
[13,291s][info][gc] GC(229) Pause Young (Allocation Failure) 432M->384M(458M) 28,334ms
[13,335s][info][gc] GC(230) Pause Young (Allocation Failure) 433M->384M(457M) 28,026ms
[13,377s][info][gc] GC(231) Pause Young (Allocation Failure) 434M->385M(457M) 27,949ms
[13,420s][info][gc] GC(232) Pause Young (Allocation Failure) 434M->386M(457M) 27,745ms
[13,463s][info][gc] GC(233) Pause Young (Allocation Failure) 435M->386M(457M) 28,095ms
[13,507s][info][gc] GC(234) Pause Young (Allocation Failure) 436M->387M(457M) 28,342ms
[13,550s][info][gc] GC(235) Pause Young (Allocation Failure) 436M->388M(457M) 28,468ms
[13,593s][info][gc] GC(236) Pause Young (Allocation Failure) 437M->388M(456M) 28,419ms
[13,636s][info][gc] GC(237) Pause Young (Allocation Failure) 438M->389M(457M) 28,720ms
[13,680s][info][gc] GC(238) Pause Young (Allocation Failure) 438M->389M(457M) 28,261ms
[13,723s][info][gc] GC(239) Pause Young (Allocation Failure) 439M->390M(457M) 28,567ms
[13,766s][info][gc] GC(240) Pause Young (Allocation Failure) 440M->391M(457M) 28,194ms
[13,809s][info][gc] GC(241) Pause Young (Allocation Failure) 441M->391M(457M) 28,246ms
[13,852s][info][gc] GC(242) Pause Young (Allocation Failure) 441M->392M(457M) 28,444ms
[13,897s][info][gc] GC(243) Pause Young (Allocation Failure) 442M->393M(456M) 28,915ms
[13,942s][info][gc] GC(244) Pause Young (Allocation Failure) 443M->393M(456M) 29,346ms
[13,986s][info][gc] GC(245) Pause Young (Allocation Failure) 443M->394M(456M) 28,353ms
[14,030s][info][gc] GC(246) Pause Young (Allocation Failure) 444M->394M(456M) 28,629ms
[14,696s][info][gc] GC(247) Pause Full (Ergonomics) 394M->393M(456M) 665,797ms
[14,773s][info][gc] GC(248) Pause Young (Allocation Failure) 443M->394M(456M) 55,131ms
[14,816s][info][gc] GC(249) Pause Young (Allocation Failure) 444M->394M(456M) 28,274ms
[14,861s][info][gc] GC(250) Pause Young (Allocation Failure) 445M->395M(456M) 28,794ms
[15,437s][info][gc] GC(251) Pause Full (Ergonomics) 395M->395M(456M) 575,719ms
[16,060s][info][gc] GC(252) Pause Full (Ergonomics) 445M->395M(456M) 600,018ms
[16,866s][info][gc] GC(253) Pause Full (Allocation Failure) 395M->395M(456M) 805,381ms
