[0.014s][info][gc] Using Parallel
[0,493s][info][gc] GC(0) Pause Young (Allocation Failure) 252M->40M(981M) 49,846ms
[0,702s][info][gc] GC(1) Pause Young (Allocation Failure) 291M->61M(981M) 61,464ms
[0,890s][info][gc] GC(2) Pause Young (Allocation Failure) 317M->77M(981M) 67,474ms
[1,053s][info][gc] GC(3) Pause Young (Allocation Failure) 333M->90M(981M) 47,901ms
[1,210s][info][gc] GC(4) Pause Young (Allocation Failure) 338M->101M(981M) 40,600ms
[1,359s][info][gc] GC(5) Pause Young (Allocation Failure) 347M->112M(940M) 38,242ms
[1,494s][info][gc] GC(6) Pause Young (Allocation Failure) 315M->120M(961M) 44,434ms
[1,622s][info][gc] GC(7) Pause Young (Allocation Failure) 319M->127M(961M) 39,955ms
[1,736s][info][gc] GC(8) Pause Young (Allocation Failure) 338M->134M(934M) 36,737ms
[1,822s][info][gc] GC(9) Pause Young (Allocation Failure) 334M->141M(954M) 27,638ms
[1,903s][info][gc] GC(10) Pause Young (Allocation Failure) 332M->147M(914M) 23,551ms
[1,985s][info][gc] GC(11) Pause Young (Allocation Failure) 346M->153M(952M) 19,070ms
[2,061s][info][gc] GC(12) Pause Young (Allocation Failure) 339M->159M(908M) 18,987ms
[2,141s][info][gc] GC(13) Pause Young (Allocation Failure) 351M->165M(952M) 18,138ms
[2,217s][info][gc] GC(14) Pause Young (Allocation Failure) 342M->169M(952M) 17,666ms
[2,318s][info][gc] GC(15) Pause Young (Allocation Failure) 353M->175M(954M) 22,739ms
[2,428s][info][gc] GC(16) Pause Young (Allocation Failure) 364M->180M(953M) 19,268ms
[2,535s][info][gc] GC(17) Pause Young (Allocation Failure) 373M->185M(957M) 20,024ms
[2,640s][info][gc] GC(18) Pause Young (Allocation Failure) 384M->190M(955M) 21,979ms
[2,751s][info][gc] GC(19) Pause Young (Allocation Failure) 393M->195M(961M) 22,455ms
[2,856s][info][gc] GC(20) Pause Young (Allocation Failure) 402M->200M(959M) 20,713ms
[2,942s][info][gc] GC(21) Pause Young (Allocation Failure) 412M->205M(965M) 19,616ms
[3,043s][info][gc] GC(22) Pause Young (Allocation Failure) 422M->210M(963M) 26,198ms
[3,139s][info][gc] GC(23) Pause Young (Allocation Failure) 431M->214M(969M) 21,365ms
[3,239s][info][gc] GC(24) Pause Young (Allocation Failure) 442M->219M(967M) 21,255ms
[3,340s][info][gc] GC(25) Pause Young (Allocation Failure) 448M->224M(973M) 21,532ms
[3,434s][info][gc] GC(26) Pause Young (Allocation Failure) 457M->229M(971M) 22,710ms
[3,534s][info][gc] GC(27) Pause Young (Allocation Failure) 438M->233M(976M) 29,499ms
[3,636s][info][gc] GC(28) Pause Young (Allocation Failure) 476M->238M(974M) 20,916ms
[3,726s][info][gc] GC(29) Pause Young (Allocation Failure) 456M->243M(978M) 24,177ms
[3,849s][info][gc] GC(30) Pause Young (Allocation Failure) 468M->247M(977M) 36,608ms
[3,948s][info][gc] GC(31) Pause Young (Allocation Failure) 472M->251M(979M) 21,934ms
[4,050s][info][gc] GC(32) Pause Young (Allocation Failure) 480M->255M(979M) 23,526ms
[4,142s][info][gc] GC(33) Pause Young (Allocation Failure) 488M->260M(980M) 22,750ms
[4,238s][info][gc] GC(34) Pause Young (Allocation Failure) 496M->264M(980M) 22,600ms
[4,330s][info][gc] GC(35) Pause Young (Allocation Failure) 504M->268M(979M) 22,427ms
[4,439s][info][gc] GC(36) Pause Young (Allocation Failure) 512M->273M(979M) 25,814ms
[4,540s][info][gc] GC(37) Pause Young (Allocation Failure) 520M->277M(978M) 23,104ms
[4,635s][info][gc] GC(38) Pause Young (Allocation Failure) 494M->281M(979M) 23,133ms
[4,735s][info][gc] GC(39) Pause Young (Allocation Failure) 502M->284M(978M) 24,637ms
[4,828s][info][gc] GC(40) Pause Young (Allocation Failure) 507M->288M(978M) 22,800ms
[4,916s][info][gc] GC(41) Pause Young (Allocation Failure) 513M->292M(977M) 23,088ms
[5,007s][info][gc] GC(42) Pause Young (Allocation Failure) 519M->295M(972M) 23,751ms
[5,101s][info][gc] GC(43) Pause Young (Allocation Failure) 526M->299M(977M) 24,260ms
[5,194s][info][gc] GC(44) Pause Young (Allocation Failure) 532M->303M(972M) 24,081ms
[5,287s][info][gc] GC(45) Pause Young (Allocation Failure) 538M->306M(976M) 24,283ms
[5,381s][info][gc] GC(46) Pause Young (Allocation Failure) 545M->310M(971M) 24,548ms
[5,477s][info][gc] GC(47) Pause Young (Allocation Failure) 551M->314M(975M) 24,631ms
[5,575s][info][gc] GC(48) Pause Young (Allocation Failure) 558M->317M(970M) 24,624ms
[5,659s][info][gc] GC(49) Pause Young (Allocation Failure) 524M->320M(974M) 24,913ms
[5,758s][info][gc] GC(50) Pause Young (Allocation Failure) 530M->324M(974M) 30,803ms
[5,848s][info][gc] GC(51) Pause Young (Allocation Failure) 534M->327M(973M) 24,582ms
[5,935s][info][gc] GC(52) Pause Young (Allocation Failure) 539M->330M(968M) 24,867ms
[6,022s][info][gc] GC(53) Pause Young (Allocation Failure) 544M->333M(972M) 25,022ms
[6,110s][info][gc] GC(54) Pause Young (Allocation Failure) 549M->336M(973M) 25,163ms
[6,200s][info][gc] GC(55) Pause Young (Allocation Failure) 554M->339M(972M) 25,287ms
[6,289s][info][gc] GC(56) Pause Young (Allocation Failure) 559M->342M(966M) 25,411ms
[6,379s][info][gc] GC(57) Pause Young (Allocation Failure) 564M->345M(972M) 25,865ms
[6,470s][info][gc] GC(58) Pause Young (Allocation Failure) 569M->348M(966M) 26,268ms
[6,564s][info][gc] GC(59) Pause Young (Allocation Failure) 574M->351M(970M) 26,162ms
[6,656s][info][gc] GC(60) Pause Young (Allocation Failure) 579M->354M(965M) 26,201ms
[6,760s][info][gc] GC(61) Pause Young (Allocation Failure) 584M->357M(969M) 26,720ms
[6,854s][info][gc] GC(62) Pause Young (Allocation Failure) 589M->360M(970M) 26,535ms
[6,956s][info][gc] GC(63) Pause Young (Allocation Failure) 593M->363M(969M) 27,397ms
[7,051s][info][gc] GC(64) Pause Young (Allocation Failure) 595M->366M(963M) 27,275ms
[7,133s][info][gc] GC(65) Pause Young (Allocation Failure) 553M->369M(969M) 26,643ms
[7,223s][info][gc] GC(66) Pause Young (Allocation Failure) 557M->371M(962M) 27,564ms
[7,306s][info][gc] GC(67) Pause Young (Allocation Failure) 561M->374M(968M) 26,918ms
[7,389s][info][gc] GC(68) Pause Young (Allocation Failure) 564M->376M(968M) 27,111ms
[7,472s][info][gc] GC(69) Pause Young (Allocation Failure) 568M->379M(967M) 27,065ms
[7,557s][info][gc] GC(70) Pause Young (Allocation Failure) 572M->381M(968M) 27,255ms
[7,644s][info][gc] GC(71) Pause Young (Allocation Failure) 575M->384M(967M) 28,817ms
[7,733s][info][gc] GC(72) Pause Young (Allocation Failure) 579M->386M(967M) 28,780ms
[7,828s][info][gc] GC(73) Pause Young (Allocation Failure) 583M->389M(966M) 27,691ms
[7,915s][info][gc] GC(74) Pause Young (Allocation Failure) 586M->391M(967M) 28,456ms
[8,004s][info][gc] GC(75) Pause Young (Allocation Failure) 590M->393M(966M) 28,149ms
[8,090s][info][gc] GC(76) Pause Young (Allocation Failure) 594M->396M(966M) 27,952ms
[8,181s][info][gc] GC(77) Pause Young (Allocation Failure) 597M->398M(965M) 28,060ms
[8,268s][info][gc] GC(78) Pause Young (Allocation Failure) 601M->401M(966M) 28,247ms
[8,357s][info][gc] GC(79) Pause Young (Allocation Failure) 605M->403M(965M) 28,751ms
[8,446s][info][gc] GC(80) Pause Young (Allocation Failure) 613M->406M(965M) 28,744ms
[8,539s][info][gc] GC(81) Pause Young (Allocation Failure) 616M->408M(964M) 29,008ms
[8,631s][info][gc] GC(82) Pause Young (Allocation Failure) 620M->411M(965M) 30,519ms
[8,723s][info][gc] GC(83) Pause Young (Allocation Failure) 624M->413M(964M) 29,210ms
[8,825s][info][gc] GC(84) Pause Young (Allocation Failure) 627M->416M(964M) 29,421ms
[8,918s][info][gc] GC(85) Pause Young (Allocation Failure) 631M->418M(963M) 30,877ms
[9,010s][info][gc] GC(86) Pause Young (Allocation Failure) 635M->420M(958M) 29,243ms
[9,101s][info][gc] GC(87) Pause Young (Allocation Failure) 638M->423M(963M) 29,277ms
[9,193s][info][gc] GC(88) Pause Young (Allocation Failure) 642M->425M(958M) 29,720ms
[9,286s][info][gc] GC(89) Pause Young (Allocation Failure) 645M->428M(963M) 29,937ms
[9,382s][info][gc] GC(90) Pause Young (Allocation Failure) 647M->430M(957M) 30,136ms
[9,476s][info][gc] GC(91) Pause Young (Allocation Failure) 649M->433M(962M) 30,239ms
[9,555s][info][gc] GC(92) Pause Young (Allocation Failure) 598M->435M(957M) 30,365ms
[9,633s][info][gc] GC(93) Pause Young (Allocation Failure) 601M->437M(962M) 29,950ms
[9,712s][info][gc] GC(94) Pause Young (Allocation Failure) 603M->438M(962M) 29,808ms
[9,809s][info][gc] GC(95) Pause Young (Allocation Failure) 606M->440M(962M) 30,543ms
[9,889s][info][gc] GC(96) Pause Young (Allocation Failure) 608M->442M(962M) 30,149ms
[9,971s][info][gc] GC(97) Pause Young (Allocation Failure) 611M->444M(961M) 30,229ms
[10,053s][info][gc] GC(98) Pause Young (Allocation Failure) 614M->446M(961M) 30,689ms
[10,135s][info][gc] GC(99) Pause Young (Allocation Failure) 616M->448M(961M) 30,523ms
[10,215s][info][gc] GC(100) Pause Young (Allocation Failure) 619M->449M(961M) 30,767ms
[10,296s][info][gc] GC(101) Pause Young (Allocation Failure) 621M->451M(960M) 30,571ms
[10,377s][info][gc] GC(102) Pause Young (Allocation Failure) 624M->453M(961M) 30,723ms
[10,458s][info][gc] GC(103) Pause Young (Allocation Failure) 626M->455M(961M) 30,858ms
[10,541s][info][gc] GC(104) Pause Young (Allocation Failure) 629M->457M(956M) 30,923ms
[10,623s][info][gc] GC(105) Pause Young (Allocation Failure) 631M->459M(960M) 31,263ms
[10,706s][info][gc] GC(106) Pause Young (Allocation Failure) 634M->461M(960M) 31,716ms
[10,802s][info][gc] GC(107) Pause Young (Allocation Failure) 636M->462M(959M) 31,301ms
[10,885s][info][gc] GC(108) Pause Young (Allocation Failure) 639M->464M(960M) 31,660ms
[10,971s][info][gc] GC(109) Pause Young (Allocation Failure) 641M->466M(960M) 31,370ms
[11,055s][info][gc] GC(110) Pause Young (Allocation Failure) 644M->468M(956M) 31,775ms
[11,139s][info][gc] GC(111) Pause Young (Allocation Failure) 646M->470M(959M) 31,477ms
[11,223s][info][gc] GC(112) Pause Young (Allocation Failure) 649M->472M(955M) 32,009ms
[11,307s][info][gc] GC(113) Pause Young (Allocation Failure) 651M->473M(959M) 32,102ms
[11,394s][info][gc] GC(114) Pause Young (Allocation Failure) 654M->475M(959M) 32,328ms
[11,482s][info][gc] GC(115) Pause Young (Allocation Failure) 657M->477M(958M) 32,740ms
[11,568s][info][gc] GC(116) Pause Young (Allocation Failure) 659M->479M(958M) 32,236ms
[11,655s][info][gc] GC(117) Pause Young (Allocation Failure) 662M->481M(957M) 32,924ms
[11,753s][info][gc] GC(118) Pause Young (Allocation Failure) 664M->483M(958M) 34,714ms
[11,844s][info][gc] GC(119) Pause Young (Allocation Failure) 667M->485M(958M) 33,177ms
[11,931s][info][gc] GC(120) Pause Young (Allocation Failure) 669M->486M(954M) 33,451ms
[12,018s][info][gc] GC(121) Pause Young (Allocation Failure) 672M->488M(957M) 33,120ms
[12,109s][info][gc] GC(122) Pause Young (Allocation Failure) 674M->490M(953M) 37,141ms
[12,203s][info][gc] GC(123) Pause Young (Allocation Failure) 677M->492M(957M) 33,443ms
[12,291s][info][gc] GC(124) Pause Young (Allocation Failure) 679M->494M(953M) 33,644ms
[12,380s][info][gc] GC(125) Pause Young (Allocation Failure) 682M->496M(956M) 33,373ms
[12,470s][info][gc] GC(126) Pause Young (Allocation Failure) 684M->497M(952M) 34,025ms
[12,560s][info][gc] GC(127) Pause Young (Allocation Failure) 687M->499M(956M) 33,993ms
[12,650s][info][gc] GC(128) Pause Young (Allocation Failure) 689M->501M(956M) 34,307ms
[12,746s][info][gc] GC(129) Pause Young (Allocation Failure) 692M->503M(955M) 35,853ms
[12,851s][info][gc] GC(130) Pause Young (Allocation Failure) 695M->505M(955M) 39,438ms
[12,944s][info][gc] GC(131) Pause Young (Allocation Failure) 697M->507M(954M) 34,012ms
[13,035s][info][gc] GC(132) Pause Young (Allocation Failure) 699M->509M(955M) 34,228ms
[13,125s][info][gc] GC(133) Pause Young (Allocation Failure) 702M->510M(954M) 34,711ms
[13,216s][info][gc] GC(134) Pause Young (Allocation Failure) 705M->512M(954M) 34,269ms
[13,307s][info][gc] GC(135) Pause Young (Allocation Failure) 707M->514M(953M) 34,785ms
[13,399s][info][gc] GC(136) Pause Young (Allocation Failure) 710M->516M(954M) 34,886ms
[13,491s][info][gc] GC(137) Pause Young (Allocation Failure) 712M->518M(954M) 34,695ms
[13,588s][info][gc] GC(138) Pause Young (Allocation Failure) 715M->520M(950M) 36,184ms
[13,682s][info][gc] GC(139) Pause Young (Allocation Failure) 717M->522M(953M) 35,459ms
[13,787s][info][gc] GC(140) Pause Young (Allocation Failure) 720M->523M(950M) 35,077ms
[13,881s][info][gc] GC(141) Pause Young (Allocation Failure) 722M->525M(953M) 35,630ms
[13,959s][info][gc] GC(142) Pause Young (Allocation Failure) 660M->526M(953M) 35,305ms
[14,032s][info][gc] GC(143) Pause Young (Allocation Failure) 661M->528M(953M) 34,358ms
[14,112s][info][gc] GC(144) Pause Young (Allocation Failure) 663M->529M(953M) 34,669ms
[14,185s][info][gc] GC(145) Pause Young (Allocation Failure) 664M->530M(953M) 34,514ms
[14,263s][info][gc] GC(146) Pause Young (Allocation Failure) 666M->531M(953M) 37,331ms
[14,338s][info][gc] GC(147) Pause Young (Allocation Failure) 667M->533M(952M) 35,098ms
[14,412s][info][gc] GC(148) Pause Young (Allocation Failure) 669M->534M(952M) 34,893ms
[14,487s][info][gc] GC(149) Pause Young (Allocation Failure) 670M->535M(952M) 35,182ms
[14,562s][info][gc] GC(150) Pause Young (Allocation Failure) 672M->536M(952M) 35,021ms
[14,637s][info][gc] GC(151) Pause Young (Allocation Failure) 673M->538M(952M) 35,454ms
[14,712s][info][gc] GC(152) Pause Young (Allocation Failure) 675M->539M(952M) 35,126ms
[14,799s][info][gc] GC(153) Pause Young (Allocation Failure) 677M->540M(952M) 35,785ms
[14,874s][info][gc] GC(154) Pause Young (Allocation Failure) 678M->541M(949M) 35,282ms
[14,965s][info][gc] GC(155) Pause Young (Allocation Failure) 680M->543M(952M) 39,034ms
[15,041s][info][gc] GC(156) Pause Young (Allocation Failure) 681M->544M(952M) 35,739ms
[15,117s][info][gc] GC(157) Pause Young (Allocation Failure) 683M->545M(952M) 35,359ms
[15,192s][info][gc] GC(158) Pause Young (Allocation Failure) 684M->546M(949M) 35,195ms
[15,268s][info][gc] GC(159) Pause Young (Allocation Failure) 686M->548M(951M) 35,721ms
[15,345s][info][gc] GC(160) Pause Young (Allocation Failure) 687M->549M(951M) 35,800ms
[15,421s][info][gc] GC(161) Pause Young (Allocation Failure) 689M->550M(951M) 35,843ms
[15,499s][info][gc] GC(162) Pause Young (Allocation Failure) 690M->551M(951M) 36,250ms
[15,576s][info][gc] GC(163) Pause Young (Allocation Failure) 692M->553M(950M) 35,963ms
[15,655s][info][gc] GC(164) Pause Young (Allocation Failure) 694M->554M(951M) 36,727ms
[15,733s][info][gc] GC(165) Pause Young (Allocation Failure) 695M->555M(951M) 36,759ms
[15,823s][info][gc] GC(166) Pause Young (Allocation Failure) 697M->556M(948M) 36,317ms
[15,900s][info][gc] GC(167) Pause Young (Allocation Failure) 698M->558M(950M) 36,504ms
[15,980s][info][gc] GC(168) Pause Young (Allocation Failure) 700M->559M(950M) 36,879ms
[16,058s][info][gc] GC(169) Pause Young (Allocation Failure) 701M->560M(950M) 36,223ms
[16,136s][info][gc] GC(170) Pause Young (Allocation Failure) 703M->561M(948M) 36,775ms
[16,215s][info][gc] GC(171) Pause Young (Allocation Failure) 704M->562M(950M) 36,627ms
[16,296s][info][gc] GC(172) Pause Young (Allocation Failure) 706M->564M(950M) 37,197ms
[16,376s][info][gc] GC(173) Pause Young (Allocation Failure) 707M->565M(950M) 37,982ms
[16,456s][info][gc] GC(174) Pause Young (Allocation Failure) 709M->566M(947M) 36,994ms
[16,535s][info][gc] GC(175) Pause Young (Allocation Failure) 710M->567M(949M) 37,598ms
[16,614s][info][gc] GC(176) Pause Young (Allocation Failure) 712M->569M(949M) 37,144ms
[16,693s][info][gc] GC(177) Pause Young (Allocation Failure) 714M->570M(948M) 37,180ms
[16,783s][info][gc] GC(178) Pause Young (Allocation Failure) 715M->571M(949M) 38,043ms
[16,864s][info][gc] GC(179) Pause Young (Allocation Failure) 717M->572M(949M) 37,354ms
[16,946s][info][gc] GC(180) Pause Young (Allocation Failure) 718M->574M(949M) 38,015ms
[17,037s][info][gc] GC(181) Pause Young (Allocation Failure) 720M->575M(948M) 45,061ms
[17,118s][info][gc] GC(182) Pause Young (Allocation Failure) 721M->576M(948M) 37,493ms
[17,198s][info][gc] GC(183) Pause Young (Allocation Failure) 723M->577M(948M) 37,784ms
[17,278s][info][gc] GC(184) Pause Young (Allocation Failure) 724M->579M(946M) 37,405ms
[17,358s][info][gc] GC(185) Pause Young (Allocation Failure) 726M->580M(948M) 37,297ms
[17,438s][info][gc] GC(186) Pause Young (Allocation Failure) 727M->581M(948M) 38,027ms
[17,519s][info][gc] GC(187) Pause Young (Allocation Failure) 729M->582M(947M) 38,036ms
[17,602s][info][gc] GC(188) Pause Young (Allocation Failure) 730M->584M(947M) 38,299ms
[17,685s][info][gc] GC(189) Pause Young (Allocation Failure) 732M->585M(947M) 38,288ms
[17,778s][info][gc] GC(190) Pause Young (Allocation Failure) 734M->586M(947M) 40,559ms
[17,861s][info][gc] GC(191) Pause Young (Allocation Failure) 735M->587M(946M) 38,169ms
[17,944s][info][gc] GC(192) Pause Young (Allocation Failure) 737M->589M(947M) 38,648ms
[18,025s][info][gc] GC(193) Pause Young (Allocation Failure) 738M->590M(947M) 38,523ms
[18,107s][info][gc] GC(194) Pause Young (Allocation Failure) 740M->591M(944M) 38,298ms
[18,190s][info][gc] GC(195) Pause Young (Allocation Failure) 741M->592M(946M) 38,298ms
[18,272s][info][gc] GC(196) Pause Young (Allocation Failure) 743M->594M(946M) 38,885ms
[18,355s][info][gc] GC(197) Pause Young (Allocation Failure) 744M->595M(945M) 38,464ms
[18,443s][info][gc] GC(198) Pause Young (Allocation Failure) 746M->596M(946M) 43,929ms
[18,527s][info][gc] GC(199) Pause Young (Allocation Failure) 747M->597M(946M) 38,986ms
[18,610s][info][gc] GC(200) Pause Young (Allocation Failure) 749M->598M(946M) 39,153ms
[18,693s][info][gc] GC(201) Pause Young (Allocation Failure) 751M->600M(945M) 38,853ms
[18,786s][info][gc] GC(202) Pause Young (Allocation Failure) 752M->601M(945M) 39,622ms
[18,871s][info][gc] GC(203) Pause Young (Allocation Failure) 754M->602M(945M) 39,554ms
[18,957s][info][gc] GC(204) Pause Young (Allocation Failure) 755M->603M(943M) 40,422ms
[19,040s][info][gc] GC(205) Pause Young (Allocation Failure) 757M->605M(945M) 39,284ms
[19,125s][info][gc] GC(206) Pause Young (Allocation Failure) 758M->606M(945M) 40,610ms
[19,210s][info][gc] GC(207) Pause Young (Allocation Failure) 760M->607M(944M) 39,730ms
[19,294s][info][gc] GC(208) Pause Young (Allocation Failure) 761M->608M(944M) 39,447ms
[19,379s][info][gc] GC(209) Pause Young (Allocation Failure) 763M->610M(944M) 40,064ms
[19,464s][info][gc] GC(210) Pause Young (Allocation Failure) 764M->611M(944M) 39,755ms
[19,549s][info][gc] GC(211) Pause Young (Allocation Failure) 766M->612M(943M) 39,577ms
[19,634s][info][gc] GC(212) Pause Young (Allocation Failure) 767M->613M(944M) 39,633ms
[19,719s][info][gc] GC(213) Pause Young (Allocation Failure) 769M->615M(944M) 39,970ms
[19,817s][info][gc] GC(214) Pause Young (Allocation Failure) 771M->616M(941M) 40,275ms
[19,919s][info][gc] GC(215) Pause Young (Allocation Failure) 772M->617M(943M) 39,901ms
[20,006s][info][gc] GC(216) Pause Young (Allocation Failure) 774M->618M(943M) 40,424ms
[20,091s][info][gc] GC(217) Pause Young (Allocation Failure) 775M->620M(942M) 39,942ms
[20,179s][info][gc] GC(218) Pause Young (Allocation Failure) 777M->621M(943M) 40,126ms
[20,265s][info][gc] GC(219) Pause Young (Allocation Failure) 778M->622M(943M) 40,088ms
[20,351s][info][gc] GC(220) Pause Young (Allocation Failure) 780M->623M(940M) 40,605ms
[20,437s][info][gc] GC(221) Pause Young (Allocation Failure) 781M->624M(942M) 40,739ms
[20,527s][info][gc] GC(222) Pause Young (Allocation Failure) 783M->626M(942M) 43,981ms
[20,626s][info][gc] GC(223) Pause Young (Allocation Failure) 784M->627M(942M) 41,297ms
[20,714s][info][gc] GC(224) Pause Young (Allocation Failure) 786M->628M(940M) 40,913ms
[20,814s][info][gc] GC(225) Pause Young (Allocation Failure) 788M->629M(942M) 41,428ms
[20,902s][info][gc] GC(226) Pause Young (Allocation Failure) 789M->631M(942M) 40,577ms
[20,991s][info][gc] GC(227) Pause Young (Allocation Failure) 791M->632M(941M) 41,180ms
[21,079s][info][gc] GC(228) Pause Young (Allocation Failure) 792M->633M(941M) 40,996ms
[21,168s][info][gc] GC(229) Pause Young (Allocation Failure) 794M->634M(941M) 40,898ms
[21,257s][info][gc] GC(230) Pause Young (Allocation Failure) 795M->636M(939M) 42,230ms
[21,347s][info][gc] GC(231) Pause Young (Allocation Failure) 797M->637M(941M) 41,714ms
[21,434s][info][gc] GC(232) Pause Young (Allocation Failure) 798M->638M(941M) 41,532ms
[21,523s][info][gc] GC(233) Pause Young (Allocation Failure) 800M->639M(941M) 41,648ms
[21,611s][info][gc] GC(234) Pause Young (Allocation Failure) 801M->641M(938M) 41,668ms
[21,700s][info][gc] GC(235) Pause Young (Allocation Failure) 803M->642M(940M) 41,675ms
[21,801s][info][gc] GC(236) Pause Young (Allocation Failure) 805M->643M(940M) 41,496ms
[21,891s][info][gc] GC(237) Pause Young (Allocation Failure) 806M->644M(939M) 41,596ms
[21,989s][info][gc] GC(238) Pause Young (Allocation Failure) 807M->646M(940M) 42,657ms
[22,078s][info][gc] GC(239) Pause Young (Allocation Failure) 809M->647M(940M) 41,829ms
[22,167s][info][gc] GC(240) Pause Young (Allocation Failure) 811M->648M(937M) 41,923ms
[22,257s][info][gc] GC(241) Pause Young (Allocation Failure) 812M->649M(939M) 42,622ms
[22,347s][info][gc] GC(242) Pause Young (Allocation Failure) 814M->651M(939M) 41,780ms
[22,437s][info][gc] GC(243) Pause Young (Allocation Failure) 815M->652M(938M) 42,205ms
[22,527s][info][gc] GC(244) Pause Young (Allocation Failure) 817M->653M(939M) 42,793ms
[22,617s][info][gc] GC(245) Pause Young (Allocation Failure) 818M->654M(939M) 42,657ms
[22,711s][info][gc] GC(246) Pause Young (Allocation Failure) 820M->656M(939M) 43,033ms
[22,812s][info][gc] GC(247) Pause Young (Allocation Failure) 821M->657M(938M) 42,630ms
[22,903s][info][gc] GC(248) Pause Young (Allocation Failure) 823M->658M(938M) 42,665ms
[22,996s][info][gc] GC(249) Pause Young (Allocation Failure) 824M->659M(938M) 42,838ms
[23,089s][info][gc] GC(250) Pause Young (Allocation Failure) 826M->661M(936M) 42,797ms
[23,181s][info][gc] GC(251) Pause Young (Allocation Failure) 828M->662M(938M) 42,595ms
[23,273s][info][gc] GC(252) Pause Young (Allocation Failure) 829M->663M(938M) 42,819ms
[23,369s][info][gc] GC(253) Pause Young (Allocation Failure) 831M->664M(937M) 46,852ms
[23,462s][info][gc] GC(254) Pause Young (Allocation Failure) 832M->666M(937M) 43,284ms
[23,531s][info][gc] GC(255) Pause Young (Allocation Failure) 751M->666M(937M) 43,111ms
[23,599s][info][gc] GC(256) Pause Young (Allocation Failure) 752M->667M(937M) 42,146ms
[23,667s][info][gc] GC(257) Pause Young (Allocation Failure) 753M->667M(938M) 42,148ms
[23,734s][info][gc] GC(258) Pause Young (Allocation Failure) 753M->668M(937M) 42,720ms
[23,812s][info][gc] GC(259) Pause Young (Allocation Failure) 754M->669M(938M) 42,358ms
[23,904s][info][gc] GC(260) Pause Young (Allocation Failure) 838M->670M(936M) 42,934ms
[23,974s][info][gc] GC(261) Pause Young (Allocation Failure) 756M->671M(937M) 42,981ms
[24,042s][info][gc] GC(262) Pause Young (Allocation Failure) 757M->671M(937M) 43,648ms
[24,111s][info][gc] GC(263) Pause Young (Allocation Failure) 758M->672M(937M) 42,735ms
[24,179s][info][gc] GC(264) Pause Young (Allocation Failure) 758M->672M(937M) 42,634ms
[24,246s][info][gc] GC(265) Pause Young (Allocation Failure) 759M->673M(937M) 42,559ms
[24,313s][info][gc] GC(266) Pause Young (Allocation Failure) 760M->674M(937M) 42,780ms
[24,381s][info][gc] GC(267) Pause Young (Allocation Failure) 760M->674M(937M) 43,188ms
[24,449s][info][gc] GC(268) Pause Young (Allocation Failure) 761M->675M(937M) 42,711ms
[24,516s][info][gc] GC(269) Pause Young (Allocation Failure) 762M->676M(937M) 42,508ms
[24,584s][info][gc] GC(270) Pause Young (Allocation Failure) 762M->676M(937M) 42,683ms
[24,653s][info][gc] GC(271) Pause Young (Allocation Failure) 763M->677M(937M) 43,127ms
[24,723s][info][gc] GC(272) Pause Young (Allocation Failure) 764M->677M(937M) 44,336ms
[24,800s][info][gc] GC(273) Pause Young (Allocation Failure) 765M->678M(937M) 44,567ms
[24,868s][info][gc] GC(274) Pause Young (Allocation Failure) 765M->679M(937M) 43,151ms
[24,937s][info][gc] GC(275) Pause Young (Allocation Failure) 766M->679M(937M) 44,209ms
[25,028s][info][gc] GC(276) Pause Young (Allocation Failure) 851M->681M(852M) 14,371ms
[25,104s][info][gc] GC(277) Pause Young (Allocation Failure) 768M->765M(921M) 49,379ms
[25,178s][info][gc] GC(278) Pause Young (Allocation Failure) 852M->766M(906M) 46,671ms
[25,249s][info][gc] GC(279) Pause Young (Allocation Failure) 853M->766M(921M) 46,599ms
[26,277s][info][gc] GC(280) Pause Full (Ergonomics) 766M->682M(921M) 1027,145ms
[27,349s][info][gc] GC(281) Pause Full (Ergonomics) 770M->683M(921M) 1040,193ms
[28,967s][info][gc] GC(282) Pause Full (Ergonomics) 770M->676M(921M) 1583,571ms
[29,049s][info][gc] GC(283) Pause Young (Allocation Failure) 764M->762M(921M) 44,890ms
[29,121s][info][gc] GC(284) Pause Young (Allocation Failure) 849M->762M(905M) 42,972ms
[29,191s][info][gc] GC(285) Pause Young (Allocation Failure) 850M->763M(921M) 44,055ms
[29,260s][info][gc] GC(286) Pause Young (Allocation Failure) 850M->764M(905M) 43,768ms
[29,330s][info][gc] GC(287) Pause Young (Allocation Failure) 851M->764M(920M) 44,172ms
[29,400s][info][gc] GC(288) Pause Young (Allocation Failure) 852M->765M(905M) 44,511ms
[29,469s][info][gc] GC(289) Pause Young (Allocation Failure) 852M->765M(920M) 44,504ms
[29,541s][info][gc] GC(290) Pause Young (Allocation Failure) 853M->766M(905M) 46,474ms
[29,612s][info][gc] GC(291) Pause Young (Allocation Failure) 854M->767M(919M) 45,022ms
[29,692s][info][gc] GC(292) Pause Young (Allocation Failure) 855M->767M(919M) 45,861ms
[29,766s][info][gc] GC(293) Pause Young (Allocation Failure) 855M->768M(919M) 45,814ms
[29,838s][info][gc] GC(294) Pause Young (Allocation Failure) 856M->768M(919M) 45,511ms
[29,910s][info][gc] GC(295) Pause Young (Allocation Failure) 857M->769M(920M) 46,109ms
[29,981s][info][gc] GC(296) Pause Young (Allocation Failure) 857M->770M(919M) 45,997ms
[30,062s][info][gc] GC(297) Pause Young (Allocation Failure) 858M->770M(920M) 46,285ms
[30,133s][info][gc] GC(298) Pause Young (Allocation Failure) 859M->771M(920M) 45,532ms
[30,206s][info][gc] GC(299) Pause Young (Allocation Failure) 860M->772M(921M) 45,937ms
[30,277s][info][gc] GC(300) Pause Young (Allocation Failure) 860M->772M(921M) 46,035ms
[31,343s][info][gc] GC(301) Pause Full (Ergonomics) 772M->687M(921M) 1065,575ms
[31,469s][info][gc] GC(302) Pause Young (Allocation Failure) 776M->688M(922M) 91,666ms
[31,542s][info][gc] GC(303) Pause Young (Allocation Failure) 777M->689M(922M) 47,093ms
[31,615s][info][gc] GC(304) Pause Young (Allocation Failure) 778M->689M(923M) 46,988ms
[31,689s][info][gc] GC(305) Pause Young (Allocation Failure) 778M->690M(922M) 47,747ms
[31,765s][info][gc] GC(306) Pause Young (Allocation Failure) 779M->691M(923M) 48,275ms
[31,849s][info][gc] GC(307) Pause Young (Allocation Failure) 780M->691M(923M) 48,592ms
[31,923s][info][gc] GC(308) Pause Young (Allocation Failure) 780M->692M(923M) 48,006ms
[31,998s][info][gc] GC(309) Pause Young (Allocation Failure) 781M->692M(923M) 48,219ms
[32,080s][info][gc] GC(310) Pause Young (Allocation Failure) 782M->693M(924M) 49,209ms
[32,154s][info][gc] GC(311) Pause Young (Allocation Failure) 783M->694M(923M) 48,693ms
[32,228s][info][gc] GC(312) Pause Young (Allocation Failure) 783M->694M(924M) 48,126ms
[32,303s][info][gc] GC(313) Pause Young (Allocation Failure) 784M->695M(924M) 48,386ms
[32,377s][info][gc] GC(314) Pause Young (Allocation Failure) 785M->696M(925M) 48,180ms
[32,450s][info][gc] GC(315) Pause Young (Allocation Failure) 785M->696M(924M) 47,715ms
[32,526s][info][gc] GC(316) Pause Young (Allocation Failure) 786M->697M(925M) 49,782ms
[32,601s][info][gc] GC(317) Pause Young (Allocation Failure) 787M->697M(925M) 48,992ms
[32,676s][info][gc] GC(318) Pause Young (Allocation Failure) 788M->698M(926M) 48,310ms
[32,750s][info][gc] GC(319) Pause Young (Allocation Failure) 788M->699M(925M) 48,383ms
[32,827s][info][gc] GC(320) Pause Young (Allocation Failure) 789M->699M(926M) 48,026ms
[32,902s][info][gc] GC(321) Pause Young (Allocation Failure) 790M->700M(926M) 48,184ms
[32,976s][info][gc] GC(322) Pause Young (Allocation Failure) 790M->701M(926M) 48,280ms
[33,061s][info][gc] GC(323) Pause Young (Allocation Failure) 791M->701M(926M) 49,237ms
[33,136s][info][gc] GC(324) Pause Young (Allocation Failure) 792M->702M(926M) 48,961ms
[33,216s][info][gc] GC(325) Pause Young (Allocation Failure) 792M->702M(926M) 52,779ms
[33,291s][info][gc] GC(326) Pause Young (Allocation Failure) 793M->703M(927M) 48,686ms
[33,366s][info][gc] GC(327) Pause Young (Allocation Failure) 794M->704M(927M) 49,138ms
[33,441s][info][gc] GC(328) Pause Young (Allocation Failure) 795M->704M(927M) 48,471ms
[33,515s][info][gc] GC(329) Pause Young (Allocation Failure) 795M->705M(927M) 48,741ms
[33,591s][info][gc] GC(330) Pause Young (Allocation Failure) 796M->706M(927M) 48,703ms
[33,666s][info][gc] GC(331) Pause Young (Allocation Failure) 797M->706M(927M) 49,033ms
[33,742s][info][gc] GC(332) Pause Young (Allocation Failure) 797M->707M(927M) 48,985ms
[33,820s][info][gc] GC(333) Pause Young (Allocation Failure) 798M->708M(927M) 50,065ms
[33,898s][info][gc] GC(334) Pause Young (Allocation Failure) 799M->708M(927M) 50,688ms
[33,974s][info][gc] GC(335) Pause Young (Allocation Failure) 800M->709M(927M) 49,065ms
[34,057s][info][gc] GC(336) Pause Young (Allocation Failure) 800M->709M(927M) 50,873ms
[34,144s][info][gc] GC(337) Pause Young (Allocation Failure) 801M->710M(927M) 52,063ms
[34,220s][info][gc] GC(338) Pause Young (Allocation Failure) 802M->711M(927M) 49,323ms
[34,296s][info][gc] GC(339) Pause Young (Allocation Failure) 802M->711M(927M) 49,202ms
[34,371s][info][gc] GC(340) Pause Young (Allocation Failure) 803M->712M(927M) 49,611ms
[34,447s][info][gc] GC(341) Pause Young (Allocation Failure) 804M->713M(927M) 49,320ms
[34,524s][info][gc] GC(342) Pause Young (Allocation Failure) 804M->713M(927M) 50,614ms
[34,603s][info][gc] GC(343) Pause Young (Allocation Failure) 805M->714M(927M) 51,214ms
[34,680s][info][gc] GC(344) Pause Young (Allocation Failure) 806M->714M(927M) 49,150ms
[34,757s][info][gc] GC(345) Pause Young (Allocation Failure) 807M->715M(927M) 49,481ms
[34,836s][info][gc] GC(346) Pause Young (Allocation Failure) 807M->716M(926M) 49,494ms
[34,913s][info][gc] GC(347) Pause Young (Allocation Failure) 808M->716M(927M) 49,470ms
[34,989s][info][gc] GC(348) Pause Young (Allocation Failure) 809M->717M(927M) 49,377ms
[35,074s][info][gc] GC(349) Pause Young (Allocation Failure) 809M->718M(927M) 50,382ms
[35,150s][info][gc] GC(350) Pause Young (Allocation Failure) 810M->718M(927M) 49,631ms
[35,227s][info][gc] GC(351) Pause Young (Allocation Failure) 811M->719M(927M) 50,004ms
[35,309s][info][gc] GC(352) Pause Young (Allocation Failure) 812M->719M(927M) 51,573ms
[35,386s][info][gc] GC(353) Pause Young (Allocation Failure) 812M->720M(927M) 49,427ms
[35,463s][info][gc] GC(354) Pause Young (Allocation Failure) 813M->721M(927M) 50,059ms
[35,539s][info][gc] GC(355) Pause Young (Allocation Failure) 814M->721M(927M) 49,949ms
[35,616s][info][gc] GC(356) Pause Young (Allocation Failure) 814M->722M(926M) 49,199ms
[35,693s][info][gc] GC(357) Pause Young (Allocation Failure) 815M->723M(926M) 50,187ms
[35,773s][info][gc] GC(358) Pause Young (Allocation Failure) 816M->723M(926M) 50,342ms
[35,849s][info][gc] GC(359) Pause Young (Allocation Failure) 816M->724M(926M) 49,541ms
[35,925s][info][gc] GC(360) Pause Young (Allocation Failure) 817M->724M(926M) 49,717ms
[36,004s][info][gc] GC(361) Pause Young (Allocation Failure) 818M->725M(926M) 50,634ms
[36,089s][info][gc] GC(362) Pause Young (Allocation Failure) 819M->726M(926M) 51,132ms
[36,167s][info][gc] GC(363) Pause Young (Allocation Failure) 819M->726M(925M) 50,978ms
[36,244s][info][gc] GC(364) Pause Young (Allocation Failure) 820M->727M(926M) 50,163ms
[36,321s][info][gc] GC(365) Pause Young (Allocation Failure) 821M->728M(926M) 50,243ms
[36,399s][info][gc] GC(366) Pause Young (Allocation Failure) 821M->728M(926M) 50,185ms
[36,476s][info][gc] GC(367) Pause Young (Allocation Failure) 822M->729M(926M) 50,385ms
[36,554s][info][gc] GC(368) Pause Young (Allocation Failure) 823M->729M(926M) 50,694ms
[36,635s][info][gc] GC(369) Pause Young (Allocation Failure) 823M->730M(926M) 54,252ms
[36,721s][info][gc] GC(370) Pause Young (Allocation Failure) 824M->731M(926M) 50,654ms
[36,803s][info][gc] GC(371) Pause Young (Allocation Failure) 825M->731M(925M) 50,628ms
[36,882s][info][gc] GC(372) Pause Young (Allocation Failure) 826M->732M(925M) 50,573ms
[36,959s][info][gc] GC(373) Pause Young (Allocation Failure) 826M->733M(925M) 50,237ms
[37,044s][info][gc] GC(374) Pause Young (Allocation Failure) 827M->733M(925M) 54,649ms
[37,122s][info][gc] GC(375) Pause Young (Allocation Failure) 828M->734M(925M) 50,479ms
[37,201s][info][gc] GC(376) Pause Young (Allocation Failure) 828M->734M(925M) 50,388ms
[37,279s][info][gc] GC(377) Pause Young (Allocation Failure) 829M->735M(925M) 51,019ms
[37,360s][info][gc] GC(378) Pause Young (Allocation Failure) 830M->736M(924M) 54,333ms
[37,439s][info][gc] GC(379) Pause Young (Allocation Failure) 830M->736M(925M) 50,740ms
[37,516s][info][gc] GC(380) Pause Young (Allocation Failure) 831M->737M(925M) 50,581ms
[37,595s][info][gc] GC(381) Pause Young (Allocation Failure) 832M->738M(925M) 50,320ms
[37,673s][info][gc] GC(382) Pause Young (Allocation Failure) 832M->738M(925M) 50,980ms
[37,752s][info][gc] GC(383) Pause Young (Allocation Failure) 833M->739M(925M) 50,874ms
[37,834s][info][gc] GC(384) Pause Young (Allocation Failure) 834M->739M(925M) 50,651ms
[37,913s][info][gc] GC(385) Pause Young (Allocation Failure) 835M->740M(924M) 51,300ms
[37,991s][info][gc] GC(386) Pause Young (Allocation Failure) 835M->741M(924M) 51,081ms
[38,079s][info][gc] GC(387) Pause Young (Allocation Failure) 836M->741M(924M) 52,488ms
[38,167s][info][gc] GC(388) Pause Young (Allocation Failure) 837M->742M(924M) 52,266ms
[38,246s][info][gc] GC(389) Pause Young (Allocation Failure) 837M->742M(924M) 51,069ms
[38,325s][info][gc] GC(390) Pause Young (Allocation Failure) 838M->743M(924M) 51,540ms
[38,405s][info][gc] GC(391) Pause Young (Allocation Failure) 839M->744M(923M) 51,344ms
[38,483s][info][gc] GC(392) Pause Young (Allocation Failure) 839M->744M(924M) 51,002ms
[38,562s][info][gc] GC(393) Pause Young (Allocation Failure) 840M->745M(924M) 51,135ms
[38,641s][info][gc] GC(394) Pause Young (Allocation Failure) 841M->746M(924M) 51,301ms
[38,720s][info][gc] GC(395) Pause Young (Allocation Failure) 842M->746M(924M) 51,540ms
[38,802s][info][gc] GC(396) Pause Young (Allocation Failure) 842M->747M(924M) 50,708ms
[38,881s][info][gc] GC(397) Pause Young (Allocation Failure) 843M->748M(924M) 51,347ms
[38,961s][info][gc] GC(398) Pause Young (Allocation Failure) 844M->748M(923M) 51,540ms
[39,050s][info][gc] GC(399) Pause Young (Allocation Failure) 844M->749M(923M) 58,069ms
[39,131s][info][gc] GC(400) Pause Young (Allocation Failure) 845M->749M(923M) 51,212ms
[39,213s][info][gc] GC(401) Pause Young (Allocation Failure) 846M->750M(923M) 51,826ms
[39,294s][info][gc] GC(402) Pause Young (Allocation Failure) 846M->751M(923M) 52,077ms
[39,373s][info][gc] GC(403) Pause Young (Allocation Failure) 847M->751M(923M) 51,617ms
[39,454s][info][gc] GC(404) Pause Young (Allocation Failure) 848M->752M(922M) 52,486ms
[39,535s][info][gc] GC(405) Pause Young (Allocation Failure) 849M->753M(923M) 52,514ms
[39,615s][info][gc] GC(406) Pause Young (Allocation Failure) 849M->753M(923M) 51,969ms
[39,695s][info][gc] GC(407) Pause Young (Allocation Failure) 850M->754M(923M) 51,171ms
[39,779s][info][gc] GC(408) Pause Young (Allocation Failure) 851M->754M(923M) 52,398ms
[39,861s][info][gc] GC(409) Pause Young (Allocation Failure) 851M->755M(923M) 52,207ms
[39,940s][info][gc] GC(410) Pause Young (Allocation Failure) 852M->756M(923M) 51,850ms
[40,021s][info][gc] GC(411) Pause Young (Allocation Failure) 853M->756M(922M) 52,293ms
[40,110s][info][gc] GC(412) Pause Young (Allocation Failure) 853M->757M(922M) 52,824ms
[40,192s][info][gc] GC(413) Pause Young (Allocation Failure) 854M->758M(922M) 53,109ms
[40,275s][info][gc] GC(414) Pause Young (Allocation Failure) 855M->758M(922M) 52,092ms
[40,356s][info][gc] GC(415) Pause Young (Allocation Failure) 856M->759M(922M) 52,306ms
[40,436s][info][gc] GC(416) Pause Young (Allocation Failure) 856M->759M(922M) 51,713ms
[40,516s][info][gc] GC(417) Pause Young (Allocation Failure) 857M->760M(921M) 52,319ms
[40,597s][info][gc] GC(418) Pause Young (Allocation Failure) 858M->761M(922M) 52,362ms
[40,677s][info][gc] GC(419) Pause Young (Allocation Failure) 858M->761M(922M) 52,234ms
[40,758s][info][gc] GC(420) Pause Young (Allocation Failure) 859M->762M(922M) 52,267ms
[40,841s][info][gc] GC(421) Pause Young (Allocation Failure) 860M->763M(922M) 51,825ms
[40,926s][info][gc] GC(422) Pause Young (Allocation Failure) 860M->763M(922M) 54,539ms
[41,006s][info][gc] GC(423) Pause Young (Allocation Failure) 861M->764M(922M) 52,363ms
[41,095s][info][gc] GC(424) Pause Young (Allocation Failure) 862M->764M(921M) 53,761ms
[41,176s][info][gc] GC(425) Pause Young (Allocation Failure) 863M->765M(921M) 52,767ms
[41,256s][info][gc] GC(426) Pause Young (Allocation Failure) 863M->766M(921M) 52,139ms
[41,337s][info][gc] GC(427) Pause Young (Allocation Failure) 864M->766M(921M) 52,298ms
[41,418s][info][gc] GC(428) Pause Young (Allocation Failure) 865M->767M(921M) 52,439ms
[41,499s][info][gc] GC(429) Pause Young (Allocation Failure) 865M->768M(921M) 52,643ms
[41,584s][info][gc] GC(430) Pause Young (Allocation Failure) 866M->768M(920M) 55,588ms
[41,665s][info][gc] GC(431) Pause Young (Allocation Failure) 867M->769M(921M) 52,399ms
[41,747s][info][gc] GC(432) Pause Young (Allocation Failure) 867M->769M(921M) 52,517ms
[41,834s][info][gc] GC(433) Pause Young (Allocation Failure) 868M->770M(921M) 52,389ms
[41,915s][info][gc] GC(434) Pause Young (Allocation Failure) 869M->771M(921M) 52,643ms
[41,997s][info][gc] GC(435) Pause Young (Allocation Failure) 870M->771M(921M) 52,811ms
[42,088s][info][gc] GC(436) Pause Young (Allocation Failure) 870M->772M(921M) 53,961ms
[42,170s][info][gc] GC(437) Pause Young (Allocation Failure) 871M->773M(920M) 53,162ms
[42,252s][info][gc] GC(438) Pause Young (Allocation Failure) 872M->773M(920M) 53,214ms
[42,334s][info][gc] GC(439) Pause Young (Allocation Failure) 872M->774M(920M) 53,208ms
[42,417s][info][gc] GC(440) Pause Young (Allocation Failure) 873M->774M(920M) 53,154ms
[42,499s][info][gc] GC(441) Pause Young (Allocation Failure) 874M->775M(920M) 53,030ms
[42,580s][info][gc] GC(442) Pause Young (Allocation Failure) 874M->776M(920M) 53,015ms
[42,663s][info][gc] GC(443) Pause Young (Allocation Failure) 875M->776M(919M) 53,501ms
[42,745s][info][gc] GC(444) Pause Young (Allocation Failure) 876M->777M(920M) 53,222ms
[42,847s][info][gc] GC(445) Pause Young (Allocation Failure) 877M->778M(920M) 60,413ms
[42,940s][info][gc] GC(446) Pause Young (Allocation Failure) 877M->778M(920M) 57,451ms
[43,048s][info][gc] GC(447) Pause Young (Allocation Failure) 878M->779M(920M) 72,920ms
[43,142s][info][gc] GC(448) Pause Young (Allocation Failure) 879M->779M(920M) 57,864ms
[43,233s][info][gc] GC(449) Pause Young (Allocation Failure) 879M->780M(920M) 53,526ms
[43,315s][info][gc] GC(450) Pause Young (Allocation Failure) 880M->781M(919M) 52,982ms
[43,398s][info][gc] GC(451) Pause Young (Allocation Failure) 881M->781M(919M) 53,573ms
[43,480s][info][gc] GC(452) Pause Young (Allocation Failure) 881M->782M(919M) 53,652ms
[43,563s][info][gc] GC(453) Pause Young (Allocation Failure) 882M->783M(919M) 53,743ms
[43,649s][info][gc] GC(454) Pause Young (Allocation Failure) 883M->783M(919M) 55,537ms
[43,742s][info][gc] GC(455) Pause Young (Allocation Failure) 883M->784M(919M) 54,973ms
[43,826s][info][gc] GC(456) Pause Young (Allocation Failure) 884M->784M(919M) 53,645ms
[43,910s][info][gc] GC(457) Pause Young (Allocation Failure) 885M->785M(918M) 54,243ms
[43,993s][info][gc] GC(458) Pause Young (Allocation Failure) 886M->786M(919M) 54,217ms
[45,435s][info][gc] GC(459) Pause Full (Ergonomics) 786M->783M(919M) 1442,235ms
[45,588s][info][gc] GC(460) Pause Young (Allocation Failure) 884M->784M(919M) 115,945ms
[45,673s][info][gc] GC(461) Pause Young (Allocation Failure) 884M->784M(919M) 54,238ms
[45,757s][info][gc] GC(462) Pause Young (Allocation Failure) 885M->785M(919M) 54,356ms
[46,890s][info][gc] GC(463) Pause Full (Ergonomics) 785M->785M(919M) 1133,238ms
[48,079s][info][gc] GC(464) Pause Full (Ergonomics) 886M->785M(919M) 1152,194ms
[49,543s][info][gc] GC(465) Pause Full (Allocation Failure) 785M->785M(919M) 1463,930ms
