[0.003s][info][gc] Using Serial
[0,362s][info][gc] GC(0) Pause Young (Allocation Failure) 136M->28M(494M) 47,334ms
[0,527s][info][gc] GC(1) Pause Young (Allocation Failure) 165M->43M(494M) 43,129ms
[0,641s][info][gc] GC(2) Pause Young (Allocation Failure) 179M->54M(494M) 35,018ms
[0,725s][info][gc] GC(3) Pause Young (Allocation Failure) 191M->64M(494M) 25,820ms
[0,829s][info][gc] GC(4) Pause Young (Allocation Failure) 199M->73M(494M) 29,830ms
[0,915s][info][gc] GC(5) Pause Young (Allocation Failure) 203M->80M(494M) 24,003ms
[0,999s][info][gc] GC(6) Pause Young (Allocation Failure) 208M->87M(494M) 22,459ms
[1,086s][info][gc] GC(7) Pause Young (Allocation Failure) 214M->93M(494M) 19,799ms
[1,179s][info][gc] GC(8) Pause Young (Allocation Failure) 226M->99M(494M) 20,364ms
[1,274s][info][gc] GC(9) Pause Young (Allocation Failure) 224M->105M(494M) 19,850ms
[1,360s][info][gc] GC(10) Pause Young (Allocation Failure) 235M->110M(494M) 17,180ms
[1,440s][info][gc] GC(11) Pause Young (Allocation Failure) 233M->115M(494M) 17,303ms
[1,515s][info][gc] GC(12) Pause Young (Allocation Failure) 243M->120M(494M) 16,449ms
[1,583s][info][gc] GC(13) Pause Young (Allocation Failure) 252M->125M(494M) 14,081ms
[1,645s][info][gc] GC(14) Pause Young (Allocation Failure) 261M->130M(494M) 13,683ms
[1,700s][info][gc] GC(15) Pause Young (Allocation Failure) 252M->134M(494M) 13,297ms
[1,763s][info][gc] GC(16) Pause Young (Allocation Failure) 260M->138M(494M) 16,784ms
[1,831s][info][gc] GC(17) Pause Young (Allocation Failure) 268M->160M(494M) 22,171ms
[1,906s][info][gc] GC(18) Pause Young (Allocation Failure) 293M->181M(494M) 26,042ms
[1,977s][info][gc] GC(19) Pause Young (Allocation Failure) 300M->203M(494M) 29,447ms
[2,054s][info][gc] GC(20) Pause Young (Allocation Failure) 325M->226M(494M) 29,646ms
[2,129s][info][gc] GC(21) Pause Young (Allocation Failure) 350M->248M(494M) 30,308ms
[2,223s][info][gc] GC(22) Pause Young (Allocation Failure) 375M->271M(494M) 34,341ms
[2,310s][info][gc] GC(23) Pause Young (Allocation Failure) 401M->295M(494M) 33,916ms
[2,396s][info][gc] GC(24) Pause Young (Allocation Failure) 428M->319M(494M) 32,680ms
[2,651s][info][gc] GC(26) Pause Full (Allocation Failure) 454M->172M(494M) 201,978ms
[2,652s][info][gc] GC(25) Pause Young (Allocation Failure) 454M->172M(494M) 202,062ms
[2,710s][info][gc] GC(27) Pause Young (Allocation Failure) 289M->197M(494M) 13,277ms
[2,768s][info][gc] GC(28) Pause Young (Allocation Failure) 315M->222M(494M) 14,755ms
[2,829s][info][gc] GC(29) Pause Young (Allocation Failure) 342M->247M(494M) 19,130ms
[2,890s][info][gc] GC(30) Pause Young (Allocation Failure) 369M->272M(494M) 22,901ms
[2,966s][info][gc] GC(31) Pause Young (Allocation Failure) 396M->298M(494M) 27,484ms
[3,046s][info][gc] GC(32) Pause Young (Allocation Failure) 424M->325M(494M) 33,734ms
[3,300s][info][gc] GC(34) Pause Full (Allocation Failure) 452M->194M(494M) 207,626ms
[3,300s][info][gc] GC(33) Pause Young (Allocation Failure) 452M->194M(494M) 207,766ms
[3,380s][info][gc] GC(35) Pause Young (Allocation Failure) 324M->221M(494M) 15,391ms
[3,473s][info][gc] GC(36) Pause Young (Allocation Failure) 354M->249M(494M) 21,895ms
[3,576s][info][gc] GC(37) Pause Young (Allocation Failure) 383M->277M(494M) 21,190ms
[3,680s][info][gc] GC(38) Pause Young (Allocation Failure) 413M->305M(494M) 31,415ms
[3,767s][info][gc] GC(39) Pause Young (Allocation Failure) 442M->334M(494M) 27,370ms
[4,058s][info][gc] GC(41) Pause Full (Allocation Failure) 445M->212M(494M) 237,377ms
[4,058s][info][gc] GC(40) Pause Young (Allocation Failure) 445M->212M(494M) 237,439ms
[4,142s][info][gc] GC(42) Pause Young (Allocation Failure) 325M->241M(494M) 16,786ms
[4,237s][info][gc] GC(43) Pause Young (Allocation Failure) 354M->270M(494M) 23,691ms
[4,311s][info][gc] GC(44) Pause Young (Allocation Failure) 384M->299M(494M) 21,889ms
[4,375s][info][gc] GC(45) Pause Young (Allocation Failure) 414M->329M(494M) 21,311ms
[4,720s][info][gc] GC(47) Pause Full (Allocation Failure) 445M->224M(494M) 303,092ms
[4,720s][info][gc] GC(46) Pause Young (Allocation Failure) 445M->224M(494M) 303,154ms
[4,788s][info][gc] GC(48) Pause Young (Allocation Failure) 342M->255M(494M) 17,875ms
[4,850s][info][gc] GC(49) Pause Young (Allocation Failure) 373M->285M(494M) 16,102ms
[4,918s][info][gc] GC(50) Pause Young (Allocation Failure) 405M->316M(494M) 19,896ms
[5,225s][info][gc] GC(52) Pause Full (Allocation Failure) 437M->234M(494M) 260,073ms
[5,225s][info][gc] GC(51) Pause Young (Allocation Failure) 437M->234M(494M) 260,171ms
[5,300s][info][gc] GC(53) Pause Young (Allocation Failure) 358M->266M(494M) 15,974ms
[5,368s][info][gc] GC(54) Pause Young (Allocation Failure) 389M->297M(494M) 17,222ms
[5,436s][info][gc] GC(55) Pause Young (Allocation Failure) 422M->329M(494M) 21,526ms
[5,729s][info][gc] GC(57) Pause Full (Allocation Failure) 455M->244M(494M) 246,706ms
[5,729s][info][gc] GC(56) Pause Young (Allocation Failure) 455M->244M(494M) 246,780ms
[5,800s][info][gc] GC(58) Pause Young (Allocation Failure) 371M->277M(494M) 17,346ms
[5,874s][info][gc] GC(59) Pause Young (Allocation Failure) 405M->310M(494M) 18,397ms
[6,173s][info][gc] GC(61) Pause Full (Allocation Failure) 439M->251M(494M) 254,875ms
[6,173s][info][gc] GC(60) Pause Young (Allocation Failure) 439M->251M(494M) 254,991ms
[6,250s][info][gc] GC(62) Pause Young (Allocation Failure) 383M->285M(494M) 16,504ms
[6,316s][info][gc] GC(63) Pause Young (Allocation Failure) 417M->319M(494M) 19,441ms
[6,687s][info][gc] GC(65) Pause Full (Allocation Failure) 452M->259M(494M) 322,582ms
[6,687s][info][gc] GC(64) Pause Young (Allocation Failure) 452M->259M(494M) 322,638ms
[6,751s][info][gc] GC(66) Pause Young (Allocation Failure) 393M->293M(494M) 18,066ms
[6,818s][info][gc] GC(67) Pause Young (Allocation Failure) 429M->328M(494M) 18,714ms
[7,121s][info][gc] GC(69) Pause Full (Allocation Failure) 432M->265M(494M) 267,913ms
[7,121s][info][gc] GC(68) Pause Young (Allocation Failure) 432M->265M(494M) 267,995ms
[7,181s][info][gc] GC(70) Pause Young (Allocation Failure) 370M->300M(494M) 23,287ms
[7,500s][info][gc] GC(72) Pause Full (Allocation Failure) 406M->269M(494M) 270,360ms
[7,500s][info][gc] GC(71) Pause Young (Allocation Failure) 406M->269M(494M) 270,608ms
[7,560s][info][gc] GC(73) Pause Young (Allocation Failure) 375M->304M(494M) 15,619ms
[7,868s][info][gc] GC(75) Pause Full (Allocation Failure) 411M->273M(494M) 268,780ms
[7,868s][info][gc] GC(74) Pause Young (Allocation Failure) 411M->273M(494M) 268,852ms
[7,925s][info][gc] GC(76) Pause Young (Allocation Failure) 380M->308M(494M) 15,987ms
[8,244s][info][gc] GC(78) Pause Full (Allocation Failure) 416M->276M(494M) 279,617ms
[8,244s][info][gc] GC(77) Pause Young (Allocation Failure) 416M->276M(494M) 279,674ms
[8,312s][info][gc] GC(79) Pause Young (Allocation Failure) 385M->312M(494M) 18,056ms
[8,631s][info][gc] GC(81) Pause Full (Allocation Failure) 422M->280M(494M) 281,859ms
[8,631s][info][gc] GC(80) Pause Young (Allocation Failure) 422M->280M(494M) 281,920ms
[8,686s][info][gc] GC(82) Pause Young (Allocation Failure) 390M->316M(494M) 19,338ms
[9,009s][info][gc] GC(84) Pause Full (Allocation Failure) 427M->284M(494M) 284,857ms
[9,009s][info][gc] GC(83) Pause Young (Allocation Failure) 427M->284M(494M) 284,916ms
[9,066s][info][gc] GC(85) Pause Young (Allocation Failure) 395M->321M(494M) 17,851ms
[9,400s][info][gc] GC(87) Pause Full (Allocation Failure) 433M->287M(494M) 292,067ms
[9,400s][info][gc] GC(86) Pause Young (Allocation Failure) 433M->287M(494M) 292,125ms
[9,471s][info][gc] GC(88) Pause Young (Allocation Failure) 400M->325M(494M) 19,223ms
[9,826s][info][gc] GC(90) Pause Full (Allocation Failure) 438M->291M(494M) 311,114ms
[9,826s][info][gc] GC(89) Pause Young (Allocation Failure) 438M->291M(494M) 311,196ms
[10,178s][info][gc] GC(92) Pause Full (Allocation Failure) 405M->293M(494M) 316,269ms
[10,178s][info][gc] GC(91) Pause Young (Allocation Failure) 405M->293M(494M) 316,332ms
[10,524s][info][gc] GC(94) Pause Full (Allocation Failure) 408M->295M(494M) 295,189ms
[10,524s][info][gc] GC(93) Pause Young (Allocation Failure) 408M->295M(494M) 295,276ms
[10,883s][info][gc] GC(96) Pause Full (Allocation Failure) 410M->296M(494M) 318,455ms
[10,883s][info][gc] GC(95) Pause Young (Allocation Failure) 410M->296M(494M) 318,537ms
[11,223s][info][gc] GC(98) Pause Full (Allocation Failure) 413M->298M(494M) 300,799ms
[11,223s][info][gc] GC(97) Pause Young (Allocation Failure) 413M->298M(494M) 300,903ms
[11,580s][info][gc] GC(100) Pause Full (Allocation Failure) 415M->300M(494M) 299,146ms
[11,581s][info][gc] GC(99) Pause Young (Allocation Failure) 415M->300M(494M) 299,223ms
[11,922s][info][gc] GC(102) Pause Full (Allocation Failure) 418M->302M(494M) 298,163ms
[11,922s][info][gc] GC(101) Pause Young (Allocation Failure) 418M->302M(494M) 298,242ms
[12,266s][info][gc] GC(104) Pause Full (Allocation Failure) 420M->304M(494M) 304,138ms
[12,266s][info][gc] GC(103) Pause Young (Allocation Failure) 420M->304M(494M) 304,211ms
[12,651s][info][gc] GC(106) Pause Full (Allocation Failure) 423M->305M(494M) 330,755ms
[12,651s][info][gc] GC(105) Pause Young (Allocation Failure) 423M->305M(494M) 330,813ms
[13,001s][info][gc] GC(108) Pause Full (Allocation Failure) 425M->307M(494M) 308,064ms
[13,001s][info][gc] GC(107) Pause Young (Allocation Failure) 425M->307M(494M) 308,169ms
[13,351s][info][gc] GC(110) Pause Full (Allocation Failure) 428M->309M(494M) 306,124ms
[13,351s][info][gc] GC(109) Pause Young (Allocation Failure) 428M->309M(494M) 306,178ms
[13,736s][info][gc] GC(112) Pause Full (Allocation Failure) 430M->311M(494M) 333,980ms
[13,736s][info][gc] GC(111) Pause Young (Allocation Failure) 430M->311M(494M) 334,058ms
[14,098s][info][gc] GC(114) Pause Full (Allocation Failure) 433M->313M(494M) 317,942ms
[14,098s][info][gc] GC(113) Pause Young (Allocation Failure) 433M->313M(494M) 318,018ms
[14,481s][info][gc] GC(116) Pause Full (Allocation Failure) 435M->315M(494M) 337,897ms
[14,481s][info][gc] GC(115) Pause Young (Allocation Failure) 435M->315M(494M) 337,950ms
[14,847s][info][gc] GC(118) Pause Full (Allocation Failure) 438M->316M(494M) 315,056ms
[14,847s][info][gc] GC(117) Pause Young (Allocation Failure) 438M->316M(494M) 315,112ms
[15,231s][info][gc] GC(120) Pause Full (Allocation Failure) 440M->318M(494M) 341,340ms
[15,231s][info][gc] GC(119) Pause Young (Allocation Failure) 440M->318M(494M) 341,399ms
[15,613s][info][gc] GC(122) Pause Full (Allocation Failure) 443M->320M(494M) 323,944ms
[15,613s][info][gc] GC(121) Pause Young (Allocation Failure) 443M->320M(494M) 324,020ms
[15,979s][info][gc] GC(124) Pause Full (Allocation Failure) 445M->322M(494M) 320,626ms
[15,979s][info][gc] GC(123) Pause Young (Allocation Failure) 445M->322M(494M) 320,701ms
[16,348s][info][gc] GC(126) Pause Full (Allocation Failure) 448M->324M(494M) 322,915ms
[16,348s][info][gc] GC(125) Pause Young (Allocation Failure) 448M->324M(494M) 322,969ms
[16,727s][info][gc] GC(128) Pause Full (Allocation Failure) 451M->326M(494M) 326,336ms
[16,727s][info][gc] GC(127) Pause Young (Allocation Failure) 451M->326M(494M) 326,393ms
[17,131s][info][gc] GC(130) Pause Full (Allocation Failure) 453M->327M(494M) 359,510ms
[17,131s][info][gc] GC(129) Pause Young (Allocation Failure) 453M->327M(494M) 359,565ms
[17,517s][info][gc] GC(132) Pause Full (Allocation Failure) 455M->329M(494M) 334,083ms
[17,517s][info][gc] GC(131) Pause Young (Allocation Failure) 455M->329M(494M) 334,136ms
[17,892s][info][gc] GC(134) Pause Full (Allocation Failure) 458M->331M(494M) 331,532ms
[17,892s][info][gc] GC(133) Pause Young (Allocation Failure) 458M->331M(494M) 331,585ms
[18,273s][info][gc] GC(136) Pause Full (Allocation Failure) 460M->333M(494M) 331,888ms
[18,273s][info][gc] GC(135) Pause Young (Allocation Failure) 460M->333M(494M) 331,975ms
[18,720s][info][gc] GC(138) Pause Full (Allocation Failure) 463M->335M(494M) 392,509ms
[18,720s][info][gc] GC(137) Pause Young (Allocation Failure) 463M->335M(494M) 392,585ms
[19,113s][info][gc] GC(140) Pause Full (Allocation Failure) 465M->336M(494M) 348,357ms
[19,113s][info][gc] GC(139) Pause Young (Allocation Failure) 465M->336M(494M) 348,414ms
[19,499s][info][gc] GC(142) Pause Full (Allocation Failure) 468M->338M(494M) 339,257ms
[19,499s][info][gc] GC(141) Pause Young (Allocation Failure) 468M->338M(494M) 339,313ms
[19,900s][info][gc] GC(144) Pause Full (Allocation Failure) 471M->340M(494M) 343,536ms
[19,900s][info][gc] GC(143) Pause Young (Allocation Failure) 471M->340M(494M) 343,593ms
[20,324s][info][gc] GC(146) Pause Full (Allocation Failure) 473M->342M(494M) 375,865ms
[20,324s][info][gc] GC(145) Pause Young (Allocation Failure) 473M->342M(494M) 375,943ms
[20,830s][info][gc] GC(148) Pause Full (Allocation Failure) 432M->343M(494M) 344,476ms
[20,830s][info][gc] GC(147) Pause Young (Allocation Failure) 430M->343M(494M) 464,542ms
[21,327s][info][gc] GC(150) Pause Full (Allocation Failure) 434M->344M(494M) 347,429ms
[21,327s][info][gc] GC(149) Pause Young (Allocation Failure) 431M->344M(494M) 466,999ms
[21,833s][info][gc] GC(152) Pause Full (Allocation Failure) 438M->346M(494M) 344,943ms
[21,833s][info][gc] GC(151) Pause Young (Allocation Failure) 435M->346M(494M) 465,867ms
[22,360s][info][gc] GC(154) Pause Full (Allocation Failure) 440M->347M(494M) 372,283ms
[22,360s][info][gc] GC(153) Pause Young (Allocation Failure) 436M->347M(494M) 496,816ms
[22,899s][info][gc] GC(156) Pause Full (Allocation Failure) 442M->348M(494M) 373,209ms
[22,899s][info][gc] GC(155) Pause Young (Allocation Failure) 435M->348M(494M) 498,786ms
[23,429s][info][gc] GC(158) Pause Full (Allocation Failure) 400M->349M(494M) 382,473ms
[23,429s][info][gc] GC(157) Pause Young (Allocation Failure) 394M->349M(494M) 513,240ms
[23,924s][info][gc] GC(160) Pause Full (Allocation Failure) 401M->349M(494M) 351,604ms
[23,924s][info][gc] GC(159) Pause Young (Allocation Failure) 394M->349M(494M) 475,815ms
[24,419s][info][gc] GC(162) Pause Full (Allocation Failure) 402M->350M(494M) 351,553ms
[24,419s][info][gc] GC(161) Pause Young (Allocation Failure) 394M->350M(494M) 478,032ms
[24,925s][info][gc] GC(164) Pause Full (Allocation Failure) 403M->350M(494M) 353,116ms
[24,925s][info][gc] GC(163) Pause Young (Allocation Failure) 395M->350M(494M) 481,407ms
[25,423s][info][gc] GC(166) Pause Full (Allocation Failure) 404M->351M(494M) 354,267ms
[25,423s][info][gc] GC(165) Pause Young (Allocation Failure) 396M->351M(494M) 478,742ms
[25,933s][info][gc] GC(168) Pause Full (Allocation Failure) 405M->352M(494M) 354,049ms
[25,933s][info][gc] GC(167) Pause Young (Allocation Failure) 396M->352M(494M) 482,522ms
[26,439s][info][gc] GC(170) Pause Full (Allocation Failure) 406M->352M(494M) 357,704ms
[26,439s][info][gc] GC(169) Pause Young (Allocation Failure) 397M->352M(494M) 486,296ms
[26,970s][info][gc] GC(172) Pause Full (Allocation Failure) 408M->353M(494M) 379,414ms
[26,970s][info][gc] GC(171) Pause Young (Allocation Failure) 398M->353M(494M) 509,337ms
[27,474s][info][gc] GC(174) Pause Full (Allocation Failure) 409M->353M(494M) 358,235ms
[27,475s][info][gc] GC(173) Pause Young (Allocation Failure) 398M->353M(494M) 486,399ms
[27,991s][info][gc] GC(176) Pause Full (Allocation Failure) 410M->354M(494M) 357,451ms
[27,991s][info][gc] GC(175) Pause Young (Allocation Failure) 399M->354M(494M) 491,171ms
[28,496s][info][gc] GC(178) Pause Full (Allocation Failure) 411M->355M(494M) 360,376ms
[28,496s][info][gc] GC(177) Pause Young (Allocation Failure) 400M->355M(494M) 488,496ms
[29,016s][info][gc] GC(180) Pause Full (Allocation Failure) 412M->355M(494M) 361,632ms
[29,016s][info][gc] GC(179) Pause Young (Allocation Failure) 400M->355M(494M) 495,043ms
[29,525s][info][gc] GC(182) Pause Full (Allocation Failure) 414M->356M(494M) 360,435ms
[29,525s][info][gc] GC(181) Pause Young (Allocation Failure) 401M->356M(494M) 491,203ms
[30,065s][info][gc] GC(184) Pause Full (Allocation Failure) 415M->356M(494M) 357,991ms
[30,065s][info][gc] GC(183) Pause Young (Allocation Failure) 402M->356M(494M) 516,212ms
[30,599s][info][gc] GC(186) Pause Full (Allocation Failure) 416M->357M(494M) 386,709ms
[30,599s][info][gc] GC(185) Pause Young (Allocation Failure) 402M->357M(494M) 516,375ms
[31,119s][info][gc] GC(188) Pause Full (Allocation Failure) 417M->358M(494M) 362,509ms
[31,119s][info][gc] GC(187) Pause Young (Allocation Failure) 403M->358M(494M) 496,531ms
[31,629s][info][gc] GC(190) Pause Full (Allocation Failure) 418M->358M(494M) 363,419ms
[31,629s][info][gc] GC(189) Pause Young (Allocation Failure) 404M->358M(494M) 495,226ms
[32,149s][info][gc] GC(192) Pause Full (Allocation Failure) 420M->359M(494M) 363,317ms
[32,149s][info][gc] GC(191) Pause Young (Allocation Failure) 404M->359M(494M) 500,730ms
[32,673s][info][gc] GC(194) Pause Full (Allocation Failure) 421M->360M(494M) 365,585ms
[32,673s][info][gc] GC(193) Pause Young (Allocation Failure) 405M->360M(494M) 505,599ms
[33,216s][info][gc] GC(196) Pause Full (Allocation Failure) 422M->360M(494M) 387,800ms
[33,216s][info][gc] GC(195) Pause Young (Allocation Failure) 406M->360M(494M) 523,731ms
[33,744s][info][gc] GC(198) Pause Full (Allocation Failure) 423M->361M(494M) 368,198ms
[33,744s][info][gc] GC(197) Pause Young (Allocation Failure) 406M->361M(494M) 505,358ms
[34,265s][info][gc] GC(200) Pause Full (Allocation Failure) 424M->361M(494M) 367,722ms
[34,265s][info][gc] GC(199) Pause Young (Allocation Failure) 407M->361M(494M) 506,644ms
[34,799s][info][gc] GC(202) Pause Full (Allocation Failure) 425M->362M(494M) 373,126ms
[34,799s][info][gc] GC(201) Pause Young (Allocation Failure) 408M->362M(494M) 510,245ms
[35,318s][info][gc] GC(204) Pause Full (Allocation Failure) 426M->363M(494M) 367,954ms
[35,318s][info][gc] GC(203) Pause Young (Allocation Failure) 408M->363M(494M) 503,933ms
[35,850s][info][gc] GC(206) Pause Full (Allocation Failure) 427M->363M(494M) 368,874ms
[35,850s][info][gc] GC(205) Pause Young (Allocation Failure) 409M->363M(494M) 508,822ms
[36,379s][info][gc] GC(208) Pause Full (Allocation Failure) 427M->364M(494M) 371,010ms
[36,379s][info][gc] GC(207) Pause Young (Allocation Failure) 410M->364M(494M) 511,851ms
[36,915s][info][gc] GC(210) Pause Full (Allocation Failure) 428M->364M(494M) 373,048ms
[36,915s][info][gc] GC(209) Pause Young (Allocation Failure) 411M->364M(494M) 511,877ms
[37,440s][info][gc] GC(212) Pause Full (Allocation Failure) 429M->365M(494M) 373,838ms
[37,440s][info][gc] GC(211) Pause Young (Allocation Failure) 411M->365M(494M) 510,914ms
[37,971s][info][gc] GC(214) Pause Full (Allocation Failure) 430M->366M(494M) 371,012ms
[37,971s][info][gc] GC(213) Pause Young (Allocation Failure) 412M->366M(494M) 508,999ms
[38,507s][info][gc] GC(216) Pause Full (Allocation Failure) 430M->366M(494M) 374,849ms
[38,507s][info][gc] GC(215) Pause Young (Allocation Failure) 412M->366M(494M) 514,130ms
[39,044s][info][gc] GC(218) Pause Full (Allocation Failure) 431M->367M(494M) 378,304ms
[39,044s][info][gc] GC(217) Pause Young (Allocation Failure) 413M->367M(494M) 516,034ms
[39,582s][info][gc] GC(220) Pause Full (Allocation Failure) 431M->367M(494M) 382,873ms
[39,582s][info][gc] GC(219) Pause Young (Allocation Failure) 414M->367M(494M) 522,270ms
[40,155s][info][gc] GC(222) Pause Full (Allocation Failure) 432M->368M(494M) 405,523ms
[40,155s][info][gc] GC(221) Pause Young (Allocation Failure) 415M->368M(494M) 548,614ms
[40,704s][info][gc] GC(224) Pause Full (Allocation Failure) 433M->369M(494M) 379,080ms
[40,704s][info][gc] GC(223) Pause Young (Allocation Failure) 415M->369M(494M) 531,450ms
[41,243s][info][gc] GC(226) Pause Full (Allocation Failure) 434M->369M(494M) 380,277ms
[41,243s][info][gc] GC(225) Pause Young (Allocation Failure) 416M->369M(494M) 520,938ms
[41,817s][info][gc] GC(228) Pause Full (Allocation Failure) 434M->370M(494M) 410,927ms
[41,817s][info][gc] GC(227) Pause Young (Allocation Failure) 417M->370M(494M) 552,195ms
[42,368s][info][gc] GC(230) Pause Full (Allocation Failure) 435M->370M(494M) 389,271ms
[42,368s][info][gc] GC(229) Pause Young (Allocation Failure) 417M->370M(494M) 530,602ms
[42,920s][info][gc] GC(232) Pause Full (Allocation Failure) 436M->371M(494M) 385,396ms
[42,920s][info][gc] GC(231) Pause Young (Allocation Failure) 418M->371M(494M) 529,187ms
[43,469s][info][gc] GC(234) Pause Full (Allocation Failure) 436M->372M(494M) 387,194ms
[43,469s][info][gc] GC(233) Pause Young (Allocation Failure) 419M->372M(494M) 530,586ms
[44,018s][info][gc] GC(236) Pause Full (Allocation Failure) 437M->372M(494M) 383,366ms
[44,018s][info][gc] GC(235) Pause Young (Allocation Failure) 419M->372M(494M) 525,985ms
[44,566s][info][gc] GC(238) Pause Full (Allocation Failure) 438M->373M(494M) 387,729ms
[44,566s][info][gc] GC(237) Pause Young (Allocation Failure) 420M->373M(494M) 529,190ms
[45,125s][info][gc] GC(240) Pause Full (Allocation Failure) 438M->374M(494M) 393,230ms
[45,125s][info][gc] GC(239) Pause Young (Allocation Failure) 421M->374M(494M) 535,989ms
[45,678s][info][gc] GC(242) Pause Full (Allocation Failure) 439M->374M(494M) 390,209ms
[45,678s][info][gc] GC(241) Pause Young (Allocation Failure) 421M->374M(494M) 533,368ms
[46,234s][info][gc] GC(244) Pause Full (Allocation Failure) 440M->375M(494M) 386,830ms
[46,235s][info][gc] GC(243) Pause Young (Allocation Failure) 422M->375M(494M) 532,041ms
[46,794s][info][gc] GC(246) Pause Full (Allocation Failure) 443M->375M(494M) 390,777ms
[46,794s][info][gc] GC(245) Pause Young (Allocation Failure) 426M->375M(494M) 535,776ms
[47,349s][info][gc] GC(248) Pause Full (Allocation Failure) 441M->376M(494M) 391,955ms
[47,349s][info][gc] GC(247) Pause Young (Allocation Failure) 423M->376M(494M) 537,879ms
[47,901s][info][gc] GC(250) Pause Full (Allocation Failure) 442M->377M(494M) 387,649ms
[47,901s][info][gc] GC(249) Pause Young (Allocation Failure) 424M->377M(494M) 531,289ms
[48,453s][info][gc] GC(252) Pause Full (Allocation Failure) 442M->377M(494M) 389,289ms
[48,453s][info][gc] GC(251) Pause Young (Allocation Failure) 425M->377M(494M) 531,425ms
[49,017s][info][gc] GC(254) Pause Full (Allocation Failure) 443M->378M(494M) 393,324ms
[49,017s][info][gc] GC(253) Pause Young (Allocation Failure) 426M->378M(494M) 540,178ms
[49,615s][info][gc] GC(256) Pause Full (Allocation Failure) 444M->378M(494M) 425,427ms
[49,615s][info][gc] GC(255) Pause Young (Allocation Failure) 426M->378M(494M) 576,116ms
[50,169s][info][gc] GC(258) Pause Full (Allocation Failure) 445M->379M(494M) 385,455ms
[50,169s][info][gc] GC(257) Pause Young (Allocation Failure) 427M->379M(494M) 529,103ms
[50,724s][info][gc] GC(260) Pause Full (Allocation Failure) 445M->380M(494M) 387,180ms
[50,724s][info][gc] GC(259) Pause Young (Allocation Failure) 428M->380M(494M) 531,198ms
[51,272s][info][gc] GC(262) Pause Full (Allocation Failure) 446M->380M(494M) 386,930ms
[51,272s][info][gc] GC(261) Pause Young (Allocation Failure) 428M->380M(494M) 529,547ms
[51,844s][info][gc] GC(264) Pause Full (Allocation Failure) 447M->381M(494M) 399,587ms
[51,844s][info][gc] GC(263) Pause Young (Allocation Failure) 429M->381M(494M) 550,950ms
[52,415s][info][gc] GC(266) Pause Full (Allocation Failure) 447M->381M(494M) 405,649ms
[52,416s][info][gc] GC(265) Pause Young (Allocation Failure) 430M->381M(494M) 551,397ms
[52,980s][info][gc] GC(268) Pause Full (Allocation Failure) 448M->382M(494M) 395,449ms
[52,980s][info][gc] GC(267) Pause Young (Allocation Failure) 430M->382M(494M) 539,778ms
[53,543s][info][gc] GC(270) Pause Full (Allocation Failure) 449M->383M(494M) 400,178ms
[53,543s][info][gc] GC(269) Pause Young (Allocation Failure) 431M->383M(494M) 544,079ms
[54,109s][info][gc] GC(272) Pause Full (Allocation Failure) 449M->383M(494M) 396,727ms
[54,109s][info][gc] GC(271) Pause Young (Allocation Failure) 432M->383M(494M) 543,682ms
[54,673s][info][gc] GC(274) Pause Full (Allocation Failure) 450M->384M(494M) 396,353ms
[54,673s][info][gc] GC(273) Pause Young (Allocation Failure) 432M->384M(494M) 543,414ms
[55,243s][info][gc] GC(276) Pause Full (Allocation Failure) 451M->384M(494M) 397,553ms
[55,243s][info][gc] GC(275) Pause Young (Allocation Failure) 433M->384M(494M) 545,473ms
[55,834s][info][gc] GC(278) Pause Full (Allocation Failure) 451M->385M(494M) 421,857ms
[55,834s][info][gc] GC(277) Pause Young (Allocation Failure) 434M->385M(494M) 569,419ms
[56,438s][info][gc] GC(280) Pause Full (Allocation Failure) 452M->386M(494M) 427,151ms
[56,438s][info][gc] GC(279) Pause Young (Allocation Failure) 434M->386M(494M) 587,311ms
[57,049s][info][gc] GC(282) Pause Full (Allocation Failure) 453M->386M(494M) 437,490ms
[57,049s][info][gc] GC(281) Pause Young (Allocation Failure) 435M->386M(494M) 587,814ms
[57,622s][info][gc] GC(284) Pause Full (Allocation Failure) 453M->387M(494M) 406,712ms
[57,622s][info][gc] GC(283) Pause Young (Allocation Failure) 436M->387M(494M) 555,586ms
[58,220s][info][gc] GC(286) Pause Full (Allocation Failure) 454M->388M(494M) 402,047ms
[58,220s][info][gc] GC(285) Pause Young (Allocation Failure) 437M->388M(494M) 574,544ms
[58,818s][info][gc] GC(288) Pause Full (Allocation Failure) 455M->388M(494M) 401,921ms
[58,818s][info][gc] GC(287) Pause Young (Allocation Failure) 437M->388M(494M) 569,974ms
[59,402s][info][gc] GC(290) Pause Full (Allocation Failure) 455M->389M(494M) 418,507ms
[59,402s][info][gc] GC(289) Pause Young (Allocation Failure) 438M->389M(494M) 565,325ms
[59,978s][info][gc] GC(292) Pause Full (Allocation Failure) 456M->389M(494M) 403,260ms
[59,978s][info][gc] GC(291) Pause Young (Allocation Failure) 439M->389M(494M) 551,526ms
[60,549s][info][gc] GC(294) Pause Full (Allocation Failure) 457M->390M(494M) 404,936ms
[60,549s][info][gc] GC(293) Pause Young (Allocation Failure) 439M->390M(494M) 552,182ms
[61,146s][info][gc] GC(296) Pause Full (Allocation Failure) 460M->391M(494M) 406,370ms
[61,146s][info][gc] GC(295) Pause Young (Allocation Failure) 443M->391M(494M) 556,047ms
[61,757s][info][gc] GC(298) Pause Full (Allocation Failure) 458M->391M(494M) 439,693ms
[61,757s][info][gc] GC(297) Pause Young (Allocation Failure) 441M->391M(494M) 590,544ms
[62,335s][info][gc] GC(300) Pause Full (Allocation Failure) 459M->392M(494M) 404,888ms
[62,336s][info][gc] GC(299) Pause Young (Allocation Failure) 441M->392M(494M) 555,858ms
[62,936s][info][gc] GC(302) Pause Full (Allocation Failure) 460M->392M(494M) 413,324ms
[62,937s][info][gc] GC(301) Pause Young (Allocation Failure) 442M->392M(494M) 570,998ms
[63,520s][info][gc] GC(304) Pause Full (Allocation Failure) 460M->393M(494M) 414,064ms
[63,520s][info][gc] GC(303) Pause Young (Allocation Failure) 443M->393M(494M) 564,378ms
[64,166s][info][gc] GC(306) Pause Full (Allocation Failure) 461M->394M(494M) 460,344ms
[64,166s][info][gc] GC(305) Pause Young (Allocation Failure) 443M->394M(494M) 611,511ms
[64,767s][info][gc] GC(308) Pause Full (Allocation Failure) 462M->394M(494M) 426,993ms
[64,767s][info][gc] GC(307) Pause Young (Allocation Failure) 444M->394M(494M) 578,157ms
[65,352s][info][gc] GC(310) Pause Full (Allocation Failure) 462M->395M(494M) 414,681ms
[65,352s][info][gc] GC(309) Pause Young (Allocation Failure) 445M->395M(494M) 566,832ms
[65,933s][info][gc] GC(312) Pause Full (Allocation Failure) 463M->395M(494M) 407,384ms
[65,933s][info][gc] GC(311) Pause Young (Allocation Failure) 446M->395M(494M) 559,047ms
[66,520s][info][gc] GC(314) Pause Full (Allocation Failure) 464M->396M(494M) 412,192ms
[66,520s][info][gc] GC(313) Pause Young (Allocation Failure) 446M->396M(494M) 564,190ms
[67,126s][info][gc] GC(316) Pause Full (Allocation Failure) 464M->397M(494M) 431,417ms
[67,126s][info][gc] GC(315) Pause Young (Allocation Failure) 447M->397M(494M) 583,706ms
[67,720s][info][gc] GC(318) Pause Full (Allocation Failure) 465M->397M(494M) 422,893ms
[67,720s][info][gc] GC(317) Pause Young (Allocation Failure) 447M->397M(494M) 573,549ms
[68,322s][info][gc] GC(320) Pause Full (Allocation Failure) 466M->398M(494M) 426,683ms
[68,322s][info][gc] GC(319) Pause Young (Allocation Failure) 448M->398M(494M) 578,536ms
[68,930s][info][gc] GC(322) Pause Full (Allocation Failure) 467M->399M(494M) 433,702ms
[68,930s][info][gc] GC(321) Pause Young (Allocation Failure) 449M->399M(494M) 584,449ms
[69,517s][info][gc] GC(324) Pause Full (Allocation Failure) 467M->399M(494M) 414,161ms
[69,517s][info][gc] GC(323) Pause Young (Allocation Failure) 450M->399M(494M) 566,269ms
[70,127s][info][gc] GC(326) Pause Full (Allocation Failure) 468M->400M(494M) 409,819ms
[70,127s][info][gc] GC(325) Pause Young (Allocation Failure) 450M->400M(494M) 586,928ms
[70,731s][info][gc] GC(328) Pause Full (Allocation Failure) 468M->400M(494M) 418,210ms
[70,731s][info][gc] GC(327) Pause Young (Allocation Failure) 451M->400M(494M) 584,186ms
[71,321s][info][gc] GC(330) Pause Full (Allocation Failure) 469M->401M(494M) 413,303ms
[71,321s][info][gc] GC(329) Pause Young (Allocation Failure) 452M->401M(494M) 566,277ms
[71,934s][info][gc] GC(332) Pause Full (Allocation Failure) 470M->402M(494M) 434,790ms
[71,934s][info][gc] GC(331) Pause Young (Allocation Failure) 452M->402M(494M) 587,566ms
[72,551s][info][gc] GC(334) Pause Full (Allocation Failure) 471M->402M(494M) 423,970ms
[72,551s][info][gc] GC(333) Pause Young (Allocation Failure) 453M->402M(494M) 584,297ms
[73,157s][info][gc] GC(336) Pause Full (Allocation Failure) 471M->403M(494M) 425,321ms
[73,157s][info][gc] GC(335) Pause Young (Allocation Failure) 454M->403M(494M) 577,692ms
[73,750s][info][gc] GC(338) Pause Full (Allocation Failure) 472M->403M(494M) 419,217ms
[73,750s][info][gc] GC(337) Pause Young (Allocation Failure) 454M->403M(494M) 573,781ms
[74,346s][info][gc] GC(340) Pause Full (Allocation Failure) 473M->404M(494M) 419,802ms
[74,346s][info][gc] GC(339) Pause Young (Allocation Failure) 455M->404M(494M) 575,151ms
[74,950s][info][gc] GC(342) Pause Full (Allocation Failure) 473M->405M(494M) 427,920ms
[74,950s][info][gc] GC(341) Pause Young (Allocation Failure) 456M->405M(494M) 584,099ms
[75,544s][info][gc] GC(344) Pause Full (Allocation Failure) 474M->405M(494M) 418,854ms
[75,544s][info][gc] GC(343) Pause Young (Allocation Failure) 456M->405M(494M) 572,853ms
[76,140s][info][gc] GC(346) Pause Full (Allocation Failure) 475M->406M(494M) 420,781ms
[76,140s][info][gc] GC(345) Pause Young (Allocation Failure) 457M->406M(494M) 574,224ms
[76,729s][info][gc] GC(348) Pause Full (Allocation Failure) 475M->406M(494M) 418,231ms
[76,729s][info][gc] GC(347) Pause Young (Allocation Failure) 458M->406M(494M) 571,624ms
[77,328s][info][gc] GC(350) Pause Full (Allocation Failure) 476M->407M(494M) 418,084ms
[77,328s][info][gc] GC(349) Pause Young (Allocation Failure) 459M->407M(494M) 571,530ms
[77,932s][info][gc] GC(352) Pause Full (Allocation Failure) 477M->408M(494M) 419,780ms
[77,932s][info][gc] GC(351) Pause Young (Allocation Failure) 459M->408M(494M) 575,430ms
[78,531s][info][gc] GC(354) Pause Full (Allocation Failure) 477M->408M(494M) 419,593ms
[78,532s][info][gc] GC(353) Pause Young (Allocation Failure) 460M->408M(494M) 576,288ms
[78,978s][info][gc] GC(355) Pause Full (Allocation Failure) 461M->409M(494M) 421,173ms
[79,413s][info][gc] GC(356) Pause Full (Allocation Failure) 461M->409M(494M) 414,596ms
[79,853s][info][gc] GC(357) Pause Full (Allocation Failure) 462M->410M(494M) 415,295ms
[80,286s][info][gc] GC(358) Pause Full (Allocation Failure) 462M->411M(494M) 413,805ms
[80,730s][info][gc] GC(359) Pause Full (Allocation Failure) 463M->411M(494M) 416,223ms
[81,166s][info][gc] GC(360) Pause Full (Allocation Failure) 464M->412M(494M) 415,389ms
[81,610s][info][gc] GC(361) Pause Full (Allocation Failure) 465M->413M(494M) 422,383ms
[82,056s][info][gc] GC(362) Pause Full (Allocation Failure) 465M->413M(494M) 426,390ms
[82,496s][info][gc] GC(363) Pause Full (Allocation Failure) 466M->414M(494M) 421,756ms
[82,965s][info][gc] GC(364) Pause Full (Allocation Failure) 467M->414M(494M) 442,920ms
[83,401s][info][gc] GC(365) Pause Full (Allocation Failure) 467M->415M(494M) 417,425ms
[83,862s][info][gc] GC(366) Pause Full (Allocation Failure) 468M->416M(494M) 436,160ms
[84,303s][info][gc] GC(367) Pause Full (Allocation Failure) 469M->416M(494M) 421,547ms
[84,776s][info][gc] GC(368) Pause Full (Allocation Failure) 469M->417M(494M) 449,918ms
[85,223s][info][gc] GC(369) Pause Full (Allocation Failure) 470M->417M(494M) 421,894ms
[85,663s][info][gc] GC(370) Pause Full (Allocation Failure) 471M->418M(494M) 417,342ms
[86,120s][info][gc] GC(371) Pause Full (Allocation Failure) 471M->419M(494M) 436,812ms
[86,566s][info][gc] GC(372) Pause Full (Allocation Failure) 472M->419M(494M) 424,437ms
[87,013s][info][gc] GC(373) Pause Full (Allocation Failure) 473M->420M(494M) 424,083ms
[87,459s][info][gc] GC(374) Pause Full (Allocation Failure) 473M->420M(494M) 424,732ms
[87,913s][info][gc] GC(375) Pause Full (Allocation Failure) 474M->421M(494M) 430,438ms
[88,357s][info][gc] GC(376) Pause Full (Allocation Failure) 475M->422M(494M) 426,480ms
[88,806s][info][gc] GC(377) Pause Full (Allocation Failure) 476M->422M(494M) 425,077ms
[89,253s][info][gc] GC(378) Pause Full (Allocation Failure) 476M->423M(494M) 423,665ms
[89,709s][info][gc] GC(379) Pause Full (Allocation Failure) 477M->423M(494M) 429,727ms
[90,158s][info][gc] GC(380) Pause Full (Allocation Failure) 477M->424M(494M) 430,937ms
[90,612s][info][gc] GC(381) Pause Full (Allocation Failure) 478M->425M(494M) 430,537ms
[91,194s][info][gc] GC(382) Pause Full (Allocation Failure) 425M->424M(494M) 581,946ms
[91,672s][info][gc] GC(383) Pause Full (Allocation Failure) 479M->425M(494M) 442,612ms
[92,220s][info][gc] GC(384) Pause Full (Allocation Failure) 425M->425M(494M) 547,600ms
