[0.008s][debug][gc] Expanding heap from 0M to 1024M
[0.192s][info ][gc] Using The Z Garbage Collector
[0,681s][info ][gc] GC(0) Garbage Collection (Warmup) 114M(11%)->206M(20%)
[0,877s][info ][gc] GC(1) Garbage Collection (Warmup) 254M(25%)->202M(20%)
[1,245s][info ][gc] GC(2) Garbage Collection (Warmup) 400M(39%)->272M(27%)
[1,495s][info ][gc] GC(3) Garbage Collection (Allocation Rate) 356M(35%)->304M(30%)
[1,693s][info ][gc] GC(4) Garbage Collection (Allocation Rate) 344M(34%)->296M(29%)
[1,909s][info ][gc] GC(5) Garbage Collection (Allocation Rate) 338M(33%)->326M(32%)
[2,137s][info ][gc] GC(6) Garbage Collection (Allocation Rate) 348M(34%)->372M(36%)
[2,437s][info ][gc] GC(7) Garbage Collection (Allocation Rate) 466M(46%)->406M(40%)
[2,769s][info ][gc] GC(8) Garbage Collection (Allocation Rate) 508M(50%)->440M(43%)
[3,074s][info ][gc] GC(9) Garbage Collection (Allocation Rate) 494M(48%)->470M(46%)
[3,381s][info ][gc] GC(10) Garbage Collection (Allocation Rate) 530M(52%)->470M(46%)
[3,757s][info ][gc] GC(11) Garbage Collection (Allocation Rate) 500M(49%)->532M(52%)
[4,149s][info ][gc] GC(12) Garbage Collection (Allocation Rate) 566M(55%)->560M(55%)
[4,510s][info ][gc] Allocation Stall (main) 2,259ms
[4,545s][info ][gc] GC(13) Garbage Collection (Allocation Rate) 632M(62%)->588M(57%)
[4,910s][info ][gc] Allocation Stall (main) 14,980ms
[4,942s][info ][gc] GC(14) Garbage Collection (Allocation Rate) 664M(65%)->582M(57%)
[5,307s][info ][gc] Allocation Stall (main) 13,196ms
[5,342s][info ][gc] GC(15) Garbage Collection (Allocation Rate) 698M(68%)->570M(56%)
[5,727s][info ][gc] Allocation Stall (main) 2,510ms
[5,754s][info ][gc] GC(16) Garbage Collection (Allocation Rate) 648M(63%)->630M(62%)
[6,140s][info ][gc] Allocation Stall (main) 41,980ms
[6,175s][info ][gc] GC(17) Garbage Collection (Allocation Rate) 676M(66%)->614M(60%)
[6,563s][info ][gc] Allocation Stall (main) 4,040ms
[6,591s][info ][gc] GC(18) Garbage Collection (Allocation Rate) 658M(64%)->632M(62%)
[6,937s][info ][gc] Allocation Stall (main) 2,054ms
[6,964s][info ][gc] GC(19) Garbage Collection (Allocation Rate) 632M(62%)->612M(60%)
[7,355s][info ][gc] Allocation Stall (main) 14,063ms
[7,384s][info ][gc] GC(20) Garbage Collection (Allocation Rate) 656M(64%)->670M(65%)
[7,713s][info ][gc] Allocation Stall (main) 0,647ms
[7,742s][info ][gc] GC(21) Garbage Collection (Allocation Rate) 670M(65%)->594M(58%)
[8,178s][info ][gc] Allocation Stall (main) 43,799ms
[8,184s][info ][gc] Allocation Stall (main) 4,621ms
[8,219s][info ][gc] GC(22) Garbage Collection (Allocation Rate) 690M(67%)->660M(64%)
[8,629s][info ][gc] Allocation Stall (main) 82,179ms
[8,660s][info ][gc] GC(23) Garbage Collection (Allocation Rate) 758M(74%)->520M(51%)
[9,105s][info ][gc] Allocation Stall (main) 12,817ms
[9,133s][info ][gc] GC(24) Garbage Collection (Allocation Rate) 572M(56%)->744M(73%)
[9,506s][info ][gc] Allocation Stall (main) 115,497ms
[9,537s][info ][gc] GC(25) Garbage Collection (Allocation Rate) 794M(78%)->494M(48%)
[9,983s][info ][gc] GC(26) Garbage Collection (Allocation Rate) 548M(54%)->724M(71%)
[10,347s][info ][gc] Allocation Stall (main) 102,534ms
[10,382s][info ][gc] GC(27) Garbage Collection (Allocation Rate) 724M(71%)->568M(55%)
[10,783s][info ][gc] Allocation Stall (main) 2,593ms
[10,821s][info ][gc] GC(28) Garbage Collection (Allocation Rate) 568M(55%)->752M(73%)
[11,243s][info ][gc] Allocation Stall (main) 136,894ms
[11,275s][info ][gc] GC(29) Garbage Collection (Allocation Rate) 862M(84%)->484M(47%)
[11,710s][info ][gc] GC(30) Garbage Collection (Allocation Rate) 484M(47%)->778M(76%)
[12,107s][info ][gc] Allocation Stall (main) 148,600ms
[12,143s][info ][gc] GC(31) Garbage Collection (Allocation Rate) 778M(76%)->556M(54%)
[12,567s][info ][gc] Allocation Stall (main) 16,796ms
[12,597s][info ][gc] GC(32) Garbage Collection (Allocation Rate) 614M(60%)->744M(73%)
[12,984s][info ][gc] Allocation Stall (main) 123,555ms
[13,014s][info ][gc] GC(33) Garbage Collection (Allocation Rate) 744M(73%)->572M(56%)
[13,425s][info ][gc] Allocation Stall (main) 6,235ms
[13,455s][info ][gc] GC(34) Garbage Collection (Allocation Rate) 572M(56%)->760M(74%)
[13,958s][info ][gc] Allocation Stall (main) 219,401ms
[13,989s][info ][gc] GC(35) Garbage Collection (Allocation Rate) 822M(80%)->586M(57%)
[14,398s][info ][gc] Allocation Stall (main) 65,261ms
[14,426s][info ][gc] GC(36) Garbage Collection (Allocation Rate) 586M(57%)->782M(76%)
[14,894s][info ][gc] Allocation Stall (main) 172,455ms
[14,928s][info ][gc] GC(37) Garbage Collection (Allocation Rate) 846M(83%)->542M(53%)
[15,395s][info ][gc] Allocation Stall (main) 90,673ms
[15,425s][info ][gc] GC(38) Garbage Collection (Allocation Rate) 606M(59%)->740M(72%)
[15,885s][info ][gc] Allocation Stall (main) 184,207ms
[15,923s][info ][gc] GC(39) Garbage Collection (Allocation Rate) 806M(79%)->560M(55%)
[16,390s][info ][gc] Allocation Stall (main) 76,433ms
[16,420s][info ][gc] GC(40) Garbage Collection (Allocation Rate) 626M(61%)->754M(74%)
[16,907s][info ][gc] Allocation Stall (main) 212,835ms
[16,939s][info ][gc] GC(41) Garbage Collection (Allocation Rate) 822M(80%)->574M(56%)
[17,494s][info ][gc] Allocation Stall (main) 98,229ms
[17,528s][info ][gc] GC(42) Garbage Collection (Allocation Rate) 642M(63%)->844M(82%)
[18,086s][info ][gc] Allocation Stall (main) 344,885ms
[18,131s][info ][gc] GC(43) Garbage Collection (Allocation Rate) 980M(96%)->518M(51%)
[18,625s][info ][gc] Allocation Stall (main) 50,724ms
[18,651s][info ][gc] GC(44) Garbage Collection (Allocation Rate) 586M(57%)->800M(78%)
[19,213s][info ][gc] Allocation Stall (main) 273,161ms
[19,249s][info ][gc] GC(45) Garbage Collection (Allocation Rate) 870M(85%)->596M(58%)
[19,729s][info ][gc] Allocation Stall (main) 131,373ms
[19,760s][info ][gc] GC(46) Garbage Collection (Allocation Rate) 666M(65%)->744M(73%)
[20,249s][info ][gc] Allocation Stall (main) 172,015ms
[20,261s][info ][gc] GC(47) Garbage Collection (Allocation Rate) 748M(73%)->680M(66%)
[20,727s][info ][gc] Allocation Stall (main) 146,997ms
[20,761s][info ][gc] GC(48) Garbage Collection (Allocation Rate) 680M(66%)->750M(73%)
[21,224s][info ][gc] Allocation Stall (main) 141,312ms
[21,256s][info ][gc] GC(49) Garbage Collection (Allocation Rate) 752M(73%)->692M(68%)
[21,733s][info ][gc] Allocation Stall (main) 158,453ms
[21,764s][info ][gc] GC(50) Garbage Collection (Allocation Rate) 692M(68%)->698M(68%)
[22,252s][info ][gc] Allocation Stall (main) 216,383ms
[22,286s][info ][gc] GC(51) Garbage Collection (Allocation Rate) 702M(69%)->702M(69%)
[22,757s][info ][gc] Allocation Stall (main) 183,819ms
[22,794s][info ][gc] GC(52) Garbage Collection (Allocation Rate) 702M(69%)->712M(70%)
[23,286s][info ][gc] Allocation Stall (main) 152,693ms
[23,317s][info ][gc] GC(53) Garbage Collection (Allocation Rate) 716M(70%)->724M(71%)
[23,813s][info ][gc] Allocation Stall (main) 201,750ms
[23,851s][info ][gc] GC(54) Garbage Collection (Allocation Rate) 724M(71%)->722M(71%)
[24,433s][info ][gc] Allocation Stall (main) 315,955ms
[24,466s][info ][gc] GC(55) Garbage Collection (Allocation Rate) 798M(78%)->726M(71%)
[24,975s][info ][gc] Allocation Stall (main) 169,582ms
[25,008s][info ][gc] GC(56) Garbage Collection (Allocation Rate) 726M(71%)->738M(72%)
[25,511s][info ][gc] Allocation Stall (main) 176,975ms
[25,546s][info ][gc] GC(57) Garbage Collection (Allocation Rate) 738M(72%)->736M(72%)
[26,064s][info ][gc] Allocation Stall (main) 270,587ms
[26,076s][info ][gc] GC(58) Garbage Collection (Allocation Rate) 812M(79%)->662M(65%)
[26,581s][info ][gc] Allocation Stall (main) 110,895ms
[26,616s][info ][gc] GC(59) Garbage Collection (Allocation Rate) 664M(65%)->830M(81%)
[27,121s][info ][gc] Allocation Stall (main) 269,726ms
[27,158s][info ][gc] GC(60) Garbage Collection (Allocation Rate) 830M(81%)->602M(59%)
[27,698s][info ][gc] Allocation Stall (main) 200,150ms
[27,735s][info ][gc] GC(61) Garbage Collection (Allocation Rate) 602M(59%)->836M(82%)
[28,221s][info ][gc] Allocation Stall (main) 378,602ms
[28,256s][info ][gc] GC(62) Garbage Collection (Allocation Rate) 918M(90%)->524M(51%)
[28,788s][info ][gc] Allocation Stall (main) 60,477ms
[28,820s][info ][gc] GC(63) Garbage Collection (Allocation Rate) 524M(51%)->940M(92%)
[28,916s][debug][gc] GC(64) Boosting workers
[29,062s][info ][gc] Allocation Stall (main) 146,668ms
[29,095s][info ][gc] GC(64) Garbage Collection (Allocation Stall) 940M(92%)->530M(52%)
[29,623s][info ][gc] Allocation Stall (main) 188,206ms
[29,655s][info ][gc] GC(65) Garbage Collection (Allocation Rate) 530M(52%)->942M(92%)
[30,148s][info ][gc] Allocation Stall (main) 401,210ms
[30,190s][info ][gc] GC(66) Garbage Collection (Allocation Rate) 942M(92%)->544M(53%)
[30,734s][info ][gc] Allocation Stall (main) 66,778ms
[30,743s][info ][gc] GC(67) Garbage Collection (Allocation Rate) 544M(53%)->962M(94%)
[31,208s][info ][gc] Allocation Stall (main) 382,612ms
[31,242s][info ][gc] GC(68) Garbage Collection (Allocation Rate) 966M(94%)->552M(54%)
[31,814s][info ][gc] Allocation Stall (main) 204,570ms
[31,854s][info ][gc] GC(69) Garbage Collection (Allocation Rate) 636M(62%)->890M(87%)
[32,409s][info ][gc] Allocation Stall (main) 309,598ms
[32,445s][info ][gc] GC(70) Garbage Collection (Allocation Rate) 890M(87%)->644M(63%)
[33,119s][info ][gc] Allocation Stall (main) 297,113ms
[33,156s][info ][gc] GC(71) Garbage Collection (Allocation Rate) 730M(71%)->820M(80%)
[33,685s][info ][gc] Allocation Stall (main) 328,556ms
[33,721s][info ][gc] GC(72) Garbage Collection (Allocation Rate) 820M(80%)->648M(63%)
[34,298s][info ][gc] Allocation Stall (main) 298,952ms
[34,335s][info ][gc] GC(73) Garbage Collection (Allocation Rate) 736M(72%)->738M(72%)
[34,907s][info ][gc] Allocation Stall (main) 252,834ms
[34,945s][info ][gc] GC(74) Garbage Collection (Allocation Rate) 738M(72%)->748M(73%)
[35,503s][info ][gc] Allocation Stall (main) 239,547ms
[35,539s][info ][gc] GC(75) Garbage Collection (Allocation Rate) 748M(73%)->746M(73%)
[36,088s][info ][gc] Allocation Stall (main) 301,199ms
[36,124s][info ][gc] GC(76) Garbage Collection (Allocation Rate) 746M(73%)->748M(73%)
[36,700s][info ][gc] Allocation Stall (main) 331,360ms
[36,712s][info ][gc] GC(77) Garbage Collection (Allocation Rate) 836M(82%)->662M(65%)
[37,274s][info ][gc] Allocation Stall (main) 184,720ms
[37,312s][info ][gc] GC(78) Garbage Collection (Allocation Rate) 662M(65%)->848M(83%)
[37,889s][info ][gc] Allocation Stall (main) 317,332ms
[37,925s][info ][gc] GC(79) Garbage Collection (Allocation Rate) 848M(83%)->676M(66%)
[38,511s][info ][gc] Allocation Stall (main) 262,226ms
[38,551s][info ][gc] GC(80) Garbage Collection (Allocation Rate) 676M(66%)->852M(83%)
[39,096s][info ][gc] Allocation Stall (main) 342,785ms
[39,139s][info ][gc] GC(81) Garbage Collection (Allocation Rate) 852M(83%)->678M(66%)
[39,877s][info ][gc] Allocation Stall (main) 372,423ms
[39,915s][info ][gc] GC(82) Garbage Collection (Allocation Rate) 768M(75%)->862M(84%)
[40,488s][info ][gc] Allocation Stall (main) 309,636ms
[40,533s][info ][gc] GC(83) Garbage Collection (Allocation Rate) 862M(84%)->688M(67%)
[41,256s][info ][gc] Allocation Stall (main) 340,537ms
[41,293s][info ][gc] GC(84) Garbage Collection (Allocation Rate) 780M(76%)->874M(85%)
[41,861s][info ][gc] Allocation Stall (main) 348,556ms
[41,900s][info ][gc] GC(85) Garbage Collection (Allocation Rate) 874M(85%)->694M(68%)
[42,482s][info ][gc] Allocation Stall (main) 252,006ms
[42,518s][info ][gc] GC(86) Garbage Collection (Allocation Rate) 694M(68%)->880M(86%)
[43,120s][info ][gc] Allocation Stall (main) 324,368ms
[43,166s][info ][gc] GC(87) Garbage Collection (Allocation Rate) 880M(86%)->706M(69%)
[43,762s][info ][gc] Allocation Stall (main) 278,331ms
[43,805s][info ][gc] GC(88) Garbage Collection (Allocation Rate) 706M(69%)->798M(78%)
[44,418s][info ][gc] Allocation Stall (main) 360,767ms
[44,460s][info ][gc] GC(89) Garbage Collection (Allocation Rate) 798M(78%)->706M(69%)
[45,056s][info ][gc] Allocation Stall (main) 290,721ms
[45,067s][info ][gc] GC(90) Garbage Collection (Allocation Rate) 706M(69%)->802M(78%)
[45,647s][info ][gc] Allocation Stall (main) 362,458ms
[45,686s][info ][gc] GC(91) Garbage Collection (Allocation Rate) 802M(78%)->710M(69%)
[46,293s][info ][gc] Allocation Stall (main) 260,578ms
[46,329s][info ][gc] GC(92) Garbage Collection (Allocation Rate) 710M(69%)->816M(80%)
[46,940s][info ][gc] Allocation Stall (main) 334,313ms
[46,979s][info ][gc] GC(93) Garbage Collection (Allocation Rate) 816M(80%)->720M(70%)
[47,578s][info ][gc] Allocation Stall (main) 327,226ms
[47,614s][info ][gc] GC(94) Garbage Collection (Allocation Rate) 720M(70%)->816M(80%)
[48,209s][info ][gc] Allocation Stall (main) 358,496ms
[48,223s][info ][gc] GC(95) Garbage Collection (Allocation Rate) 816M(80%)->726M(71%)
[48,846s][info ][gc] Allocation Stall (main) 364,981ms
[48,861s][info ][gc] GC(96) Garbage Collection (Allocation Rate) 822M(80%)->726M(71%)
[49,465s][info ][gc] Allocation Stall (main) 276,400ms
[49,504s][info ][gc] GC(97) Garbage Collection (Allocation Rate) 726M(71%)->826M(81%)
[50,144s][info ][gc] Allocation Stall (main) 327,936ms
[50,184s][info ][gc] GC(98) Garbage Collection (Allocation Rate) 826M(81%)->736M(72%)
[50,792s][info ][gc] Allocation Stall (main) 278,651ms
[50,830s][info ][gc] GC(99) Garbage Collection (Allocation Rate) 736M(72%)->840M(82%)
[51,445s][info ][gc] Allocation Stall (main) 343,628ms
[51,458s][info ][gc] GC(100) Garbage Collection (Allocation Rate) 840M(82%)->740M(72%)
[52,071s][info ][gc] Allocation Stall (main) 342,112ms
[52,082s][info ][gc] GC(101) Garbage Collection (Allocation Rate) 740M(72%)->840M(82%)
[52,690s][info ][gc] Allocation Stall (main) 346,659ms
[52,730s][info ][gc] GC(102) Garbage Collection (Allocation Rate) 840M(82%)->744M(73%)
[53,397s][info ][gc] Allocation Stall (main) 299,155ms
[53,435s][info ][gc] GC(103) Garbage Collection (Allocation Rate) 748M(73%)->848M(83%)
[54,066s][info ][gc] Allocation Stall (main) 369,503ms
[54,107s][info ][gc] GC(104) Garbage Collection (Allocation Rate) 848M(83%)->752M(73%)
[54,731s][info ][gc] Allocation Stall (main) 343,150ms
[54,768s][info ][gc] GC(105) Garbage Collection (Allocation Rate) 752M(73%)->854M(83%)
[55,391s][info ][gc] Allocation Stall (main) 376,109ms
[55,406s][info ][gc] GC(106) Garbage Collection (Allocation Rate) 858M(84%)->758M(74%)
[56,058s][info ][gc] Allocation Stall (main) 345,910ms
[56,096s][info ][gc] GC(107) Garbage Collection (Allocation Rate) 758M(74%)->862M(84%)
[56,745s][info ][gc] Allocation Stall (main) 353,398ms
[56,787s][info ][gc] GC(108) Garbage Collection (Allocation Rate) 862M(84%)->766M(75%)
[57,467s][info ][gc] Allocation Stall (main) 325,780ms
[57,506s][info ][gc] GC(109) Garbage Collection (Allocation Rate) 770M(75%)->872M(85%)
[58,137s][info ][gc] Allocation Stall (main) 388,385ms
[58,178s][info ][gc] GC(110) Garbage Collection (Allocation Rate) 872M(85%)->772M(75%)
[58,829s][info ][gc] Allocation Stall (main) 371,333ms
[58,841s][info ][gc] GC(111) Garbage Collection (Allocation Rate) 772M(75%)->872M(85%)
[59,492s][info ][gc] Allocation Stall (main) 412,500ms
[59,534s][info ][gc] GC(112) Garbage Collection (Allocation Rate) 872M(85%)->776M(76%)
[60,185s][info ][gc] Allocation Stall (main) 359,133ms
[60,223s][info ][gc] GC(113) Garbage Collection (Allocation Rate) 776M(76%)->782M(76%)
[60,888s][info ][gc] Allocation Stall (main) 356,860ms
[60,927s][info ][gc] GC(114) Garbage Collection (Allocation Rate) 782M(76%)->784M(77%)
[61,584s][info ][gc] Allocation Stall (main) 409,327ms
[61,624s][info ][gc] GC(115) Garbage Collection (Allocation Rate) 784M(77%)->788M(77%)
[62,261s][info ][gc] Allocation Stall (main) 506,935ms
[62,275s][info ][gc] GC(116) Garbage Collection (Allocation Rate) 892M(87%)->686M(67%)
[62,921s][info ][gc] Allocation Stall (main) 360,168ms
[62,935s][info ][gc] GC(117) Garbage Collection (Allocation Rate) 686M(67%)->894M(87%)
[63,517s][info ][gc] Allocation Stall (main) 478,605ms
[63,532s][info ][gc] GC(118) Garbage Collection (Allocation Rate) 894M(87%)->684M(67%)
[64,383s][info ][gc] Allocation Stall (main) 471,480ms
[64,423s][info ][gc] GC(119) Garbage Collection (Allocation Rate) 790M(77%)->902M(88%)
[65,063s][info ][gc] Allocation Stall (main) 523,423ms
[65,104s][info ][gc] GC(120) Garbage Collection (Allocation Rate) 902M(88%)->694M(68%)
[65,775s][info ][gc] Allocation Stall (main) 345,962ms
[65,788s][info ][gc] GC(121) Garbage Collection (Allocation Rate) 694M(68%)->904M(88%)
[66,370s][info ][gc] Allocation Stall (main) 484,387ms
[66,413s][info ][gc] GC(122) Garbage Collection (Allocation Rate) 906M(88%)->696M(68%)
[67,072s][info ][gc] Allocation Stall (main) 362,947ms
[67,089s][info ][gc] GC(123) Garbage Collection (Allocation Rate) 696M(68%)->908M(89%)
[67,671s][info ][gc] Allocation Stall (main) 488,758ms
[67,684s][info ][gc] GC(124) Garbage Collection (Allocation Rate) 908M(89%)->696M(68%)
[68,353s][info ][gc] Allocation Stall (main) 305,117ms
[68,394s][info ][gc] GC(125) Garbage Collection (Allocation Rate) 696M(68%)->914M(89%)
[69,041s][info ][gc] Allocation Stall (main) 511,716ms
[69,084s][info ][gc] GC(126) Garbage Collection (Allocation Rate) 914M(89%)->704M(69%)
[69,766s][info ][gc] Allocation Stall (main) 299,002ms
[69,766s][info ][gc] GC(127) Garbage Collection (Allocation Rate) 704M(69%)->920M(90%)
[70,389s][info ][gc] Allocation Stall (main) 508,265ms
[70,432s][info ][gc] GC(128) Garbage Collection (Allocation Rate) 922M(90%)->710M(69%)
[71,119s][info ][gc] Allocation Stall (main) 391,519ms
[71,131s][info ][gc] GC(129) Garbage Collection (Allocation Rate) 710M(69%)->922M(90%)
[71,723s][info ][gc] Allocation Stall (main) 499,367ms
[71,737s][info ][gc] GC(130) Garbage Collection (Allocation Rate) 922M(90%)->708M(69%)
[72,418s][info ][gc] Allocation Stall (main) 375,151ms
[72,464s][info ][gc] GC(131) Garbage Collection (Allocation Rate) 710M(69%)->928M(91%)
[73,123s][info ][gc] Allocation Stall (main) 548,985ms
[73,166s][info ][gc] GC(132) Garbage Collection (Allocation Rate) 928M(91%)->716M(70%)
[73,860s][info ][gc] Allocation Stall (main) 298,515ms
[73,871s][info ][gc] GC(133) Garbage Collection (Allocation Rate) 716M(70%)->936M(91%)
[74,483s][info ][gc] Allocation Stall (main) 506,933ms
[74,526s][info ][gc] GC(134) Garbage Collection (Allocation Rate) 936M(91%)->716M(70%)
[75,367s][info ][gc] Allocation Stall (main) 541,229ms
[75,378s][info ][gc] GC(135) Garbage Collection (Allocation Rate) 826M(81%)->938M(92%)
[76,016s][info ][gc] Allocation Stall (main) 531,689ms
[76,027s][info ][gc] GC(136) Garbage Collection (Allocation Rate) 938M(92%)->724M(71%)
[76,724s][info ][gc] Allocation Stall (main) 391,913ms
[76,738s][info ][gc] GC(137) Garbage Collection (Allocation Rate) 724M(71%)->942M(92%)
[77,358s][info ][gc] Allocation Stall (main) 521,412ms
[77,404s][info ][gc] GC(138) Garbage Collection (Allocation Rate) 946M(92%)->728M(71%)
[78,120s][info ][gc] Allocation Stall (main) 311,094ms
[78,167s][info ][gc] GC(139) Garbage Collection (Allocation Rate) 728M(71%)->956M(93%)
[78,838s][info ][gc] Allocation Stall (main) 549,084ms
[78,884s][info ][gc] GC(140) Garbage Collection (Allocation Rate) 956M(93%)->732M(71%)
[79,568s][info ][gc] Allocation Stall (main) 374,830ms
[79,580s][info ][gc] GC(141) Garbage Collection (Allocation Rate) 732M(71%)->952M(93%)
[80,217s][info ][gc] Allocation Stall (main) 529,627ms
[80,232s][info ][gc] GC(142) Garbage Collection (Allocation Rate) 952M(93%)->732M(71%)
[80,947s][info ][gc] Allocation Stall (main) 405,872ms
[80,964s][info ][gc] GC(143) Garbage Collection (Allocation Rate) 732M(71%)->956M(93%)
[81,578s][info ][gc] Allocation Stall (main) 519,283ms
[81,592s][info ][gc] GC(144) Garbage Collection (Allocation Rate) 956M(93%)->730M(71%)
[82,288s][info ][gc] Allocation Stall (main) 315,502ms
[82,329s][info ][gc] GC(145) Garbage Collection (Allocation Rate) 730M(71%)->964M(94%)
[82,991s][info ][gc] Allocation Stall (main) 536,135ms
[83,039s][info ][gc] GC(146) Garbage Collection (Allocation Rate) 964M(94%)->744M(73%)
[83,743s][info ][gc] Allocation Stall (main) 355,622ms
[83,754s][info ][gc] GC(147) Garbage Collection (Allocation Rate) 744M(73%)->968M(95%)
[84,396s][info ][gc] Allocation Stall (main) 527,660ms
[84,413s][info ][gc] GC(148) Garbage Collection (Allocation Rate) 970M(95%)->742M(72%)
[85,119s][info ][gc] Allocation Stall (main) 368,541ms
[85,131s][info ][gc] GC(149) Garbage Collection (Allocation Rate) 742M(72%)->968M(95%)
[85,763s][info ][gc] Allocation Stall (main) 524,308ms
[85,780s][info ][gc] GC(150) Garbage Collection (Allocation Rate) 968M(95%)->742M(72%)
[86,498s][info ][gc] Allocation Stall (main) 395,481ms
[86,542s][info ][gc] GC(151) Garbage Collection (Allocation Rate) 746M(73%)->976M(95%)
[87,213s][info ][gc] Allocation Stall (main) 551,060ms
[87,255s][info ][gc] GC(152) Garbage Collection (Allocation Rate) 976M(95%)->754M(74%)
[87,985s][info ][gc] Allocation Stall (main) 313,010ms
[87,992s][info ][gc] Allocation Stall (RMI TCP Connection(1)-127.0.0.1) 185,194ms
[87,992s][info ][gc] Allocation Stall (RMI TCP Connection(2)-127.0.0.1) 185,142ms
[87,997s][info ][gc] Allocation Stall (main) 11,526ms
[88,008s][info ][gc] GC(153) Garbage Collection (Allocation Rate) 754M(74%)->986M(96%)
[88,786s][info ][gc] Allocation Stall (RMI TCP Connection(1)-127.0.0.1) 744,736ms
[88,786s][info ][gc] Allocation Stall (RMI TCP Connection(2)-127.0.0.1) 744,723ms
[88,786s][info ][gc] Allocation Stall (main) 540,781ms
[88,800s][info ][gc] GC(154) Garbage Collection (Allocation Rate) 986M(96%)->872M(85%)
[89,469s][info ][gc] Allocation Stall (main) 533,358ms
[89,479s][info ][gc] GC(155) Garbage Collection (Allocation Rate) 872M(85%)->758M(74%)
[90,210s][info ][gc] Allocation Stall (main) 435,130ms
[90,255s][info ][gc] GC(156) Garbage Collection (Allocation Rate) 758M(74%)->872M(85%)
[90,934s][info ][gc] Allocation Stall (main) 553,278ms
[90,947s][info ][gc] GC(157) Garbage Collection (Allocation Rate) 872M(85%)->762M(74%)
[91,651s][info ][gc] Allocation Stall (main) 433,103ms
[91,667s][info ][gc] GC(158) Garbage Collection (Allocation Rate) 762M(74%)->870M(85%)
[92,371s][info ][gc] Allocation Stall (RMI TCP Connection(1)-127.0.0.1) 563,814ms
[92,371s][info ][gc] Allocation Stall (main) 412,199ms
[92,371s][info ][gc] Allocation Stall (RMI TCP Connection(2)-127.0.0.1) 563,819ms
[92,376s][info ][gc] GC(159) Garbage Collection (Allocation Rate) 870M(85%)->762M(74%)
[93,195s][info ][gc] Allocation Stall (main) 560,530ms
[93,239s][info ][gc] GC(160) Garbage Collection (Allocation Rate) 878M(86%)->880M(86%)
[93,919s][info ][gc] Allocation Stall (main) 556,291ms
[93,966s][info ][gc] GC(161) Garbage Collection (Allocation Rate) 880M(86%)->766M(75%)
[94,674s][info ][gc] Allocation Stall (main) 411,914ms
[94,689s][info ][gc] GC(162) Garbage Collection (Allocation Rate) 766M(75%)->882M(86%)
[95,347s][info ][gc] Allocation Stall (main) 547,832ms
[95,359s][info ][gc] GC(163) Garbage Collection (Allocation Rate) 882M(86%)->768M(75%)
[96,081s][info ][gc] Allocation Stall (main) 450,121ms
[96,096s][info ][gc] GC(164) Garbage Collection (Allocation Rate) 768M(75%)->886M(87%)
[96,741s][info ][gc] Allocation Stall (main) 544,091ms
[96,752s][info ][gc] GC(165) Garbage Collection (Allocation Rate) 886M(87%)->768M(75%)
[97,474s][info ][gc] Allocation Stall (main) 440,368ms
[97,491s][info ][gc] GC(166) Garbage Collection (Allocation Rate) 770M(75%)->890M(87%)
[98,149s][info ][gc] Allocation Stall (main) 556,190ms
[98,160s][info ][gc] GC(167) Garbage Collection (Allocation Rate) 890M(87%)->770M(75%)
[98,894s][info ][gc] Allocation Stall (main) 459,830ms
[98,939s][info ][gc] GC(168) Garbage Collection (Allocation Rate) 770M(75%)->892M(87%)
[99,630s][info ][gc] Allocation Stall (main) 566,306ms
[99,674s][info ][gc] GC(169) Garbage Collection (Allocation Rate) 892M(87%)->776M(76%)
[100,422s][info ][gc] Allocation Stall (main) 404,171ms
[100,437s][info ][gc] GC(170) Garbage Collection (Allocation Rate) 776M(76%)->900M(88%)
[101,102s][info ][gc] Allocation Stall (main) 554,989ms
[101,146s][info ][gc] GC(171) Garbage Collection (Allocation Rate) 900M(88%)->782M(76%)
[101,902s][info ][gc] Allocation Stall (main) 480,741ms
[101,923s][info ][gc] GC(172) Garbage Collection (Allocation Rate) 782M(76%)->904M(88%)
[102,581s][info ][gc] Allocation Stall (main) 556,365ms
[102,593s][info ][gc] GC(173) Garbage Collection (Allocation Rate) 904M(88%)->784M(77%)
[103,330s][info ][gc] Allocation Stall (main) 454,557ms
[103,340s][info ][gc] GC(174) Garbage Collection (Allocation Rate) 784M(77%)->910M(89%)
[104,005s][info ][gc] Allocation Stall (main) 558,260ms
[104,020s][info ][gc] GC(175) Garbage Collection (Allocation Rate) 910M(89%)->790M(77%)
[104,748s][info ][gc] Allocation Stall (main) 451,040ms
[104,758s][info ][gc] GC(176) Garbage Collection (Allocation Rate) 790M(77%)->906M(88%)
[105,433s][info ][gc] Allocation Stall (main) 565,980ms
[105,481s][info ][gc] GC(177) Garbage Collection (Allocation Rate) 908M(89%)->794M(78%)
[106,249s][info ][gc] Allocation Stall (main) 420,520ms
[106,293s][info ][gc] GC(178) Garbage Collection (Allocation Rate) 794M(78%)->914M(89%)
[107,014s][info ][gc] Allocation Stall (main) 577,889ms
[107,067s][info ][gc] GC(179) Garbage Collection (Allocation Rate) 914M(89%)->794M(78%)
[107,823s][info ][gc] Allocation Stall (main) 476,281ms
[107,838s][info ][gc] GC(180) Garbage Collection (Allocation Rate) 794M(78%)->916M(89%)
[108,525s][info ][gc] Allocation Stall (main) 575,647ms
[108,538s][info ][gc] GC(181) Garbage Collection (Allocation Rate) 916M(89%)->792M(77%)
[109,284s][info ][gc] Allocation Stall (main) 461,793ms
[109,284s][info ][gc] GC(182) Garbage Collection (Allocation Rate) 792M(77%)->920M(90%)
[109,991s][info ][gc] Allocation Stall (main) 586,930ms
[110,006s][info ][gc] GC(183) Garbage Collection (Allocation Rate) 920M(90%)->800M(78%)
[110,747s][info ][gc] Allocation Stall (main) 459,264ms
[110,757s][info ][gc] GC(184) Garbage Collection (Allocation Rate) 800M(78%)->920M(90%)
[111,440s][info ][gc] Allocation Stall (main) 570,777ms
[111,455s][info ][gc] GC(185) Garbage Collection (Allocation Rate) 922M(90%)->798M(78%)
[112,270s][info ][gc] Allocation Stall (main) 484,546ms
[112,319s][info ][gc] GC(186) Garbage Collection (Allocation Rate) 798M(78%)->926M(90%)
[113,082s][info ][gc] Allocation Stall (main) 612,995ms
[113,129s][info ][gc] GC(187) Garbage Collection (Allocation Rate) 926M(90%)->806M(79%)
[113,915s][info ][gc] Allocation Stall (main) 457,420ms
[113,928s][info ][gc] GC(188) Garbage Collection (Allocation Rate) 806M(79%)->930M(91%)
[114,660s][info ][gc] Allocation Stall (main) 624,985ms
[114,673s][info ][gc] GC(189) Garbage Collection (Allocation Rate) 930M(91%)->806M(79%)
[115,510s][info ][gc] Allocation Stall (main) 528,158ms
[115,527s][info ][gc] GC(190) Garbage Collection (Allocation Rate) 806M(79%)->934M(91%)
[116,269s][info ][gc] Allocation Stall (main) 623,910ms
[116,286s][info ][gc] GC(191) Garbage Collection (Allocation Rate) 934M(91%)->810M(79%)
[117,132s][info ][gc] Allocation Stall (main) 531,585ms
[117,148s][info ][gc] GC(192) Garbage Collection (Allocation Rate) 810M(79%)->932M(91%)
[117,894s][info ][gc] Allocation Stall (main) 626,214ms
[117,907s][info ][gc] GC(193) Garbage Collection (Allocation Rate) 932M(91%)->814M(79%)
[118,748s][info ][gc] Allocation Stall (main) 527,748ms
[118,802s][info ][gc] GC(194) Garbage Collection (Allocation Rate) 814M(79%)->936M(91%)
[119,609s][info ][gc] Allocation Stall (main) 661,680ms
[119,661s][info ][gc] GC(195) Garbage Collection (Allocation Rate) 940M(92%)->818M(80%)
[120,537s][info ][gc] Allocation Stall (main) 466,206ms
[120,554s][info ][gc] GC(196) Garbage Collection (Allocation Rate) 818M(80%)->944M(92%)
[121,314s][info ][gc] Allocation Stall (main) 631,841ms
[121,365s][info ][gc] GC(197) Garbage Collection (Allocation Rate) 944M(92%)->820M(80%)
[122,216s][info ][gc] Allocation Stall (main) 538,379ms
[122,233s][info ][gc] GC(198) Garbage Collection (Allocation Rate) 820M(80%)->946M(92%)
[123,008s][info ][gc] Allocation Stall (main) 656,371ms
[123,021s][info ][gc] GC(199) Garbage Collection (Allocation Rate) 946M(92%)->820M(80%)
[123,892s][info ][gc] Allocation Stall (main) 549,976ms
[123,892s][info ][gc] GC(200) Garbage Collection (Allocation Rate) 820M(80%)->948M(93%)
[124,661s][info ][gc] Allocation Stall (main) 634,926ms
[124,684s][info ][gc] GC(201) Garbage Collection (Allocation Rate) 950M(93%)->822M(80%)
[125,524s][info ][gc] Allocation Stall (main) 521,332ms
[125,536s][info ][gc] GC(202) Garbage Collection (Allocation Rate) 822M(80%)->952M(93%)
[126,312s][info ][gc] Allocation Stall (main) 650,470ms
[126,368s][info ][gc] GC(203) Garbage Collection (Allocation Rate) 952M(93%)->830M(81%)
[127,269s][info ][gc] Allocation Stall (main) 505,053ms
[127,328s][info ][gc] GC(204) Garbage Collection (Allocation Rate) 830M(81%)->958M(94%)
[128,141s][info ][gc] Allocation Stall (main) 656,481ms
[128,193s][info ][gc] GC(205) Garbage Collection (Allocation Rate) 958M(94%)->834M(81%)
[129,059s][info ][gc] Allocation Stall (main) 547,848ms
[129,078s][info ][gc] GC(206) Garbage Collection (Allocation Rate) 834M(81%)->958M(94%)
[129,845s][info ][gc] Allocation Stall (main) 648,260ms
[129,860s][info ][gc] GC(207) Garbage Collection (Allocation Rate) 958M(94%)->834M(81%)
[130,705s][info ][gc] Allocation Stall (main) 517,185ms
[130,724s][info ][gc] GC(208) Garbage Collection (Allocation Rate) 834M(81%)->960M(94%)
[131,534s][info ][gc] Allocation Stall (main) 688,976ms
[131,547s][info ][gc] GC(209) Garbage Collection (Allocation Rate) 964M(94%)->836M(82%)
[132,412s][info ][gc] Allocation Stall (main) 519,111ms
[132,429s][info ][gc] GC(210) Garbage Collection (Allocation Rate) 836M(82%)->966M(94%)
[133,194s][info ][gc] Allocation Stall (main) 649,288ms
[133,207s][info ][gc] GC(211) Garbage Collection (Allocation Rate) 966M(94%)->840M(82%)
[134,061s][info ][gc] Allocation Stall (main) 493,049ms
[134,117s][info ][gc] GC(212) Garbage Collection (Allocation Rate) 840M(82%)->970M(95%)
[134,941s][info ][gc] Allocation Stall (main) 668,993ms
[134,994s][info ][gc] GC(213) Garbage Collection (Allocation Rate) 970M(95%)->844M(82%)
[135,859s][info ][gc] Allocation Stall (main) 478,075ms
[135,878s][info ][gc] GC(214) Garbage Collection (Allocation Rate) 844M(82%)->974M(95%)
[136,668s][info ][gc] Allocation Stall (main) 656,085ms
[136,719s][info ][gc] GC(215) Garbage Collection (Allocation Rate) 974M(95%)->842M(82%)
[137,585s][info ][gc] Allocation Stall (main) 536,405ms
[137,607s][info ][gc] GC(216) Garbage Collection (Allocation Rate) 842M(82%)->978M(96%)
[138,387s][info ][gc] Allocation Stall (main) 656,174ms
[138,404s][info ][gc] GC(217) Garbage Collection (Allocation Rate) 978M(96%)->850M(83%)
[139,269s][info ][gc] Allocation Stall (main) 535,735ms
[139,284s][info ][gc] GC(218) Garbage Collection (Allocation Rate) 850M(83%)->980M(96%)
[140,095s][info ][gc] Allocation Stall (main) 680,997ms
[140,116s][info ][gc] GC(219) Garbage Collection (Allocation Rate) 980M(96%)->852M(83%)
[140,987s][info ][gc] Allocation Stall (main) 552,505ms
[141,038s][info ][gc] Allocation Stall (JMX server connection timeout 18) 223,059ms
[141,038s][info ][gc] GC(220) Garbage Collection (Allocation Rate) 852M(83%)->984M(96%)
[141,870s][info ][gc] Allocation Stall (Service Thread) 675,927ms
[141,887s][info ][gc] Allocation Stall (RMI TCP Connection(2)-127.0.0.1) 72,502ms
[141,887s][info ][gc] Allocation Stall (main) 689,511ms
[141,887s][info ][gc] Allocation Stall (JMX server connection timeout 18) 690,413ms
[141,944s][info ][gc] GC(221) Garbage Collection (Allocation Rate) 984M(96%)->856M(84%)
[142,768s][info ][gc] Allocation Stall (main) 676,890ms
[142,780s][info ][gc] GC(222) Garbage Collection (Allocation Rate) 856M(84%)->860M(84%)
[143,596s][info ][gc] Allocation Stall (main) 663,491ms
[143,610s][info ][gc] GC(223) Garbage Collection (Allocation Rate) 860M(84%)->856M(84%)
[144,406s][info ][gc] Allocation Stall (main) 671,390ms
[144,418s][info ][gc] GC(224) Garbage Collection (Allocation Rate) 856M(84%)->860M(84%)
[145,213s][info ][gc] Allocation Stall (main) 660,483ms
[145,226s][info ][gc] GC(225) Garbage Collection (Allocation Rate) 860M(84%)->860M(84%)
[146,034s][info ][gc] Allocation Stall (main) 681,291ms
[146,054s][info ][gc] GC(226) Garbage Collection (Allocation Rate) 860M(84%)->860M(84%)
[146,846s][info ][gc] Allocation Stall (main) 665,089ms
[146,859s][info ][gc] GC(227) Garbage Collection (Allocation Rate) 860M(84%)->862M(84%)
[147,655s][info ][gc] Allocation Stall (main) 666,151ms
[147,668s][info ][gc] GC(228) Garbage Collection (Allocation Rate) 862M(84%)->862M(84%)
[148,464s][info ][gc] Allocation Stall (main) 663,215ms
[148,485s][info ][gc] GC(229) Garbage Collection (Allocation Rate) 862M(84%)->862M(84%)
[149,288s][info ][gc] Allocation Stall (main) 678,926ms
[149,288s][info ][gc] GC(230) Garbage Collection (Allocation Rate) 862M(84%)->864M(84%)
[150,100s][info ][gc] Allocation Stall (main) 673,818ms
[150,113s][info ][gc] GC(231) Garbage Collection (Allocation Rate) 864M(84%)->864M(84%)
[150,906s][info ][gc] Allocation Stall (main) 667,372ms
[150,919s][info ][gc] GC(232) Garbage Collection (Allocation Rate) 864M(84%)->866M(85%)
[151,714s][info ][gc] Allocation Stall (main) 665,784ms
[151,767s][info ][gc] GC(233) Garbage Collection (Allocation Rate) 866M(85%)->868M(85%)
[152,603s][info ][gc] Allocation Stall (main) 682,447ms
[152,662s][info ][gc] GC(234) Garbage Collection (Allocation Rate) 868M(85%)->872M(85%)
[153,504s][info ][gc] Allocation Stall (main) 689,710ms
[153,526s][info ][gc] GC(235) Garbage Collection (Allocation Rate) 872M(85%)->872M(85%)
[154,335s][info ][gc] Allocation Stall (main) 688,252ms
[154,350s][info ][gc] GC(236) Garbage Collection (Allocation Rate) 872M(85%)->872M(85%)
[155,175s][info ][gc] Allocation Stall (main) 691,843ms
[155,186s][info ][gc] GC(237) Garbage Collection (Allocation Rate) 872M(85%)->874M(85%)
[155,987s][info ][gc] Allocation Stall (main) 673,629ms
[156,004s][info ][gc] GC(238) Garbage Collection (Allocation Rate) 874M(85%)->872M(85%)
[156,807s][info ][gc] Allocation Stall (main) 673,110ms
[156,835s][info ][gc] GC(239) Garbage Collection (Allocation Rate) 872M(85%)->874M(85%)
[157,651s][info ][gc] Allocation Stall (main) 664,936ms
[157,664s][info ][gc] GC(240) Garbage Collection (Allocation Rate) 874M(85%)->872M(85%)
[158,483s][info ][gc] Allocation Stall (main) 677,025ms
[158,501s][info ][gc] GC(241) Garbage Collection (Allocation Rate) 872M(85%)->872M(85%)
[159,309s][info ][gc] Allocation Stall (main) 682,910ms
[159,319s][info ][gc] GC(242) Garbage Collection (Allocation Rate) 872M(85%)->874M(85%)
[160,148s][info ][gc] Allocation Stall (main) 695,102ms
[160,162s][info ][gc] GC(243) Garbage Collection (Allocation Rate) 874M(85%)->876M(86%)
[161,004s][info ][gc] Allocation Stall (main) 711,671ms
[161,021s][info ][gc] GC(244) Garbage Collection (Allocation Rate) 876M(86%)->874M(85%)
[161,833s][info ][gc] Allocation Stall (main) 683,536ms
[161,852s][info ][gc] GC(245) Garbage Collection (Allocation Rate) 874M(85%)->876M(86%)
[162,667s][info ][gc] Allocation Stall (main) 677,942ms
[162,686s][info ][gc] GC(246) Garbage Collection (Allocation Rate) 878M(86%)->880M(86%)
[163,505s][info ][gc] Allocation Stall (main) 689,442ms
[163,568s][info ][gc] GC(247) Garbage Collection (Allocation Rate) 880M(86%)->884M(86%)
[164,427s][info ][gc] Allocation Stall (main) 710,649ms
[164,484s][info ][gc] GC(248) Garbage Collection (Allocation Rate) 884M(86%)->884M(86%)
[165,346s][info ][gc] Allocation Stall (main) 704,239ms
[165,368s][info ][gc] GC(249) Garbage Collection (Allocation Rate) 884M(86%)->886M(87%)
[166,169s][info ][gc] Allocation Stall (main) 670,813ms
[166,181s][info ][gc] GC(250) Garbage Collection (Allocation Rate) 886M(87%)->886M(87%)
[167,003s][info ][gc] Allocation Stall (main) 694,239ms
[167,014s][info ][gc] GC(251) Garbage Collection (Allocation Rate) 886M(87%)->888M(87%)
[167,826s][info ][gc] Allocation Stall (main) 681,539ms
[167,849s][info ][gc] GC(252) Garbage Collection (Allocation Rate) 888M(87%)->886M(87%)
[168,655s][info ][gc] Allocation Stall (main) 674,812ms
[168,673s][info ][gc] GC(253) Garbage Collection (Allocation Rate) 886M(87%)->888M(87%)
[169,505s][info ][gc] Allocation Stall (main) 687,930ms
[169,519s][info ][gc] GC(254) Garbage Collection (Allocation Rate) 888M(87%)->890M(87%)
[170,335s][info ][gc] Allocation Stall (main) 683,078ms
[170,349s][info ][gc] GC(255) Garbage Collection (Allocation Rate) 890M(87%)->888M(87%)
[171,168s][info ][gc] Allocation Stall (main) 686,135ms
[171,187s][info ][gc] GC(256) Garbage Collection (Allocation Rate) 888M(87%)->888M(87%)
[172,001s][info ][gc] Allocation Stall (main) 686,333ms
[172,012s][info ][gc] GC(257) Garbage Collection (Allocation Rate) 888M(87%)->890M(87%)
[172,832s][info ][gc] Allocation Stall (main) 686,822ms
[172,850s][info ][gc] GC(258) Garbage Collection (Allocation Rate) 890M(87%)->890M(87%)
[173,681s][info ][gc] Allocation Stall (main) 686,770ms
[173,693s][info ][gc] GC(259) Garbage Collection (Allocation Rate) 890M(87%)->894M(87%)
[174,531s][info ][gc] Allocation Stall (main) 702,414ms
[174,585s][info ][gc] GC(260) Garbage Collection (Allocation Rate) 894M(87%)->896M(88%)
[175,465s][info ][gc] Allocation Stall (main) 715,251ms
[175,524s][info ][gc] GC(261) Garbage Collection (Allocation Rate) 896M(88%)->894M(87%)
[176,388s][info ][gc] Allocation Stall (main) 709,038ms
[176,403s][info ][gc] GC(262) Garbage Collection (Allocation Rate) 894M(87%)->898M(88%)
[177,236s][info ][gc] GC(263) Garbage Collection (Allocation Rate) 898M(88%)->896M(88%)
[177,236s][info ][gc] Allocation Stall (main) 696,410ms
[178,120s][info ][gc] Allocation Stall (main) 718,854ms
[178,138s][info ][gc] GC(264) Garbage Collection (Allocation Rate) 896M(88%)->896M(88%)
[178,962s][info ][gc] Allocation Stall (main) 694,562ms
[178,972s][info ][gc] GC(265) Garbage Collection (Allocation Rate) 896M(88%)->900M(88%)
[179,804s][info ][gc] Allocation Stall (main) 694,931ms
[179,818s][info ][gc] GC(266) Garbage Collection (Allocation Rate) 900M(88%)->900M(88%)
[180,650s][info ][gc] Allocation Stall (main) 698,349ms
[180,663s][info ][gc] GC(267) Garbage Collection (Allocation Rate) 900M(88%)->902M(88%)
[181,492s][info ][gc] Allocation Stall (main) 691,980ms
[181,508s][info ][gc] GC(268) Garbage Collection (Allocation Rate) 902M(88%)->902M(88%)
[182,338s][info ][gc] Allocation Stall (main) 695,340ms
[182,360s][info ][gc] GC(269) Garbage Collection (Allocation Rate) 902M(88%)->902M(88%)
[183,203s][info ][gc] Allocation Stall (main) 710,081ms
[183,213s][info ][gc] GC(270) Garbage Collection (Allocation Rate) 902M(88%)->906M(88%)
[184,039s][info ][gc] Allocation Stall (main) 691,187ms
[184,053s][info ][gc] GC(271) Garbage Collection (Allocation Rate) 906M(88%)->904M(88%)
[184,886s][info ][gc] Allocation Stall (main) 696,705ms
[184,904s][info ][gc] GC(272) Garbage Collection (Allocation Rate) 904M(88%)->902M(88%)
[185,736s][info ][gc] Allocation Stall (main) 699,178ms
[185,791s][info ][gc] GC(273) Garbage Collection (Allocation Rate) 902M(88%)->906M(88%)
[186,708s][info ][gc] Allocation Stall (main) 752,729ms
[186,766s][info ][gc] GC(274) Garbage Collection (Allocation Rate) 908M(89%)->910M(89%)
[187,647s][info ][gc] Allocation Stall (main) 716,685ms
[187,668s][info ][gc] GC(275) Garbage Collection (Allocation Rate) 912M(89%)->908M(89%)
[188,516s][info ][gc] Allocation Stall (main) 703,977ms
[188,530s][info ][gc] GC(276) Garbage Collection (Allocation Rate) 908M(89%)->908M(89%)
[189,372s][info ][gc] Allocation Stall (main) 709,240ms
[189,388s][info ][gc] GC(277) Garbage Collection (Allocation Rate) 908M(89%)->912M(89%)
[190,239s][info ][gc] Allocation Stall (main) 698,978ms
[190,252s][info ][gc] GC(278) Garbage Collection (Allocation Rate) 912M(89%)->914M(89%)
[191,079s][info ][gc] Allocation Stall (main) 697,001ms
[191,090s][info ][gc] GC(279) Garbage Collection (Allocation Rate) 914M(89%)->914M(89%)
[191,949s][info ][gc] Allocation Stall (main) 705,498ms
[191,963s][info ][gc] GC(280) Garbage Collection (Allocation Rate) 914M(89%)->914M(89%)
[192,805s][info ][gc] Allocation Stall (main) 708,581ms
[192,824s][info ][gc] GC(281) Garbage Collection (Allocation Rate) 914M(89%)->912M(89%)
[193,674s][info ][gc] Allocation Stall (main) 713,264ms
[193,687s][info ][gc] GC(282) Garbage Collection (Allocation Rate) 912M(89%)->918M(90%)
[194,528s][info ][gc] Allocation Stall (main) 703,777ms
[194,544s][info ][gc] GC(283) Garbage Collection (Allocation Rate) 918M(90%)->916M(89%)
[195,387s][info ][gc] Allocation Stall (main) 704,437ms
[195,408s][info ][gc] GC(284) Garbage Collection (Allocation Rate) 916M(89%)->916M(89%)
[196,282s][info ][gc] Allocation Stall (main) 736,470ms
[196,295s][info ][gc] GC(285) Garbage Collection (Allocation Rate) 916M(89%)->918M(90%)
[197,153s][info ][gc] Allocation Stall (main) 720,383ms
[197,210s][info ][gc] GC(286) Garbage Collection (Allocation Rate) 918M(90%)->920M(90%)
[198,133s][info ][gc] Allocation Stall (main) 758,237ms
[198,188s][info ][gc] GC(287) Garbage Collection (Allocation Rate) 920M(90%)->922M(90%)
[199,082s][info ][gc] Allocation Stall (main) 724,868ms
[199,097s][info ][gc] GC(288) Garbage Collection (Allocation Rate) 922M(90%)->926M(90%)
[199,946s][info ][gc] Allocation Stall (main) 712,926ms
[199,964s][info ][gc] GC(289) Garbage Collection (Allocation Rate) 926M(90%)->928M(91%)
[200,806s][info ][gc] Allocation Stall (main) 709,184ms
[200,830s][info ][gc] GC(290) Garbage Collection (Allocation Rate) 928M(91%)->924M(90%)
[201,675s][info ][gc] Allocation Stall (main) 715,758ms
[201,689s][info ][gc] GC(291) Garbage Collection (Allocation Rate) 924M(90%)->926M(90%)
[202,549s][info ][gc] Allocation Stall (main) 717,199ms
[202,562s][info ][gc] GC(292) Garbage Collection (Allocation Rate) 926M(90%)->926M(90%)
[203,415s][info ][gc] Allocation Stall (main) 715,755ms
[203,434s][info ][gc] GC(293) Garbage Collection (Allocation Rate) 926M(90%)->926M(90%)
[204,287s][info ][gc] Allocation Stall (main) 712,632ms
[204,288s][info ][gc] GC(294) Garbage Collection (Allocation Rate) 926M(90%)->930M(91%)
[205,151s][info ][gc] Allocation Stall (main) 715,417ms
[205,165s][info ][gc] GC(295) Garbage Collection (Allocation Rate) 930M(91%)->928M(91%)
[206,059s][info ][gc] Allocation Stall (main) 744,670ms
[206,078s][info ][gc] GC(296) Garbage Collection (Allocation Rate) 928M(91%)->928M(91%)
[206,935s][info ][gc] Allocation Stall (main) 721,479ms
[206,935s][info ][gc] GC(297) Garbage Collection (Allocation Rate) 928M(91%)->930M(91%)
[207,810s][info ][gc] Allocation Stall (main) 718,871ms
[207,830s][info ][gc] GC(298) Garbage Collection (Allocation Rate) 930M(91%)->930M(91%)
[208,693s][info ][gc] Allocation Stall (main) 725,865ms
[208,760s][info ][gc] GC(299) Garbage Collection (Allocation Rate) 930M(91%)->932M(91%)
[209,677s][info ][gc] Allocation Stall (main) 751,687ms
[209,733s][info ][gc] GC(300) Garbage Collection (Allocation Rate) 932M(91%)->936M(91%)
[210,638s][info ][gc] Allocation Stall (main) 737,752ms
[210,652s][info ][gc] GC(301) Garbage Collection (Allocation Rate) 936M(91%)->936M(91%)
[211,519s][info ][gc] Allocation Stall (main) 731,608ms
[211,529s][info ][gc] GC(302) Garbage Collection (Allocation Rate) 936M(91%)->936M(91%)
[212,390s][info ][gc] Allocation Stall (main) 722,547ms
[212,406s][info ][gc] GC(303) Garbage Collection (Allocation Rate) 936M(91%)->938M(92%)
[213,271s][info ][gc] Allocation Stall (main) 724,409ms
[213,292s][info ][gc] GC(304) Garbage Collection (Allocation Rate) 938M(92%)->936M(91%)
[214,176s][info ][gc] Allocation Stall (main) 745,457ms
[214,176s][info ][gc] GC(305) Garbage Collection (Allocation Rate) 936M(91%)->938M(92%)
[215,057s][info ][gc] Allocation Stall (main) 727,863ms
[215,078s][info ][gc] GC(306) Garbage Collection (Allocation Rate) 938M(92%)->940M(92%)
[215,945s][info ][gc] Allocation Stall (main) 728,721ms
[215,962s][info ][gc] GC(307) Garbage Collection (Allocation Rate) 940M(92%)->940M(92%)
[216,851s][info ][gc] Allocation Stall (main) 750,990ms
[216,865s][info ][gc] GC(308) Garbage Collection (Allocation Rate) 940M(92%)->942M(92%)
[217,746s][info ][gc] Allocation Stall (main) 739,952ms
[217,761s][info ][gc] GC(309) Garbage Collection (Allocation Rate) 942M(92%)->942M(92%)
[218,635s][info ][gc] Allocation Stall (main) 731,971ms
[218,656s][info ][gc] GC(310) Garbage Collection (Allocation Rate) 942M(92%)->942M(92%)
[219,522s][info ][gc] Allocation Stall (main) 734,294ms
[219,536s][info ][gc] GC(311) Garbage Collection (Allocation Rate) 942M(92%)->942M(92%)
[220,411s][info ][gc] Allocation Stall (main) 738,812ms
[220,466s][info ][gc] GC(312) Garbage Collection (Allocation Rate) 942M(92%)->946M(92%)
[221,420s][info ][gc] Allocation Stall (main) 775,644ms
[221,478s][info ][gc] GC(313) Garbage Collection (Allocation Rate) 946M(92%)->946M(92%)
[222,399s][info ][gc] Allocation Stall (main) 752,008ms
[222,399s][info ][gc] GC(314) Garbage Collection (Allocation Rate) 946M(92%)->948M(93%)
[223,280s][info ][gc] Allocation Stall (main) 728,580ms
[223,294s][info ][gc] GC(315) Garbage Collection (Allocation Rate) 948M(93%)->950M(93%)
[224,208s][info ][gc] Allocation Stall (main) 767,390ms
[224,226s][info ][gc] GC(316) Garbage Collection (Allocation Rate) 950M(93%)->950M(93%)
[225,096s][info ][gc] Allocation Stall (main) 731,256ms
[225,112s][info ][gc] GC(317) Garbage Collection (Allocation Rate) 950M(93%)->952M(93%)
[225,991s][info ][gc] Allocation Stall (main) 734,554ms
[226,007s][info ][gc] GC(318) Garbage Collection (Allocation Rate) 952M(93%)->952M(93%)
[226,881s][info ][gc] Allocation Stall (main) 734,976ms
[226,899s][info ][gc] GC(319) Garbage Collection (Allocation Rate) 952M(93%)->950M(93%)
[227,776s][info ][gc] Allocation Stall (main) 736,225ms
[227,788s][info ][gc] GC(320) Garbage Collection (Allocation Rate) 950M(93%)->952M(93%)
[228,697s][info ][gc] Allocation Stall (main) 764,185ms
[228,717s][info ][gc] GC(321) Garbage Collection (Allocation Rate) 952M(93%)->956M(93%)
[229,597s][info ][gc] Allocation Stall (main) 736,416ms
[229,611s][info ][gc] GC(322) Garbage Collection (Allocation Rate) 956M(93%)->956M(93%)
[230,494s][info ][gc] Allocation Stall (main) 738,998ms
[230,513s][info ][gc] GC(323) Garbage Collection (Allocation Rate) 956M(93%)->954M(93%)
[231,397s][info ][gc] Allocation Stall (main) 738,361ms
[231,415s][info ][gc] GC(324) Garbage Collection (Allocation Rate) 954M(93%)->956M(93%)
[232,313s][info ][gc] Allocation Stall (main) 757,306ms
[232,369s][info ][gc] GC(325) Garbage Collection (Allocation Rate) 956M(93%)->958M(94%)
[233,332s][info ][gc] Allocation Stall (main) 789,188ms
[233,391s][info ][gc] GC(326) Garbage Collection (Allocation Rate) 958M(94%)->960M(94%)
[234,345s][info ][gc] Allocation Stall (main) 782,729ms
[234,368s][info ][gc] GC(327) Garbage Collection (Allocation Rate) 960M(94%)->962M(94%)
[235,266s][info ][gc] Allocation Stall (main) 757,387ms
[235,284s][info ][gc] GC(328) Garbage Collection (Allocation Rate) 962M(94%)->964M(94%)
[236,186s][info ][gc] Allocation Stall (main) 757,429ms
[236,204s][info ][gc] GC(329) Garbage Collection (Allocation Rate) 964M(94%)->964M(94%)
[237,087s][info ][gc] Allocation Stall (main) 741,660ms
[237,087s][info ][gc] GC(330) Garbage Collection (Allocation Rate) 964M(94%)->966M(94%)
[237,986s][info ][gc] Allocation Stall (main) 745,293ms
[238,004s][info ][gc] GC(331) Garbage Collection (Allocation Rate) 966M(94%)->966M(94%)
[238,941s][info ][gc] Allocation Stall (main) 794,076ms
[238,964s][info ][gc] GC(332) Garbage Collection (Allocation Rate) 966M(94%)->964M(94%)
[239,850s][info ][gc] Allocation Stall (main) 747,484ms
[239,864s][info ][gc] GC(333) Garbage Collection (Allocation Rate) 964M(94%)->966M(94%)
[240,753s][info ][gc] Allocation Stall (main) 742,890ms
[240,771s][info ][gc] GC(334) Garbage Collection (Allocation Rate) 966M(94%)->970M(95%)
[241,664s][info ][gc] Allocation Stall (main) 748,243ms
[241,689s][info ][gc] GC(335) Garbage Collection (Allocation Rate) 970M(95%)->970M(95%)
[242,617s][info ][gc] Allocation Stall (main) 785,655ms
[242,631s][info ][gc] GC(336) Garbage Collection (Allocation Rate) 970M(95%)->970M(95%)
[243,563s][info ][gc] Allocation Stall (main) 761,686ms
[243,579s][info ][gc] GC(337) Garbage Collection (Allocation Rate) 972M(95%)->968M(95%)
[244,486s][info ][gc] Allocation Stall (main) 762,391ms
[244,557s][info ][gc] GC(338) Garbage Collection (Allocation Rate) 968M(95%)->976M(95%)
[245,514s][info ][gc] Allocation Stall (main) 780,807ms
[245,573s][info ][gc] GC(339) Garbage Collection (Allocation Rate) 976M(95%)->974M(95%)
[246,546s][info ][gc] Allocation Stall (main) 795,954ms
[246,577s][info ][gc] GC(340) Garbage Collection (Allocation Rate) 974M(95%)->976M(95%)
[247,482s][info ][gc] Allocation Stall (main) 759,589ms
[247,501s][info ][gc] GC(341) Garbage Collection (Allocation Rate) 976M(95%)->978M(96%)
[248,396s][info ][gc] Allocation Stall (main) 749,490ms
[248,416s][info ][gc] GC(342) Garbage Collection (Allocation Rate) 978M(96%)->978M(96%)
[249,341s][info ][gc] Allocation Stall (main) 780,042ms
[249,364s][info ][gc] GC(343) Garbage Collection (Allocation Rate) 978M(96%)->976M(95%)
[250,262s][info ][gc] Allocation Stall (main) 758,150ms
[250,286s][info ][gc] GC(344) Garbage Collection (Allocation Rate) 976M(95%)->978M(96%)
[251,185s][info ][gc] Allocation Stall (main) 758,218ms
[251,204s][info ][gc] GC(345) Garbage Collection (Allocation Rate) 978M(96%)->976M(95%)
[252,117s][info ][gc] Allocation Stall (main) 772,642ms
[252,132s][info ][gc] GC(346) Garbage Collection (Allocation Rate) 976M(95%)->980M(96%)
[253,039s][info ][gc] Allocation Stall (main) 756,880ms
[253,056s][info ][gc] GC(347) Garbage Collection (Allocation Rate) 980M(96%)->980M(96%)
[253,955s][info ][gc] Allocation Stall (main) 755,737ms
[253,975s][info ][gc] GC(348) Garbage Collection (Allocation Rate) 980M(96%)->980M(96%)
[254,878s][info ][gc] Allocation Stall (main) 760,159ms
[254,891s][info ][gc] GC(349) Garbage Collection (Allocation Rate) 980M(96%)->982M(96%)
[255,818s][info ][gc] Allocation Stall (main) 757,017ms
[255,834s][info ][gc] GC(350) Garbage Collection (Allocation Rate) 982M(96%)->982M(96%)
[256,743s][info ][gc] Allocation Stall (JMX server connection timeout 18) 760,093ms
[256,762s][info ][gc] Allocation Stall (main) 778,389ms
[256,762s][info ][gc] GC(351) Garbage Collection (Allocation Rate) 982M(96%)->986M(96%)
[257,746s][info ][gc] Allocation Stall (RMI TCP Connection(2)-127.0.0.1) 777,829ms
[257,746s][info ][gc] Allocation Stall (main) 777,896ms
[257,759s][info ][gc] Allocation Stall (RMI TCP Connection(1)-127.0.0.1) 790,660ms
[257,759s][info ][gc] Allocation Stall (main) 12,712ms
[257,759s][info ][gc] Allocation Stall (JMX server connection timeout 18) 12,660ms
[257,765s][info ][gc] GC(352) Garbage Collection (Allocation Rate) 986M(96%)->840M(82%)
[257,766s][debug][gc] GC(353) Boosting workers
[258,081s][info ][gc] GC(353) Garbage Collection (Allocation Stall) 840M(82%)->840M(82%)
[258,081s][info ][gc] Allocation Stall (main) 320,479ms
[258,081s][info ][gc] Out Of Memory (main)
[262,920s][info ][gc] GC(354) Garbage Collection (Allocation Rate) 840M(82%)->844M(82%)
