[0.004s][info][gc] Using Serial
[0,714s][info][gc] GC(0) Pause Young (Allocation Failure) 546M->63M(1979M) 92,361ms
[1,174s][info][gc] GC(1) Pause Young (Allocation Failure) 599M->92M(1979M) 137,311ms
[1,513s][info][gc] GC(2) Pause Young (Allocation Failure) 628M->114M(1979M) 63,266ms
[1,757s][info][gc] GC(3) Pause Young (Allocation Failure) 652M->134M(1979M) 47,461ms
[2,029s][info][gc] GC(4) Pause Young (Allocation Failure) 679M->151M(1979M) 42,414ms
[2,366s][info][gc] GC(5) Pause Young (Allocation Failure) 694M->167M(1979M) 60,057ms
[2,684s][info][gc] GC(6) Pause Young (Allocation Failure) 700M->181M(1979M) 60,523ms
[2,967s][info][gc] GC(7) Pause Young (Allocation Failure) 725M->195M(1979M) 40,359ms
[3,221s][info][gc] GC(8) Pause Young (Allocation Failure) 724M->207M(1979M) 38,469ms
[3,459s][info][gc] GC(9) Pause Young (Allocation Failure) 739M->218M(1979M) 34,108ms
[3,711s][info][gc] GC(10) Pause Young (Allocation Failure) 747M->229M(1979M) 34,106ms
[3,961s][info][gc] GC(11) Pause Young (Allocation Failure) 775M->240M(1979M) 35,972ms
[4,218s][info][gc] GC(12) Pause Young (Allocation Failure) 779M->251M(1979M) 38,150ms
[4,461s][info][gc] GC(13) Pause Young (Allocation Failure) 779M->260M(1979M) 37,546ms
[4,759s][info][gc] GC(14) Pause Young (Allocation Failure) 779M->269M(1979M) 42,165ms
[4,977s][info][gc] GC(15) Pause Young (Allocation Failure) 802M->279M(1979M) 32,067ms
[5,206s][info][gc] GC(16) Pause Young (Allocation Failure) 792M->287M(1979M) 38,987ms
[5,452s][info][gc] GC(17) Pause Young (Allocation Failure) 816M->296M(1979M) 34,424ms
[5,719s][info][gc] GC(18) Pause Young (Allocation Failure) 841M->304M(1979M) 34,017ms
[5,954s][info][gc] GC(19) Pause Young (Allocation Failure) 824M->312M(1979M) 33,945ms
[6,169s][info][gc] GC(20) Pause Young (Allocation Failure) 845M->320M(1979M) 31,856ms
[6,391s][info][gc] GC(21) Pause Young (Allocation Failure) 865M->328M(1979M) 31,840ms
[6,618s][info][gc] GC(22) Pause Young (Allocation Failure) 846M->335M(1979M) 35,274ms
[6,835s][info][gc] GC(23) Pause Young (Allocation Failure) 863M->342M(1979M) 35,190ms
[7,054s][info][gc] GC(24) Pause Young (Allocation Failure) 881M->350M(1979M) 32,510ms
[7,262s][info][gc] GC(25) Pause Young (Allocation Failure) 855M->356M(1979M) 33,011ms
[7,474s][info][gc] GC(26) Pause Young (Allocation Failure) 871M->363M(1979M) 33,214ms
[7,696s][info][gc] GC(27) Pause Young (Allocation Failure) 888M->370M(1979M) 34,491ms
[7,913s][info][gc] GC(28) Pause Young (Allocation Failure) 903M->377M(1979M) 34,220ms
[8,156s][info][gc] GC(29) Pause Young (Allocation Failure) 918M->383M(1979M) 34,714ms
[8,366s][info][gc] GC(30) Pause Young (Allocation Failure) 886M->389M(1979M) 32,143ms
[8,593s][info][gc] GC(31) Pause Young (Allocation Failure) 900M->395M(1979M) 34,015ms
[8,811s][info][gc] GC(32) Pause Young (Allocation Failure) 913M->401M(1979M) 35,512ms
[9,028s][info][gc] GC(33) Pause Young (Allocation Failure) 927M->408M(1979M) 35,000ms
[9,246s][info][gc] GC(34) Pause Young (Allocation Failure) 941M->414M(1979M) 34,254ms
[9,480s][info][gc] GC(35) Pause Young (Allocation Failure) 954M->420M(1979M) 49,725ms
[9,729s][info][gc] GC(36) Pause Young (Allocation Failure) 966M->426M(1979M) 36,865ms
[9,959s][info][gc] GC(37) Pause Young (Allocation Failure) 972M->432M(1979M) 37,412ms
[10,178s][info][gc] GC(38) Pause Young (Allocation Failure) 930M->437M(1979M) 46,667ms
[10,388s][info][gc] GC(39) Pause Young (Allocation Failure) 942M->443M(1979M) 35,022ms
[10,614s][info][gc] GC(40) Pause Young (Allocation Failure) 954M->448M(1979M) 35,059ms
[10,844s][info][gc] GC(41) Pause Young (Allocation Failure) 965M->454M(1979M) 49,472ms
[11,064s][info][gc] GC(42) Pause Young (Allocation Failure) 977M->459M(1979M) 37,652ms
[11,286s][info][gc] GC(43) Pause Young (Allocation Failure) 989M->465M(1979M) 35,947ms
[11,514s][info][gc] GC(44) Pause Young (Allocation Failure) 1001M->470M(1979M) 42,082ms
[11,758s][info][gc] GC(45) Pause Young (Allocation Failure) 1012M->476M(1979M) 39,346ms
[11,965s][info][gc] GC(46) Pause Young (Allocation Failure) 964M->481M(1979M) 35,696ms
[12,171s][info][gc] GC(47) Pause Young (Allocation Failure) 973M->485M(1979M) 35,914ms
[12,398s][info][gc] GC(48) Pause Young (Allocation Failure) 983M->490M(1979M) 34,851ms
[12,623s][info][gc] GC(49) Pause Young (Allocation Failure) 993M->495M(1979M) 37,909ms
[12,841s][info][gc] GC(50) Pause Young (Allocation Failure) 1003M->500M(1979M) 40,340ms
[13,079s][info][gc] GC(51) Pause Young (Allocation Failure) 1012M->505M(1979M) 37,838ms
[13,296s][info][gc] GC(52) Pause Young (Allocation Failure) 1022M->510M(1979M) 38,960ms
[13,521s][info][gc] GC(53) Pause Young (Allocation Failure) 1032M->515M(1979M) 40,537ms
[13,773s][info][gc] GC(54) Pause Young (Allocation Failure) 1042M->520M(1979M) 37,556ms
[13,995s][info][gc] GC(55) Pause Young (Allocation Failure) 1051M->524M(1979M) 36,700ms
[14,227s][info][gc] GC(56) Pause Young (Allocation Failure) 1061M->529M(1979M) 38,244ms
[14,453s][info][gc] GC(57) Pause Young (Allocation Failure) 1071M->534M(1979M) 37,812ms
[14,678s][info][gc] GC(58) Pause Young (Allocation Failure) 1014M->538M(1979M) 41,382ms
[14,899s][info][gc] GC(59) Pause Young (Allocation Failure) 1022M->543M(1979M) 37,159ms
[15,128s][info][gc] GC(60) Pause Young (Allocation Failure) 1029M->547M(1979M) 56,854ms
[15,361s][info][gc] GC(61) Pause Young (Allocation Failure) 1037M->619M(1979M) 61,430ms
[15,612s][info][gc] GC(62) Pause Young (Allocation Failure) 1114M->692M(1979M) 66,658ms
[15,855s][info][gc] GC(63) Pause Young (Allocation Failure) 1190M->766M(1979M) 70,729ms
[16,107s][info][gc] GC(64) Pause Young (Allocation Failure) 1268M->840M(1979M) 76,444ms
[16,366s][info][gc] GC(65) Pause Young (Allocation Failure) 1345M->915M(1979M) 81,324ms
[16,661s][info][gc] GC(66) Pause Young (Allocation Failure) 1424M->990M(1979M) 86,903ms
[16,934s][info][gc] GC(67) Pause Young (Allocation Failure) 1503M->1065M(1979M) 95,350ms
[17,215s][info][gc] GC(68) Pause Young (Allocation Failure) 1582M->1142M(1979M) 103,251ms
[17,506s][info][gc] GC(69) Pause Young (Allocation Failure) 1662M->1218M(1979M) 109,680ms
[17,820s][info][gc] GC(70) Pause Young (Allocation Failure) 1743M->1296M(1979M) 117,756ms
[18,611s][info][gc] GC(72) Pause Full (Allocation Failure) 1824M->662M(1979M) 600,075ms
[18,611s][info][gc] GC(71) Pause Young (Allocation Failure) 1824M->662M(1979M) 600,133ms
[18,847s][info][gc] GC(73) Pause Young (Allocation Failure) 1194M->740M(1979M) 36,903ms
[19,074s][info][gc] GC(74) Pause Young (Allocation Failure) 1276M->819M(1979M) 44,703ms
[19,306s][info][gc] GC(75) Pause Young (Allocation Failure) 1358M->899M(1979M) 46,903ms
[19,558s][info][gc] GC(76) Pause Young (Allocation Failure) 1442M->979M(1979M) 56,650ms
[19,778s][info][gc] GC(77) Pause Young (Allocation Failure) 1448M->1058M(1979M) 52,856ms
[20,008s][info][gc] GC(78) Pause Young (Allocation Failure) 1531M->1139M(1979M) 63,261ms
[20,237s][info][gc] GC(79) Pause Young (Allocation Failure) 1614M->1220M(1979M) 65,102ms
[20,479s][info][gc] GC(80) Pause Young (Allocation Failure) 1698M->1301M(1979M) 75,969ms
[21,301s][info][gc] GC(82) Pause Full (Allocation Failure) 1782M->697M(1979M) 635,660ms
[21,301s][info][gc] GC(81) Pause Young (Allocation Failure) 1782M->697M(1979M) 635,720ms
[21,507s][info][gc] GC(83) Pause Young (Allocation Failure) 1181M->780M(1979M) 40,619ms
[21,732s][info][gc] GC(84) Pause Young (Allocation Failure) 1266M->862M(1979M) 40,609ms
[21,943s][info][gc] GC(85) Pause Young (Allocation Failure) 1351M->945M(1979M) 45,511ms
[22,178s][info][gc] GC(86) Pause Young (Allocation Failure) 1437M->1029M(1979M) 48,695ms
[22,406s][info][gc] GC(87) Pause Young (Allocation Failure) 1523M->1113M(1979M) 57,077ms
[22,647s][info][gc] GC(88) Pause Young (Allocation Failure) 1610M->1197M(1979M) 58,692ms
[22,883s][info][gc] GC(89) Pause Young (Allocation Failure) 1697M->1282M(1979M) 63,507ms
[23,722s][info][gc] GC(91) Pause Full (Allocation Failure) 1785M->726M(1979M) 666,894ms
[23,722s][info][gc] GC(90) Pause Young (Allocation Failure) 1785M->726M(1979M) 666,987ms
[23,949s][info][gc] GC(92) Pause Young (Allocation Failure) 1232M->812M(1979M) 41,916ms
[24,172s][info][gc] GC(93) Pause Young (Allocation Failure) 1321M->899M(1979M) 43,240ms
[24,395s][info][gc] GC(94) Pause Young (Allocation Failure) 1410M->985M(1979M) 48,028ms
[24,632s][info][gc] GC(95) Pause Young (Allocation Failure) 1499M->1073M(1979M) 51,064ms
[24,885s][info][gc] GC(96) Pause Young (Allocation Failure) 1589M->1160M(1979M) 63,978ms
[25,141s][info][gc] GC(97) Pause Young (Allocation Failure) 1680M->1248M(1979M) 58,615ms
[25,406s][info][gc] GC(98) Pause Young (Allocation Failure) 1770M->1337M(1979M) 80,817ms
[26,478s][info][gc] GC(100) Pause Full (Allocation Failure) 1862M->687M(1979M) 880,262ms
[26,478s][info][gc] GC(99) Pause Young (Allocation Failure) 1862M->687M(1979M) 880,349ms
[26,721s][info][gc] GC(101) Pause Young (Allocation Failure) 1215M->777M(1979M) 42,069ms
[26,947s][info][gc] GC(102) Pause Young (Allocation Failure) 1307M->867M(1979M) 46,224ms
[27,183s][info][gc] GC(103) Pause Young (Allocation Failure) 1400M->957M(1979M) 48,151ms
[27,419s][info][gc] GC(104) Pause Young (Allocation Failure) 1493M->1048M(1979M) 51,780ms
[27,687s][info][gc] GC(105) Pause Young (Allocation Failure) 1587M->1140M(1979M) 65,728ms
[27,935s][info][gc] GC(106) Pause Young (Allocation Failure) 1681M->1231M(1979M) 60,518ms
[28,204s][info][gc] GC(107) Pause Young (Allocation Failure) 1775M->1324M(1979M) 67,999ms
[29,077s][info][gc] GC(109) Pause Full (Allocation Failure) 1781M->716M(1979M) 714,066ms
[29,077s][info][gc] GC(108) Pause Young (Allocation Failure) 1781M->716M(1979M) 714,123ms
[29,292s][info][gc] GC(110) Pause Young (Allocation Failure) 1175M->809M(1979M) 42,725ms
[29,493s][info][gc] GC(111) Pause Young (Allocation Failure) 1270M->902M(1979M) 44,843ms
[29,716s][info][gc] GC(112) Pause Young (Allocation Failure) 1365M->995M(1979M) 50,630ms
[29,932s][info][gc] GC(113) Pause Young (Allocation Failure) 1460M->1088M(1979M) 50,451ms
[30,148s][info][gc] GC(114) Pause Young (Allocation Failure) 1555M->1182M(1979M) 55,214ms
[30,372s][info][gc] GC(115) Pause Young (Allocation Failure) 1651M->1277M(1979M) 59,993ms
[31,295s][info][gc] GC(117) Pause Full (Allocation Failure) 1747M->738M(1979M) 735,628ms
[31,295s][info][gc] GC(116) Pause Young (Allocation Failure) 1747M->738M(1979M) 735,707ms
[31,499s][info][gc] GC(118) Pause Young (Allocation Failure) 1210M->833M(1979M) 44,291ms
[31,726s][info][gc] GC(119) Pause Young (Allocation Failure) 1307M->928M(1979M) 45,469ms
[31,938s][info][gc] GC(120) Pause Young (Allocation Failure) 1405M->1024M(1979M) 49,198ms
[32,156s][info][gc] GC(121) Pause Young (Allocation Failure) 1502M->1120M(1979M) 54,262ms
[32,374s][info][gc] GC(122) Pause Young (Allocation Failure) 1600M->1217M(1979M) 57,822ms
[32,620s][info][gc] GC(123) Pause Young (Allocation Failure) 1699M->1314M(1979M) 61,304ms
[33,549s][info][gc] GC(125) Pause Full (Allocation Failure) 1798M->759M(1979M) 753,052ms
[33,549s][info][gc] GC(124) Pause Young (Allocation Failure) 1798M->759M(1979M) 753,149ms
[33,781s][info][gc] GC(126) Pause Young (Allocation Failure) 1245M->857M(1979M) 45,996ms
[34,026s][info][gc] GC(127) Pause Young (Allocation Failure) 1344M->955M(1979M) 58,024ms
[34,252s][info][gc] GC(128) Pause Young (Allocation Failure) 1445M->1053M(1979M) 52,344ms
[34,474s][info][gc] GC(129) Pause Young (Allocation Failure) 1545M->1152M(1979M) 54,737ms
[34,719s][info][gc] GC(130) Pause Young (Allocation Failure) 1646M->1252M(1979M) 61,845ms
[35,690s][info][gc] GC(132) Pause Full (Allocation Failure) 1747M->777M(1979M) 799,973ms
[35,690s][info][gc] GC(131) Pause Young (Allocation Failure) 1747M->777M(1979M) 800,037ms
[35,925s][info][gc] GC(133) Pause Young (Allocation Failure) 1274M->877M(1979M) 46,184ms
[36,166s][info][gc] GC(134) Pause Young (Allocation Failure) 1376M->978M(1979M) 50,681ms
[36,393s][info][gc] GC(135) Pause Young (Allocation Failure) 1479M->1078M(1979M) 54,873ms
[36,666s][info][gc] GC(136) Pause Young (Allocation Failure) 1582M->1180M(1979M) 59,002ms
[36,937s][info][gc] GC(137) Pause Young (Allocation Failure) 1685M->1281M(1979M) 60,946ms
[37,918s][info][gc] GC(139) Pause Full (Allocation Failure) 1788M->795M(1979M) 798,221ms
[37,918s][info][gc] GC(138) Pause Young (Allocation Failure) 1788M->795M(1979M) 798,322ms
[38,167s][info][gc] GC(140) Pause Young (Allocation Failure) 1304M->898M(1979M) 62,603ms
[38,424s][info][gc] GC(141) Pause Young (Allocation Failure) 1408M->1000M(1979M) 50,511ms
[38,676s][info][gc] GC(142) Pause Young (Allocation Failure) 1513M->1104M(1979M) 54,686ms
[38,916s][info][gc] GC(143) Pause Young (Allocation Failure) 1618M->1207M(1979M) 59,568ms
[39,153s][info][gc] GC(144) Pause Young (Allocation Failure) 1723M->1311M(1979M) 60,237ms
[40,135s][info][gc] GC(146) Pause Full (Allocation Failure) 1829M->814M(1979M) 804,840ms
[40,136s][info][gc] GC(145) Pause Young (Allocation Failure) 1829M->814M(1979M) 804,900ms
[40,375s][info][gc] GC(147) Pause Young (Allocation Failure) 1334M->918M(1979M) 46,016ms
[40,624s][info][gc] GC(148) Pause Young (Allocation Failure) 1451M->1023M(1979M) 51,453ms
[40,862s][info][gc] GC(149) Pause Young (Allocation Failure) 1547M->1129M(1979M) 52,322ms
[41,106s][info][gc] GC(150) Pause Young (Allocation Failure) 1655M->1235M(1979M) 59,597ms
[41,358s][info][gc] GC(151) Pause Young (Allocation Failure) 1762M->1341M(1979M) 68,085ms
[42,436s][info][gc] GC(153) Pause Full (Allocation Failure) 1871M->832M(1979M) 864,424ms
[42,436s][info][gc] GC(152) Pause Young (Allocation Failure) 1871M->832M(1979M) 864,516ms
[42,685s][info][gc] GC(154) Pause Young (Allocation Failure) 1364M->939M(1979M) 51,874ms
[42,929s][info][gc] GC(155) Pause Young (Allocation Failure) 1472M->1046M(1979M) 53,270ms
[43,202s][info][gc] GC(156) Pause Young (Allocation Failure) 1582M->1154M(1979M) 62,834ms
[43,529s][info][gc] GC(157) Pause Young (Allocation Failure) 1691M->1262M(1979M) 62,899ms
[44,613s][info][gc] GC(159) Pause Full (Allocation Failure) 1801M->847M(1979M) 873,939ms
[44,613s][info][gc] GC(158) Pause Young (Allocation Failure) 1801M->847M(1979M) 874,003ms
[44,871s][info][gc] GC(160) Pause Young (Allocation Failure) 1388M->956M(1979M) 49,649ms
[45,117s][info][gc] GC(161) Pause Young (Allocation Failure) 1499M->1065M(1979M) 52,450ms
[45,371s][info][gc] GC(162) Pause Young (Allocation Failure) 1610M->1175M(1979M) 57,973ms
[45,593s][info][gc] GC(163) Pause Young (Allocation Failure) 1614M->1284M(1979M) 63,032ms
[46,627s][info][gc] GC(165) Pause Full (Allocation Failure) 1725M->861M(1979M) 876,546ms
[46,627s][info][gc] GC(164) Pause Young (Allocation Failure) 1725M->861M(1979M) 876,605ms
[46,845s][info][gc] GC(166) Pause Young (Allocation Failure) 1303M->971M(1979M) 51,747ms
[47,058s][info][gc] GC(167) Pause Young (Allocation Failure) 1414M->1081M(1979M) 53,293ms
[47,269s][info][gc] GC(168) Pause Young (Allocation Failure) 1526M->1192M(1979M) 56,617ms
[47,481s][info][gc] GC(169) Pause Young (Allocation Failure) 1638M->1303M(1979M) 57,000ms
[48,523s][info][gc] GC(171) Pause Full (Allocation Failure) 1750M->873M(1979M) 875,480ms
[48,524s][info][gc] GC(170) Pause Young (Allocation Failure) 1750M->873M(1979M) 875,592ms
[48,747s][info][gc] GC(172) Pause Young (Allocation Failure) 1321M->985M(1979M) 51,456ms
[48,957s][info][gc] GC(173) Pause Young (Allocation Failure) 1434M->1097M(1979M) 53,698ms
[49,177s][info][gc] GC(174) Pause Young (Allocation Failure) 1547M->1209M(1979M) 58,264ms
[49,394s][info][gc] GC(175) Pause Young (Allocation Failure) 1660M->1321M(1979M) 60,125ms
[50,448s][info][gc] GC(177) Pause Full (Allocation Failure) 1774M->885M(1979M) 885,574ms
[50,448s][info][gc] GC(176) Pause Young (Allocation Failure) 1774M->885M(1979M) 885,642ms
[50,671s][info][gc] GC(178) Pause Young (Allocation Failure) 1340M->999M(1979M) 54,562ms
[50,889s][info][gc] GC(179) Pause Young (Allocation Failure) 1454M->1112M(1979M) 57,216ms
[51,107s][info][gc] GC(180) Pause Young (Allocation Failure) 1569M->1226M(1979M) 59,482ms
[52,180s][info][gc] GC(182) Pause Full (Allocation Failure) 1683M->895M(1979M) 915,736ms
[52,180s][info][gc] GC(181) Pause Young (Allocation Failure) 1683M->895M(1979M) 915,794ms
[52,405s][info][gc] GC(183) Pause Young (Allocation Failure) 1354M->1009M(1979M) 56,301ms
[52,632s][info][gc] GC(184) Pause Young (Allocation Failure) 1470M->1124M(1979M) 54,384ms
[52,851s][info][gc] GC(185) Pause Young (Allocation Failure) 1585M->1239M(1979M) 56,533ms
[53,950s][info][gc] GC(187) Pause Full (Allocation Failure) 1701M->905M(1979M) 908,353ms
[53,950s][info][gc] GC(186) Pause Young (Allocation Failure) 1701M->905M(1979M) 908,412ms
[54,182s][info][gc] GC(188) Pause Young (Allocation Failure) 1369M->1020M(1979M) 54,910ms
[54,414s][info][gc] GC(189) Pause Young (Allocation Failure) 1485M->1136M(1979M) 57,336ms
[54,649s][info][gc] GC(190) Pause Young (Allocation Failure) 1603M->1252M(1979M) 58,135ms
[55,732s][info][gc] GC(192) Pause Full (Allocation Failure) 1720M->915M(1979M) 915,496ms
[55,732s][info][gc] GC(191) Pause Young (Allocation Failure) 1720M->915M(1979M) 915,558ms
[55,962s][info][gc] GC(193) Pause Young (Allocation Failure) 1384M->1031M(1979M) 54,234ms
[56,187s][info][gc] GC(194) Pause Young (Allocation Failure) 1501M->1148M(1979M) 56,477ms
[56,412s][info][gc] GC(195) Pause Young (Allocation Failure) 1620M->1266M(1979M) 62,263ms
[57,539s][info][gc] GC(197) Pause Full (Allocation Failure) 1738M->924M(1979M) 948,838ms
[57,539s][info][gc] GC(196) Pause Young (Allocation Failure) 1738M->924M(1979M) 948,925ms
[57,768s][info][gc] GC(198) Pause Young (Allocation Failure) 1398M->1042M(1979M) 54,736ms
[57,996s][info][gc] GC(199) Pause Young (Allocation Failure) 1517M->1161M(1979M) 56,686ms
[58,229s][info][gc] GC(200) Pause Young (Allocation Failure) 1637M->1279M(1979M) 57,545ms
[59,340s][info][gc] GC(202) Pause Full (Allocation Failure) 1757M->934M(1979M) 943,742ms
[59,340s][info][gc] GC(201) Pause Young (Allocation Failure) 1757M->934M(1979M) 943,829ms
[59,581s][info][gc] GC(203) Pause Young (Allocation Failure) 1413M->1053M(1979M) 63,076ms
[59,810s][info][gc] GC(204) Pause Young (Allocation Failure) 1533M->1173M(1979M) 60,884ms
[60,050s][info][gc] GC(205) Pause Young (Allocation Failure) 1654M->1292M(1979M) 58,234ms
[61,215s][info][gc] GC(207) Pause Full (Allocation Failure) 1785M->944M(1979M) 941,545ms
[61,215s][info][gc] GC(206) Pause Young (Allocation Failure) 1785M->944M(1979M) 941,625ms
[61,473s][info][gc] GC(208) Pause Young (Allocation Failure) 1427M->1064M(1979M) 55,994ms
[61,712s][info][gc] GC(209) Pause Young (Allocation Failure) 1549M->1185M(1979M) 59,123ms
[61,934s][info][gc] GC(210) Pause Young (Allocation Failure) 1671M->1306M(1979M) 59,696ms
[63,071s][info][gc] GC(212) Pause Full (Allocation Failure) 1793M->954M(1979M) 945,011ms
[63,071s][info][gc] GC(211) Pause Young (Allocation Failure) 1793M->954M(1979M) 945,094ms
[63,311s][info][gc] GC(213) Pause Young (Allocation Failure) 1447M->1075M(1979M) 57,043ms
[63,544s][info][gc] GC(214) Pause Young (Allocation Failure) 1567M->1197M(1979M) 65,596ms
[64,712s][info][gc] GC(216) Pause Full (Allocation Failure) 1689M->961M(1979M) 961,021ms
[64,712s][info][gc] GC(215) Pause Young (Allocation Failure) 1689M->961M(1979M) 961,078ms
[64,953s][info][gc] GC(217) Pause Young (Allocation Failure) 1454M->1084M(1979M) 55,071ms
[65,188s][info][gc] GC(218) Pause Young (Allocation Failure) 1577M->1206M(1979M) 59,003ms
[66,587s][info][gc] GC(220) Pause Full (Allocation Failure) 1701M->968M(1979M) 1227,742ms
[66,587s][info][gc] GC(219) Pause Young (Allocation Failure) 1701M->968M(1979M) 1227,801ms
[66,867s][info][gc] GC(221) Pause Young (Allocation Failure) 1464M->1092M(1979M) 62,934ms
[67,153s][info][gc] GC(222) Pause Young (Allocation Failure) 1588M->1215M(1979M) 63,977ms
[68,312s][info][gc] GC(224) Pause Full (Allocation Failure) 1713M->975M(1979M) 978,313ms
[68,312s][info][gc] GC(223) Pause Young (Allocation Failure) 1713M->975M(1979M) 978,368ms
[68,561s][info][gc] GC(225) Pause Young (Allocation Failure) 1475M->1100M(1979M) 56,418ms
[68,809s][info][gc] GC(226) Pause Young (Allocation Failure) 1600M->1224M(1979M) 61,428ms
[70,007s][info][gc] GC(228) Pause Full (Allocation Failure) 1726M->983M(1979M) 1019,661ms
[70,007s][info][gc] GC(227) Pause Young (Allocation Failure) 1726M->983M(1979M) 1019,739ms
[70,251s][info][gc] GC(229) Pause Young (Allocation Failure) 1486M->1108M(1979M) 57,615ms
[70,499s][info][gc] GC(230) Pause Young (Allocation Failure) 1612M->1234M(1979M) 67,918ms
[71,675s][info][gc] GC(232) Pause Full (Allocation Failure) 1739M->990M(1979M) 988,643ms
[71,675s][info][gc] GC(231) Pause Young (Allocation Failure) 1739M->990M(1979M) 988,703ms
[71,922s][info][gc] GC(233) Pause Young (Allocation Failure) 1497M->1116M(1979M) 58,468ms
[72,165s][info][gc] GC(234) Pause Young (Allocation Failure) 1624M->1243M(1979M) 60,453ms
[73,351s][info][gc] GC(236) Pause Full (Allocation Failure) 1752M->997M(1979M) 1003,102ms
[73,351s][info][gc] GC(235) Pause Young (Allocation Failure) 1752M->997M(1979M) 1003,200ms
[73,601s][info][gc] GC(237) Pause Young (Allocation Failure) 1508M->1124M(1979M) 57,811ms
[73,850s][info][gc] GC(238) Pause Young (Allocation Failure) 1636M->1252M(1979M) 61,441ms
[75,130s][info][gc] GC(240) Pause Full (Allocation Failure) 1765M->1005M(1979M) 1011,250ms
[75,130s][info][gc] GC(239) Pause Young (Allocation Failure) 1765M->1005M(1979M) 1011,329ms
[75,383s][info][gc] GC(241) Pause Young (Allocation Failure) 1519M->1133M(1979M) 60,043ms
[75,630s][info][gc] GC(242) Pause Young (Allocation Failure) 1648M->1261M(1979M) 63,409ms
[76,834s][info][gc] GC(244) Pause Full (Allocation Failure) 1777M->1012M(1979M) 1015,853ms
[76,834s][info][gc] GC(243) Pause Young (Allocation Failure) 1777M->1012M(1979M) 1015,927ms
[77,085s][info][gc] GC(245) Pause Young (Allocation Failure) 1530M->1141M(1979M) 60,264ms
[77,336s][info][gc] GC(246) Pause Young (Allocation Failure) 1660M->1270M(1979M) 63,953ms
[78,586s][info][gc] GC(248) Pause Full (Allocation Failure) 1790M->1019M(1979M) 1051,543ms
[78,586s][info][gc] GC(247) Pause Young (Allocation Failure) 1790M->1019M(1979M) 1051,690ms
[78,889s][info][gc] GC(249) Pause Young (Allocation Failure) 1541M->1149M(1979M) 75,812ms
[79,127s][info][gc] GC(250) Pause Young (Allocation Failure) 1672M->1279M(1979M) 61,149ms
[80,366s][info][gc] GC(252) Pause Full (Allocation Failure) 1803M->1026M(1979M) 1058,867ms
[80,366s][info][gc] GC(251) Pause Young (Allocation Failure) 1803M->1026M(1979M) 1058,931ms
[80,621s][info][gc] GC(253) Pause Young (Allocation Failure) 1552M->1157M(1979M) 62,511ms
[80,875s][info][gc] GC(254) Pause Young (Allocation Failure) 1683M->1288M(1979M) 62,095ms
[82,076s][info][gc] GC(256) Pause Full (Allocation Failure) 1816M->1034M(1979M) 1016,096ms
[82,076s][info][gc] GC(255) Pause Young (Allocation Failure) 1816M->1034M(1979M) 1016,152ms
[82,333s][info][gc] GC(257) Pause Young (Allocation Failure) 1563M->1166M(1979M) 61,329ms
[83,540s][info][gc] GC(259) Pause Full (Allocation Failure) 1696M->1039M(1979M) 1023,104ms
[83,540s][info][gc] GC(258) Pause Young (Allocation Failure) 1696M->1039M(1979M) 1023,202ms
[83,817s][info][gc] GC(260) Pause Young (Allocation Failure) 1570M->1171M(1979M) 73,068ms
[85,057s][info][gc] GC(262) Pause Full (Allocation Failure) 1703M->1044M(1979M) 1057,649ms
[85,058s][info][gc] GC(261) Pause Young (Allocation Failure) 1703M->1044M(1979M) 1057,707ms
[85,317s][info][gc] GC(263) Pause Young (Allocation Failure) 1577M->1177M(1979M) 57,998ms
[86,586s][info][gc] GC(265) Pause Full (Allocation Failure) 1712M->1048M(1979M) 1083,759ms
[86,586s][info][gc] GC(264) Pause Young (Allocation Failure) 1712M->1048M(1979M) 1083,814ms
[86,846s][info][gc] GC(266) Pause Young (Allocation Failure) 1584M->1182M(1979M) 60,946ms
[88,109s][info][gc] GC(268) Pause Full (Allocation Failure) 1719M->1053M(1979M) 1079,994ms
[88,109s][info][gc] GC(267) Pause Young (Allocation Failure) 1719M->1053M(1979M) 1080,085ms
[88,369s][info][gc] GC(269) Pause Young (Allocation Failure) 1592M->1187M(1979M) 60,357ms
[89,601s][info][gc] GC(271) Pause Full (Allocation Failure) 1727M->1058M(1979M) 1039,919ms
[89,601s][info][gc] GC(270) Pause Young (Allocation Failure) 1727M->1058M(1979M) 1039,977ms
[89,875s][info][gc] GC(272) Pause Young (Allocation Failure) 1599M->1193M(1979M) 62,170ms
[91,109s][info][gc] GC(274) Pause Full (Allocation Failure) 1735M->1063M(1979M) 1042,825ms
[91,109s][info][gc] GC(273) Pause Young (Allocation Failure) 1735M->1063M(1979M) 1042,930ms
[91,369s][info][gc] GC(275) Pause Young (Allocation Failure) 1607M->1199M(1979M) 61,870ms
[92,635s][info][gc] GC(277) Pause Full (Allocation Failure) 1743M->1068M(1979M) 1076,323ms
[92,635s][info][gc] GC(276) Pause Young (Allocation Failure) 1743M->1068M(1979M) 1076,381ms
[92,908s][info][gc] GC(278) Pause Young (Allocation Failure) 1614M->1204M(1979M) 63,784ms
[94,107s][info][gc] GC(280) Pause Full (Allocation Failure) 1617M->1072M(1979M) 1061,586ms
[94,107s][info][gc] GC(279) Pause Young (Allocation Failure) 1617M->1072M(1979M) 1061,663ms
[94,343s][info][gc] GC(281) Pause Young (Allocation Failure) 1486M->1208M(1979M) 62,881ms
[95,542s][info][gc] GC(283) Pause Full (Allocation Failure) 1622M->1076M(1979M) 1059,810ms
[95,542s][info][gc] GC(282) Pause Young (Allocation Failure) 1622M->1076M(1979M) 1059,866ms
[95,783s][info][gc] GC(284) Pause Young (Allocation Failure) 1492M->1212M(1979M) 64,039ms
[96,994s][info][gc] GC(286) Pause Full (Allocation Failure) 1628M->1080M(1979M) 1056,873ms
[96,994s][info][gc] GC(285) Pause Young (Allocation Failure) 1628M->1080M(1979M) 1056,936ms
[97,232s][info][gc] GC(287) Pause Young (Allocation Failure) 1496M->1216M(1979M) 60,777ms
[98,714s][info][gc] GC(289) Pause Full (Allocation Failure) 1633M->1083M(1979M) 1337,943ms
[98,714s][info][gc] GC(288) Pause Young (Allocation Failure) 1633M->1083M(1979M) 1338,016ms
[98,939s][info][gc] GC(290) Pause Young (Allocation Failure) 1501M->1220M(1979M) 63,435ms
[100,157s][info][gc] GC(292) Pause Full (Allocation Failure) 1639M->1087M(1979M) 1078,456ms
[100,157s][info][gc] GC(291) Pause Young (Allocation Failure) 1639M->1087M(1979M) 1078,532ms
[100,373s][info][gc] GC(293) Pause Young (Allocation Failure) 1506M->1225M(1979M) 62,996ms
[101,603s][info][gc] GC(295) Pause Full (Allocation Failure) 1644M->1090M(1979M) 1089,056ms
[101,604s][info][gc] GC(294) Pause Young (Allocation Failure) 1644M->1090M(1979M) 1089,193ms
[101,876s][info][gc] GC(296) Pause Young (Allocation Failure) 1511M->1229M(1979M) 88,778ms
[103,148s][info][gc] GC(298) Pause Full (Allocation Failure) 1650M->1094M(1979M) 1109,169ms
[103,148s][info][gc] GC(297) Pause Young (Allocation Failure) 1650M->1094M(1979M) 1109,228ms
[103,371s][info][gc] GC(299) Pause Young (Allocation Failure) 1516M->1233M(1979M) 64,982ms
[104,622s][info][gc] GC(301) Pause Full (Allocation Failure) 1655M->1098M(1979M) 1098,511ms
[104,622s][info][gc] GC(300) Pause Young (Allocation Failure) 1655M->1098M(1979M) 1098,568ms
[104,866s][info][gc] GC(302) Pause Young (Allocation Failure) 1521M->1237M(1979M) 70,354ms
[106,152s][info][gc] GC(304) Pause Full (Allocation Failure) 1661M->1101M(1979M) 1132,786ms
[106,152s][info][gc] GC(303) Pause Young (Allocation Failure) 1661M->1101M(1979M) 1132,886ms
[106,375s][info][gc] GC(305) Pause Young (Allocation Failure) 1526M->1241M(1979M) 65,692ms
[107,633s][info][gc] GC(307) Pause Full (Allocation Failure) 1666M->1105M(1979M) 1109,415ms
[107,633s][info][gc] GC(306) Pause Young (Allocation Failure) 1666M->1105M(1979M) 1109,470ms
[107,858s][info][gc] GC(308) Pause Young (Allocation Failure) 1531M->1245M(1979M) 66,779ms
[109,118s][info][gc] GC(310) Pause Full (Allocation Failure) 1672M->1109M(1979M) 1108,377ms
[109,118s][info][gc] GC(309) Pause Young (Allocation Failure) 1672M->1109M(1979M) 1108,524ms
[109,345s][info][gc] GC(311) Pause Young (Allocation Failure) 1536M->1249M(1979M) 68,469ms
[110,657s][info][gc] GC(313) Pause Full (Allocation Failure) 1677M->1112M(1979M) 1159,606ms
[110,658s][info][gc] GC(312) Pause Young (Allocation Failure) 1677M->1112M(1979M) 1159,696ms
[110,884s][info][gc] GC(314) Pause Young (Allocation Failure) 1541M->1253M(1979M) 62,973ms
[112,194s][info][gc] GC(316) Pause Full (Allocation Failure) 1682M->1116M(1979M) 1157,826ms
[112,194s][info][gc] GC(315) Pause Young (Allocation Failure) 1682M->1116M(1979M) 1157,883ms
[112,421s][info][gc] GC(317) Pause Young (Allocation Failure) 1546M->1257M(1979M) 66,626ms
[113,712s][info][gc] GC(319) Pause Full (Allocation Failure) 1688M->1120M(1979M) 1118,861ms
[113,712s][info][gc] GC(318) Pause Young (Allocation Failure) 1688M->1120M(1979M) 1118,938ms
[115,016s][info][gc] GC(321) Pause Full (Allocation Failure) 1551M->1122M(1979M) 1126,634ms
[115,016s][info][gc] GC(320) Pause Young (Allocation Failure) 1551M->1122M(1979M) 1126,744ms
[115,240s][info][gc] GC(322) Pause Young (Allocation Failure) 1554M->1264M(1979M) 64,831ms
[116,520s][info][gc] GC(324) Pause Full (Allocation Failure) 1696M->1125M(1979M) 1131,492ms
[116,520s][info][gc] GC(323) Pause Young (Allocation Failure) 1696M->1125M(1979M) 1131,656ms
[117,811s][info][gc] GC(326) Pause Full (Allocation Failure) 1559M->1127M(1979M) 1131,140ms
[117,811s][info][gc] GC(325) Pause Young (Allocation Failure) 1559M->1127M(1979M) 1131,210ms
[119,104s][info][gc] GC(328) Pause Full (Allocation Failure) 1561M->1129M(1979M) 1128,730ms
[119,104s][info][gc] GC(327) Pause Young (Allocation Failure) 1561M->1129M(1979M) 1128,786ms
[119,332s][info][gc] GC(329) Pause Young (Allocation Failure) 1564M->1272M(1979M) 67,736ms
[120,623s][info][gc] GC(331) Pause Full (Allocation Failure) 1707M->1133M(1979M) 1127,477ms
[120,623s][info][gc] GC(330) Pause Young (Allocation Failure) 1707M->1133M(1979M) 1127,552ms
[121,915s][info][gc] GC(333) Pause Full (Allocation Failure) 1574M->1134M(1979M) 1132,438ms
[121,915s][info][gc] GC(332) Pause Young (Allocation Failure) 1574M->1134M(1979M) 1132,494ms
[123,246s][info][gc] GC(335) Pause Full (Allocation Failure) 1571M->1136M(1979M) 1166,493ms
[123,246s][info][gc] GC(334) Pause Young (Allocation Failure) 1571M->1136M(1979M) 1166,572ms
[124,550s][info][gc] GC(337) Pause Full (Allocation Failure) 1574M->1138M(1979M) 1139,523ms
[124,550s][info][gc] GC(336) Pause Young (Allocation Failure) 1574M->1138M(1979M) 1139,581ms
[125,856s][info][gc] GC(339) Pause Full (Allocation Failure) 1576M->1140M(1979M) 1141,444ms
[125,856s][info][gc] GC(338) Pause Young (Allocation Failure) 1576M->1140M(1979M) 1141,549ms
[127,176s][info][gc] GC(341) Pause Full (Allocation Failure) 1579M->1141M(1979M) 1153,097ms
[127,176s][info][gc] GC(340) Pause Young (Allocation Failure) 1579M->1141M(1979M) 1153,155ms
[128,481s][info][gc] GC(343) Pause Full (Allocation Failure) 1581M->1143M(1979M) 1143,582ms
[128,481s][info][gc] GC(342) Pause Young (Allocation Failure) 1581M->1143M(1979M) 1143,654ms
[128,713s][info][gc] GC(344) Pause Young (Allocation Failure) 1584M->1288M(1979M) 66,472ms
[130,019s][info][gc] GC(346) Pause Full (Allocation Failure) 1729M->1147M(1979M) 1148,996ms
[130,019s][info][gc] GC(345) Pause Young (Allocation Failure) 1729M->1147M(1979M) 1149,053ms
[131,348s][info][gc] GC(348) Pause Full (Allocation Failure) 1589M->1149M(1979M) 1145,523ms
[131,348s][info][gc] GC(347) Pause Young (Allocation Failure) 1589M->1149M(1979M) 1145,583ms
[132,689s][info][gc] GC(350) Pause Full (Allocation Failure) 1592M->1151M(1979M) 1153,252ms
[132,689s][info][gc] GC(349) Pause Young (Allocation Failure) 1592M->1151M(1979M) 1153,337ms
[134,007s][info][gc] GC(352) Pause Full (Allocation Failure) 1594M->1152M(1979M) 1150,193ms
[134,007s][info][gc] GC(351) Pause Young (Allocation Failure) 1594M->1152M(1979M) 1150,286ms
[135,347s][info][gc] GC(354) Pause Full (Allocation Failure) 1596M->1154M(1979M) 1163,568ms
[135,347s][info][gc] GC(353) Pause Young (Allocation Failure) 1596M->1154M(1979M) 1163,639ms
[136,679s][info][gc] GC(356) Pause Full (Allocation Failure) 1599M->1156M(1979M) 1167,631ms
[136,679s][info][gc] GC(355) Pause Young (Allocation Failure) 1599M->1156M(1979M) 1167,704ms
[138,001s][info][gc] GC(358) Pause Full (Allocation Failure) 1601M->1158M(1979M) 1157,029ms
[138,001s][info][gc] GC(357) Pause Young (Allocation Failure) 1601M->1158M(1979M) 1157,101ms
[139,326s][info][gc] GC(360) Pause Full (Allocation Failure) 1604M->1160M(1979M) 1153,229ms
[139,326s][info][gc] GC(359) Pause Young (Allocation Failure) 1604M->1160M(1979M) 1153,317ms
[140,661s][info][gc] GC(362) Pause Full (Allocation Failure) 1606M->1162M(1979M) 1170,942ms
[140,661s][info][gc] GC(361) Pause Young (Allocation Failure) 1606M->1162M(1979M) 1171,014ms
[141,994s][info][gc] GC(364) Pause Full (Allocation Failure) 1612M->1164M(1979M) 1156,997ms
[141,994s][info][gc] GC(363) Pause Young (Allocation Failure) 1612M->1164M(1979M) 1157,092ms
[143,673s][info][gc] GC(366) Pause Full (Allocation Failure) 1613M->1165M(1979M) 1483,782ms
[143,673s][info][gc] GC(365) Pause Young (Allocation Failure) 1613M->1165M(1979M) 1483,843ms
[144,981s][info][gc] GC(368) Pause Full (Allocation Failure) 1614M->1167M(1979M) 1152,358ms
[144,981s][info][gc] GC(367) Pause Young (Allocation Failure) 1614M->1167M(1979M) 1152,418ms
[146,303s][info][gc] GC(370) Pause Full (Allocation Failure) 1617M->1169M(1979M) 1162,157ms
[146,303s][info][gc] GC(369) Pause Young (Allocation Failure) 1617M->1169M(1979M) 1162,243ms
[147,696s][info][gc] GC(372) Pause Full (Allocation Failure) 1619M->1171M(1979M) 1188,121ms
[147,696s][info][gc] GC(371) Pause Young (Allocation Failure) 1619M->1171M(1979M) 1188,197ms
[149,074s][info][gc] GC(374) Pause Full (Allocation Failure) 1622M->1172M(1979M) 1213,600ms
[149,074s][info][gc] GC(373) Pause Young (Allocation Failure) 1622M->1172M(1979M) 1213,656ms
[150,426s][info][gc] GC(376) Pause Full (Allocation Failure) 1624M->1174M(1979M) 1180,371ms
[150,426s][info][gc] GC(375) Pause Young (Allocation Failure) 1624M->1174M(1979M) 1180,451ms
[151,767s][info][gc] GC(378) Pause Full (Allocation Failure) 1627M->1176M(1979M) 1172,923ms
[151,767s][info][gc] GC(377) Pause Young (Allocation Failure) 1627M->1176M(1979M) 1172,983ms
[153,116s][info][gc] GC(380) Pause Full (Allocation Failure) 1629M->1178M(1979M) 1169,759ms
[153,116s][info][gc] GC(379) Pause Young (Allocation Failure) 1629M->1178M(1979M) 1169,834ms
[154,478s][info][gc] GC(382) Pause Full (Allocation Failure) 1632M->1180M(1979M) 1185,442ms
[154,478s][info][gc] GC(381) Pause Young (Allocation Failure) 1632M->1180M(1979M) 1185,549ms
[155,826s][info][gc] GC(384) Pause Full (Allocation Failure) 1634M->1182M(1979M) 1177,223ms
[155,826s][info][gc] GC(383) Pause Young (Allocation Failure) 1634M->1182M(1979M) 1177,311ms
[157,209s][info][gc] GC(386) Pause Full (Allocation Failure) 1637M->1184M(1979M) 1204,015ms
[157,209s][info][gc] GC(385) Pause Young (Allocation Failure) 1637M->1184M(1979M) 1204,095ms
[158,600s][info][gc] GC(388) Pause Full (Allocation Failure) 1639M->1185M(1979M) 1221,205ms
[158,600s][info][gc] GC(387) Pause Young (Allocation Failure) 1639M->1185M(1979M) 1221,264ms
[159,965s][info][gc] GC(390) Pause Full (Allocation Failure) 1642M->1187M(1979M) 1191,538ms
[159,965s][info][gc] GC(389) Pause Young (Allocation Failure) 1642M->1187M(1979M) 1191,601ms
[161,378s][info][gc] GC(392) Pause Full (Allocation Failure) 1644M->1189M(1979M) 1231,947ms
[161,378s][info][gc] GC(391) Pause Young (Allocation Failure) 1644M->1189M(1979M) 1232,003ms
[162,740s][info][gc] GC(394) Pause Full (Allocation Failure) 1647M->1191M(1979M) 1191,048ms
[162,740s][info][gc] GC(393) Pause Young (Allocation Failure) 1647M->1191M(1979M) 1191,134ms
[164,111s][info][gc] GC(396) Pause Full (Allocation Failure) 1649M->1193M(1979M) 1203,217ms
[164,111s][info][gc] GC(395) Pause Young (Allocation Failure) 1649M->1193M(1979M) 1203,311ms
[165,514s][info][gc] GC(398) Pause Full (Allocation Failure) 1652M->1194M(1979M) 1234,700ms
[165,514s][info][gc] GC(397) Pause Young (Allocation Failure) 1652M->1194M(1979M) 1234,764ms
[166,894s][info][gc] GC(400) Pause Full (Allocation Failure) 1654M->1196M(1979M) 1203,546ms
[166,894s][info][gc] GC(399) Pause Young (Allocation Failure) 1654M->1196M(1979M) 1203,641ms
[168,267s][info][gc] GC(402) Pause Full (Allocation Failure) 1657M->1198M(1979M) 1200,820ms
[168,267s][info][gc] GC(401) Pause Young (Allocation Failure) 1657M->1198M(1979M) 1200,932ms
[169,638s][info][gc] GC(404) Pause Full (Allocation Failure) 1659M->1200M(1979M) 1202,784ms
[169,638s][info][gc] GC(403) Pause Young (Allocation Failure) 1659M->1200M(1979M) 1202,909ms
[171,297s][info][gc] GC(406) Pause Full (Allocation Failure) 1662M->1202M(1979M) 1485,341ms
[171,297s][info][gc] GC(405) Pause Young (Allocation Failure) 1662M->1202M(1979M) 1485,399ms
[172,679s][info][gc] GC(408) Pause Full (Allocation Failure) 1664M->1204M(1979M) 1210,776ms
[172,680s][info][gc] GC(407) Pause Young (Allocation Failure) 1664M->1204M(1979M) 1210,872ms
[174,080s][info][gc] GC(410) Pause Full (Allocation Failure) 1667M->1205M(1979M) 1202,226ms
[174,080s][info][gc] GC(409) Pause Young (Allocation Failure) 1667M->1205M(1979M) 1202,308ms
[175,483s][info][gc] GC(412) Pause Full (Allocation Failure) 1669M->1207M(1979M) 1205,172ms
[175,483s][info][gc] GC(411) Pause Young (Allocation Failure) 1669M->1207M(1979M) 1205,245ms
[176,897s][info][gc] GC(414) Pause Full (Allocation Failure) 1672M->1209M(1979M) 1233,034ms
[176,897s][info][gc] GC(413) Pause Young (Allocation Failure) 1672M->1209M(1979M) 1233,091ms
[178,284s][info][gc] GC(416) Pause Full (Allocation Failure) 1674M->1211M(1979M) 1210,789ms
[178,284s][info][gc] GC(415) Pause Young (Allocation Failure) 1674M->1211M(1979M) 1210,871ms
[179,673s][info][gc] GC(418) Pause Full (Allocation Failure) 1677M->1213M(1979M) 1215,572ms
[179,673s][info][gc] GC(417) Pause Young (Allocation Failure) 1677M->1213M(1979M) 1215,654ms
[181,076s][info][gc] GC(420) Pause Full (Allocation Failure) 1679M->1215M(1979M) 1226,842ms
[181,076s][info][gc] GC(419) Pause Young (Allocation Failure) 1679M->1215M(1979M) 1226,916ms
[182,497s][info][gc] GC(422) Pause Full (Allocation Failure) 1685M->1216M(1979M) 1240,506ms
[182,497s][info][gc] GC(421) Pause Young (Allocation Failure) 1685M->1216M(1979M) 1240,564ms
[183,919s][info][gc] GC(424) Pause Full (Allocation Failure) 1684M->1218M(1979M) 1245,642ms
[183,919s][info][gc] GC(423) Pause Young (Allocation Failure) 1684M->1218M(1979M) 1245,766ms
[185,378s][info][gc] GC(426) Pause Full (Allocation Failure) 1687M->1220M(1979M) 1286,154ms
[185,378s][info][gc] GC(425) Pause Young (Allocation Failure) 1687M->1220M(1979M) 1286,213ms
[186,787s][info][gc] GC(428) Pause Full (Allocation Failure) 1689M->1222M(1979M) 1229,265ms
[186,787s][info][gc] GC(427) Pause Young (Allocation Failure) 1689M->1222M(1979M) 1229,322ms
[188,247s][info][gc] GC(430) Pause Full (Allocation Failure) 1692M->1224M(1979M) 1285,484ms
[188,247s][info][gc] GC(429) Pause Young (Allocation Failure) 1692M->1224M(1979M) 1285,543ms
[189,660s][info][gc] GC(432) Pause Full (Allocation Failure) 1694M->1225M(1979M) 1230,004ms
[189,660s][info][gc] GC(431) Pause Young (Allocation Failure) 1694M->1225M(1979M) 1230,129ms
[191,050s][info][gc] GC(434) Pause Full (Allocation Failure) 1697M->1227M(1979M) 1219,928ms
[191,050s][info][gc] GC(433) Pause Young (Allocation Failure) 1697M->1227M(1979M) 1219,989ms
[192,474s][info][gc] GC(436) Pause Full (Allocation Failure) 1699M->1229M(1979M) 1225,583ms
[192,474s][info][gc] GC(435) Pause Young (Allocation Failure) 1699M->1229M(1979M) 1225,672ms
[193,875s][info][gc] GC(438) Pause Full (Allocation Failure) 1702M->1231M(1979M) 1216,597ms
[193,875s][info][gc] GC(437) Pause Young (Allocation Failure) 1702M->1231M(1979M) 1216,672ms
[195,291s][info][gc] GC(440) Pause Full (Allocation Failure) 1704M->1233M(1979M) 1243,818ms
[195,291s][info][gc] GC(439) Pause Young (Allocation Failure) 1704M->1233M(1979M) 1243,895ms
[196,698s][info][gc] GC(442) Pause Full (Allocation Failure) 1707M->1235M(1979M) 1234,704ms
[196,698s][info][gc] GC(441) Pause Young (Allocation Failure) 1707M->1235M(1979M) 1234,810ms
[198,129s][info][gc] GC(444) Pause Full (Allocation Failure) 1709M->1237M(1979M) 1252,740ms
[198,129s][info][gc] GC(443) Pause Young (Allocation Failure) 1709M->1237M(1979M) 1252,798ms
[199,546s][info][gc] GC(446) Pause Full (Allocation Failure) 1712M->1238M(1979M) 1238,196ms
[199,547s][info][gc] GC(445) Pause Young (Allocation Failure) 1712M->1238M(1979M) 1238,275ms
[201,020s][info][gc] GC(448) Pause Full (Allocation Failure) 1714M->1240M(1979M) 1297,962ms
[201,020s][info][gc] GC(447) Pause Young (Allocation Failure) 1714M->1240M(1979M) 1298,050ms
[202,462s][info][gc] GC(450) Pause Full (Allocation Failure) 1717M->1242M(1979M) 1226,511ms
[202,462s][info][gc] GC(449) Pause Young (Allocation Failure) 1717M->1242M(1979M) 1226,586ms
[203,917s][info][gc] GC(452) Pause Full (Allocation Failure) 1720M->1244M(1979M) 1277,231ms
[203,917s][info][gc] GC(451) Pause Young (Allocation Failure) 1720M->1244M(1979M) 1277,349ms
[205,399s][info][gc] GC(454) Pause Full (Allocation Failure) 1722M->1245M(1979M) 1300,584ms
[205,399s][info][gc] GC(453) Pause Young (Allocation Failure) 1722M->1245M(1979M) 1300,678ms
[206,832s][info][gc] GC(456) Pause Full (Allocation Failure) 1724M->1247M(1979M) 1249,949ms
[206,832s][info][gc] GC(455) Pause Young (Allocation Failure) 1724M->1247M(1979M) 1250,006ms
[208,302s][info][gc] GC(458) Pause Full (Allocation Failure) 1727M->1249M(1979M) 1287,803ms
[208,302s][info][gc] GC(457) Pause Young (Allocation Failure) 1727M->1249M(1979M) 1287,862ms
[209,760s][info][gc] GC(460) Pause Full (Allocation Failure) 1729M->1251M(1979M) 1265,485ms
[209,760s][info][gc] GC(459) Pause Young (Allocation Failure) 1729M->1251M(1979M) 1265,576ms
[211,243s][info][gc] GC(462) Pause Full (Allocation Failure) 1732M->1253M(1979M) 1261,926ms
[211,244s][info][gc] GC(461) Pause Young (Allocation Failure) 1732M->1253M(1979M) 1261,987ms
[212,674s][info][gc] GC(464) Pause Full (Allocation Failure) 1734M->1255M(1979M) 1249,556ms
[212,675s][info][gc] GC(463) Pause Young (Allocation Failure) 1734M->1255M(1979M) 1249,624ms
[214,192s][info][gc] GC(466) Pause Full (Allocation Failure) 1737M->1257M(1979M) 1334,925ms
[214,192s][info][gc] GC(465) Pause Young (Allocation Failure) 1737M->1257M(1979M) 1334,985ms
[215,663s][info][gc] GC(468) Pause Full (Allocation Failure) 1740M->1258M(1979M) 1284,342ms
[215,663s][info][gc] GC(467) Pause Young (Allocation Failure) 1740M->1258M(1979M) 1284,419ms
[217,207s][info][gc] GC(470) Pause Full (Allocation Failure) 1742M->1260M(1979M) 1365,992ms
[217,207s][info][gc] GC(469) Pause Young (Allocation Failure) 1742M->1260M(1979M) 1366,087ms
[218,642s][info][gc] GC(472) Pause Full (Allocation Failure) 1744M->1262M(1979M) 1255,326ms
[218,642s][info][gc] GC(471) Pause Young (Allocation Failure) 1744M->1262M(1979M) 1255,385ms
[220,116s][info][gc] GC(474) Pause Full (Allocation Failure) 1747M->1264M(1979M) 1271,672ms
[220,116s][info][gc] GC(473) Pause Young (Allocation Failure) 1747M->1264M(1979M) 1271,751ms
[221,573s][info][gc] GC(476) Pause Full (Allocation Failure) 1750M->1266M(1979M) 1274,348ms
[221,573s][info][gc] GC(475) Pause Young (Allocation Failure) 1750M->1266M(1979M) 1274,429ms
[223,022s][info][gc] GC(478) Pause Full (Allocation Failure) 1752M->1267M(1979M) 1272,725ms
[223,022s][info][gc] GC(477) Pause Young (Allocation Failure) 1752M->1267M(1979M) 1272,785ms
[224,492s][info][gc] GC(480) Pause Full (Allocation Failure) 1754M->1269M(1979M) 1291,447ms
[224,492s][info][gc] GC(479) Pause Young (Allocation Failure) 1754M->1269M(1979M) 1291,523ms
[225,966s][info][gc] GC(482) Pause Full (Allocation Failure) 1757M->1271M(1979M) 1288,329ms
[225,966s][info][gc] GC(481) Pause Young (Allocation Failure) 1757M->1271M(1979M) 1288,396ms
[227,426s][info][gc] GC(484) Pause Full (Allocation Failure) 1760M->1273M(1979M) 1273,690ms
[227,426s][info][gc] GC(483) Pause Young (Allocation Failure) 1760M->1273M(1979M) 1273,798ms
[228,986s][info][gc] GC(486) Pause Full (Allocation Failure) 1762M->1275M(1979M) 1368,838ms
[228,986s][info][gc] GC(485) Pause Young (Allocation Failure) 1762M->1275M(1979M) 1368,944ms
[230,455s][info][gc] GC(488) Pause Full (Allocation Failure) 1764M->1277M(1979M) 1274,701ms
[230,455s][info][gc] GC(487) Pause Young (Allocation Failure) 1764M->1277M(1979M) 1274,787ms
[231,933s][info][gc] GC(490) Pause Full (Allocation Failure) 1767M->1278M(1979M) 1282,049ms
[231,933s][info][gc] GC(489) Pause Young (Allocation Failure) 1767M->1278M(1979M) 1282,121ms
[233,425s][info][gc] GC(492) Pause Full (Allocation Failure) 1770M->1280M(1979M) 1280,668ms
[233,425s][info][gc] GC(491) Pause Young (Allocation Failure) 1770M->1280M(1979M) 1280,744ms
[235,219s][info][gc] GC(494) Pause Full (Allocation Failure) 1772M->1282M(1979M) 1600,127ms
[235,219s][info][gc] GC(493) Pause Young (Allocation Failure) 1772M->1282M(1979M) 1600,199ms
[236,707s][info][gc] GC(496) Pause Full (Allocation Failure) 1775M->1284M(1979M) 1311,001ms
[236,707s][info][gc] GC(495) Pause Young (Allocation Failure) 1775M->1284M(1979M) 1311,062ms
[238,165s][info][gc] GC(498) Pause Full (Allocation Failure) 1777M->1286M(1979M) 1269,274ms
[238,165s][info][gc] GC(497) Pause Young (Allocation Failure) 1777M->1286M(1979M) 1269,361ms
[239,694s][info][gc] GC(500) Pause Full (Allocation Failure) 1780M->1288M(1979M) 1315,506ms
[239,694s][info][gc] GC(499) Pause Young (Allocation Failure) 1780M->1288M(1979M) 1315,564ms
[241,186s][info][gc] GC(502) Pause Full (Allocation Failure) 1782M->1289M(1979M) 1308,809ms
[241,186s][info][gc] GC(501) Pause Young (Allocation Failure) 1782M->1289M(1979M) 1308,884ms
[242,635s][info][gc] GC(504) Pause Full (Allocation Failure) 1787M->1291M(1979M) 1266,147ms
[242,635s][info][gc] GC(503) Pause Young (Allocation Failure) 1787M->1291M(1979M) 1266,276ms
[244,109s][info][gc] GC(506) Pause Full (Allocation Failure) 1787M->1293M(1979M) 1279,024ms
[244,109s][info][gc] GC(505) Pause Young (Allocation Failure) 1787M->1293M(1979M) 1279,082ms
[245,559s][info][gc] GC(508) Pause Full (Allocation Failure) 1790M->1295M(1979M) 1267,960ms
[245,559s][info][gc] GC(507) Pause Young (Allocation Failure) 1790M->1295M(1979M) 1268,053ms
[247,048s][info][gc] GC(510) Pause Full (Allocation Failure) 1792M->1297M(1979M) 1300,916ms
[247,048s][info][gc] GC(509) Pause Young (Allocation Failure) 1792M->1297M(1979M) 1300,996ms
[248,513s][info][gc] GC(512) Pause Full (Allocation Failure) 1795M->1298M(1979M) 1281,431ms
[248,513s][info][gc] GC(511) Pause Young (Allocation Failure) 1795M->1298M(1979M) 1281,524ms
[249,979s][info][gc] GC(514) Pause Full (Allocation Failure) 1797M->1300M(1979M) 1283,649ms
[249,979s][info][gc] GC(513) Pause Young (Allocation Failure) 1797M->1300M(1979M) 1283,707ms
[251,444s][info][gc] GC(516) Pause Full (Allocation Failure) 1800M->1302M(1979M) 1279,375ms
[251,444s][info][gc] GC(515) Pause Young (Allocation Failure) 1800M->1302M(1979M) 1279,449ms
[252,913s][info][gc] GC(518) Pause Full (Allocation Failure) 1803M->1304M(1979M) 1285,928ms
[252,913s][info][gc] GC(517) Pause Young (Allocation Failure) 1803M->1304M(1979M) 1285,999ms
[254,392s][info][gc] GC(520) Pause Full (Allocation Failure) 1805M->1306M(1979M) 1286,607ms
[254,392s][info][gc] GC(519) Pause Young (Allocation Failure) 1805M->1306M(1979M) 1286,680ms
[255,887s][info][gc] GC(522) Pause Full (Allocation Failure) 1807M->1308M(1979M) 1309,628ms
[255,887s][info][gc] GC(521) Pause Young (Allocation Failure) 1807M->1308M(1979M) 1309,728ms
[257,427s][info][gc] GC(524) Pause Full (Allocation Failure) 1810M->1310M(1979M) 1352,884ms
[257,427s][info][gc] GC(523) Pause Young (Allocation Failure) 1810M->1310M(1979M) 1352,966ms
[258,937s][info][gc] GC(526) Pause Full (Allocation Failure) 1813M->1311M(1979M) 1319,222ms
[258,937s][info][gc] GC(525) Pause Young (Allocation Failure) 1813M->1311M(1979M) 1319,316ms
[260,456s][info][gc] GC(528) Pause Full (Allocation Failure) 1815M->1313M(1979M) 1328,983ms
[260,456s][info][gc] GC(527) Pause Young (Allocation Failure) 1815M->1313M(1979M) 1329,076ms
[262,031s][info][gc] GC(530) Pause Full (Allocation Failure) 1817M->1315M(1979M) 1376,546ms
[262,031s][info][gc] GC(529) Pause Young (Allocation Failure) 1817M->1315M(1979M) 1376,643ms
[263,613s][info][gc] GC(532) Pause Full (Allocation Failure) 1820M->1317M(1979M) 1342,188ms
[263,613s][info][gc] GC(531) Pause Young (Allocation Failure) 1820M->1317M(1979M) 1342,266ms
[265,102s][info][gc] GC(534) Pause Full (Allocation Failure) 1823M->1318M(1979M) 1305,078ms
[265,102s][info][gc] GC(533) Pause Young (Allocation Failure) 1823M->1318M(1979M) 1305,136ms
[266,599s][info][gc] GC(536) Pause Full (Allocation Failure) 1825M->1320M(1979M) 1305,201ms
[266,599s][info][gc] GC(535) Pause Young (Allocation Failure) 1825M->1320M(1979M) 1305,335ms
[268,132s][info][gc] GC(538) Pause Full (Allocation Failure) 1827M->1322M(1979M) 1325,239ms
[268,132s][info][gc] GC(537) Pause Young (Allocation Failure) 1827M->1322M(1979M) 1325,331ms
[269,632s][info][gc] GC(540) Pause Full (Allocation Failure) 1830M->1324M(1979M) 1313,870ms
[269,632s][info][gc] GC(539) Pause Young (Allocation Failure) 1830M->1324M(1979M) 1313,965ms
[271,127s][info][gc] GC(542) Pause Full (Allocation Failure) 1833M->1326M(1979M) 1311,668ms
[271,127s][info][gc] GC(541) Pause Young (Allocation Failure) 1833M->1326M(1979M) 1311,737ms
[272,644s][info][gc] GC(544) Pause Full (Allocation Failure) 1835M->1328M(1979M) 1329,105ms
[272,644s][info][gc] GC(543) Pause Young (Allocation Failure) 1835M->1328M(1979M) 1329,165ms
[274,141s][info][gc] GC(546) Pause Full (Allocation Failure) 1837M->1330M(1979M) 1313,874ms
[274,141s][info][gc] GC(545) Pause Young (Allocation Failure) 1837M->1330M(1979M) 1313,963ms
[275,701s][info][gc] GC(548) Pause Full (Allocation Failure) 1840M->1331M(1979M) 1376,429ms
[275,701s][info][gc] GC(547) Pause Young (Allocation Failure) 1840M->1331M(1979M) 1376,515ms
[277,616s][info][gc] GC(550) Pause Full (Allocation Failure) 1843M->1333M(1979M) 1692,440ms
[277,616s][info][gc] GC(549) Pause Young (Allocation Failure) 1843M->1333M(1979M) 1692,500ms
[279,171s][info][gc] GC(552) Pause Full (Allocation Failure) 1845M->1335M(1979M) 1337,831ms
[279,171s][info][gc] GC(551) Pause Young (Allocation Failure) 1845M->1335M(1979M) 1337,924ms
[280,704s][info][gc] GC(554) Pause Full (Allocation Failure) 1847M->1337M(1979M) 1344,165ms
[280,704s][info][gc] GC(553) Pause Young (Allocation Failure) 1847M->1337M(1979M) 1344,255ms
[282,247s][info][gc] GC(556) Pause Full (Allocation Failure) 1850M->1339M(1979M) 1352,621ms
[282,247s][info][gc] GC(555) Pause Young (Allocation Failure) 1850M->1339M(1979M) 1352,682ms
[283,783s][info][gc] GC(558) Pause Full (Allocation Failure) 1853M->1340M(1979M) 1345,547ms
[283,783s][info][gc] GC(557) Pause Young (Allocation Failure) 1853M->1340M(1979M) 1345,628ms
[285,350s][info][gc] GC(560) Pause Full (Allocation Failure) 1855M->1342M(1979M) 1374,867ms
[285,350s][info][gc] GC(559) Pause Young (Allocation Failure) 1855M->1342M(1979M) 1374,979ms
[286,893s][info][gc] GC(562) Pause Full (Allocation Failure) 1858M->1344M(1979M) 1350,089ms
[286,893s][info][gc] GC(561) Pause Young (Allocation Failure) 1858M->1344M(1979M) 1350,166ms
[288,433s][info][gc] GC(564) Pause Full (Allocation Failure) 1860M->1346M(1979M) 1344,158ms
[288,433s][info][gc] GC(563) Pause Young (Allocation Failure) 1860M->1346M(1979M) 1344,250ms
[289,979s][info][gc] GC(566) Pause Full (Allocation Failure) 1863M->1348M(1979M) 1351,557ms
[289,979s][info][gc] GC(565) Pause Young (Allocation Failure) 1863M->1348M(1979M) 1351,648ms
[291,529s][info][gc] GC(568) Pause Full (Allocation Failure) 1865M->1350M(1979M) 1357,253ms
[291,529s][info][gc] GC(567) Pause Young (Allocation Failure) 1865M->1350M(1979M) 1357,336ms
[293,073s][info][gc] GC(570) Pause Full (Allocation Failure) 1868M->1351M(1979M) 1354,738ms
[293,073s][info][gc] GC(569) Pause Young (Allocation Failure) 1868M->1351M(1979M) 1354,813ms
[294,622s][info][gc] GC(572) Pause Full (Allocation Failure) 1870M->1353M(1979M) 1357,248ms
[294,622s][info][gc] GC(571) Pause Young (Allocation Failure) 1870M->1353M(1979M) 1357,308ms
[296,205s][info][gc] GC(574) Pause Full (Allocation Failure) 1873M->1355M(1979M) 1386,227ms
[296,205s][info][gc] GC(573) Pause Young (Allocation Failure) 1873M->1355M(1979M) 1386,322ms
[297,807s][info][gc] GC(576) Pause Full (Allocation Failure) 1875M->1357M(1979M) 1408,914ms
[297,807s][info][gc] GC(575) Pause Young (Allocation Failure) 1875M->1357M(1979M) 1409,053ms
[299,367s][info][gc] GC(578) Pause Full (Allocation Failure) 1878M->1359M(1979M) 1369,642ms
[299,367s][info][gc] GC(577) Pause Young (Allocation Failure) 1878M->1359M(1979M) 1369,705ms
[300,917s][info][gc] GC(580) Pause Full (Allocation Failure) 1880M->1361M(1979M) 1357,258ms
[300,917s][info][gc] GC(579) Pause Young (Allocation Failure) 1880M->1361M(1979M) 1357,390ms
[302,872s][info][gc] GC(582) Pause Full (Allocation Failure) 1885M->1362M(1979M) 1758,382ms
[302,873s][info][gc] GC(581) Pause Young (Allocation Failure) 1885M->1362M(1979M) 1758,471ms
[304,441s][info][gc] GC(584) Pause Full (Allocation Failure) 1887M->1364M(1979M) 1370,070ms
[304,441s][info][gc] GC(583) Pause Young (Allocation Failure) 1887M->1364M(1979M) 1370,163ms
[306,053s][info][gc] GC(586) Pause Full (Allocation Failure) 1888M->1366M(1979M) 1413,905ms
[306,053s][info][gc] GC(585) Pause Young (Allocation Failure) 1888M->1366M(1979M) 1414,016ms
[307,563s][info][gc] GC(587) Pause Full (Allocation Failure) 1719M->1367M(1979M) 1375,318ms
[309,414s][info][gc] GC(588) Pause Full (Allocation Failure) 1719M->1368M(1979M) 1715,616ms
[310,931s][info][gc] GC(589) Pause Full (Allocation Failure) 1720M->1370M(1979M) 1371,008ms
[312,496s][info][gc] GC(590) Pause Full (Allocation Failure) 1721M->1371M(1979M) 1434,060ms
[314,129s][info][gc] GC(591) Pause Full (Allocation Failure) 1722M->1372M(1979M) 1439,762ms
[315,664s][info][gc] GC(592) Pause Full (Allocation Failure) 1724M->1373M(1979M) 1399,349ms
[317,228s][info][gc] GC(593) Pause Full (Allocation Failure) 1725M->1375M(1979M) 1422,009ms
[318,799s][info][gc] GC(594) Pause Full (Allocation Failure) 1726M->1376M(1979M) 1437,138ms
[320,386s][info][gc] GC(595) Pause Full (Allocation Failure) 1728M->1377M(1979M) 1408,116ms
[321,913s][info][gc] GC(596) Pause Full (Allocation Failure) 1729M->1378M(1979M) 1395,178ms
[323,448s][info][gc] GC(597) Pause Full (Allocation Failure) 1731M->1379M(1979M) 1392,342ms
[325,056s][info][gc] GC(598) Pause Full (Allocation Failure) 1732M->1381M(1979M) 1436,913ms
[326,655s][info][gc] GC(599) Pause Full (Allocation Failure) 1734M->1382M(1979M) 1461,907ms
[328,188s][info][gc] GC(600) Pause Full (Allocation Failure) 1735M->1383M(1979M) 1399,433ms
[329,706s][info][gc] GC(601) Pause Full (Allocation Failure) 1737M->1384M(1979M) 1386,097ms
[331,233s][info][gc] GC(602) Pause Full (Allocation Failure) 1738M->1386M(1979M) 1394,288ms
[332,783s][info][gc] GC(603) Pause Full (Allocation Failure) 1740M->1387M(1979M) 1414,952ms
[334,364s][info][gc] GC(604) Pause Full (Allocation Failure) 1742M->1388M(1979M) 1448,908ms
[335,896s][info][gc] GC(605) Pause Full (Allocation Failure) 1743M->1389M(1979M) 1395,762ms
[337,440s][info][gc] GC(606) Pause Full (Allocation Failure) 1744M->1390M(1979M) 1408,856ms
[339,003s][info][gc] GC(607) Pause Full (Allocation Failure) 1746M->1392M(1979M) 1399,273ms
[340,556s][info][gc] GC(608) Pause Full (Allocation Failure) 1748M->1393M(1979M) 1418,209ms
[342,200s][info][gc] GC(609) Pause Full (Allocation Failure) 1749M->1394M(1979M) 1418,302ms
[343,782s][info][gc] GC(610) Pause Full (Allocation Failure) 1750M->1395M(1979M) 1446,990ms
[345,351s][info][gc] GC(611) Pause Full (Allocation Failure) 1752M->1397M(1979M) 1432,190ms
[346,947s][info][gc] GC(612) Pause Full (Allocation Failure) 1754M->1398M(1979M) 1462,373ms
[348,530s][info][gc] GC(613) Pause Full (Allocation Failure) 1755M->1399M(1979M) 1449,451ms
[350,083s][info][gc] GC(614) Pause Full (Allocation Failure) 1757M->1400M(1979M) 1412,108ms
[351,691s][info][gc] GC(615) Pause Full (Allocation Failure) 1758M->1401M(1979M) 1461,764ms
[353,238s][info][gc] GC(616) Pause Full (Allocation Failure) 1760M->1402M(1979M) 1408,024ms
[354,796s][info][gc] GC(617) Pause Full (Allocation Failure) 1761M->1404M(1979M) 1420,193ms
[356,372s][info][gc] GC(618) Pause Full (Allocation Failure) 1763M->1405M(1979M) 1439,728ms
[357,954s][info][gc] GC(619) Pause Full (Allocation Failure) 1764M->1406M(1979M) 1426,588ms
[359,528s][info][gc] GC(620) Pause Full (Allocation Failure) 1766M->1407M(1979M) 1441,159ms
[361,081s][info][gc] GC(621) Pause Full (Allocation Failure) 1769M->1409M(1979M) 1413,025ms
[362,632s][info][gc] GC(622) Pause Full (Allocation Failure) 1771M->1410M(1979M) 1415,131ms
[364,184s][info][gc] GC(623) Pause Full (Allocation Failure) 1771M->1411M(1979M) 1414,118ms
[365,862s][info][gc] GC(624) Pause Full (Allocation Failure) 1772M->1412M(1979M) 1541,339ms
[367,447s][info][gc] GC(625) Pause Full (Allocation Failure) 1773M->1413M(1979M) 1445,516ms
[369,021s][info][gc] GC(626) Pause Full (Allocation Failure) 1775M->1415M(1979M) 1437,779ms
[370,654s][info][gc] GC(627) Pause Full (Allocation Failure) 1777M->1416M(1979M) 1490,382ms
[372,246s][info][gc] GC(628) Pause Full (Allocation Failure) 1778M->1417M(1979M) 1454,745ms
[373,812s][info][gc] GC(629) Pause Full (Allocation Failure) 1779M->1418M(1979M) 1423,294ms
[375,368s][info][gc] GC(630) Pause Full (Allocation Failure) 1781M->1420M(1979M) 1422,058ms
[376,944s][info][gc] GC(631) Pause Full (Allocation Failure) 1783M->1421M(1979M) 1430,570ms
[378,550s][info][gc] GC(632) Pause Full (Allocation Failure) 1784M->1422M(1979M) 1468,406ms
[380,127s][info][gc] GC(633) Pause Full (Allocation Failure) 1785M->1423M(1979M) 1432,250ms
[381,749s][info][gc] GC(634) Pause Full (Allocation Failure) 1787M->1425M(1979M) 1483,807ms
[383,376s][info][gc] GC(635) Pause Full (Allocation Failure) 1789M->1426M(1979M) 1429,943ms
[385,044s][info][gc] GC(636) Pause Full (Allocation Failure) 1790M->1427M(1979M) 1499,888ms
[386,630s][info][gc] GC(637) Pause Full (Allocation Failure) 1792M->1428M(1979M) 1437,713ms
[388,199s][info][gc] GC(638) Pause Full (Allocation Failure) 1793M->1429M(1979M) 1432,475ms
[389,773s][info][gc] GC(639) Pause Full (Allocation Failure) 1795M->1431M(1979M) 1430,532ms
[391,361s][info][gc] GC(640) Pause Full (Allocation Failure) 1796M->1432M(1979M) 1445,945ms
[392,961s][info][gc] GC(641) Pause Full (Allocation Failure) 1798M->1433M(1979M) 1437,607ms
[394,535s][info][gc] GC(642) Pause Full (Allocation Failure) 1799M->1434M(1979M) 1438,323ms
[396,117s][info][gc] GC(643) Pause Full (Allocation Failure) 1801M->1436M(1979M) 1437,322ms
[397,662s][info][gc] GC(644) Pause Full (Allocation Failure) 1623M->1436M(1979M) 1469,562ms
[399,187s][info][gc] GC(645) Pause Full (Allocation Failure) 1622M->1436M(1979M) 1451,815ms
[400,718s][info][gc] GC(646) Pause Full (Allocation Failure) 1623M->1437M(1979M) 1456,119ms
[402,265s][info][gc] GC(647) Pause Full (Allocation Failure) 1623M->1438M(1979M) 1469,340ms
[403,911s][info][gc] GC(648) Pause Full (Allocation Failure) 1624M->1438M(1979M) 1572,457ms
[405,463s][info][gc] GC(649) Pause Full (Allocation Failure) 1624M->1439M(1979M) 1471,049ms
[406,992s][info][gc] GC(650) Pause Full (Allocation Failure) 1625M->1440M(1979M) 1457,119ms
[408,517s][info][gc] GC(651) Pause Full (Allocation Failure) 1625M->1440M(1979M) 1447,771ms
[410,042s][info][gc] GC(652) Pause Full (Allocation Failure) 1626M->1441M(1979M) 1447,981ms
[411,572s][info][gc] GC(653) Pause Full (Allocation Failure) 1627M->1441M(1979M) 1455,208ms
[413,093s][info][gc] GC(654) Pause Full (Allocation Failure) 1627M->1442M(1979M) 1450,908ms
[414,622s][info][gc] GC(655) Pause Full (Allocation Failure) 1628M->1443M(1979M) 1447,209ms
[416,174s][info][gc] GC(656) Pause Full (Allocation Failure) 1629M->1443M(1979M) 1473,774ms
[417,693s][info][gc] GC(657) Pause Full (Allocation Failure) 1630M->1444M(1979M) 1446,716ms
[419,282s][info][gc] GC(658) Pause Full (Allocation Failure) 1630M->1444M(1979M) 1516,226ms
[420,808s][info][gc] GC(659) Pause Full (Allocation Failure) 1631M->1445M(1979M) 1447,466ms
[422,369s][info][gc] GC(660) Pause Full (Allocation Failure) 1632M->1446M(1979M) 1487,505ms
[423,876s][info][gc] GC(661) Pause Full (Allocation Failure) 1632M->1446M(1979M) 1437,750ms
[425,385s][info][gc] GC(662) Pause Full (Allocation Failure) 1633M->1447M(1979M) 1436,904ms
[426,944s][info][gc] GC(663) Pause Full (Allocation Failure) 1634M->1447M(1979M) 1481,813ms
[428,494s][info][gc] GC(664) Pause Full (Allocation Failure) 1634M->1448M(1979M) 1477,198ms
[430,010s][info][gc] GC(665) Pause Full (Allocation Failure) 1635M->1449M(1979M) 1432,947ms
[431,541s][info][gc] GC(666) Pause Full (Allocation Failure) 1636M->1449M(1979M) 1439,737ms
[433,060s][info][gc] GC(667) Pause Full (Allocation Failure) 1636M->1450M(1979M) 1439,728ms
[434,567s][info][gc] GC(668) Pause Full (Allocation Failure) 1637M->1450M(1979M) 1433,224ms
[436,081s][info][gc] GC(669) Pause Full (Allocation Failure) 1638M->1451M(1979M) 1434,279ms
[437,591s][info][gc] GC(670) Pause Full (Allocation Failure) 1638M->1452M(1979M) 1434,461ms
[439,108s][info][gc] GC(671) Pause Full (Allocation Failure) 1639M->1452M(1979M) 1436,491ms
[440,759s][info][gc] GC(672) Pause Full (Allocation Failure) 1640M->1453M(1979M) 1574,042ms
[442,275s][info][gc] GC(673) Pause Full (Allocation Failure) 1640M->1454M(1979M) 1436,774ms
[443,788s][info][gc] GC(674) Pause Full (Allocation Failure) 1641M->1454M(1979M) 1435,138ms
[445,311s][info][gc] GC(675) Pause Full (Allocation Failure) 1642M->1455M(1979M) 1444,858ms
[446,826s][info][gc] GC(676) Pause Full (Allocation Failure) 1643M->1455M(1979M) 1438,950ms
[448,349s][info][gc] GC(677) Pause Full (Allocation Failure) 1643M->1456M(1979M) 1446,497ms
[449,864s][info][gc] GC(678) Pause Full (Allocation Failure) 1644M->1457M(1979M) 1439,872ms
[451,409s][info][gc] GC(679) Pause Full (Allocation Failure) 1645M->1457M(1979M) 1464,766ms
[452,963s][info][gc] GC(680) Pause Full (Allocation Failure) 1645M->1458M(1979M) 1479,889ms
[454,505s][info][gc] GC(681) Pause Full (Allocation Failure) 1646M->1458M(1979M) 1461,378ms
[456,057s][info][gc] GC(682) Pause Full (Allocation Failure) 1647M->1459M(1979M) 1476,035ms
[457,598s][info][gc] GC(683) Pause Full (Allocation Failure) 1647M->1460M(1979M) 1465,634ms
[459,189s][info][gc] GC(684) Pause Full (Allocation Failure) 1648M->1460M(1979M) 1518,596ms
[460,759s][info][gc] GC(685) Pause Full (Allocation Failure) 1649M->1461M(1979M) 1493,059ms
[462,304s][info][gc] GC(686) Pause Full (Allocation Failure) 1649M->1461M(1979M) 1467,661ms
[463,885s][info][gc] GC(687) Pause Full (Allocation Failure) 1650M->1462M(1979M) 1501,996ms
[465,428s][info][gc] GC(688) Pause Full (Allocation Failure) 1651M->1463M(1979M) 1464,989ms
[466,984s][info][gc] GC(689) Pause Full (Allocation Failure) 1651M->1463M(1979M) 1478,154ms
[468,524s][info][gc] GC(690) Pause Full (Allocation Failure) 1652M->1464M(1979M) 1465,477ms
[470,081s][info][gc] GC(691) Pause Full (Allocation Failure) 1653M->1464M(1979M) 1476,555ms
[471,662s][info][gc] GC(692) Pause Full (Allocation Failure) 1653M->1465M(1979M) 1507,074ms
[473,228s][info][gc] GC(693) Pause Full (Allocation Failure) 1654M->1466M(1979M) 1487,811ms
[474,783s][info][gc] GC(694) Pause Full (Allocation Failure) 1655M->1466M(1979M) 1477,133ms
[476,383s][info][gc] GC(695) Pause Full (Allocation Failure) 1656M->1467M(1979M) 1522,135ms
[477,961s][info][gc] GC(696) Pause Full (Allocation Failure) 1656M->1468M(1979M) 1493,189ms
[479,528s][info][gc] GC(697) Pause Full (Allocation Failure) 1657M->1468M(1979M) 1484,228ms
[481,131s][info][gc] GC(698) Pause Full (Allocation Failure) 1658M->1469M(1979M) 1522,477ms
[482,682s][info][gc] GC(699) Pause Full (Allocation Failure) 1659M->1469M(1979M) 1479,131ms
[484,283s][info][gc] GC(700) Pause Full (Allocation Failure) 1659M->1470M(1979M) 1514,444ms
[485,887s][info][gc] GC(701) Pause Full (Allocation Failure) 1660M->1471M(1979M) 1524,930ms
[487,450s][info][gc] GC(702) Pause Full (Allocation Failure) 1660M->1471M(1979M) 1485,869ms
[489,018s][info][gc] GC(703) Pause Full (Allocation Failure) 1661M->1472M(1979M) 1495,377ms
[490,629s][info][gc] GC(704) Pause Full (Allocation Failure) 1662M->1472M(1979M) 1530,668ms
[492,191s][info][gc] GC(705) Pause Full (Allocation Failure) 1662M->1473M(1979M) 1491,851ms
[493,763s][info][gc] GC(706) Pause Full (Allocation Failure) 1663M->1474M(1979M) 1486,662ms
[495,330s][info][gc] GC(707) Pause Full (Allocation Failure) 1664M->1474M(1979M) 1467,644ms
[496,874s][info][gc] GC(708) Pause Full (Allocation Failure) 1664M->1475M(1979M) 1463,493ms
[498,462s][info][gc] GC(709) Pause Full (Allocation Failure) 1665M->1475M(1979M) 1498,201ms
[500,029s][info][gc] GC(710) Pause Full (Allocation Failure) 1666M->1476M(1979M) 1484,765ms
[501,601s][info][gc] GC(711) Pause Full (Allocation Failure) 1666M->1477M(1979M) 1498,941ms
[503,174s][info][gc] GC(712) Pause Full (Allocation Failure) 1667M->1477M(1979M) 1494,128ms
[504,792s][info][gc] GC(713) Pause Full (Allocation Failure) 1668M->1478M(1979M) 1539,389ms
[506,366s][info][gc] GC(714) Pause Full (Allocation Failure) 1669M->1478M(1979M) 1496,144ms
[507,934s][info][gc] GC(715) Pause Full (Allocation Failure) 1669M->1479M(1979M) 1486,449ms
[509,507s][info][gc] GC(716) Pause Full (Allocation Failure) 1670M->1480M(1979M) 1490,458ms
[511,080s][info][gc] GC(717) Pause Full (Allocation Failure) 1671M->1480M(1979M) 1497,198ms
[512,655s][info][gc] GC(718) Pause Full (Allocation Failure) 1671M->1481M(1979M) 1494,005ms
[514,250s][info][gc] GC(719) Pause Full (Allocation Failure) 1672M->1482M(1979M) 1501,968ms
[515,867s][info][gc] GC(720) Pause Full (Allocation Failure) 1673M->1482M(1979M) 1538,526ms
[517,439s][info][gc] GC(721) Pause Full (Allocation Failure) 1673M->1483M(1979M) 1492,658ms
[519,023s][info][gc] GC(722) Pause Full (Allocation Failure) 1674M->1483M(1979M) 1506,072ms
[520,590s][info][gc] GC(723) Pause Full (Allocation Failure) 1675M->1484M(1979M) 1492,138ms
[522,160s][info][gc] GC(724) Pause Full (Allocation Failure) 1675M->1485M(1979M) 1495,342ms
[523,749s][info][gc] GC(725) Pause Full (Allocation Failure) 1676M->1485M(1979M) 1513,372ms
[525,318s][info][gc] GC(726) Pause Full (Allocation Failure) 1677M->1486M(1979M) 1496,774ms
[526,907s][info][gc] GC(727) Pause Full (Allocation Failure) 1677M->1486M(1979M) 1499,336ms
[528,480s][info][gc] GC(728) Pause Full (Allocation Failure) 1678M->1487M(1979M) 1498,133ms
[530,052s][info][gc] GC(729) Pause Full (Allocation Failure) 1679M->1488M(1979M) 1494,228ms
[531,622s][info][gc] GC(730) Pause Full (Allocation Failure) 1679M->1488M(1979M) 1499,849ms
[533,228s][info][gc] GC(731) Pause Full (Allocation Failure) 1680M->1489M(1979M) 1530,413ms
[534,865s][info][gc] GC(732) Pause Full (Allocation Failure) 1681M->1489M(1979M) 1562,422ms
[536,447s][info][gc] GC(733) Pause Full (Allocation Failure) 1682M->1490M(1979M) 1498,955ms
[538,031s][info][gc] GC(734) Pause Full (Allocation Failure) 1682M->1491M(1979M) 1506,972ms
[539,627s][info][gc] GC(735) Pause Full (Allocation Failure) 1683M->1491M(1979M) 1510,946ms
[541,200s][info][gc] GC(736) Pause Full (Allocation Failure) 1684M->1492M(1979M) 1501,270ms
[542,815s][info][gc] GC(737) Pause Full (Allocation Failure) 1685M->1492M(1979M) 1541,924ms
[544,411s][info][gc] GC(738) Pause Full (Allocation Failure) 1685M->1493M(1979M) 1516,865ms
[545,999s][info][gc] GC(739) Pause Full (Allocation Failure) 1686M->1494M(1979M) 1503,168ms
[547,686s][info][gc] GC(740) Pause Full (Allocation Failure) 1686M->1494M(1979M) 1609,713ms
[549,442s][info][gc] GC(741) Pause Full (Allocation Failure) 1687M->1495M(1979M) 1634,360ms
[551,153s][info][gc] GC(742) Pause Full (Allocation Failure) 1688M->1496M(1979M) 1635,853ms
[552,857s][info][gc] GC(743) Pause Full (Allocation Failure) 1688M->1496M(1979M) 1612,154ms
[554,999s][info][gc] GC(744) Pause Full (Allocation Failure) 1689M->1497M(1979M) 2072,014ms
[556,763s][info][gc] GC(745) Pause Full (Allocation Failure) 1690M->1497M(1979M) 1662,133ms
[558,448s][info][gc] GC(746) Pause Full (Allocation Failure) 1690M->1498M(1979M) 1608,375ms
[560,086s][info][gc] GC(747) Pause Full (Allocation Failure) 1691M->1498M(1979M) 1542,168ms
[562,140s][info][gc] GC(748) Pause Full (Allocation Failure) 1692M->1499M(1979M) 1973,075ms
[563,724s][info][gc] GC(749) Pause Full (Allocation Failure) 1692M->1499M(1979M) 1499,621ms
[565,304s][info][gc] GC(750) Pause Full (Allocation Failure) 1693M->1500M(1979M) 1504,718ms
[566,918s][info][gc] GC(751) Pause Full (Allocation Failure) 1693M->1501M(1979M) 1522,201ms
[568,795s][info][gc] GC(752) Pause Full (Allocation Failure) 1694M->1501M(1979M) 1801,031ms
[570,390s][info][gc] GC(753) Pause Full (Allocation Failure) 1695M->1502M(1979M) 1513,219ms
[572,028s][info][gc] GC(754) Pause Full (Allocation Failure) 1695M->1502M(1979M) 1553,511ms
[573,635s][info][gc] GC(755) Pause Full (Allocation Failure) 1696M->1503M(1979M) 1521,819ms
[575,247s][info][gc] GC(756) Pause Full (Allocation Failure) 1697M->1504M(1979M) 1534,463ms
[576,848s][info][gc] GC(757) Pause Full (Allocation Failure) 1698M->1504M(1979M) 1522,103ms
[578,453s][info][gc] GC(758) Pause Full (Allocation Failure) 1698M->1505M(1979M) 1528,463ms
[580,077s][info][gc] GC(759) Pause Full (Allocation Failure) 1699M->1505M(1979M) 1542,972ms
[581,666s][info][gc] GC(760) Pause Full (Allocation Failure) 1700M->1506M(1979M) 1513,482ms
[583,292s][info][gc] GC(761) Pause Full (Allocation Failure) 1700M->1507M(1979M) 1546,704ms
[584,884s][info][gc] GC(762) Pause Full (Allocation Failure) 1701M->1507M(1979M) 1515,391ms
[586,506s][info][gc] GC(763) Pause Full (Allocation Failure) 1702M->1508M(1979M) 1540,286ms
[588,104s][info][gc] GC(764) Pause Full (Allocation Failure) 1702M->1508M(1979M) 1521,031ms
[589,701s][info][gc] GC(765) Pause Full (Allocation Failure) 1703M->1509M(1979M) 1518,629ms
[591,306s][info][gc] GC(766) Pause Full (Allocation Failure) 1704M->1510M(1979M) 1527,186ms
[592,908s][info][gc] GC(767) Pause Full (Allocation Failure) 1704M->1510M(1979M) 1530,240ms
[594,507s][info][gc] GC(768) Pause Full (Allocation Failure) 1705M->1511M(1979M) 1521,548ms
[596,108s][info][gc] GC(769) Pause Full (Allocation Failure) 1706M->1511M(1979M) 1519,778ms
[597,699s][info][gc] GC(770) Pause Full (Allocation Failure) 1706M->1512M(1979M) 1521,294ms
[599,304s][info][gc] GC(771) Pause Full (Allocation Failure) 1707M->1513M(1979M) 1524,148ms
[601,326s][info][gc] GC(772) Pause Full (Allocation Failure) 1708M->1513M(1979M) 1949,657ms
[603,084s][info][gc] GC(773) Pause Full (Allocation Failure) 1709M->1514M(1979M) 1677,316ms
[604,790s][info][gc] GC(774) Pause Full (Allocation Failure) 1710M->1514M(1979M) 1625,300ms
[606,411s][info][gc] GC(775) Pause Full (Allocation Failure) 1710M->1515M(1979M) 1540,404ms
[608,453s][info][gc] GC(776) Pause Full (Allocation Failure) 1710M->1516M(1979M) 1965,215ms
[610,052s][info][gc] GC(777) Pause Full (Allocation Failure) 1711M->1516M(1979M) 1515,940ms
[611,652s][info][gc] GC(778) Pause Full (Allocation Failure) 1712M->1517M(1979M) 1522,594ms
[613,255s][info][gc] GC(779) Pause Full (Allocation Failure) 1713M->1518M(1979M) 1521,718ms
[614,851s][info][gc] GC(780) Pause Full (Allocation Failure) 1713M->1518M(1979M) 1523,065ms
[616,458s][info][gc] GC(781) Pause Full (Allocation Failure) 1714M->1519M(1979M) 1527,227ms
[618,067s][info][gc] GC(782) Pause Full (Allocation Failure) 1715M->1519M(1979M) 1532,598ms
[619,703s][info][gc] GC(783) Pause Full (Allocation Failure) 1715M->1520M(1979M) 1556,436ms
[621,371s][info][gc] GC(784) Pause Full (Allocation Failure) 1716M->1521M(1979M) 1576,191ms
[623,073s][info][gc] GC(785) Pause Full (Allocation Failure) 1717M->1521M(1979M) 1595,474ms
[624,791s][info][gc] GC(786) Pause Full (Allocation Failure) 1717M->1522M(1979M) 1563,280ms
[626,492s][info][gc] GC(787) Pause Full (Allocation Failure) 1718M->1522M(1979M) 1602,127ms
[628,234s][info][gc] GC(788) Pause Full (Allocation Failure) 1719M->1523M(1979M) 1650,277ms
[630,040s][info][gc] GC(789) Pause Full (Allocation Failure) 1719M->1524M(1979M) 1712,513ms
[631,791s][info][gc] GC(790) Pause Full (Allocation Failure) 1720M->1524M(1979M) 1667,691ms
[633,455s][info][gc] GC(791) Pause Full (Allocation Failure) 1721M->1525M(1979M) 1594,791ms
[635,161s][info][gc] GC(792) Pause Full (Allocation Failure) 1721M->1525M(1979M) 1637,502ms
[636,944s][info][gc] GC(793) Pause Full (Allocation Failure) 1722M->1526M(1979M) 1690,860ms
[638,765s][info][gc] GC(794) Pause Full (Allocation Failure) 1723M->1527M(1979M) 1716,960ms
[640,580s][info][gc] GC(795) Pause Full (Allocation Failure) 1724M->1527M(1979M) 1699,186ms
[642,203s][info][gc] GC(796) Pause Full (Allocation Failure) 1724M->1528M(1979M) 1553,483ms
[644,006s][info][gc] GC(797) Pause Full (Allocation Failure) 1725M->1528M(1979M) 1726,156ms
[645,802s][info][gc] GC(798) Pause Full (Allocation Failure) 1726M->1529M(1979M) 1703,948ms
[647,483s][info][gc] GC(799) Pause Full (Allocation Failure) 1726M->1530M(1979M) 1599,498ms
[649,147s][info][gc] GC(800) Pause Full (Allocation Failure) 1727M->1530M(1979M) 1584,424ms
[650,818s][info][gc] GC(801) Pause Full (Allocation Failure) 1728M->1531M(1979M) 1592,084ms
[652,593s][info][gc] GC(802) Pause Full (Allocation Failure) 1728M->1531M(1979M) 1677,228ms
[654,269s][info][gc] GC(803) Pause Full (Allocation Failure) 1729M->1532M(1979M) 1566,826ms
[655,883s][info][gc] GC(804) Pause Full (Allocation Failure) 1730M->1533M(1979M) 1535,073ms
[657,538s][info][gc] GC(805) Pause Full (Allocation Failure) 1730M->1533M(1979M) 1562,346ms
[659,142s][info][gc] GC(806) Pause Full (Allocation Failure) 1731M->1534M(1979M) 1520,052ms
[660,758s][info][gc] GC(807) Pause Full (Allocation Failure) 1732M->1535M(1979M) 1531,835ms
[662,384s][info][gc] GC(808) Pause Full (Allocation Failure) 1732M->1535M(1979M) 1546,837ms
[664,040s][info][gc] GC(809) Pause Full (Allocation Failure) 1733M->1536M(1979M) 1577,228ms
[665,673s][info][gc] GC(810) Pause Full (Allocation Failure) 1734M->1536M(1979M) 1553,728ms
[667,326s][info][gc] GC(811) Pause Full (Allocation Failure) 1734M->1537M(1979M) 1571,404ms
