[0.004s][info][gc] Using Serial
[0,498s][info][gc] GC(0) Pause Young (Allocation Failure) 273M->42M(989M) 72,078ms
[0,758s][info][gc] GC(1) Pause Young (Allocation Failure) 312M->63M(989M) 80,172ms
[0,976s][info][gc] GC(2) Pause Young (Allocation Failure) 334M->79M(989M) 46,235ms
[1,171s][info][gc] GC(3) Pause Young (Allocation Failure) 349M->93M(989M) 41,698ms
[1,359s][info][gc] GC(4) Pause Young (Allocation Failure) 356M->105M(989M) 39,857ms
[1,524s][info][gc] GC(5) Pause Young (Allocation Failure) 372M->116M(989M) 28,802ms
[1,637s][info][gc] GC(6) Pause Young (Allocation Failure) 377M->125M(989M) 26,489ms
[1,755s][info][gc] GC(7) Pause Young (Allocation Failure) 389M->135M(989M) 24,383ms
[1,872s][info][gc] GC(8) Pause Young (Allocation Failure) 397M->143M(989M) 24,976ms
[1,996s][info][gc] GC(9) Pause Young (Allocation Failure) 415M->152M(989M) 23,886ms
[2,114s][info][gc] GC(10) Pause Young (Allocation Failure) 419M->160M(989M) 23,463ms
[2,233s][info][gc] GC(11) Pause Young (Allocation Failure) 419M->167M(989M) 24,124ms
[2,357s][info][gc] GC(12) Pause Young (Allocation Failure) 437M->174M(989M) 22,493ms
[2,473s][info][gc] GC(13) Pause Young (Allocation Failure) 433M->181M(989M) 24,723ms
[2,601s][info][gc] GC(14) Pause Young (Allocation Failure) 449M->188M(989M) 23,720ms
[2,715s][info][gc] GC(15) Pause Young (Allocation Failure) 441M->194M(989M) 22,765ms
[2,859s][info][gc] GC(16) Pause Young (Allocation Failure) 457M->200M(989M) 27,865ms
[3,027s][info][gc] GC(17) Pause Young (Allocation Failure) 473M->206M(989M) 29,800ms
[3,166s][info][gc] GC(18) Pause Young (Allocation Failure) 479M->213M(989M) 23,961ms
[3,300s][info][gc] GC(19) Pause Young (Allocation Failure) 471M->218M(989M) 23,967ms
[3,451s][info][gc] GC(20) Pause Young (Allocation Failure) 478M->224M(989M) 28,695ms
[3,603s][info][gc] GC(21) Pause Young (Allocation Failure) 488M->229M(989M) 24,826ms
[3,726s][info][gc] GC(22) Pause Young (Allocation Failure) 499M->235M(989M) 23,563ms
[3,863s][info][gc] GC(23) Pause Young (Allocation Failure) 481M->240M(989M) 23,514ms
[3,994s][info][gc] GC(24) Pause Young (Allocation Failure) 491M->244M(989M) 26,267ms
[4,123s][info][gc] GC(25) Pause Young (Allocation Failure) 500M->249M(989M) 25,801ms
[4,240s][info][gc] GC(26) Pause Young (Allocation Failure) 510M->254M(989M) 23,216ms
[4,367s][info][gc] GC(27) Pause Young (Allocation Failure) 520M->259M(989M) 22,909ms
[4,495s][info][gc] GC(28) Pause Young (Allocation Failure) 501M->263M(989M) 22,499ms
[4,606s][info][gc] GC(29) Pause Young (Allocation Failure) 505M->268M(989M) 22,680ms
[4,720s][info][gc] GC(30) Pause Young (Allocation Failure) 513M->272M(989M) 23,001ms
[4,843s][info][gc] GC(31) Pause Young (Allocation Failure) 521M->276M(989M) 29,859ms
[4,971s][info][gc] GC(32) Pause Young (Allocation Failure) 529M->315M(989M) 37,210ms
[5,109s][info][gc] GC(33) Pause Young (Allocation Failure) 571M->354M(989M) 39,519ms
[5,259s][info][gc] GC(34) Pause Young (Allocation Failure) 614M->393M(989M) 45,970ms
[5,404s][info][gc] GC(35) Pause Young (Allocation Failure) 657M->433M(989M) 51,720ms
[5,568s][info][gc] GC(36) Pause Young (Allocation Failure) 703M->474M(989M) 58,947ms
[5,744s][info][gc] GC(37) Pause Young (Allocation Failure) 746M->515M(989M) 58,516ms
[5,892s][info][gc] GC(38) Pause Young (Allocation Failure) 753M->556M(989M) 56,969ms
[6,062s][info][gc] GC(39) Pause Young (Allocation Failure) 796M->598M(989M) 70,421ms
[6,233s][info][gc] GC(40) Pause Young (Allocation Failure) 841M->640M(989M) 56,659ms
[6,706s][info][gc] GC(42) Pause Full (Allocation Failure) 885M->316M(989M) 369,971ms
[6,706s][info][gc] GC(41) Pause Young (Allocation Failure) 885M->316M(989M) 370,027ms
[6,872s][info][gc] GC(43) Pause Young (Allocation Failure) 566M->359M(989M) 27,300ms
[6,997s][info][gc] GC(44) Pause Young (Allocation Failure) 610M->403M(989M) 24,502ms
[7,128s][info][gc] GC(45) Pause Young (Allocation Failure) 656M->447M(989M) 29,439ms
[7,249s][info][gc] GC(46) Pause Young (Allocation Failure) 703M->491M(989M) 31,625ms
[7,385s][info][gc] GC(47) Pause Young (Allocation Failure) 750M->536M(989M) 36,547ms
[7,531s][info][gc] GC(48) Pause Young (Allocation Failure) 798M->581M(989M) 41,802ms
[7,671s][info][gc] GC(49) Pause Young (Allocation Failure) 846M->627M(989M) 46,787ms
[7,820s][info][gc] GC(50) Pause Young (Allocation Failure) 894M->673M(989M) 55,679ms
[8,290s][info][gc] GC(52) Pause Full (Allocation Failure) 943M->349M(989M) 378,380ms
[8,290s][info][gc] GC(51) Pause Young (Allocation Failure) 943M->349M(989M) 378,441ms
[8,403s][info][gc] GC(53) Pause Young (Allocation Failure) 579M->396M(989M) 25,004ms
[8,513s][info][gc] GC(54) Pause Young (Allocation Failure) 627M->443M(989M) 23,506ms
[8,628s][info][gc] GC(55) Pause Young (Allocation Failure) 675M->490M(989M) 29,107ms
[8,748s][info][gc] GC(56) Pause Young (Allocation Failure) 725M->537M(989M) 35,509ms
[8,868s][info][gc] GC(57) Pause Young (Allocation Failure) 774M->585M(989M) 34,888ms
[8,992s][info][gc] GC(58) Pause Young (Allocation Failure) 824M->634M(989M) 39,856ms
[9,467s][info][gc] GC(60) Pause Full (Allocation Failure) 874M->371M(989M) 385,482ms
[9,467s][info][gc] GC(59) Pause Young (Allocation Failure) 874M->371M(989M) 385,570ms
[9,587s][info][gc] GC(61) Pause Young (Allocation Failure) 613M->420M(989M) 24,100ms
[9,702s][info][gc] GC(62) Pause Young (Allocation Failure) 664M->469M(989M) 27,150ms
[9,821s][info][gc] GC(63) Pause Young (Allocation Failure) 716M->519M(989M) 30,922ms
[9,943s][info][gc] GC(64) Pause Young (Allocation Failure) 767M->570M(989M) 34,279ms
[10,067s][info][gc] GC(65) Pause Young (Allocation Failure) 819M->620M(989M) 35,946ms
[10,206s][info][gc] GC(66) Pause Young (Allocation Failure) 872M->671M(989M) 42,179ms
[10,817s][info][gc] GC(68) Pause Full (Allocation Failure) 925M->392M(989M) 520,730ms
[10,817s][info][gc] GC(67) Pause Young (Allocation Failure) 925M->392M(989M) 520,788ms
[10,946s][info][gc] GC(69) Pause Young (Allocation Failure) 648M->444M(989M) 25,007ms
[11,077s][info][gc] GC(70) Pause Young (Allocation Failure) 701M->496M(989M) 29,495ms
[11,204s][info][gc] GC(71) Pause Young (Allocation Failure) 755M->548M(989M) 31,569ms
[11,329s][info][gc] GC(72) Pause Young (Allocation Failure) 810M->601M(989M) 33,335ms
[11,472s][info][gc] GC(73) Pause Young (Allocation Failure) 865M->655M(989M) 40,369ms
[11,997s][info][gc] GC(75) Pause Full (Allocation Failure) 920M->410M(989M) 422,832ms
[11,997s][info][gc] GC(74) Pause Young (Allocation Failure) 920M->410M(989M) 422,897ms
[12,121s][info][gc] GC(76) Pause Young (Allocation Failure) 677M->464M(989M) 26,030ms
[12,247s][info][gc] GC(77) Pause Young (Allocation Failure) 733M->519M(989M) 28,375ms
[12,378s][info][gc] GC(78) Pause Young (Allocation Failure) 790M->574M(989M) 34,120ms
[12,520s][info][gc] GC(79) Pause Young (Allocation Failure) 847M->629M(989M) 37,834ms
[13,057s][info][gc] GC(81) Pause Full (Allocation Failure) 902M->425M(989M) 439,327ms
[13,057s][info][gc] GC(80) Pause Young (Allocation Failure) 902M->425M(989M) 439,414ms
[13,184s][info][gc] GC(82) Pause Young (Allocation Failure) 698M->481M(989M) 27,403ms
[13,308s][info][gc] GC(83) Pause Young (Allocation Failure) 701M->537M(989M) 37,421ms
[13,431s][info][gc] GC(84) Pause Young (Allocation Failure) 758M->593M(989M) 34,185ms
[13,548s][info][gc] GC(85) Pause Young (Allocation Failure) 815M->650M(989M) 33,897ms
[14,036s][info][gc] GC(87) Pause Full (Allocation Failure) 873M->438M(989M) 411,420ms
[14,036s][info][gc] GC(86) Pause Young (Allocation Failure) 873M->438M(989M) 411,498ms
[14,130s][info][gc] GC(88) Pause Young (Allocation Failure) 663M->495M(989M) 23,523ms
[14,224s][info][gc] GC(89) Pause Young (Allocation Failure) 721M->553M(989M) 25,821ms
[14,331s][info][gc] GC(90) Pause Young (Allocation Failure) 780M->610M(989M) 29,007ms
[14,442s][info][gc] GC(91) Pause Young (Allocation Failure) 838M->668M(989M) 33,529ms
[14,975s][info][gc] GC(93) Pause Full (Allocation Failure) 897M->450M(989M) 462,516ms
[14,975s][info][gc] GC(92) Pause Young (Allocation Failure) 897M->450M(989M) 462,600ms
[15,071s][info][gc] GC(94) Pause Young (Allocation Failure) 681M->509M(989M) 24,900ms
[15,168s][info][gc] GC(95) Pause Young (Allocation Failure) 741M->568M(989M) 27,339ms
[15,268s][info][gc] GC(96) Pause Young (Allocation Failure) 801M->627M(989M) 29,008ms
[15,761s][info][gc] GC(98) Pause Full (Allocation Failure) 861M->460M(989M) 421,219ms
[15,761s][info][gc] GC(97) Pause Young (Allocation Failure) 861M->460M(989M) 421,291ms
[15,867s][info][gc] GC(99) Pause Young (Allocation Failure) 696M->520M(989M) 25,671ms
[15,972s][info][gc] GC(100) Pause Young (Allocation Failure) 757M->580M(989M) 27,612ms
[16,077s][info][gc] GC(101) Pause Young (Allocation Failure) 818M->640M(989M) 30,400ms
[16,623s][info][gc] GC(103) Pause Full (Allocation Failure) 879M->470M(989M) 464,235ms
[16,623s][info][gc] GC(102) Pause Young (Allocation Failure) 879M->470M(989M) 464,312ms
[16,732s][info][gc] GC(104) Pause Young (Allocation Failure) 710M->531M(989M) 25,717ms
[16,834s][info][gc] GC(105) Pause Young (Allocation Failure) 772M->592M(989M) 27,384ms
[16,936s][info][gc] GC(106) Pause Young (Allocation Failure) 835M->654M(989M) 29,637ms
[17,449s][info][gc] GC(108) Pause Full (Allocation Failure) 898M->480M(989M) 439,882ms
[17,449s][info][gc] GC(107) Pause Young (Allocation Failure) 898M->480M(989M) 439,960ms
[17,560s][info][gc] GC(109) Pause Young (Allocation Failure) 725M->542M(989M) 26,642ms
[17,663s][info][gc] GC(110) Pause Young (Allocation Failure) 788M->604M(989M) 28,354ms
[18,243s][info][gc] GC(112) Pause Full (Allocation Failure) 852M->487M(989M) 505,640ms
[18,243s][info][gc] GC(111) Pause Young (Allocation Failure) 852M->487M(989M) 505,721ms
[18,347s][info][gc] GC(113) Pause Young (Allocation Failure) 736M->550M(989M) 26,335ms
[18,461s][info][gc] GC(114) Pause Young (Allocation Failure) 800M->613M(989M) 29,324ms
[18,984s][info][gc] GC(116) Pause Full (Allocation Failure) 865M->494M(989M) 444,154ms
[18,984s][info][gc] GC(115) Pause Young (Allocation Failure) 865M->494M(989M) 444,228ms
[19,086s][info][gc] GC(117) Pause Young (Allocation Failure) 747M->558M(989M) 26,376ms
[19,193s][info][gc] GC(118) Pause Young (Allocation Failure) 812M->622M(989M) 29,915ms
[19,722s][info][gc] GC(120) Pause Full (Allocation Failure) 877M->501M(989M) 450,830ms
[19,722s][info][gc] GC(119) Pause Young (Allocation Failure) 877M->501M(989M) 450,904ms
[19,837s][info][gc] GC(121) Pause Young (Allocation Failure) 758M->566M(989M) 28,290ms
[19,950s][info][gc] GC(122) Pause Young (Allocation Failure) 824M->632M(989M) 34,518ms
[20,485s][info][gc] GC(124) Pause Full (Allocation Failure) 890M->509M(989M) 456,679ms
[20,485s][info][gc] GC(123) Pause Young (Allocation Failure) 890M->509M(989M) 456,753ms
[20,604s][info][gc] GC(125) Pause Young (Allocation Failure) 769M->575M(989M) 30,132ms
[20,721s][info][gc] GC(126) Pause Young (Allocation Failure) 836M->641M(989M) 29,416ms
[21,337s][info][gc] GC(128) Pause Full (Allocation Failure) 903M->516M(989M) 536,833ms
[21,337s][info][gc] GC(127) Pause Young (Allocation Failure) 903M->516M(989M) 536,903ms
[21,454s][info][gc] GC(129) Pause Young (Allocation Failure) 780M->583M(989M) 27,954ms
[21,565s][info][gc] GC(130) Pause Young (Allocation Failure) 848M->650M(989M) 30,032ms
[22,139s][info][gc] GC(132) Pause Full (Allocation Failure) 916M->523M(989M) 494,831ms
[22,139s][info][gc] GC(131) Pause Young (Allocation Failure) 916M->523M(989M) 494,902ms
[22,248s][info][gc] GC(133) Pause Young (Allocation Failure) 791M->591M(989M) 28,023ms
[22,830s][info][gc] GC(135) Pause Full (Allocation Failure) 859M->528M(989M) 500,428ms
[22,830s][info][gc] GC(134) Pause Young (Allocation Failure) 859M->528M(989M) 500,496ms
[22,946s][info][gc] GC(136) Pause Young (Allocation Failure) 798M->597M(989M) 28,447ms
[23,512s][info][gc] GC(138) Pause Full (Allocation Failure) 867M->533M(989M) 484,027ms
[23,512s][info][gc] GC(137) Pause Young (Allocation Failure) 867M->533M(989M) 484,100ms
[23,630s][info][gc] GC(139) Pause Young (Allocation Failure) 805M->602M(989M) 28,924ms
[24,181s][info][gc] GC(141) Pause Full (Allocation Failure) 808M->537M(989M) 488,957ms
[24,181s][info][gc] GC(140) Pause Young (Allocation Failure) 808M->537M(989M) 489,032ms
[24,271s][info][gc] GC(142) Pause Young (Allocation Failure) 744M->606M(989M) 28,216ms
[24,818s][info][gc] GC(144) Pause Full (Allocation Failure) 814M->541M(989M) 484,434ms
[24,818s][info][gc] GC(143) Pause Young (Allocation Failure) 814M->541M(989M) 484,505ms
[24,920s][info][gc] GC(145) Pause Young (Allocation Failure) 749M->610M(989M) 28,501ms
[25,469s][info][gc] GC(147) Pause Full (Allocation Failure) 819M->545M(989M) 484,460ms
[25,469s][info][gc] GC(146) Pause Young (Allocation Failure) 819M->545M(989M) 484,529ms
[25,571s][info][gc] GC(148) Pause Young (Allocation Failure) 754M->614M(989M) 29,830ms
[26,125s][info][gc] GC(150) Pause Full (Allocation Failure) 825M->548M(989M) 491,714ms
[26,125s][info][gc] GC(149) Pause Young (Allocation Failure) 825M->548M(989M) 491,785ms
[26,227s][info][gc] GC(151) Pause Young (Allocation Failure) 759M->619M(989M) 29,862ms
[26,791s][info][gc] GC(153) Pause Full (Allocation Failure) 830M->552M(989M) 500,672ms
[26,792s][info][gc] GC(152) Pause Young (Allocation Failure) 830M->552M(989M) 500,748ms
[26,892s][info][gc] GC(154) Pause Young (Allocation Failure) 764M->623M(989M) 30,530ms
[27,452s][info][gc] GC(156) Pause Full (Allocation Failure) 836M->556M(989M) 495,840ms
[27,452s][info][gc] GC(155) Pause Young (Allocation Failure) 836M->556M(989M) 495,910ms
[27,552s][info][gc] GC(157) Pause Young (Allocation Failure) 769M->627M(989M) 29,113ms
[28,175s][info][gc] GC(159) Pause Full (Allocation Failure) 841M->559M(989M) 528,964ms
[28,175s][info][gc] GC(158) Pause Young (Allocation Failure) 841M->559M(989M) 529,074ms
[28,271s][info][gc] GC(160) Pause Young (Allocation Failure) 774M->631M(989M) 30,176ms
[28,845s][info][gc] GC(162) Pause Full (Allocation Failure) 847M->563M(989M) 507,922ms
[28,845s][info][gc] GC(161) Pause Young (Allocation Failure) 847M->563M(989M) 507,997ms
[28,948s][info][gc] GC(163) Pause Young (Allocation Failure) 780M->635M(989M) 29,815ms
[29,551s][info][gc] GC(165) Pause Full (Allocation Failure) 852M->566M(989M) 530,652ms
[29,551s][info][gc] GC(164) Pause Young (Allocation Failure) 852M->566M(989M) 530,731ms
[29,654s][info][gc] GC(166) Pause Young (Allocation Failure) 784M->639M(989M) 29,998ms
[30,232s][info][gc] GC(168) Pause Full (Allocation Failure) 858M->570M(989M) 510,591ms
[30,232s][info][gc] GC(167) Pause Young (Allocation Failure) 858M->570M(989M) 510,669ms
[30,812s][info][gc] GC(170) Pause Full (Allocation Failure) 789M->572M(989M) 514,168ms
[30,812s][info][gc] GC(169) Pause Young (Allocation Failure) 789M->572M(989M) 514,240ms
[31,403s][info][gc] GC(172) Pause Full (Allocation Failure) 792M->574M(989M) 518,303ms
[31,404s][info][gc] GC(171) Pause Young (Allocation Failure) 792M->574M(989M) 518,386ms
[31,996s][info][gc] GC(174) Pause Full (Allocation Failure) 795M->576M(989M) 519,609ms
[31,996s][info][gc] GC(173) Pause Young (Allocation Failure) 795M->576M(989M) 519,683ms
[32,094s][info][gc] GC(175) Pause Young (Allocation Failure) 797M->649M(989M) 30,842ms
[32,681s][info][gc] GC(177) Pause Full (Allocation Failure) 871M->579M(989M) 521,116ms
[32,681s][info][gc] GC(176) Pause Young (Allocation Failure) 871M->579M(989M) 521,188ms
[33,277s][info][gc] GC(179) Pause Full (Allocation Failure) 802M->581M(989M) 522,800ms
[33,277s][info][gc] GC(178) Pause Young (Allocation Failure) 802M->581M(989M) 522,874ms
[33,872s][info][gc] GC(181) Pause Full (Allocation Failure) 805M->583M(989M) 525,629ms
[33,872s][info][gc] GC(180) Pause Young (Allocation Failure) 805M->583M(989M) 525,724ms
[34,477s][info][gc] GC(183) Pause Full (Allocation Failure) 807M->585M(989M) 529,892ms
[34,478s][info][gc] GC(182) Pause Young (Allocation Failure) 807M->585M(989M) 529,965ms
[35,084s][info][gc] GC(185) Pause Full (Allocation Failure) 810M->587M(989M) 529,076ms
[35,084s][info][gc] GC(184) Pause Young (Allocation Failure) 810M->587M(989M) 529,149ms
[35,685s][info][gc] GC(187) Pause Full (Allocation Failure) 812M->588M(989M) 532,917ms
[35,685s][info][gc] GC(186) Pause Young (Allocation Failure) 812M->588M(989M) 532,989ms
[36,293s][info][gc] GC(189) Pause Full (Allocation Failure) 815M->590M(989M) 533,290ms
[36,293s][info][gc] GC(188) Pause Young (Allocation Failure) 815M->590M(989M) 533,363ms
[36,901s][info][gc] GC(191) Pause Full (Allocation Failure) 817M->592M(989M) 539,472ms
[36,901s][info][gc] GC(190) Pause Young (Allocation Failure) 817M->592M(989M) 539,545ms
[37,518s][info][gc] GC(193) Pause Full (Allocation Failure) 820M->594M(989M) 536,576ms
[37,518s][info][gc] GC(192) Pause Young (Allocation Failure) 820M->594M(989M) 536,648ms
[38,128s][info][gc] GC(195) Pause Full (Allocation Failure) 822M->596M(989M) 532,982ms
[38,128s][info][gc] GC(194) Pause Young (Allocation Failure) 822M->596M(989M) 533,053ms
[38,732s][info][gc] GC(197) Pause Full (Allocation Failure) 825M->598M(989M) 535,092ms
[38,733s][info][gc] GC(196) Pause Young (Allocation Failure) 825M->598M(989M) 535,162ms
[39,355s][info][gc] GC(199) Pause Full (Allocation Failure) 827M->599M(989M) 546,497ms
[39,355s][info][gc] GC(198) Pause Young (Allocation Failure) 827M->599M(989M) 546,572ms
[40,007s][info][gc] GC(201) Pause Full (Allocation Failure) 830M->601M(989M) 563,048ms
[40,007s][info][gc] GC(200) Pause Young (Allocation Failure) 830M->601M(989M) 563,119ms
[40,640s][info][gc] GC(203) Pause Full (Allocation Failure) 832M->603M(989M) 564,775ms
[40,640s][info][gc] GC(202) Pause Young (Allocation Failure) 832M->603M(989M) 564,868ms
[41,282s][info][gc] GC(205) Pause Full (Allocation Failure) 835M->605M(989M) 565,243ms
[41,282s][info][gc] GC(204) Pause Young (Allocation Failure) 835M->605M(989M) 565,318ms
[42,023s][info][gc] GC(207) Pause Full (Allocation Failure) 837M->607M(989M) 670,529ms
[42,023s][info][gc] GC(206) Pause Young (Allocation Failure) 837M->607M(989M) 670,609ms
[42,651s][info][gc] GC(209) Pause Full (Allocation Failure) 840M->608M(989M) 549,778ms
[42,651s][info][gc] GC(208) Pause Young (Allocation Failure) 840M->608M(989M) 549,875ms
[43,277s][info][gc] GC(211) Pause Full (Allocation Failure) 842M->610M(989M) 550,629ms
[43,277s][info][gc] GC(210) Pause Young (Allocation Failure) 842M->610M(989M) 550,700ms
[43,900s][info][gc] GC(213) Pause Full (Allocation Failure) 845M->612M(989M) 550,971ms
[43,900s][info][gc] GC(212) Pause Young (Allocation Failure) 845M->612M(989M) 551,041ms
[44,542s][info][gc] GC(215) Pause Full (Allocation Failure) 853M->614M(989M) 558,660ms
[44,542s][info][gc] GC(214) Pause Young (Allocation Failure) 853M->614M(989M) 558,733ms
[45,172s][info][gc] GC(217) Pause Full (Allocation Failure) 850M->616M(989M) 551,979ms
[45,172s][info][gc] GC(216) Pause Young (Allocation Failure) 850M->616M(989M) 552,034ms
[45,801s][info][gc] GC(219) Pause Full (Allocation Failure) 852M->618M(989M) 553,006ms
[45,801s][info][gc] GC(218) Pause Young (Allocation Failure) 852M->618M(989M) 553,079ms
[46,457s][info][gc] GC(221) Pause Full (Allocation Failure) 855M->620M(989M) 557,826ms
[46,457s][info][gc] GC(220) Pause Young (Allocation Failure) 855M->620M(989M) 557,894ms
[47,105s][info][gc] GC(223) Pause Full (Allocation Failure) 858M->621M(989M) 567,498ms
[47,105s][info][gc] GC(222) Pause Young (Allocation Failure) 858M->621M(989M) 567,571ms
[47,774s][info][gc] GC(225) Pause Full (Allocation Failure) 860M->623M(989M) 597,351ms
[47,774s][info][gc] GC(224) Pause Young (Allocation Failure) 860M->623M(989M) 597,423ms
[48,442s][info][gc] GC(227) Pause Full (Allocation Failure) 862M->625M(989M) 581,650ms
[48,442s][info][gc] GC(226) Pause Young (Allocation Failure) 862M->625M(989M) 581,727ms
[49,085s][info][gc] GC(229) Pause Full (Allocation Failure) 865M->627M(989M) 565,062ms
[49,085s][info][gc] GC(228) Pause Young (Allocation Failure) 865M->627M(989M) 565,132ms
[49,728s][info][gc] GC(231) Pause Full (Allocation Failure) 867M->628M(989M) 570,869ms
[49,728s][info][gc] GC(230) Pause Young (Allocation Failure) 867M->628M(989M) 570,953ms
[50,374s][info][gc] GC(233) Pause Full (Allocation Failure) 870M->630M(989M) 567,211ms
[50,374s][info][gc] GC(232) Pause Young (Allocation Failure) 870M->630M(989M) 567,281ms
[51,046s][info][gc] GC(235) Pause Full (Allocation Failure) 872M->632M(989M) 590,712ms
[51,046s][info][gc] GC(234) Pause Young (Allocation Failure) 872M->632M(989M) 590,782ms
[51,700s][info][gc] GC(237) Pause Full (Allocation Failure) 875M->634M(989M) 580,310ms
[51,700s][info][gc] GC(236) Pause Young (Allocation Failure) 875M->634M(989M) 580,393ms
[52,354s][info][gc] GC(239) Pause Full (Allocation Failure) 878M->636M(989M) 575,102ms
[52,355s][info][gc] GC(238) Pause Young (Allocation Failure) 878M->636M(989M) 575,174ms
[53,010s][info][gc] GC(241) Pause Full (Allocation Failure) 880M->638M(989M) 574,193ms
[53,010s][info][gc] GC(240) Pause Young (Allocation Failure) 880M->638M(989M) 574,263ms
[53,662s][info][gc] GC(243) Pause Full (Allocation Failure) 882M->640M(989M) 578,027ms
[53,662s][info][gc] GC(242) Pause Young (Allocation Failure) 882M->640M(989M) 578,095ms
[54,319s][info][gc] GC(245) Pause Full (Allocation Failure) 885M->641M(989M) 577,185ms
[54,319s][info][gc] GC(244) Pause Young (Allocation Failure) 885M->641M(989M) 577,256ms
[54,988s][info][gc] GC(247) Pause Full (Allocation Failure) 888M->643M(989M) 590,601ms
[54,988s][info][gc] GC(246) Pause Young (Allocation Failure) 888M->643M(989M) 590,683ms
[55,641s][info][gc] GC(249) Pause Full (Allocation Failure) 890M->645M(989M) 577,592ms
[55,641s][info][gc] GC(248) Pause Young (Allocation Failure) 890M->645M(989M) 577,645ms
[56,307s][info][gc] GC(251) Pause Full (Allocation Failure) 893M->647M(989M) 580,791ms
[56,307s][info][gc] GC(250) Pause Young (Allocation Failure) 893M->647M(989M) 580,881ms
[57,124s][info][gc] GC(253) Pause Full (Allocation Failure) 895M->649M(989M) 714,361ms
[57,124s][info][gc] GC(252) Pause Young (Allocation Failure) 895M->649M(989M) 714,421ms
[57,874s][info][gc] GC(255) Pause Full (Allocation Failure) 898M->650M(989M) 659,625ms
[57,874s][info][gc] GC(254) Pause Young (Allocation Failure) 898M->650M(989M) 659,692ms
[58,640s][info][gc] GC(257) Pause Full (Allocation Failure) 900M->652M(989M) 666,247ms
[58,640s][info][gc] GC(256) Pause Young (Allocation Failure) 900M->652M(989M) 666,315ms
[59,423s][info][gc] GC(259) Pause Full (Allocation Failure) 903M->654M(989M) 665,396ms
[59,423s][info][gc] GC(258) Pause Young (Allocation Failure) 903M->654M(989M) 665,453ms
[60,212s][info][gc] GC(261) Pause Full (Allocation Failure) 905M->656M(989M) 680,174ms
[60,212s][info][gc] GC(260) Pause Young (Allocation Failure) 905M->656M(989M) 680,247ms
[61,157s][info][gc] GC(263) Pause Full (Allocation Failure) 913M->658M(989M) 848,484ms
[61,157s][info][gc] GC(262) Pause Young (Allocation Failure) 913M->658M(989M) 848,557ms
[61,914s][info][gc] GC(265) Pause Full (Allocation Failure) 910M->660M(989M) 655,591ms
[61,914s][info][gc] GC(264) Pause Young (Allocation Failure) 910M->660M(989M) 655,677ms
[62,691s][info][gc] GC(267) Pause Full (Allocation Failure) 913M->662M(989M) 676,432ms
[62,691s][info][gc] GC(266) Pause Young (Allocation Failure) 913M->662M(989M) 676,521ms
[63,460s][info][gc] GC(269) Pause Full (Allocation Failure) 915M->663M(989M) 671,708ms
[63,460s][info][gc] GC(268) Pause Young (Allocation Failure) 915M->663M(989M) 671,767ms
[64,356s][info][gc] GC(271) Pause Full (Allocation Failure) 919M->665M(989M) 796,079ms
[64,356s][info][gc] GC(270) Pause Young (Allocation Failure) 919M->665M(989M) 796,155ms
[65,140s][info][gc] GC(273) Pause Full (Allocation Failure) 921M->667M(989M) 675,242ms
[65,140s][info][gc] GC(272) Pause Young (Allocation Failure) 921M->667M(989M) 675,300ms
[65,910s][info][gc] GC(275) Pause Full (Allocation Failure) 923M->669M(989M) 678,073ms
[65,910s][info][gc] GC(274) Pause Young (Allocation Failure) 923M->669M(989M) 678,146ms
[66,693s][info][gc] GC(277) Pause Full (Allocation Failure) 926M->671M(989M) 683,207ms
[66,693s][info][gc] GC(276) Pause Young (Allocation Failure) 926M->671M(989M) 683,264ms
[67,508s][info][gc] GC(279) Pause Full (Allocation Failure) 928M->672M(989M) 699,828ms
[67,508s][info][gc] GC(278) Pause Young (Allocation Failure) 928M->672M(989M) 699,888ms
[68,322s][info][gc] GC(281) Pause Full (Allocation Failure) 930M->674M(989M) 696,314ms
[68,322s][info][gc] GC(280) Pause Young (Allocation Failure) 930M->674M(989M) 696,382ms
[69,112s][info][gc] GC(283) Pause Full (Allocation Failure) 933M->676M(989M) 684,636ms
[69,112s][info][gc] GC(282) Pause Young (Allocation Failure) 933M->676M(989M) 684,694ms
[69,889s][info][gc] GC(285) Pause Full (Allocation Failure) 935M->678M(989M) 679,087ms
[69,889s][info][gc] GC(284) Pause Young (Allocation Failure) 935M->678M(989M) 679,161ms
[70,676s][info][gc] GC(287) Pause Full (Allocation Failure) 938M->680M(989M) 689,081ms
[70,677s][info][gc] GC(286) Pause Young (Allocation Failure) 938M->680M(989M) 689,137ms
[71,470s][info][gc] GC(289) Pause Full (Allocation Failure) 940M->682M(989M) 690,825ms
[71,470s][info][gc] GC(288) Pause Young (Allocation Failure) 940M->682M(989M) 690,880ms
[72,271s][info][gc] GC(291) Pause Full (Allocation Failure) 943M->683M(989M) 698,054ms
[72,271s][info][gc] GC(290) Pause Young (Allocation Failure) 943M->683M(989M) 698,112ms
[73,008s][info][gc] GC(292) Pause Full (Allocation Failure) 860M->685M(989M) 677,316ms
[73,779s][info][gc] GC(293) Pause Full (Allocation Failure) 861M->686M(989M) 701,646ms
[74,541s][info][gc] GC(294) Pause Full (Allocation Failure) 862M->687M(989M) 691,034ms
[75,308s][info][gc] GC(295) Pause Full (Allocation Failure) 863M->688M(989M) 690,754ms
[76,083s][info][gc] GC(296) Pause Full (Allocation Failure) 864M->690M(989M) 712,720ms
[76,869s][info][gc] GC(297) Pause Full (Allocation Failure) 866M->691M(989M) 716,421ms
[77,643s][info][gc] GC(298) Pause Full (Allocation Failure) 867M->692M(989M) 704,814ms
[78,427s][info][gc] GC(299) Pause Full (Allocation Failure) 869M->693M(989M) 706,611ms
[79,192s][info][gc] GC(300) Pause Full (Allocation Failure) 870M->694M(989M) 692,049ms
[79,967s][info][gc] GC(301) Pause Full (Allocation Failure) 872M->695M(989M) 710,169ms
[80,743s][info][gc] GC(302) Pause Full (Allocation Failure) 873M->697M(989M) 703,719ms
[81,521s][info][gc] GC(303) Pause Full (Allocation Failure) 875M->698M(989M) 705,033ms
[82,306s][info][gc] GC(304) Pause Full (Allocation Failure) 876M->699M(989M) 703,348ms
[83,102s][info][gc] GC(305) Pause Full (Allocation Failure) 878M->700M(989M) 731,832ms
[83,886s][info][gc] GC(306) Pause Full (Allocation Failure) 879M->702M(989M) 711,925ms
[84,662s][info][gc] GC(307) Pause Full (Allocation Failure) 881M->703M(989M) 708,155ms
[85,448s][info][gc] GC(308) Pause Full (Allocation Failure) 883M->704M(989M) 709,781ms
[86,254s][info][gc] GC(309) Pause Full (Allocation Failure) 884M->705M(989M) 730,479ms
[87,026s][info][gc] GC(310) Pause Full (Allocation Failure) 885M->706M(989M) 709,621ms
[87,813s][info][gc] GC(311) Pause Full (Allocation Failure) 887M->708M(989M) 715,180ms
[88,619s][info][gc] GC(312) Pause Full (Allocation Failure) 889M->709M(989M) 727,984ms
[89,420s][info][gc] GC(313) Pause Full (Allocation Failure) 890M->710M(989M) 728,486ms
[90,211s][info][gc] GC(314) Pause Full (Allocation Failure) 891M->711M(989M) 717,685ms
[90,996s][info][gc] GC(315) Pause Full (Allocation Failure) 893M->713M(989M) 722,439ms
[91,797s][info][gc] GC(316) Pause Full (Allocation Failure) 895M->714M(989M) 726,582ms
[92,616s][info][gc] GC(317) Pause Full (Allocation Failure) 896M->715M(989M) 745,699ms
[93,411s][info][gc] GC(318) Pause Full (Allocation Failure) 898M->716M(989M) 722,242ms
[94,214s][info][gc] GC(319) Pause Full (Allocation Failure) 899M->718M(989M) 727,797ms
[95,009s][info][gc] GC(320) Pause Full (Allocation Failure) 901M->719M(989M) 727,390ms
[95,926s][info][gc] GC(321) Pause Full (Allocation Failure) 812M->719M(989M) 880,926ms
[96,687s][info][gc] GC(322) Pause Full (Allocation Failure) 813M->720M(989M) 723,191ms
[97,446s][info][gc] GC(323) Pause Full (Allocation Failure) 813M->720M(989M) 722,927ms
[98,213s][info][gc] GC(324) Pause Full (Allocation Failure) 814M->721M(989M) 727,170ms
[98,970s][info][gc] GC(325) Pause Full (Allocation Failure) 814M->722M(989M) 726,385ms
[99,741s][info][gc] GC(326) Pause Full (Allocation Failure) 815M->722M(989M) 729,917ms
[100,510s][info][gc] GC(327) Pause Full (Allocation Failure) 815M->723M(989M) 731,803ms
[101,279s][info][gc] GC(328) Pause Full (Allocation Failure) 816M->723M(989M) 730,277ms
[102,037s][info][gc] GC(329) Pause Full (Allocation Failure) 817M->724M(989M) 724,996ms
[102,811s][info][gc] GC(330) Pause Full (Allocation Failure) 817M->725M(989M) 734,048ms
[103,586s][info][gc] GC(331) Pause Full (Allocation Failure) 818M->725M(989M) 735,115ms
[104,354s][info][gc] GC(332) Pause Full (Allocation Failure) 819M->726M(989M) 729,865ms
[105,123s][info][gc] GC(333) Pause Full (Allocation Failure) 819M->726M(989M) 732,613ms
[105,887s][info][gc] GC(334) Pause Full (Allocation Failure) 820M->727M(989M) 729,027ms
[106,672s][info][gc] GC(335) Pause Full (Allocation Failure) 821M->728M(989M) 746,760ms
[107,447s][info][gc] GC(336) Pause Full (Allocation Failure) 822M->728M(989M) 735,938ms
[108,218s][info][gc] GC(337) Pause Full (Allocation Failure) 822M->729M(989M) 725,674ms
[108,986s][info][gc] GC(338) Pause Full (Allocation Failure) 823M->729M(989M) 738,041ms
[109,764s][info][gc] GC(339) Pause Full (Allocation Failure) 824M->730M(989M) 738,783ms
[110,543s][info][gc] GC(340) Pause Full (Allocation Failure) 824M->731M(989M) 740,380ms
[111,335s][info][gc] GC(341) Pause Full (Allocation Failure) 825M->731M(989M) 750,898ms
[112,108s][info][gc] GC(342) Pause Full (Allocation Failure) 826M->732M(989M) 740,507ms
[112,898s][info][gc] GC(343) Pause Full (Allocation Failure) 826M->733M(989M) 747,398ms
[113,675s][info][gc] GC(344) Pause Full (Allocation Failure) 827M->733M(989M) 739,879ms
[114,456s][info][gc] GC(345) Pause Full (Allocation Failure) 828M->734M(989M) 738,595ms
[115,247s][info][gc] GC(346) Pause Full (Allocation Failure) 828M->734M(989M) 748,676ms
[116,020s][info][gc] GC(347) Pause Full (Allocation Failure) 829M->735M(989M) 739,544ms
[116,806s][info][gc] GC(348) Pause Full (Allocation Failure) 830M->736M(989M) 745,589ms
[117,592s][info][gc] GC(349) Pause Full (Allocation Failure) 830M->736M(989M) 749,946ms
[118,380s][info][gc] GC(350) Pause Full (Allocation Failure) 831M->737M(989M) 748,026ms
[119,162s][info][gc] GC(351) Pause Full (Allocation Failure) 832M->737M(989M) 744,142ms
[119,945s][info][gc] GC(352) Pause Full (Allocation Failure) 833M->738M(989M) 745,016ms
[120,727s][info][gc] GC(353) Pause Full (Allocation Failure) 833M->739M(989M) 743,850ms
[121,511s][info][gc] GC(354) Pause Full (Allocation Failure) 837M->739M(989M) 744,961ms
[122,331s][info][gc] GC(355) Pause Full (Allocation Failure) 835M->740M(989M) 781,135ms
[123,133s][info][gc] GC(356) Pause Full (Allocation Failure) 835M->740M(989M) 764,296ms
[123,924s][info][gc] GC(357) Pause Full (Allocation Failure) 836M->741M(989M) 750,355ms
[124,711s][info][gc] GC(358) Pause Full (Allocation Failure) 837M->742M(989M) 751,551ms
[125,507s][info][gc] GC(359) Pause Full (Allocation Failure) 837M->742M(989M) 753,670ms
[126,317s][info][gc] GC(360) Pause Full (Allocation Failure) 838M->743M(989M) 771,317ms
[127,262s][info][gc] GC(361) Pause Full (Allocation Failure) 839M->744M(989M) 909,783ms
[128,054s][info][gc] GC(362) Pause Full (Allocation Failure) 839M->744M(989M) 752,219ms
[128,851s][info][gc] GC(363) Pause Full (Allocation Failure) 840M->745M(989M) 757,944ms
[129,641s][info][gc] GC(364) Pause Full (Allocation Failure) 841M->745M(989M) 751,821ms
[130,445s][info][gc] GC(365) Pause Full (Allocation Failure) 841M->746M(989M) 766,102ms
[131,238s][info][gc] GC(366) Pause Full (Allocation Failure) 842M->747M(989M) 752,022ms
[132,027s][info][gc] GC(367) Pause Full (Allocation Failure) 843M->747M(989M) 753,175ms
[132,820s][info][gc] GC(368) Pause Full (Allocation Failure) 844M->748M(989M) 755,982ms
[133,620s][info][gc] GC(369) Pause Full (Allocation Failure) 844M->748M(989M) 761,197ms
[134,429s][info][gc] GC(370) Pause Full (Allocation Failure) 845M->749M(989M) 769,546ms
[135,223s][info][gc] GC(371) Pause Full (Allocation Failure) 846M->750M(989M) 754,107ms
[136,029s][info][gc] GC(372) Pause Full (Allocation Failure) 846M->750M(989M) 773,568ms
[136,847s][info][gc] GC(373) Pause Full (Allocation Failure) 847M->751M(989M) 778,864ms
[137,690s][info][gc] GC(374) Pause Full (Allocation Failure) 848M->751M(989M) 799,777ms
[138,483s][info][gc] GC(375) Pause Full (Allocation Failure) 848M->752M(989M) 756,805ms
[139,279s][info][gc] GC(376) Pause Full (Allocation Failure) 849M->753M(989M) 758,037ms
[140,095s][info][gc] GC(377) Pause Full (Allocation Failure) 850M->753M(989M) 780,219ms
[140,914s][info][gc] GC(378) Pause Full (Allocation Failure) 850M->754M(989M) 782,194ms
[141,714s][info][gc] GC(379) Pause Full (Allocation Failure) 851M->754M(989M) 760,519ms
[142,526s][info][gc] GC(380) Pause Full (Allocation Failure) 852M->755M(989M) 771,381ms
[143,328s][info][gc] GC(381) Pause Full (Allocation Failure) 852M->756M(989M) 751,783ms
[144,114s][info][gc] GC(382) Pause Full (Allocation Failure) 853M->756M(989M) 751,190ms
[144,906s][info][gc] GC(383) Pause Full (Allocation Failure) 854M->757M(989M) 752,265ms
[145,723s][info][gc] GC(384) Pause Full (Allocation Failure) 854M->758M(989M) 773,559ms
[146,554s][info][gc] GC(385) Pause Full (Allocation Failure) 855M->758M(989M) 790,474ms
[147,359s][info][gc] GC(386) Pause Full (Allocation Failure) 856M->759M(989M) 764,091ms
[148,163s][info][gc] GC(387) Pause Full (Allocation Failure) 856M->759M(989M) 764,657ms
[148,977s][info][gc] GC(388) Pause Full (Allocation Failure) 857M->760M(989M) 768,450ms
[149,786s][info][gc] GC(389) Pause Full (Allocation Failure) 858M->761M(989M) 768,380ms
[150,620s][info][gc] GC(390) Pause Full (Allocation Failure) 859M->761M(989M) 790,582ms
[151,430s][info][gc] GC(391) Pause Full (Allocation Failure) 859M->762M(989M) 771,509ms
[152,258s][info][gc] GC(392) Pause Full (Allocation Failure) 860M->762M(989M) 789,891ms
[153,061s][info][gc] GC(393) Pause Full (Allocation Failure) 860M->763M(989M) 767,233ms
[153,882s][info][gc] GC(394) Pause Full (Allocation Failure) 861M->764M(989M) 770,053ms
[154,699s][info][gc] GC(395) Pause Full (Allocation Failure) 862M->764M(989M) 777,919ms
[155,531s][info][gc] GC(396) Pause Full (Allocation Failure) 863M->765M(989M) 791,630ms
[156,513s][info][gc] GC(397) Pause Full (Allocation Failure) 864M->765M(989M) 937,733ms
[157,323s][info][gc] GC(398) Pause Full (Allocation Failure) 864M->766M(989M) 770,222ms
[158,136s][info][gc] GC(399) Pause Full (Allocation Failure) 865M->767M(989M) 776,041ms
[158,893s][info][gc] GC(400) Pause Full (Allocation Failure) 865M->767M(989M) 722,826ms
[159,636s][info][gc] GC(401) Pause Full (Allocation Failure) 866M->768M(989M) 707,478ms
[160,392s][info][gc] GC(402) Pause Full (Allocation Failure) 867M->768M(989M) 720,873ms
[161,138s][info][gc] GC(403) Pause Full (Allocation Failure) 867M->769M(989M) 708,884ms
[161,872s][info][gc] GC(404) Pause Full (Allocation Failure) 868M->770M(989M) 702,649ms
[162,610s][info][gc] GC(405) Pause Full (Allocation Failure) 869M->770M(989M) 701,480ms
[163,344s][info][gc] GC(406) Pause Full (Allocation Failure) 870M->771M(989M) 698,533ms
[164,072s][info][gc] GC(407) Pause Full (Allocation Failure) 870M->772M(989M) 698,015ms
[164,811s][info][gc] GC(408) Pause Full (Allocation Failure) 871M->772M(989M) 702,377ms
[165,571s][info][gc] GC(409) Pause Full (Allocation Failure) 872M->773M(989M) 723,749ms
[166,328s][info][gc] GC(410) Pause Full (Allocation Failure) 872M->773M(989M) 720,012ms
[167,086s][info][gc] GC(411) Pause Full (Allocation Failure) 873M->774M(989M) 726,068ms
[167,824s][info][gc] GC(412) Pause Full (Allocation Failure) 874M->775M(989M) 702,560ms
[168,568s][info][gc] GC(413) Pause Full (Allocation Failure) 874M->775M(989M) 700,915ms
[169,327s][info][gc] GC(414) Pause Full (Allocation Failure) 875M->776M(989M) 722,571ms
[170,081s][info][gc] GC(415) Pause Full (Allocation Failure) 876M->776M(989M) 724,455ms
[170,823s][info][gc] GC(416) Pause Full (Allocation Failure) 876M->777M(989M) 706,182ms
[171,564s][info][gc] GC(417) Pause Full (Allocation Failure) 877M->778M(989M) 705,641ms
[172,305s][info][gc] GC(418) Pause Full (Allocation Failure) 878M->778M(989M) 705,146ms
[173,047s][info][gc] GC(419) Pause Full (Allocation Failure) 878M->779M(989M) 712,467ms
[173,791s][info][gc] GC(420) Pause Full (Allocation Failure) 879M->779M(989M) 707,136ms
[174,535s][info][gc] GC(421) Pause Full (Allocation Failure) 880M->780M(989M) 708,438ms
[175,281s][info][gc] GC(422) Pause Full (Allocation Failure) 881M->781M(989M) 709,396ms
[176,017s][info][gc] GC(423) Pause Full (Allocation Failure) 881M->781M(989M) 706,139ms
[176,760s][info][gc] GC(424) Pause Full (Allocation Failure) 882M->782M(989M) 706,788ms
[177,504s][info][gc] GC(425) Pause Full (Allocation Failure) 883M->782M(989M) 708,568ms
[178,269s][info][gc] GC(426) Pause Full (Allocation Failure) 883M->783M(989M) 728,400ms
[179,041s][info][gc] GC(427) Pause Full (Allocation Failure) 884M->784M(989M) 742,465ms
[179,790s][info][gc] GC(428) Pause Full (Allocation Failure) 885M->784M(989M) 709,416ms
[180,535s][info][gc] GC(429) Pause Full (Allocation Failure) 885M->785M(989M) 709,418ms
[181,281s][info][gc] GC(430) Pause Full (Allocation Failure) 888M->785M(989M) 710,783ms
[182,026s][info][gc] GC(431) Pause Full (Allocation Failure) 886M->786M(989M) 714,468ms
[182,774s][info][gc] GC(432) Pause Full (Allocation Failure) 887M->787M(989M) 712,324ms
[183,524s][info][gc] GC(433) Pause Full (Allocation Failure) 888M->787M(989M) 713,021ms
[184,274s][info][gc] GC(434) Pause Full (Allocation Failure) 889M->788M(989M) 713,086ms
[185,022s][info][gc] GC(435) Pause Full (Allocation Failure) 889M->789M(989M) 717,107ms
[185,794s][info][gc] GC(436) Pause Full (Allocation Failure) 890M->789M(989M) 734,646ms
[186,692s][info][gc] GC(437) Pause Full (Allocation Failure) 891M->790M(989M) 861,906ms
[187,445s][info][gc] GC(438) Pause Full (Allocation Failure) 891M->790M(989M) 715,697ms
[188,196s][info][gc] GC(439) Pause Full (Allocation Failure) 892M->791M(989M) 715,684ms
[188,944s][info][gc] GC(440) Pause Full (Allocation Failure) 893M->792M(989M) 716,766ms
[189,702s][info][gc] GC(441) Pause Full (Allocation Failure) 893M->792M(989M) 722,062ms
[190,458s][info][gc] GC(442) Pause Full (Allocation Failure) 894M->793M(989M) 718,969ms
[191,234s][info][gc] GC(443) Pause Full (Allocation Failure) 895M->793M(989M) 738,582ms
[192,003s][info][gc] GC(444) Pause Full (Allocation Failure) 895M->794M(989M) 738,808ms
[192,758s][info][gc] GC(445) Pause Full (Allocation Failure) 896M->795M(989M) 717,346ms
[193,516s][info][gc] GC(446) Pause Full (Allocation Failure) 897M->795M(989M) 721,206ms
[194,294s][info][gc] GC(447) Pause Full (Allocation Failure) 897M->796M(989M) 741,670ms
[195,065s][info][gc] GC(448) Pause Full (Allocation Failure) 898M->796M(989M) 740,361ms
[195,855s][info][gc] GC(449) Pause Full (Allocation Failure) 899M->797M(989M) 753,249ms
[196,614s][info][gc] GC(450) Pause Full (Allocation Failure) 899M->798M(989M) 722,986ms
[197,378s][info][gc] GC(451) Pause Full (Allocation Failure) 900M->798M(989M) 725,823ms
[198,134s][info][gc] GC(452) Pause Full (Allocation Failure) 901M->799M(989M) 722,452ms
[198,892s][info][gc] GC(453) Pause Full (Allocation Failure) 901M->799M(989M) 725,474ms
[199,671s][info][gc] GC(454) Pause Full (Allocation Failure) 902M->800M(989M) 743,544ms
[200,454s][info][gc] GC(455) Pause Full (Allocation Failure) 903M->801M(989M) 745,619ms
[201,217s][info][gc] GC(456) Pause Full (Allocation Failure) 904M->801M(989M) 725,581ms
[201,972s][info][gc] GC(457) Pause Full (Allocation Failure) 904M->802M(989M) 725,596ms
[202,733s][info][gc] GC(458) Pause Full (Allocation Failure) 905M->803M(989M) 724,736ms
[203,499s][info][gc] GC(459) Pause Full (Allocation Failure) 906M->803M(989M) 729,251ms
[204,264s][info][gc] GC(460) Pause Full (Allocation Failure) 906M->804M(989M) 728,203ms
[205,023s][info][gc] GC(461) Pause Full (Allocation Failure) 907M->804M(989M) 727,562ms
[205,793s][info][gc] GC(462) Pause Full (Allocation Failure) 908M->805M(989M) 731,266ms
[206,562s][info][gc] GC(463) Pause Full (Allocation Failure) 908M->806M(989M) 732,991ms
[207,334s][info][gc] GC(464) Pause Full (Allocation Failure) 909M->806M(989M) 731,971ms
[208,106s][info][gc] GC(465) Pause Full (Allocation Failure) 910M->807M(989M) 732,520ms
[208,880s][info][gc] GC(466) Pause Full (Allocation Failure) 910M->807M(989M) 734,017ms
[209,664s][info][gc] GC(467) Pause Full (Allocation Failure) 911M->808M(989M) 741,868ms
[210,449s][info][gc] GC(468) Pause Full (Allocation Failure) 912M->809M(989M) 744,981ms
[211,250s][info][gc] GC(469) Pause Full (Allocation Failure) 912M->809M(989M) 763,838ms
[212,052s][info][gc] GC(470) Pause Full (Allocation Failure) 913M->810M(989M) 768,895ms
[212,881s][info][gc] GC(471) Pause Full (Allocation Failure) 914M->810M(989M) 790,270ms
[213,704s][info][gc] GC(472) Pause Full (Allocation Failure) 914M->811M(989M) 780,637ms
[214,705s][info][gc] GC(473) Pause Full (Allocation Failure) 915M->812M(989M) 962,807ms
[215,491s][info][gc] GC(474) Pause Full (Allocation Failure) 916M->812M(989M) 741,082ms
[216,277s][info][gc] GC(475) Pause Full (Allocation Failure) 916M->813M(989M) 739,918ms
[217,045s][info][gc] GC(476) Pause Full (Allocation Failure) 917M->813M(989M) 736,345ms
[218,026s][info][gc] GC(477) Pause Full (Allocation Failure) 918M->814M(989M) 942,164ms
[218,823s][info][gc] GC(478) Pause Full (Allocation Failure) 918M->814M(989M) 757,634ms
[219,604s][info][gc] GC(479) Pause Full (Allocation Failure) 919M->815M(989M) 742,891ms
[220,383s][info][gc] GC(480) Pause Full (Allocation Failure) 919M->815M(989M) 740,487ms
[221,288s][info][gc] GC(481) Pause Full (Allocation Failure) 920M->816M(989M) 862,660ms
[222,080s][info][gc] GC(482) Pause Full (Allocation Failure) 921M->817M(989M) 759,160ms
[222,861s][info][gc] GC(483) Pause Full (Allocation Failure) 921M->817M(989M) 742,918ms
[223,646s][info][gc] GC(484) Pause Full (Allocation Failure) 922M->818M(989M) 744,636ms
[224,522s][info][gc] GC(485) Pause Full (Allocation Failure) 923M->818M(989M) 834,960ms
[225,309s][info][gc] GC(486) Pause Full (Allocation Failure) 923M->819M(989M) 746,197ms
[226,094s][info][gc] GC(487) Pause Full (Allocation Failure) 924M->820M(989M) 746,449ms
[226,884s][info][gc] GC(488) Pause Full (Allocation Failure) 925M->820M(989M) 750,253ms
[227,755s][info][gc] GC(489) Pause Full (Allocation Failure) 926M->821M(989M) 830,653ms
[228,539s][info][gc] GC(490) Pause Full (Allocation Failure) 926M->822M(989M) 744,707ms
[229,323s][info][gc] GC(491) Pause Full (Allocation Failure) 927M->822M(989M) 744,226ms
[230,096s][info][gc] GC(492) Pause Full (Allocation Failure) 927M->823M(989M) 742,341ms
[230,919s][info][gc] GC(493) Pause Full (Allocation Failure) 928M->823M(989M) 782,709ms
[231,704s][info][gc] GC(494) Pause Full (Allocation Failure) 929M->824M(989M) 745,808ms
[232,490s][info][gc] GC(495) Pause Full (Allocation Failure) 930M->825M(989M) 747,410ms
[233,278s][info][gc] GC(496) Pause Full (Allocation Failure) 930M->825M(989M) 749,310ms
[234,057s][info][gc] GC(497) Pause Full (Allocation Failure) 931M->826M(989M) 747,132ms
[234,844s][info][gc] GC(498) Pause Full (Allocation Failure) 932M->826M(989M) 748,585ms
[235,655s][info][gc] GC(499) Pause Full (Allocation Failure) 932M->827M(989M) 769,289ms
[236,449s][info][gc] GC(500) Pause Full (Allocation Failure) 933M->828M(989M) 752,706ms
[237,406s][info][gc] GC(501) Pause Full (Allocation Failure) 934M->828M(989M) 910,487ms
[238,194s][info][gc] GC(502) Pause Full (Allocation Failure) 934M->829M(989M) 747,287ms
[238,977s][info][gc] GC(503) Pause Full (Allocation Failure) 935M->829M(989M) 750,855ms
[239,770s][info][gc] GC(504) Pause Full (Allocation Failure) 936M->830M(989M) 752,922ms
[240,561s][info][gc] GC(505) Pause Full (Allocation Failure) 936M->831M(989M) 752,352ms
[241,355s][info][gc] GC(506) Pause Full (Allocation Failure) 938M->831M(989M) 752,738ms
[242,141s][info][gc] GC(507) Pause Full (Allocation Failure) 938M->832M(989M) 751,512ms
[242,942s][info][gc] GC(508) Pause Full (Allocation Failure) 938M->832M(989M) 752,643ms
[243,759s][info][gc] GC(509) Pause Full (Allocation Failure) 939M->833M(989M) 777,525ms
[244,566s][info][gc] GC(510) Pause Full (Allocation Failure) 940M->834M(989M) 767,735ms
[245,366s][info][gc] GC(511) Pause Full (Allocation Failure) 942M->834M(989M) 758,064ms
[246,161s][info][gc] GC(512) Pause Full (Allocation Failure) 942M->835M(989M) 758,554ms
[247,119s][info][gc] GC(513) Pause Full (Allocation Failure) 942M->836M(989M) 924,355ms
[247,922s][info][gc] GC(514) Pause Full (Allocation Failure) 943M->836M(989M) 761,683ms
[248,726s][info][gc] GC(515) Pause Full (Allocation Failure) 943M->837M(989M) 764,866ms
[249,532s][info][gc] GC(516) Pause Full (Allocation Failure) 944M->837M(989M) 763,495ms
[250,543s][info][gc] GC(517) Pause Full (Allocation Failure) 945M->838M(989M) 969,969ms
[251,353s][info][gc] GC(518) Pause Full (Allocation Failure) 945M->839M(989M) 761,535ms
[252,146s][info][gc] GC(519) Pause Full (Allocation Failure) 946M->839M(989M) 760,572ms
[252,974s][info][gc] GC(520) Pause Full (Allocation Failure) 947M->840M(989M) 787,389ms
[253,819s][info][gc] GC(521) Pause Full (Allocation Failure) 947M->840M(989M) 803,745ms
[254,721s][info][gc] GC(522) Pause Full (Allocation Failure) 948M->841M(989M) 862,166ms
[255,685s][info][gc] GC(523) Pause Full (Allocation Failure) 949M->842M(989M) 905,423ms
[256,629s][info][gc] GC(524) Pause Full (Allocation Failure) 949M->842M(989M) 894,879ms
[257,594s][info][gc] GC(525) Pause Full (Allocation Failure) 950M->843M(989M) 915,574ms
[258,510s][info][gc] GC(526) Pause Full (Allocation Failure) 951M->843M(989M) 867,406ms
[259,435s][info][gc] GC(527) Pause Full (Allocation Failure) 951M->844M(989M) 878,283ms
[260,331s][info][gc] GC(528) Pause Full (Allocation Failure) 952M->845M(989M) 851,769ms
[261,230s][info][gc] GC(529) Pause Full (Allocation Failure) 953M->845M(989M) 858,273ms
[262,138s][info][gc] GC(530) Pause Full (Allocation Failure) 953M->846M(989M) 863,322ms
[263,026s][info][gc] GC(531) Pause Full (Allocation Failure) 954M->846M(989M) 842,351ms
[263,937s][info][gc] GC(532) Pause Full (Allocation Failure) 955M->847M(989M) 864,376ms
[264,847s][info][gc] GC(533) Pause Full (Allocation Failure) 955M->848M(989M) 868,938ms
[265,754s][info][gc] GC(534) Pause Full (Allocation Failure) 955M->848M(989M) 863,045ms
[266,764s][info][gc] GC(535) Pause Full (Allocation Failure) 956M->849M(989M) 963,231ms
[267,689s][info][gc] GC(536) Pause Full (Allocation Failure) 956M->849M(989M) 870,492ms
[268,799s][info][gc] GC(537) Pause Full (Allocation Failure) 849M->849M(989M) 1109,443ms
