[0.004s][debug][gc] ConcGCThreads: 1 offset 8
[0.004s][debug][gc] ParallelGCThreads: 4
[0.007s][debug][gc] Initialize mark stack with 4096 chunks, maximum 16384
[0.031s][info ][gc] Using G1
[0,884s][info ][gc] GC(0) Pause Young (Normal) (G1 Evacuation Pause) 411M->355M(2048M) 298,299ms
[1,823s][info ][gc] GC(1) Pause Young (Concurrent Start) (G1 Humongous Allocation) 1007M->968M(2048M) 243,122ms
[1,824s][info ][gc] GC(2) Concurrent Cycle
[1,929s][debug][gc] GC(2) Reclaimed 874 empty regions
[1,929s][info ][gc] GC(2) Pause Remark 1059M->185M(2048M) 2,411ms
[2,067s][info ][gc] GC(2) Pause Cleanup 407M->407M(2048M) 0,344ms
[2,082s][info ][gc] GC(2) Concurrent Cycle 258,242ms
[2,600s][info ][gc] GC(3) Pause Young (Concurrent Start) (G1 Humongous Allocation) 1001M->964M(2048M) 201,498ms
[2,600s][info ][gc] GC(4) Concurrent Cycle
[2,751s][debug][gc] GC(4) Reclaimed 834 empty regions
[2,752s][info ][gc] GC(4) Pause Remark 1178M->344M(2048M) 1,668ms
[3,025s][info ][gc] GC(4) Pause Cleanup 746M->746M(2048M) 0,308ms
[3,042s][info ][gc] GC(4) Concurrent Cycle 442,238ms
[3,279s][info ][gc] GC(5) Pause Young (Concurrent Start) (G1 Humongous Allocation) 969M->943M(2048M) 137,436ms
[3,279s][info ][gc] GC(6) Concurrent Cycle
[3,531s][debug][gc] GC(6) Reclaimed 785 empty regions
[3,531s][info ][gc] GC(6) Pause Remark 1286M->501M(2048M) 2,521ms
[4,454s][info ][gc] GC(6) Pause Cleanup 1522M->1522M(2048M) 0,419ms
[4,464s][info ][gc] GC(6) Concurrent Cycle 1185,308ms
[4,689s][info ][gc] GC(7) Pause Young (Concurrent Start) (G1 Humongous Allocation) 1548M->1506M(2048M) 212,680ms
[4,689s][info ][gc] GC(8) Concurrent Cycle
[4,918s][debug][gc] GC(8) Reclaimed 1310 empty regions
[4,919s][info ][gc] GC(8) Pause Remark 1711M->401M(2048M) 2,987ms
[5,314s][info ][gc] GC(8) Pause Cleanup 990M->990M(2048M) 2,477ms
[5,320s][info ][gc] GC(8) Concurrent Cycle 630,637ms
[5,423s][info ][gc] GC(9) Pause Young (Concurrent Start) (G1 Humongous Allocation) 1019M->1000M(2048M) 85,938ms
[5,423s][info ][gc] GC(10) Concurrent Cycle
[5,764s][debug][gc] GC(10) Reclaimed 783 empty regions
[5,764s][info ][gc] GC(10) Pause Remark 1512M->729M(2048M) 2,766ms
[6,379s][info ][gc] GC(10) Pause Cleanup 1635M->1635M(2048M) 0,472ms
[6,384s][info ][gc] GC(10) Concurrent Cycle 960,849ms
[6,552s][info ][gc] GC(11) Pause Young (Concurrent Start) (G1 Humongous Allocation) 1667M->1637M(2048M) 145,937ms
[6,552s][info ][gc] GC(12) Concurrent Cycle
[6,845s][info ][gc] GC(13) Pause Young (Normal) (G1 Humongous Allocation) 1892M->1889M(2048M) 67,943ms
[6,875s][info ][gc] GC(14) Pause Young (Normal) (G1 Humongous Allocation) 1922M->1920M(2048M) 5,601ms
[6,904s][info ][gc] GC(15) Pause Young (Normal) (G1 Humongous Allocation) 1952M->1951M(2048M) 5,936ms
[6,907s][debug][gc] GC(16) Clear Next Bitmap 2,347ms
[7,106s][info ][gc] GC(16) Pause Full (G1 Humongous Allocation) 1951M->247M(2048M) 201,273ms
[7,106s][info ][gc] GC(12) Concurrent Cycle 554,541ms
[7,474s][info ][gc] GC(17) Pause Young (Concurrent Start) (G1 Humongous Allocation) 940M->927M(2048M) 20,262ms
[7,475s][info ][gc] GC(18) Concurrent Cycle
[7,913s][debug][gc] GC(18) Reclaimed 666 empty regions
[7,913s][info ][gc] GC(18) Pause Remark 1653M->987M(2048M) 1,931ms
[8,510s][info ][gc] GC(19) Pause Young (Normal) (G1 Humongous Allocation) 1712M->1686M(2048M) 109,478ms
[8,512s][debug][gc] GC(20) Clear Next Bitmap 2,290ms
[8,705s][info ][gc] GC(20) Pause Full (G1 Humongous Allocation) 1686M->285M(2048M) 194,930ms
[8,707s][info ][gc] GC(18) Concurrent Cycle 1232,045ms
[9,032s][info ][gc] GC(21) Pause Young (Concurrent Start) (G1 Humongous Allocation) 925M->916M(2048M) 14,857ms
[9,032s][info ][gc] GC(22) Concurrent Cycle
[9,398s][debug][gc] GC(22) Reclaimed 619 empty regions
[9,398s][info ][gc] GC(22) Pause Remark 1458M->839M(2048M) 1,809ms
[10,221s][info ][gc] GC(23) Pause Young (Normal) (G1 Humongous Allocation) 1969M->1942M(2048M) 102,842ms
[10,314s][info ][gc] GC(24) Pause Young (Normal) (G1 Humongous Allocation) 1983M->1985M(2048M) 54,566ms
[10,317s][debug][gc] GC(25) Clear Next Bitmap 2,276ms
[10,519s][info ][gc] GC(25) Pause Full (G1 Humongous Allocation) 1985M->321M(2048M) 204,517ms
[10,519s][info ][gc] GC(22) Concurrent Cycle 1487,357ms
[10,814s][info ][gc] GC(26) Pause Young (Concurrent Start) (G1 Humongous Allocation) 909M->901M(2048M) 11,875ms
[10,814s][info ][gc] GC(27) Concurrent Cycle
[11,256s][debug][gc] GC(27) Reclaimed 571 empty regions
[11,256s][info ][gc] GC(27) Pause Remark 1503M->932M(2048M) 2,536ms
[12,000s][info ][gc] GC(28) Pause Young (Normal) (G1 Humongous Allocation) 1959M->1936M(2048M) 81,394ms
[12,083s][info ][gc] GC(29) Pause Young (Normal) (G1 Humongous Allocation) 1981M->1982M(2048M) 64,664ms
[12,086s][debug][gc] GC(30) Clear Next Bitmap 2,195ms
[12,296s][info ][gc] GC(30) Pause Full (G1 Humongous Allocation) 1982M->353M(2048M) 212,297ms
[12,296s][info ][gc] GC(27) Concurrent Cycle 1482,160ms
[12,603s][info ][gc] GC(31) Pause Young (Concurrent Start) (G1 Humongous Allocation) 905M->897M(2048M) 9,794ms
[12,603s][info ][gc] GC(32) Concurrent Cycle
[13,038s][debug][gc] GC(32) Reclaimed 537 empty regions
[13,038s][info ][gc] GC(32) Pause Remark 1553M->1016M(2048M) 3,473ms
[13,756s][info ][gc] GC(33) Pause Young (Normal) (G1 Humongous Allocation) 1983M->1962M(2048M) 72,625ms
[13,758s][debug][gc] GC(34) Clear Next Bitmap 2,144ms
[13,970s][info ][gc] GC(34) Pause Full (G1 Humongous Allocation) 1962M->381M(2048M) 213,605ms
[13,971s][info ][gc] GC(32) Concurrent Cycle 1367,400ms
[14,272s][info ][gc] GC(35) Pause Young (Concurrent Start) (G1 Humongous Allocation) 925M->918M(2048M) 12,792ms
[14,272s][info ][gc] GC(36) Concurrent Cycle
[14,847s][debug][gc] GC(36) Reclaimed 529 empty regions
[14,847s][info ][gc] GC(36) Pause Remark 1725M->1196M(2048M) 2,134ms
[15,350s][info ][gc] GC(37) Pause Young (Normal) (G1 Humongous Allocation) 1867M->1848M(2048M) 58,034ms
[15,353s][debug][gc] GC(38) Clear Next Bitmap 2,253ms
[15,576s][info ][gc] GC(38) Pause Full (G1 Humongous Allocation) 1848M->405M(2048M) 225,086ms
[15,576s][info ][gc] GC(36) Concurrent Cycle 1304,076ms
[15,843s][info ][gc] GC(39) Pause Young (Concurrent Start) (G1 Humongous Allocation) 929M->923M(2048M) 12,251ms
[15,843s][info ][gc] GC(40) Concurrent Cycle
[16,379s][debug][gc] GC(40) Reclaimed 511 empty regions
[16,379s][info ][gc] GC(40) Pause Remark 1724M->1213M(2048M) 1,607ms
[16,860s][info ][gc] GC(41) Pause Young (Normal) (G1 Humongous Allocation) 1867M->1850M(2048M) 49,823ms
[16,863s][debug][gc] GC(42) Clear Next Bitmap 2,239ms
[17,099s][info ][gc] GC(42) Pause Full (G1 Humongous Allocation) 1850M->428M(2048M) 238,727ms
[17,100s][info ][gc] GC(40) Concurrent Cycle 1256,405ms
[17,360s][info ][gc] GC(43) Pause Young (Concurrent Start) (G1 Humongous Allocation) 926M->920M(2048M) 8,279ms
[17,360s][info ][gc] GC(44) Concurrent Cycle
[17,900s][debug][gc] GC(44) Reclaimed 486 empty regions
[17,900s][info ][gc] GC(44) Pause Remark 1761M->1275M(2048M) 2,146ms
[18,354s][info ][gc] GC(45) Pause Young (Normal) (G1 Humongous Allocation) 1906M->1888M(2048M) 46,219ms
[18,356s][debug][gc] GC(46) Clear Next Bitmap 2,140ms
[18,616s][info ][gc] GC(46) Pause Full (G1 Humongous Allocation) 1888M->449M(2048M) 261,985ms
[18,617s][info ][gc] GC(44) Concurrent Cycle 1256,822ms
[18,864s][info ][gc] GC(47) Pause Young (Concurrent Start) (G1 Humongous Allocation) 913M->908M(2048M) 8,534ms
[18,864s][info ][gc] GC(48) Concurrent Cycle
[19,498s][debug][gc] GC(48) Reclaimed 453 empty regions
[19,498s][info ][gc] GC(48) Pause Remark 1907M->1454M(2048M) 1,484ms
[19,840s][info ][gc] GC(49) Pause Young (Normal) (G1 Humongous Allocation) 1933M->1916M(2048M) 43,844ms
[19,842s][debug][gc] GC(50) Clear Next Bitmap 2,147ms
[20,118s][info ][gc] GC(50) Pause Full (G1 Humongous Allocation) 1916M->469M(2048M) 277,772ms
[20,118s][info ][gc] GC(48) Concurrent Cycle 1254,190ms
[20,341s][info ][gc] GC(51) Pause Young (Concurrent Start) (G1 Humongous Allocation) 892M->887M(2048M) 8,321ms
[20,341s][info ][gc] GC(52) Concurrent Cycle
[20,921s][debug][gc] GC(52) Reclaimed 413 empty regions
[20,921s][info ][gc] GC(52) Pause Remark 1866M->1453M(2048M) 1,719ms
[21,274s][info ][gc] GC(53) Pause Young (Normal) (G1 Humongous Allocation) 1890M->1874M(2048M) 44,484ms
[21,276s][debug][gc] GC(54) Clear Next Bitmap 2,224ms
[21,561s][info ][gc] GC(54) Pause Full (G1 Humongous Allocation) 1874M->487M(2048M) 287,322ms
[21,562s][info ][gc] GC(52) Concurrent Cycle 1220,236ms
[21,774s][info ][gc] GC(55) Pause Young (Concurrent Start) (G1 Humongous Allocation) 926M->922M(2048M) 9,355ms
[21,774s][info ][gc] GC(56) Concurrent Cycle
[22,416s][info ][gc] GC(57) Pause Young (Normal) (G1 Humongous Allocation) 1876M->1865M(2048M) 23,431ms
[22,418s][debug][gc] GC(58) Clear Next Bitmap 2,115ms
[22,691s][info ][gc] GC(58) Pause Full (G1 Humongous Allocation) 1865M->501M(2048M) 274,944ms
[22,692s][info ][gc] GC(56) Concurrent Cycle 917,933ms
[22,882s][info ][gc] GC(59) Pause Young (Concurrent Start) (G1 Humongous Allocation) 886M->883M(2048M) 9,844ms
[22,882s][info ][gc] GC(60) Concurrent Cycle
[23,544s][info ][gc] GC(61) Pause Young (Normal) (G1 Humongous Allocation) 1926M->1914M(2048M) 23,147ms
[23,546s][debug][gc] GC(62) Clear Next Bitmap 2,126ms
[23,823s][info ][gc] GC(62) Pause Full (G1 Humongous Allocation) 1914M->515M(2048M) 278,884ms
[23,823s][info ][gc] GC(60) Concurrent Cycle 941,188ms
[24,008s][info ][gc] GC(63) Pause Young (Concurrent Start) (G1 Humongous Allocation) 912M->909M(2048M) 11,289ms
[24,009s][info ][gc] GC(64) Concurrent Cycle
[24,626s][info ][gc] GC(65) Pause Young (Normal) (G1 Humongous Allocation) 1912M->1901M(2048M) 26,139ms
[24,628s][debug][gc] GC(66) Clear Next Bitmap 2,216ms
[24,909s][info ][gc] GC(66) Pause Full (G1 Humongous Allocation) 1901M->527M(2048M) 283,235ms
[24,910s][info ][gc] GC(64) Concurrent Cycle 901,115ms
[25,083s][info ][gc] GC(67) Pause Young (Concurrent Start) (G1 Humongous Allocation) 863M->860M(2048M) 12,451ms
[25,083s][info ][gc] GC(68) Concurrent Cycle
[25,692s][info ][gc] GC(69) Pause Young (Normal) (G1 Humongous Allocation) 1887M->1875M(2048M) 28,637ms
[25,695s][debug][gc] GC(70) Clear Next Bitmap 2,202ms
[25,981s][info ][gc] GC(70) Pause Full (G1 Humongous Allocation) 1875M->539M(2048M) 289,183ms
[25,982s][info ][gc] GC(68) Concurrent Cycle 899,021ms
[26,137s][info ][gc] GC(71) Pause Young (Concurrent Start) (G1 Humongous Allocation) 885M->883M(2048M) 14,519ms
[26,137s][info ][gc] GC(72) Concurrent Cycle
[26,737s][info ][gc] GC(73) Pause Young (Normal) (G1 Humongous Allocation) 1861M->1850M(2048M) 27,537ms
[26,740s][debug][gc] GC(74) Clear Next Bitmap 2,207ms
[27,031s][info ][gc] GC(74) Pause Full (G1 Humongous Allocation) 1850M->551M(2048M) 293,815ms
[27,032s][info ][gc] GC(72) Concurrent Cycle 895,078ms
[27,217s][info ][gc] GC(75) Pause Young (Concurrent Start) (G1 Humongous Allocation) 903M->899M(2048M) 22,274ms
[27,217s][info ][gc] GC(76) Concurrent Cycle
[27,858s][info ][gc] GC(77) Pause Young (Normal) (G1 Humongous Allocation) 1968M->1959M(2048M) 32,474ms
[27,860s][debug][gc] GC(78) Clear Next Bitmap 2,158ms
[28,163s][info ][gc] GC(78) Pause Full (G1 Humongous Allocation) 1959M->563M(2048M) 304,519ms
[28,163s][info ][gc] GC(76) Concurrent Cycle 945,681ms
[28,332s][info ][gc] GC(79) Pause Young (Concurrent Start) (G1 Humongous Allocation) 926M->922M(2048M) 20,073ms
[28,333s][info ][gc] GC(80) Concurrent Cycle
[28,826s][info ][gc] GC(81) Pause Young (Normal) (G1 Humongous Allocation) 1867M->1858M(2048M) 32,548ms
[28,828s][debug][gc] GC(82) Clear Next Bitmap 2,090ms
[29,133s][info ][gc] GC(82) Pause Full (G1 Humongous Allocation) 1858M->574M(2048M) 307,048ms
[29,135s][info ][gc] GC(80) Concurrent Cycle 802,124ms
[29,278s][info ][gc] GC(83) Pause Young (Concurrent Start) (G1 Humongous Allocation) 868M->865M(2048M) 23,636ms
[29,278s][info ][gc] GC(84) Concurrent Cycle
[29,903s][info ][gc] GC(85) Pause Young (Normal) (G1 Humongous Allocation) 1901M->1892M(2048M) 23,298ms
[29,906s][debug][gc] GC(86) Clear Next Bitmap 2,127ms
[30,230s][info ][gc] GC(86) Pause Full (G1 Humongous Allocation) 1892M->584M(2048M) 327,069ms
[30,234s][info ][gc] GC(84) Concurrent Cycle 955,412ms
[30,375s][info ][gc] GC(87) Pause Young (Concurrent Start) (G1 Humongous Allocation) 886M->882M(2048M) 22,138ms
[30,375s][info ][gc] GC(88) Concurrent Cycle
[30,994s][info ][gc] GC(89) Pause Young (Normal) (G1 Humongous Allocation) 1939M->1929M(2048M) 34,624ms
[30,997s][debug][gc] GC(90) Clear Next Bitmap 2,105ms
[31,323s][info ][gc] GC(90) Pause Full (G1 Humongous Allocation) 1929M->596M(2048M) 328,789ms
[31,324s][info ][gc] GC(88) Concurrent Cycle 948,523ms
[31,469s][info ][gc] GC(91) Pause Young (Concurrent Start) (G1 Humongous Allocation) 902M->899M(2048M) 22,519ms
[31,469s][info ][gc] GC(92) Concurrent Cycle
[31,985s][info ][gc] GC(93) Pause Young (Normal) (G1 Humongous Allocation) 1896M->1887M(2048M) 32,801ms
[31,988s][debug][gc] GC(94) Clear Next Bitmap 2,182ms
[32,310s][info ][gc] GC(94) Pause Full (G1 Humongous Allocation) 1887M->606M(2048M) 325,123ms
[32,311s][info ][gc] GC(92) Concurrent Cycle 841,745ms
[32,470s][info ][gc] GC(95) Pause Young (Concurrent Start) (G1 Humongous Allocation) 917M->913M(2048M) 20,446ms
[32,470s][info ][gc] GC(96) Concurrent Cycle
[33,045s][info ][gc] GC(97) Pause Young (Normal) (G1 Humongous Allocation) 1927M->1919M(2048M) 25,034ms
[33,048s][debug][gc] GC(98) Clear Next Bitmap 2,167ms
[33,379s][info ][gc] GC(98) Pause Full (G1 Humongous Allocation) 1919M->616M(2048M) 333,402ms
[33,380s][info ][gc] GC(96) Concurrent Cycle 910,167ms
[33,499s][info ][gc] GC(99) Pause Young (Concurrent Start) (G1 Humongous Allocation) 854M->850M(2048M) 24,291ms
[33,499s][info ][gc] GC(100) Concurrent Cycle
[34,031s][info ][gc] GC(101) Pause Young (Normal) (G1 Humongous Allocation) 1880M->1872M(2048M) 30,383ms
[34,033s][debug][gc] GC(102) Clear Next Bitmap 2,109ms
[34,370s][info ][gc] GC(102) Pause Full (G1 Humongous Allocation) 1872M->627M(2048M) 339,218ms
[34,370s][info ][gc] GC(100) Concurrent Cycle 871,663ms
[34,492s][info ][gc] GC(103) Pause Young (Concurrent Start) (G1 Humongous Allocation) 869M->866M(2048M) 23,324ms
[34,492s][info ][gc] GC(104) Concurrent Cycle
[35,044s][info ][gc] GC(105) Pause Young (Normal) (G1 Humongous Allocation) 1912M->1903M(2048M) 35,209ms
[35,047s][debug][gc] GC(106) Clear Next Bitmap 2,811ms
[35,402s][info ][gc] GC(106) Pause Full (G1 Humongous Allocation) 1903M->636M(2048M) 357,793ms
[35,402s][info ][gc] GC(104) Concurrent Cycle 910,842ms
[35,536s][info ][gc] GC(107) Pause Young (Concurrent Start) (G1 Humongous Allocation) 882M->878M(2048M) 22,906ms
[35,536s][info ][gc] GC(108) Concurrent Cycle
[36,174s][info ][gc] GC(109) Pause Young (Normal) (G1 Humongous Allocation) 1940M->1932M(2048M) 32,424ms
[36,178s][debug][gc] GC(110) Clear Next Bitmap 2,115ms
[36,520s][info ][gc] GC(110) Pause Full (G1 Humongous Allocation) 1932M->646M(2048M) 344,738ms
[36,522s][info ][gc] GC(108) Concurrent Cycle 985,435ms
[36,660s][info ][gc] GC(111) Pause Young (Concurrent Start) (G1 Humongous Allocation) 894M->891M(2048M) 28,178ms
[36,660s][info ][gc] GC(112) Concurrent Cycle
[37,199s][info ][gc] GC(113) Pause Young (Normal) (G1 Humongous Allocation) 1886M->1878M(2048M) 26,675ms
[37,202s][debug][gc] GC(114) Clear Next Bitmap 2,118ms
[37,572s][info ][gc] GC(114) Pause Full (G1 Humongous Allocation) 1878M->655M(2048M) 372,022ms
[37,573s][info ][gc] GC(112) Concurrent Cycle 912,488ms
[37,700s][info ][gc] GC(115) Pause Young (Concurrent Start) (G1 Humongous Allocation) 906M->903M(2048M) 20,877ms
[37,700s][info ][gc] GC(116) Concurrent Cycle
[38,270s][info ][gc] GC(117) Pause Young (Normal) (G1 Humongous Allocation) 1829M->1820M(2048M) 37,426ms
[38,272s][debug][gc] GC(118) Clear Next Bitmap 2,178ms
[38,651s][info ][gc] GC(118) Pause Full (G1 Humongous Allocation) 1820M->663M(2048M) 380,659ms
[38,651s][info ][gc] GC(116) Concurrent Cycle 951,648ms
[38,765s][info ][gc] GC(119) Pause Young (Concurrent Start) (G1 Humongous Allocation) 916M->914M(2048M) 19,889ms
[38,765s][info ][gc] GC(120) Concurrent Cycle
[39,318s][info ][gc] GC(121) Pause Young (Normal) (G1 Humongous Allocation) 1852M->1844M(2048M) 21,733ms
[39,320s][debug][gc] GC(122) Clear Next Bitmap 2,209ms
[39,673s][info ][gc] GC(122) Pause Full (G1 Humongous Allocation) 1844M->671M(2048M) 354,588ms
[39,673s][info ][gc] GC(120) Concurrent Cycle 907,756ms
[39,753s][info ][gc] GC(123) Pause Young (Concurrent Start) (G1 Humongous Allocation) 842M->841M(2048M) 21,903ms
[39,754s][info ][gc] GC(124) Concurrent Cycle
[40,298s][info ][gc] GC(125) Pause Young (Normal) (G1 Humongous Allocation) 1789M->1781M(2048M) 27,538ms
[40,300s][debug][gc] GC(126) Clear Next Bitmap 2,287ms
[40,663s][info ][gc] GC(126) Pause Full (G1 Humongous Allocation) 1781M->679M(2048M) 365,258ms
[40,663s][info ][gc] GC(124) Concurrent Cycle 909,932ms
[40,744s][info ][gc] GC(127) Pause Young (Concurrent Start) (G1 Humongous Allocation) 852M->851M(2048M) 21,370ms
[40,744s][info ][gc] GC(128) Concurrent Cycle
[41,318s][info ][gc] GC(129) Pause Young (Normal) (G1 Humongous Allocation) 1897M->1888M(2048M) 32,247ms
[41,321s][debug][gc] GC(130) Clear Next Bitmap 2,119ms
[41,682s][info ][gc] GC(130) Pause Full (G1 Humongous Allocation) 1888M->688M(2048M) 363,227ms
[41,682s][info ][gc] GC(128) Concurrent Cycle 938,062ms
[41,766s][info ][gc] GC(131) Pause Young (Concurrent Start) (G1 Humongous Allocation) 862M->862M(2048M) 23,179ms
[41,767s][info ][gc] GC(132) Concurrent Cycle
[42,394s][info ][gc] GC(133) Pause Young (Normal) (G1 Humongous Allocation) 1921M->1912M(2048M) 27,888ms
[42,396s][debug][gc] GC(134) Clear Next Bitmap 2,222ms
[42,766s][info ][gc] GC(134) Pause Full (G1 Humongous Allocation) 1912M->696M(2048M) 371,602ms
[42,767s][info ][gc] GC(132) Concurrent Cycle 999,504ms
[42,849s][info ][gc] GC(135) Pause Young (Concurrent Start) (G1 Humongous Allocation) 874M->873M(2048M) 21,381ms
[42,849s][info ][gc] GC(136) Concurrent Cycle
[43,439s][info ][gc] GC(137) Pause Young (Normal) (G1 Humongous Allocation) 1944M->1935M(2048M) 31,529ms
[43,441s][debug][gc] GC(138) Clear Next Bitmap 2,073ms
[43,812s][info ][gc] GC(138) Pause Full (G1 Humongous Allocation) 1935M->705M(2048M) 372,181ms
[43,812s][info ][gc] GC(136) Concurrent Cycle 963,007ms
[43,896s][info ][gc] GC(139) Pause Young (Concurrent Start) (G1 Humongous Allocation) 885M->884M(2048M) 22,454ms
[43,896s][info ][gc] GC(140) Concurrent Cycle
[44,447s][info ][gc] GC(141) Pause Young (Normal) (G1 Humongous Allocation) 1878M->1869M(2048M) 26,492ms
[44,450s][debug][gc] GC(142) Clear Next Bitmap 2,219ms
[44,840s][info ][gc] GC(142) Pause Full (G1 Humongous Allocation) 1869M->713M(2048M) 393,124ms
[44,841s][info ][gc] GC(140) Concurrent Cycle 944,499ms
[44,925s][info ][gc] GC(143) Pause Young (Concurrent Start) (G1 Humongous Allocation) 895M->895M(2048M) 21,418ms
[44,926s][info ][gc] GC(144) Concurrent Cycle
[45,453s][info ][gc] GC(145) Pause Young (Normal) (G1 Humongous Allocation) 1808M->1799M(2048M) 22,925ms
[45,455s][debug][gc] GC(146) Clear Next Bitmap 2,275ms
[45,830s][info ][gc] GC(146) Pause Full (G1 Humongous Allocation) 1799M->720M(2048M) 376,794ms
[45,830s][info ][gc] GC(144) Concurrent Cycle 904,640ms
[45,916s][info ][gc] GC(147) Pause Young (Concurrent Start) (G1 Humongous Allocation) 904M->903M(2048M) 23,000ms
[45,917s][info ][gc] GC(148) Concurrent Cycle
[46,487s][info ][gc] GC(149) Pause Young (Normal) (G1 Humongous Allocation) 1918M->1909M(2048M) 22,317ms
[46,489s][debug][gc] GC(150) Clear Next Bitmap 2,251ms
[46,894s][info ][gc] GC(150) Pause Full (G1 Humongous Allocation) 1909M->728M(2048M) 407,180ms
[46,894s][info ][gc] GC(148) Concurrent Cycle 977,859ms
[46,981s][info ][gc] GC(151) Pause Young (Concurrent Start) (G1 Humongous Allocation) 913M->913M(2048M) 22,872ms
[46,981s][info ][gc] GC(152) Concurrent Cycle
[47,554s][info ][gc] GC(153) Pause Young (Normal) (G1 Humongous Allocation) 1939M->1930M(2048M) 29,331ms
[47,557s][debug][gc] GC(154) Clear Next Bitmap 2,222ms
[47,946s][info ][gc] GC(154) Pause Full (G1 Humongous Allocation) 1930M->736M(2048M) 391,878ms
[47,947s][info ][gc] GC(152) Concurrent Cycle 966,274ms
[47,993s][info ][gc] GC(155) Pause Young (Concurrent Start) (G1 Humongous Allocation) 829M->829M(2048M) 17,625ms
[47,993s][info ][gc] GC(156) Concurrent Cycle
[48,599s][info ][gc] GC(157) Pause Young (Normal) (G1 Humongous Allocation) 1960M->1951M(2048M) 29,130ms
[48,601s][debug][gc] GC(158) Clear Next Bitmap 2,151ms
[49,009s][info ][gc] GC(158) Pause Full (G1 Humongous Allocation) 1951M->744M(2048M) 410,687ms
[49,010s][info ][gc] GC(156) Concurrent Cycle 1016,698ms
[49,057s][info ][gc] GC(159) Pause Young (Concurrent Start) (G1 Humongous Allocation) 838M->838M(2048M) 17,936ms
[49,057s][info ][gc] GC(160) Concurrent Cycle
[49,641s][info ][gc] GC(161) Pause Young (Normal) (G1 Humongous Allocation) 1792M->1783M(2048M) 23,803ms
[49,644s][debug][gc] GC(162) Clear Next Bitmap 2,216ms
[50,031s][info ][gc] GC(162) Pause Full (G1 Humongous Allocation) 1783M->751M(2048M) 389,873ms
[50,032s][info ][gc] GC(160) Concurrent Cycle 974,820ms
[50,080s][info ][gc] GC(163) Pause Young (Concurrent Start) (G1 Humongous Allocation) 846M->846M(2048M) 18,003ms
[50,080s][info ][gc] GC(164) Concurrent Cycle
[50,700s][info ][gc] GC(165) Pause Young (Normal) (G1 Humongous Allocation) 1902M->1893M(2048M) 30,226ms
[50,702s][debug][gc] GC(166) Clear Next Bitmap 2,131ms
[51,103s][info ][gc] GC(166) Pause Full (G1 Humongous Allocation) 1893M->758M(2048M) 402,299ms
[51,103s][info ][gc] GC(164) Concurrent Cycle 1023,342ms
[51,154s][info ][gc] GC(167) Pause Young (Concurrent Start) (G1 Humongous Allocation) 855M->854M(2048M) 11,068ms
[51,154s][info ][gc] GC(168) Concurrent Cycle
[51,774s][info ][gc] GC(169) Pause Young (Normal) (G1 Humongous Allocation) 1920M->1912M(2048M) 31,615ms
[51,777s][debug][gc] GC(170) Clear Next Bitmap 2,161ms
[52,173s][info ][gc] GC(170) Pause Full (G1 Humongous Allocation) 1912M->765M(2048M) 398,376ms
[52,173s][info ][gc] GC(168) Concurrent Cycle 1019,489ms
[52,239s][info ][gc] GC(171) Pause Young (Concurrent Start) (G1 Humongous Allocation) 864M->862M(2048M) 22,053ms
[52,239s][info ][gc] GC(172) Concurrent Cycle
[52,784s][info ][gc] GC(173) Pause Young (Normal) (G1 Humongous Allocation) 1839M->1833M(2048M) 30,826ms
[52,786s][debug][gc] GC(174) Clear Next Bitmap 2,143ms
[53,202s][info ][gc] GC(174) Pause Full (G1 Humongous Allocation) 1833M->772M(2048M) 418,022ms
[53,204s][info ][gc] GC(172) Concurrent Cycle 964,281ms
[53,266s][info ][gc] GC(175) Pause Young (Concurrent Start) (G1 Humongous Allocation) 872M->870M(2048M) 26,119ms
[53,266s][info ][gc] GC(176) Concurrent Cycle
[53,835s][info ][gc] GC(177) Pause Young (Normal) (G1 Humongous Allocation) 1855M->1848M(2048M) 25,787ms
[53,838s][debug][gc] GC(178) Clear Next Bitmap 2,218ms
[54,245s][info ][gc] GC(178) Pause Full (G1 Humongous Allocation) 1848M->779M(2048M) 409,106ms
[54,246s][info ][gc] GC(176) Concurrent Cycle 979,494ms
[54,310s][info ][gc] GC(179) Pause Young (Concurrent Start) (G1 Humongous Allocation) 880M->878M(2048M) 15,021ms
[54,310s][info ][gc] GC(180) Concurrent Cycle
[54,929s][info ][gc] GC(181) Pause Young (Normal) (G1 Humongous Allocation) 1871M->1864M(2048M) 21,578ms
[54,932s][debug][gc] GC(182) Clear Next Bitmap 2,322ms
[55,370s][info ][gc] GC(182) Pause Full (G1 Humongous Allocation) 1864M->786M(2048M) 440,690ms
[55,372s][info ][gc] GC(180) Concurrent Cycle 1061,816ms
[55,431s][info ][gc] GC(183) Pause Young (Concurrent Start) (G1 Humongous Allocation) 888M->886M(2048M) 19,195ms
[55,431s][info ][gc] GC(184) Concurrent Cycle
[55,912s][info ][gc] GC(185) Pause Young (Normal) (G1 Humongous Allocation) 1787M->1781M(2048M) 32,185ms
[55,914s][debug][gc] GC(186) Clear Next Bitmap 2,121ms
[56,325s][info ][gc] GC(186) Pause Full (G1 Humongous Allocation) 1781M->791M(2048M) 412,297ms
[56,325s][info ][gc] GC(184) Concurrent Cycle 894,482ms
[56,385s][info ][gc] GC(187) Pause Young (Concurrent Start) (G1 Humongous Allocation) 893M->891M(2048M) 16,767ms
[56,385s][info ][gc] GC(188) Concurrent Cycle
[56,901s][info ][gc] GC(189) Pause Young (Normal) (G1 Humongous Allocation) 1801M->1795M(2048M) 29,044ms
[56,903s][debug][gc] GC(190) Clear Next Bitmap 2,169ms
[57,320s][info ][gc] GC(190) Pause Full (G1 Humongous Allocation) 1795M->798M(2048M) 418,456ms
[57,320s][info ][gc] GC(188) Concurrent Cycle 934,654ms
[57,380s][info ][gc] GC(191) Pause Young (Concurrent Start) (G1 Humongous Allocation) 901M->899M(2048M) 19,035ms
[57,380s][info ][gc] GC(192) Concurrent Cycle
[57,903s][info ][gc] GC(193) Pause Young (Normal) (G1 Humongous Allocation) 1814M->1808M(2048M) 31,375ms
[57,905s][debug][gc] GC(194) Clear Next Bitmap 2,107ms
[58,325s][info ][gc] GC(194) Pause Full (G1 Humongous Allocation) 1808M->804M(2048M) 422,079ms
[58,327s][info ][gc] GC(192) Concurrent Cycle 946,186ms
[58,388s][info ][gc] GC(195) Pause Young (Concurrent Start) (G1 Humongous Allocation) 908M->906M(2048M) 17,447ms
[58,388s][info ][gc] GC(196) Concurrent Cycle
[58,945s][info ][gc] GC(197) Pause Young (Normal) (G1 Humongous Allocation) 1931M->1924M(2048M) 32,932ms
[58,947s][debug][gc] GC(198) Clear Next Bitmap 2,181ms
[59,399s][info ][gc] GC(198) Pause Full (G1 Humongous Allocation) 1924M->811M(2048M) 453,484ms
[59,399s][info ][gc] GC(196) Concurrent Cycle 1010,945ms
[59,461s][info ][gc] GC(199) Pause Young (Concurrent Start) (G1 Humongous Allocation) 916M->914M(2048M) 14,280ms
[59,461s][info ][gc] GC(200) Concurrent Cycle
[59,998s][info ][gc] GC(201) Pause Young (Normal) (G1 Humongous Allocation) 1947M->1940M(2048M) 31,691ms
[60,000s][debug][gc] GC(202) Clear Next Bitmap 2,188ms
[60,427s][info ][gc] GC(202) Pause Full (G1 Humongous Allocation) 1940M->818M(2048M) 428,765ms
[60,429s][info ][gc] GC(200) Concurrent Cycle 968,164ms
[60,501s][info ][gc] GC(203) Pause Young (Concurrent Start) (G1 Humongous Allocation) 925M->922M(2048M) 13,311ms
[60,501s][info ][gc] GC(204) Concurrent Cycle
[61,018s][info ][gc] GC(205) Pause Young (Normal) (G1 Humongous Allocation) 1859M->1853M(2048M) 31,858ms
[61,021s][debug][gc] GC(206) Clear Next Bitmap 2,330ms
[61,541s][info ][gc] GC(206) Pause Full (G1 Humongous Allocation) 1853M->823M(2048M) 522,971ms
[61,542s][info ][gc] GC(204) Concurrent Cycle 1041,350ms
[61,601s][info ][gc] GC(207) Pause Young (Concurrent Start) (G1 Humongous Allocation) 929M->927M(2048M) 20,741ms
[61,601s][info ][gc] GC(208) Concurrent Cycle
[62,129s][info ][gc] GC(209) Pause Young (Normal) (G1 Humongous Allocation) 1872M->1866M(2048M) 31,005ms
[62,131s][debug][gc] GC(210) Clear Next Bitmap 2,179ms
[62,564s][info ][gc] GC(210) Pause Full (G1 Humongous Allocation) 1866M->829M(2048M) 434,539ms
[62,566s][info ][gc] GC(208) Concurrent Cycle 965,247ms
[62,628s][info ][gc] GC(211) Pause Young (Concurrent Start) (G1 Humongous Allocation) 936M->934M(2048M) 17,327ms
[62,628s][info ][gc] GC(212) Concurrent Cycle
[63,189s][info ][gc] GC(213) Pause Young (Normal) (G1 Humongous Allocation) 1885M->1879M(2048M) 22,470ms
[63,192s][debug][gc] GC(214) Clear Next Bitmap 2,809ms
[63,627s][info ][gc] GC(214) Pause Full (G1 Humongous Allocation) 1879M->836M(2048M) 437,752ms
[63,630s][info ][gc] GC(212) Concurrent Cycle 1001,781ms
[63,691s][info ][gc] GC(215) Pause Young (Concurrent Start) (G1 Humongous Allocation) 944M->942M(2048M) 19,898ms
[63,691s][info ][gc] GC(216) Concurrent Cycle
[64,198s][info ][gc] GC(217) Pause Young (Normal) (G1 Humongous Allocation) 1899M->1892M(2048M) 36,410ms
[64,200s][debug][gc] GC(218) Clear Next Bitmap 2,289ms
[64,644s][info ][gc] GC(218) Pause Full (G1 Humongous Allocation) 1892M->842M(2048M) 446,143ms
[64,657s][info ][gc] GC(216) Concurrent Cycle 966,174ms
[64,709s][info ][gc] GC(219) Pause Young (Concurrent Start) (G1 Humongous Allocation) 951M->949M(2048M) 20,901ms
[64,709s][info ][gc] GC(220) Concurrent Cycle
[65,183s][info ][gc] GC(221) Pause Young (Normal) (G1 Humongous Allocation) 1806M->1801M(2048M) 34,508ms
[65,186s][debug][gc] GC(222) Clear Next Bitmap 2,137ms
[65,626s][info ][gc] GC(222) Pause Full (G1 Humongous Allocation) 1801M->847M(2048M) 442,217ms
[65,626s][info ][gc] GC(220) Concurrent Cycle 917,106ms
[65,706s][info ][gc] GC(223) Pause Young (Concurrent Start) (G1 Humongous Allocation) 956M->954M(2048M) 21,386ms
[65,706s][info ][gc] GC(224) Concurrent Cycle
[66,259s][info ][gc] GC(225) Pause Young (Normal) (G1 Humongous Allocation) 1926M->1919M(2048M) 38,930ms
[66,262s][debug][gc] GC(226) Clear Next Bitmap 2,085ms
[66,709s][info ][gc] GC(226) Pause Full (G1 Humongous Allocation) 1919M->853M(2048M) 449,365ms
[66,709s][info ][gc] GC(224) Concurrent Cycle 1003,654ms
[66,766s][info ][gc] GC(227) Pause Young (Concurrent Start) (G1 Humongous Allocation) 962M->961M(2048M) 14,631ms
[66,766s][info ][gc] GC(228) Concurrent Cycle
[67,220s][info ][gc] GC(229) Pause Young (Normal) (G1 Humongous Allocation) 1830M->1824M(2048M) 32,830ms
[67,223s][debug][gc] GC(230) Clear Next Bitmap 2,132ms
[67,665s][info ][gc] GC(230) Pause Full (G1 Humongous Allocation) 1824M->859M(2048M) 444,700ms
[67,666s][info ][gc] GC(228) Concurrent Cycle 899,863ms
[67,732s][info ][gc] GC(231) Pause Young (Concurrent Start) (G1 Humongous Allocation) 969M->968M(2048M) 22,052ms
[67,732s][info ][gc] GC(232) Concurrent Cycle
[68,201s][info ][gc] GC(233) Pause Young (Normal) (G1 Humongous Allocation) 1841M->1836M(2048M) 29,083ms
[68,204s][debug][gc] GC(234) Clear Next Bitmap 2,189ms
[68,690s][info ][gc] GC(234) Pause Full (G1 Humongous Allocation) 1836M->864M(2048M) 488,475ms
[68,691s][info ][gc] GC(232) Concurrent Cycle 959,305ms
[68,756s][info ][gc] GC(235) Pause Young (Concurrent Start) (G1 Humongous Allocation) 974M->973M(2048M) 15,965ms
[68,757s][info ][gc] GC(236) Concurrent Cycle
[69,254s][info ][gc] GC(237) Pause Young (Normal) (G1 Humongous Allocation) 1856M->1849M(2048M) 32,335ms
[69,256s][debug][gc] GC(238) Clear Next Bitmap 2,575ms
[69,706s][info ][gc] GC(238) Pause Full (G1 Humongous Allocation) 1849M->870M(2048M) 451,745ms
[69,706s][info ][gc] GC(236) Concurrent Cycle 949,472ms
[69,769s][info ][gc] GC(239) Pause Young (Concurrent Start) (G1 Humongous Allocation) 981M->979M(2048M) 15,809ms
[69,769s][info ][gc] GC(240) Concurrent Cycle
[70,294s][info ][gc] GC(241) Pause Young (Normal) (G1 Humongous Allocation) 1866M->1860M(2048M) 49,925ms
[70,297s][debug][gc] GC(242) Clear Next Bitmap 2,186ms
[70,762s][info ][gc] GC(242) Pause Full (G1 Humongous Allocation) 1860M->875M(2048M) 467,398ms
[70,762s][info ][gc] GC(240) Concurrent Cycle 993,747ms
[70,817s][info ][gc] GC(243) Pause Young (Concurrent Start) (G1 Humongous Allocation) 987M->986M(2048M) 20,664ms
[70,817s][info ][gc] GC(244) Concurrent Cycle
[71,282s][info ][gc] GC(245) Pause Young (Normal) (G1 Humongous Allocation) 1766M->1760M(2048M) 44,583ms
[71,285s][debug][gc] GC(246) Clear Next Bitmap 2,699ms
[71,765s][info ][gc] GC(246) Pause Full (G1 Humongous Allocation) 1760M->880M(2048M) 483,417ms
[71,766s][info ][gc] GC(244) Concurrent Cycle 948,441ms
[71,823s][info ][gc] GC(247) Pause Young (Concurrent Start) (G1 Humongous Allocation) 992M->990M(2048M) 17,437ms
[71,824s][info ][gc] GC(248) Concurrent Cycle
[72,265s][info ][gc] GC(249) Pause Young (Normal) (G1 Humongous Allocation) 1777M->1771M(2048M) 36,473ms
[72,268s][debug][gc] GC(250) Clear Next Bitmap 2,189ms
[72,731s][info ][gc] GC(250) Pause Full (G1 Humongous Allocation) 1771M->885M(2048M) 465,544ms
[72,731s][info ][gc] GC(248) Concurrent Cycle 907,947ms
[72,787s][info ][gc] GC(251) Pause Young (Concurrent Start) (G1 Humongous Allocation) 997M->997M(2048M) 20,968ms
[72,787s][info ][gc] GC(252) Concurrent Cycle
[73,246s][info ][gc] GC(253) Pause Young (Normal) (G1 Humongous Allocation) 1785M->1779M(2048M) 44,388ms
[73,249s][debug][gc] GC(254) Clear Next Bitmap 2,706ms
[73,711s][info ][gc] GC(254) Pause Full (G1 Humongous Allocation) 1779M->890M(2048M) 464,312ms
[73,711s][info ][gc] GC(252) Concurrent Cycle 924,172ms
[73,768s][info ][gc] GC(255) Pause Young (Concurrent Start) (G1 Humongous Allocation) 1004M->1003M(2048M) 12,797ms
[73,768s][info ][gc] GC(256) Concurrent Cycle
[74,283s][info ][gc] GC(257) Pause Young (Normal) (G1 Humongous Allocation) 1909M->1903M(2048M) 29,795ms
[74,285s][debug][gc] GC(258) Clear Next Bitmap 2,131ms
[74,796s][info ][gc] GC(258) Pause Full (G1 Humongous Allocation) 1903M->895M(2048M) 512,482ms
[74,796s][info ][gc] GC(256) Concurrent Cycle 1028,250ms
[74,854s][info ][gc] GC(259) Pause Young (Concurrent Start) (G1 Humongous Allocation) 1009M->1008M(2048M) 14,427ms
[74,854s][info ][gc] GC(260) Concurrent Cycle
[75,288s][info ][gc] GC(261) Pause Young (Normal) (G1 Humongous Allocation) 1806M->1800M(2048M) 25,445ms
[75,290s][debug][gc] GC(262) Clear Next Bitmap 2,141ms
[75,759s][info ][gc] GC(262) Pause Full (G1 Humongous Allocation) 1800M->900M(2048M) 470,830ms
[75,760s][info ][gc] GC(260) Concurrent Cycle 905,537ms
[75,820s][info ][gc] GC(263) Pause Young (Concurrent Start) (G1 Humongous Allocation) 1015M->1014M(2048M) 11,072ms
[75,820s][info ][gc] GC(264) Concurrent Cycle
[76,260s][info ][gc] GC(265) Pause Young (Normal) (G1 Humongous Allocation) 1814M->1809M(2048M) 28,015ms
[76,262s][debug][gc] GC(266) Clear Next Bitmap 2,131ms
[76,725s][info ][gc] GC(266) Pause Full (G1 Humongous Allocation) 1809M->904M(2048M) 465,175ms
[76,727s][info ][gc] GC(264) Concurrent Cycle 906,262ms
[76,786s][info ][gc] GC(267) Pause Young (Concurrent Start) (G1 Humongous Allocation) 1021M->1019M(2048M) 14,913ms
[76,786s][info ][gc] GC(268) Concurrent Cycle
[77,370s][info ][gc] GC(269) Pause Young (Normal) (G1 Humongous Allocation) 1942M->1935M(2048M) 21,061ms
[77,373s][debug][gc] GC(270) Clear Next Bitmap 2,145ms
[77,843s][info ][gc] GC(270) Pause Full (G1 Humongous Allocation) 1935M->910M(2048M) 472,785ms
[77,844s][info ][gc] GC(268) Concurrent Cycle 1058,269ms
[77,902s][info ][gc] GC(271) Pause Young (Concurrent Start) (G1 Humongous Allocation) 1026M->1025M(2048M) 19,033ms
[77,902s][info ][gc] GC(272) Concurrent Cycle
[78,366s][info ][gc] GC(273) Pause Young (Normal) (G1 Humongous Allocation) 1837M->1831M(2048M) 29,382ms
[78,369s][debug][gc] GC(274) Clear Next Bitmap 2,389ms
[78,839s][info ][gc] GC(274) Pause Full (G1 Humongous Allocation) 1831M->915M(2048M) 472,485ms
[78,840s][info ][gc] GC(272) Concurrent Cycle 937,478ms
[78,898s][info ][gc] GC(275) Pause Young (Concurrent Start) (G1 Humongous Allocation) 1032M->1031M(2048M) 21,537ms
[78,898s][info ][gc] GC(276) Concurrent Cycle
[79,359s][info ][gc] GC(277) Pause Young (Normal) (G1 Humongous Allocation) 1846M->1840M(2048M) 24,433ms
[79,362s][debug][gc] GC(278) Clear Next Bitmap 2,121ms
[79,837s][info ][gc] GC(278) Pause Full (G1 Humongous Allocation) 1840M->920M(2048M) 477,116ms
[79,837s][info ][gc] GC(276) Concurrent Cycle 939,087ms
[79,895s][info ][gc] GC(279) Pause Young (Concurrent Start) (G1 Humongous Allocation) 1036M->1035M(2048M) 19,388ms
[79,895s][info ][gc] GC(280) Concurrent Cycle
[80,370s][info ][gc] GC(281) Pause Young (Normal) (G1 Humongous Allocation) 1857M->1851M(2048M) 26,381ms
[80,373s][debug][gc] GC(282) Clear Next Bitmap 2,182ms
[80,848s][info ][gc] GC(282) Pause Full (G1 Humongous Allocation) 1851M->925M(2048M) 477,723ms
[80,849s][info ][gc] GC(280) Concurrent Cycle 953,671ms
[80,907s][info ][gc] GC(283) Pause Young (Concurrent Start) (G1 Humongous Allocation) 1042M->1042M(2048M) 18,929ms
[80,907s][info ][gc] GC(284) Concurrent Cycle
[81,393s][info ][gc] GC(285) Pause Young (Normal) (G1 Humongous Allocation) 1865M->1859M(2048M) 23,445ms
[81,396s][debug][gc] GC(286) Clear Next Bitmap 2,282ms
[81,877s][info ][gc] GC(286) Pause Full (G1 Humongous Allocation) 1859M->930M(2048M) 483,567ms
[81,878s][info ][gc] GC(284) Concurrent Cycle 970,041ms
[81,936s][info ][gc] GC(287) Pause Young (Concurrent Start) (G1 Humongous Allocation) 1049M->1048M(2048M) 22,082ms
[81,936s][info ][gc] GC(288) Concurrent Cycle
[82,408s][info ][gc] GC(289) Pause Young (Normal) (G1 Humongous Allocation) 1876M->1871M(2048M) 23,138ms
[82,411s][debug][gc] GC(290) Clear Next Bitmap 2,221ms
[82,900s][info ][gc] GC(290) Pause Full (G1 Humongous Allocation) 1871M->934M(2048M) 491,237ms
[82,900s][info ][gc] GC(288) Concurrent Cycle 964,075ms
[82,963s][info ][gc] GC(291) Pause Young (Concurrent Start) (G1 Humongous Allocation) 1053M->1052M(2048M) 12,693ms
[82,963s][info ][gc] GC(292) Concurrent Cycle
[83,434s][info ][gc] GC(293) Pause Young (Normal) (G1 Humongous Allocation) 1886M->1880M(2048M) 33,772ms
[83,436s][debug][gc] GC(294) Clear Next Bitmap 2,204ms
[84,025s][info ][gc] GC(294) Pause Full (G1 Humongous Allocation) 1880M->940M(2048M) 590,980ms
[84,025s][info ][gc] GC(292) Concurrent Cycle 1062,147ms
[84,128s][info ][gc] GC(295) Pause Young (Concurrent Start) (G1 Humongous Allocation) 1059M->1058M(2048M) 56,256ms
[84,128s][info ][gc] GC(296) Concurrent Cycle
[84,841s][info ][gc] GC(297) Pause Young (Normal) (G1 Humongous Allocation) 1893M->1888M(2048M) 24,004ms
[84,844s][debug][gc] GC(298) Clear Next Bitmap 2,437ms
[85,415s][info ][gc] GC(298) Pause Full (G1 Humongous Allocation) 1888M->944M(2048M) 574,087ms
[85,416s][info ][gc] GC(296) Concurrent Cycle 1287,988ms
[85,488s][info ][gc] GC(299) Pause Young (Concurrent Start) (G1 Humongous Allocation) 1066M->1064M(2048M) 23,406ms
[85,488s][info ][gc] GC(300) Concurrent Cycle
[85,982s][info ][gc] GC(301) Pause Young (Normal) (G1 Humongous Allocation) 1905M->1900M(2048M) 26,479ms
[85,984s][debug][gc] GC(302) Clear Next Bitmap 2,262ms
[86,550s][info ][gc] GC(302) Pause Full (G1 Humongous Allocation) 1900M->949M(2048M) 567,807ms
[86,550s][info ][gc] GC(300) Concurrent Cycle 1062,388ms
[86,621s][info ][gc] GC(303) Pause Young (Concurrent Start) (G1 Humongous Allocation) 1071M->1069M(2048M) 17,808ms
[86,621s][info ][gc] GC(304) Concurrent Cycle
[87,163s][info ][gc] GC(305) Pause Young (Normal) (G1 Humongous Allocation) 1913M->1909M(2048M) 15,353ms
[87,166s][debug][gc] GC(306) Clear Next Bitmap 2,411ms
[87,696s][info ][gc] GC(306) Pause Full (G1 Humongous Allocation) 1909M->954M(2048M) 532,373ms
[87,696s][info ][gc] GC(304) Concurrent Cycle 1074,627ms
[87,765s][info ][gc] GC(307) Pause Young (Concurrent Start) (G1 Humongous Allocation) 1077M->1075M(2048M) 20,864ms
[87,765s][info ][gc] GC(308) Concurrent Cycle
[88,183s][info ][gc] GC(309) Pause Young (Normal) (G1 Humongous Allocation) 1803M->1798M(2048M) 29,047ms
[88,185s][debug][gc] GC(310) Clear Next Bitmap 2,064ms
[88,698s][info ][gc] GC(310) Pause Full (G1 Humongous Allocation) 1798M->958M(2048M) 514,995ms
[88,699s][info ][gc] GC(308) Concurrent Cycle 934,291ms
[88,779s][info ][gc] GC(311) Pause Young (Concurrent Start) (G1 Humongous Allocation) 1081M->1079M(2048M) 30,635ms
[88,779s][info ][gc] GC(312) Concurrent Cycle
[89,200s][info ][gc] GC(313) Pause Young (Normal) (G1 Humongous Allocation) 1811M->1806M(2048M) 22,114ms
[89,203s][debug][gc] GC(314) Clear Next Bitmap 2,241ms
[89,780s][info ][gc] GC(314) Pause Full (G1 Humongous Allocation) 1806M->963M(2048M) 579,090ms
[89,794s][info ][gc] GC(312) Concurrent Cycle 1015,022ms
[89,850s][info ][gc] GC(315) Pause Young (Concurrent Start) (G1 Humongous Allocation) 1087M->1085M(2048M) 20,429ms
[89,850s][info ][gc] GC(316) Concurrent Cycle
[90,288s][info ][gc] GC(317) Pause Young (Normal) (G1 Humongous Allocation) 1819M->1814M(2048M) 35,634ms
[90,291s][debug][gc] GC(318) Clear Next Bitmap 2,577ms
[90,855s][info ][gc] GC(318) Pause Full (G1 Humongous Allocation) 1814M->967M(2048M) 567,153ms
[90,855s][info ][gc] GC(316) Concurrent Cycle 1004,894ms
[90,927s][info ][gc] GC(319) Pause Young (Concurrent Start) (G1 Humongous Allocation) 1090M->1089M(2048M) 24,522ms
[90,927s][info ][gc] GC(320) Concurrent Cycle
[91,372s][info ][gc] GC(321) Pause Young (Normal) (G1 Humongous Allocation) 1828M->1823M(2048M) 21,258ms
[91,375s][debug][gc] GC(322) Clear Next Bitmap 2,267ms
[91,882s][info ][gc] GC(322) Pause Full (G1 Humongous Allocation) 1823M->971M(2048M) 509,426ms
[91,882s][info ][gc] GC(320) Concurrent Cycle 954,870ms
[91,943s][info ][gc] GC(323) Pause Young (Concurrent Start) (G1 Humongous Allocation) 1095M->1094M(2048M) 19,887ms
[91,943s][info ][gc] GC(324) Concurrent Cycle
[92,453s][info ][gc] GC(325) Pause Young (Normal) (G1 Humongous Allocation) 1958M->1952M(2048M) 24,421ms
[92,455s][debug][gc] GC(326) Clear Next Bitmap 2,265ms
[92,962s][info ][gc] GC(326) Pause Full (G1 Humongous Allocation) 1952M->976M(2048M) 508,869ms
[92,962s][info ][gc] GC(324) Concurrent Cycle 1019,077ms
[93,026s][info ][gc] GC(327) Pause Young (Concurrent Start) (G1 Humongous Allocation) 1099M->1098M(2048M) 20,423ms
[93,026s][info ][gc] GC(328) Concurrent Cycle
[93,470s][info ][gc] GC(329) Pause Young (Normal) (G1 Humongous Allocation) 1844M->1840M(2048M) 23,627ms
[93,473s][debug][gc] GC(330) Clear Next Bitmap 2,178ms
[94,018s][info ][gc] GC(330) Pause Full (G1 Humongous Allocation) 1840M->980M(2048M) 547,637ms
[94,019s][info ][gc] GC(328) Concurrent Cycle 992,355ms
[94,098s][info ][gc] GC(331) Pause Young (Concurrent Start) (G1 Humongous Allocation) 1105M->1104M(2048M) 27,384ms
[94,098s][info ][gc] GC(332) Concurrent Cycle
[94,550s][info ][gc] GC(333) Pause Young (Normal) (G1 Humongous Allocation) 1850M->1845M(2048M) 23,477ms
[94,553s][debug][gc] GC(334) Clear Next Bitmap 2,402ms
[95,120s][info ][gc] GC(334) Pause Full (G1 Humongous Allocation) 1845M->984M(2048M) 569,375ms
[95,124s][info ][gc] GC(332) Concurrent Cycle 1026,519ms
[95,188s][info ][gc] GC(335) Pause Young (Concurrent Start) (G1 Humongous Allocation) 1110M->1109M(2048M) 13,190ms
[95,188s][info ][gc] GC(336) Concurrent Cycle
[95,680s][info ][gc] GC(337) Pause Young (Normal) (G1 Humongous Allocation) 1861M->1856M(2048M) 20,442ms
[95,682s][debug][gc] GC(338) Clear Next Bitmap 2,143ms
[96,273s][info ][gc] GC(338) Pause Full (G1 Humongous Allocation) 1856M->989M(2048M) 593,203ms
[96,275s][info ][gc] GC(336) Concurrent Cycle 1087,358ms
[96,348s][info ][gc] GC(339) Pause Young (Concurrent Start) (G1 Humongous Allocation) 1116M->1113M(2048M) 21,446ms
[96,348s][info ][gc] GC(340) Concurrent Cycle
[96,788s][info ][gc] GC(341) Pause Young (Normal) (G1 Humongous Allocation) 1865M->1862M(2048M) 23,468ms
[96,791s][debug][gc] GC(342) Clear Next Bitmap 2,238ms
[97,310s][info ][gc] GC(342) Pause Full (G1 Humongous Allocation) 1862M->994M(2048M) 521,080ms
[97,314s][info ][gc] GC(340) Concurrent Cycle 966,074ms
[97,383s][info ][gc] GC(343) Pause Young (Concurrent Start) (G1 Humongous Allocation) 1122M->1119M(2048M) 22,830ms
[97,383s][info ][gc] GC(344) Concurrent Cycle
[97,827s][info ][gc] GC(345) Pause Young (Normal) (G1 Humongous Allocation) 1876M->1872M(2048M) 22,320ms
[97,829s][debug][gc] GC(346) Clear Next Bitmap 2,320ms
[98,343s][info ][gc] GC(346) Pause Full (G1 Humongous Allocation) 1872M->997M(2048M) 516,548ms
[98,344s][info ][gc] GC(344) Concurrent Cycle 961,801ms
[98,419s][info ][gc] GC(347) Pause Young (Concurrent Start) (G1 Humongous Allocation) 1125M->1123M(2048M) 22,439ms
[98,419s][info ][gc] GC(348) Concurrent Cycle
[98,871s][info ][gc] GC(349) Pause Young (Normal) (G1 Humongous Allocation) 1882M->1878M(2048M) 22,123ms
[98,873s][debug][gc] GC(350) Clear Next Bitmap 2,108ms
[99,390s][info ][gc] GC(350) Pause Full (G1 Humongous Allocation) 1878M->1002M(2048M) 519,301ms
[99,392s][info ][gc] GC(348) Concurrent Cycle 972,922ms
[99,469s][info ][gc] GC(351) Pause Young (Concurrent Start) (G1 Humongous Allocation) 1131M->1129M(2048M) 24,715ms
[99,469s][info ][gc] GC(352) Concurrent Cycle
[99,850s][info ][gc] GC(353) Pause Young (Normal) (G1 Humongous Allocation) 1765M->1761M(2048M) 21,135ms
[99,852s][debug][gc] GC(354) Clear Next Bitmap 2,245ms
[100,371s][info ][gc] GC(354) Pause Full (G1 Humongous Allocation) 1761M->1005M(2048M) 521,576ms
[100,372s][info ][gc] GC(352) Concurrent Cycle 903,376ms
[100,448s][info ][gc] GC(355) Pause Young (Concurrent Start) (G1 Humongous Allocation) 1134M->1132M(2048M) 22,760ms
[100,448s][info ][gc] GC(356) Concurrent Cycle
[100,924s][info ][gc] GC(357) Pause Young (Normal) (G1 Humongous Allocation) 1897M->1893M(2048M) 21,378ms
[100,926s][debug][gc] GC(358) Clear Next Bitmap 2,207ms
[101,457s][info ][gc] GC(358) Pause Full (G1 Humongous Allocation) 1893M->1010M(2048M) 532,537ms
[101,457s][info ][gc] GC(356) Concurrent Cycle 1008,886ms
[101,536s][info ][gc] GC(359) Pause Young (Concurrent Start) (G1 Humongous Allocation) 1140M->1138M(2048M) 18,685ms
[101,536s][info ][gc] GC(360) Concurrent Cycle
[101,905s][info ][gc] GC(361) Pause Young (Normal) (G1 Humongous Allocation) 1779M->1775M(2048M) 25,199ms
[101,908s][debug][gc] GC(362) Clear Next Bitmap 2,221ms
[102,430s][info ][gc] GC(362) Pause Full (G1 Humongous Allocation) 1775M->1013M(2048M) 524,408ms
[102,430s][info ][gc] GC(360) Concurrent Cycle 893,591ms
[102,512s][info ][gc] GC(363) Pause Young (Concurrent Start) (G1 Humongous Allocation) 1143M->1141M(2048M) 28,961ms
[102,512s][info ][gc] GC(364) Concurrent Cycle
[102,891s][info ][gc] GC(365) Pause Young (Normal) (G1 Humongous Allocation) 1783M->1779M(2048M) 21,261ms
[102,894s][debug][gc] GC(366) Clear Next Bitmap 2,307ms
[103,463s][info ][gc] GC(366) Pause Full (G1 Humongous Allocation) 1779M->1017M(2048M) 571,246ms
[103,463s][info ][gc] GC(364) Concurrent Cycle 951,124ms
[103,548s][info ][gc] GC(367) Pause Young (Concurrent Start) (G1 Humongous Allocation) 1148M->1146M(2048M) 31,174ms
[103,548s][info ][gc] GC(368) Concurrent Cycle
[104,010s][info ][gc] GC(369) Pause Young (Normal) (G1 Humongous Allocation) 1921M->1917M(2048M) 20,803ms
[104,012s][debug][gc] GC(370) Clear Next Bitmap 2,250ms
[104,545s][info ][gc] GC(370) Pause Full (G1 Humongous Allocation) 1917M->1021M(2048M) 534,555ms
[104,545s][info ][gc] GC(368) Concurrent Cycle 996,962ms
[104,629s][info ][gc] GC(371) Pause Young (Concurrent Start) (G1 Humongous Allocation) 1152M->1150M(2048M) 30,831ms
[104,630s][info ][gc] GC(372) Concurrent Cycle
[105,028s][info ][gc] GC(373) Pause Young (Normal) (G1 Humongous Allocation) 1797M->1793M(2048M) 20,793ms
[105,031s][debug][gc] GC(374) Clear Next Bitmap 2,255ms
[105,575s][info ][gc] GC(374) Pause Full (G1 Humongous Allocation) 1793M->1025M(2048M) 546,776ms
[105,576s][info ][gc] GC(372) Concurrent Cycle 946,125ms
[105,651s][info ][gc] GC(375) Pause Young (Concurrent Start) (G1 Humongous Allocation) 1158M->1155M(2048M) 23,761ms
[105,652s][info ][gc] GC(376) Concurrent Cycle
[106,037s][info ][gc] GC(377) Pause Young (Normal) (G1 Humongous Allocation) 1806M->1803M(2048M) 19,297ms
[106,040s][debug][gc] GC(378) Clear Next Bitmap 2,220ms
[106,576s][info ][gc] GC(378) Pause Full (G1 Humongous Allocation) 1803M->1028M(2048M) 538,610ms
[106,577s][info ][gc] GC(376) Concurrent Cycle 925,652ms
[106,650s][info ][gc] GC(379) Pause Young (Concurrent Start) (G1 Humongous Allocation) 1160M->1158M(2048M) 19,601ms
[106,650s][info ][gc] GC(380) Concurrent Cycle
[107,114s][info ][gc] GC(381) Pause Young (Normal) (G1 Humongous Allocation) 1940M->1936M(2048M) 23,550ms
[107,117s][debug][gc] GC(382) Clear Next Bitmap 2,139ms
[107,667s][info ][gc] GC(382) Pause Full (G1 Humongous Allocation) 1936M->1033M(2048M) 552,311ms
[107,668s][info ][gc] GC(380) Concurrent Cycle 1017,669ms
[107,746s][info ][gc] GC(383) Pause Young (Concurrent Start) (G1 Humongous Allocation) 1166M->1164M(2048M) 21,129ms
[107,746s][info ][gc] GC(384) Concurrent Cycle
[108,195s][info ][gc] GC(385) Pause Young (Normal) (G1 Humongous Allocation) 1951M->1947M(2048M) 23,453ms
[108,197s][debug][gc] GC(386) Clear Next Bitmap 2,158ms
[108,965s][info ][gc] GC(386) Pause Full (G1 Humongous Allocation) 1947M->1036M(2048M) 770,180ms
[108,966s][info ][gc] GC(384) Concurrent Cycle 1220,256ms
[109,041s][info ][gc] GC(387) Pause Young (Concurrent Start) (G1 Humongous Allocation) 1169M->1167M(2048M) 23,004ms
[109,042s][info ][gc] GC(388) Concurrent Cycle
[109,531s][info ][gc] GC(389) Pause Young (Normal) (G1 Humongous Allocation) 1957M->1952M(2048M) 23,053ms
[109,534s][debug][gc] GC(390) Clear Next Bitmap 2,205ms
[110,160s][info ][gc] GC(390) Pause Full (G1 Humongous Allocation) 1952M->1041M(2048M) 628,115ms
[110,160s][info ][gc] GC(388) Concurrent Cycle 1118,504ms
[110,244s][info ][gc] GC(391) Pause Young (Concurrent Start) (G1 Humongous Allocation) 1175M->1173M(2048M) 29,645ms
[110,244s][info ][gc] GC(392) Concurrent Cycle
[110,653s][info ][gc] GC(393) Pause Young (Normal) (G1 Humongous Allocation) 1835M->1830M(2048M) 22,222ms
[110,655s][debug][gc] GC(394) Clear Next Bitmap 2,312ms
[111,249s][info ][gc] GC(394) Pause Full (G1 Humongous Allocation) 1830M->1044M(2048M) 595,664ms
[111,250s][info ][gc] GC(392) Concurrent Cycle 1005,593ms
[111,324s][info ][gc] GC(395) Pause Young (Concurrent Start) (G1 Humongous Allocation) 1178M->1176M(2048M) 22,138ms
[111,324s][info ][gc] GC(396) Concurrent Cycle
[111,718s][info ][gc] GC(397) Pause Young (Normal) (G1 Humongous Allocation) 1837M->1834M(2048M) 21,890ms
[111,720s][debug][gc] GC(398) Clear Next Bitmap 2,255ms
[112,315s][info ][gc] GC(398) Pause Full (G1 Humongous Allocation) 1834M->1047M(2048M) 596,478ms
[112,315s][info ][gc] GC(396) Concurrent Cycle 990,623ms
[112,390s][info ][gc] GC(399) Pause Young (Concurrent Start) (G1 Humongous Allocation) 1182M->1180M(2048M) 22,241ms
[112,390s][info ][gc] GC(400) Concurrent Cycle
[112,872s][info ][gc] GC(401) Pause Young (Normal) (G1 Humongous Allocation) 1846M->1843M(2048M) 22,804ms
[112,875s][debug][gc] GC(402) Clear Next Bitmap 2,891ms
[113,485s][info ][gc] GC(402) Pause Full (G1 Humongous Allocation) 1843M->1052M(2048M) 613,247ms
[113,487s][info ][gc] GC(400) Concurrent Cycle 1096,866ms
[113,562s][info ][gc] GC(403) Pause Young (Concurrent Start) (G1 Humongous Allocation) 1187M->1185M(2048M) 22,259ms
[113,562s][info ][gc] GC(404) Concurrent Cycle
[113,963s][info ][gc] GC(405) Pause Young (Normal) (G1 Humongous Allocation) 1851M->1847M(2048M) 21,605ms
[113,965s][debug][gc] GC(406) Clear Next Bitmap 2,229ms
[114,516s][info ][gc] GC(406) Pause Full (G1 Humongous Allocation) 1847M->1055M(2048M) 552,910ms
[114,517s][info ][gc] GC(404) Concurrent Cycle 954,729ms
[114,593s][info ][gc] GC(407) Pause Young (Concurrent Start) (G1 Humongous Allocation) 1190M->1188M(2048M) 21,765ms
[114,593s][info ][gc] GC(408) Concurrent Cycle
[114,994s][info ][gc] GC(409) Pause Young (Normal) (G1 Humongous Allocation) 1859M->1855M(2048M) 20,912ms
[114,997s][debug][gc] GC(410) Clear Next Bitmap 2,169ms
[115,541s][info ][gc] GC(410) Pause Full (G1 Humongous Allocation) 1855M->1059M(2048M) 545,986ms
[115,541s][info ][gc] GC(408) Concurrent Cycle 948,103ms
[115,620s][info ][gc] GC(411) Pause Young (Concurrent Start) (G1 Humongous Allocation) 1195M->1193M(2048M) 25,503ms
[115,620s][info ][gc] GC(412) Concurrent Cycle
[115,946s][info ][gc] GC(413) Pause Young (Normal) (G1 Humongous Allocation) 1730M->1727M(2048M) 20,176ms
[115,948s][debug][gc] GC(414) Clear Next Bitmap 2,278ms
[116,545s][info ][gc] GC(414) Pause Full (G1 Humongous Allocation) 1727M->1062M(2048M) 599,393ms
[116,546s][info ][gc] GC(412) Concurrent Cycle 926,374ms
[116,623s][info ][gc] GC(415) Pause Young (Concurrent Start) (G1 Humongous Allocation) 1197M->1196M(2048M) 20,795ms
[116,623s][info ][gc] GC(416) Concurrent Cycle
[117,034s][info ][gc] GC(417) Pause Young (Normal) (G1 Humongous Allocation) 1870M->1866M(2048M) 24,806ms
[117,036s][debug][gc] GC(418) Clear Next Bitmap 2,244ms
[117,594s][info ][gc] GC(418) Pause Full (G1 Humongous Allocation) 1866M->1066M(2048M) 560,474ms
[117,595s][info ][gc] GC(416) Concurrent Cycle 972,020ms
[117,671s][info ][gc] GC(419) Pause Young (Concurrent Start) (G1 Humongous Allocation) 1203M->1201M(2048M) 20,685ms
[117,671s][info ][gc] GC(420) Concurrent Cycle
[117,981s][info ][gc] GC(421) Pause Young (Normal) (G1 Humongous Allocation) 1742M->1739M(2048M) 23,490ms
[117,984s][debug][gc] GC(422) Clear Next Bitmap 2,329ms
[118,567s][info ][gc] GC(422) Pause Full (G1 Humongous Allocation) 1739M->1069M(2048M) 584,883ms
[118,584s][info ][gc] GC(420) Concurrent Cycle 913,355ms
[118,658s][info ][gc] GC(423) Pause Young (Concurrent Start) (G1 Humongous Allocation) 1206M->1204M(2048M) 25,042ms
[118,658s][info ][gc] GC(424) Concurrent Cycle
[119,099s][info ][gc] GC(425) Pause Young (Normal) (G1 Humongous Allocation) 1881M->1877M(2048M) 30,878ms
[119,102s][debug][gc] GC(426) Clear Next Bitmap 2,818ms
[119,788s][info ][gc] GC(426) Pause Full (G1 Humongous Allocation) 1877M->1073M(2048M) 689,160ms
[119,789s][info ][gc] GC(424) Concurrent Cycle 1130,309ms
[119,865s][info ][gc] GC(427) Pause Young (Concurrent Start) (G1 Humongous Allocation) 1210M->1209M(2048M) 16,366ms
[119,865s][info ][gc] GC(428) Concurrent Cycle
[120,211s][info ][gc] GC(429) Pause Young (Normal) (G1 Humongous Allocation) 1754M->1751M(2048M) 27,996ms
[120,214s][debug][gc] GC(430) Clear Next Bitmap 2,718ms
[120,853s][info ][gc] GC(430) Pause Full (G1 Humongous Allocation) 1751M->1075M(2048M) 641,299ms
[120,853s][info ][gc] GC(428) Concurrent Cycle 988,285ms
[120,930s][info ][gc] GC(431) Pause Young (Concurrent Start) (G1 Humongous Allocation) 1213M->1211M(2048M) 15,953ms
[120,930s][info ][gc] GC(432) Concurrent Cycle
[121,349s][info ][gc] GC(433) Pause Young (Normal) (G1 Humongous Allocation) 1893M->1889M(2048M) 19,645ms
[121,352s][debug][gc] GC(434) Clear Next Bitmap 2,304ms
[121,977s][info ][gc] GC(434) Pause Full (G1 Humongous Allocation) 1889M->1079M(2048M) 627,960ms
[121,978s][info ][gc] GC(432) Concurrent Cycle 1047,454ms
[122,046s][info ][gc] GC(435) Pause Young (Concurrent Start) (G1 Humongous Allocation) 1215M->1214M(2048M) 19,499ms
[122,046s][info ][gc] GC(436) Concurrent Cycle
[122,456s][info ][gc] GC(437) Pause Young (Normal) (G1 Humongous Allocation) 1901M->1897M(2048M) 23,914ms
[122,459s][debug][gc] GC(438) Clear Next Bitmap 2,303ms
[123,013s][info ][gc] GC(438) Pause Full (G1 Humongous Allocation) 1897M->1083M(2048M) 557,078ms
[123,014s][info ][gc] GC(436) Concurrent Cycle 968,008ms
[123,083s][info ][gc] GC(439) Pause Young (Concurrent Start) (G1 Humongous Allocation) 1220M->1220M(2048M) 20,330ms
[123,083s][info ][gc] GC(440) Concurrent Cycle
[123,401s][info ][gc] GC(441) Pause Young (Normal) (G1 Humongous Allocation) 1769M->1766M(2048M) 22,299ms
[123,404s][debug][gc] GC(442) Clear Next Bitmap 2,237ms
[123,961s][info ][gc] GC(442) Pause Full (G1 Humongous Allocation) 1766M->1085M(2048M) 559,132ms
[123,961s][info ][gc] GC(440) Concurrent Cycle 878,209ms
[124,030s][info ][gc] GC(443) Pause Young (Concurrent Start) (G1 Humongous Allocation) 1223M->1222M(2048M) 18,731ms
[124,030s][info ][gc] GC(444) Concurrent Cycle
[124,431s][info ][gc] GC(445) Pause Young (Normal) (G1 Humongous Allocation) 1912M->1908M(2048M) 22,320ms
[124,434s][debug][gc] GC(446) Clear Next Bitmap 2,364ms
[124,999s][info ][gc] GC(446) Pause Full (G1 Humongous Allocation) 1908M->1090M(2048M) 567,347ms
[124,999s][info ][gc] GC(444) Concurrent Cycle 968,774ms
[125,067s][info ][gc] GC(447) Pause Young (Concurrent Start) (G1 Humongous Allocation) 1228M->1228M(2048M) 22,181ms
[125,067s][info ][gc] GC(448) Concurrent Cycle
[125,418s][info ][gc] GC(449) Pause Young (Normal) (G1 Humongous Allocation) 1781M->1778M(2048M) 21,156ms
[125,421s][debug][gc] GC(450) Clear Next Bitmap 2,105ms
[125,996s][info ][gc] GC(450) Pause Full (G1 Humongous Allocation) 1778M->1092M(2048M) 577,372ms
[125,996s][info ][gc] GC(448) Concurrent Cycle 929,372ms
[126,067s][info ][gc] GC(451) Pause Young (Concurrent Start) (G1 Humongous Allocation) 1231M->1230M(2048M) 21,780ms
[126,067s][info ][gc] GC(452) Concurrent Cycle
[126,404s][info ][gc] GC(453) Pause Young (Normal) (G1 Humongous Allocation) 1784M->1780M(2048M) 21,707ms
[126,406s][debug][gc] GC(454) Clear Next Bitmap 2,135ms
[126,970s][info ][gc] GC(454) Pause Full (G1 Humongous Allocation) 1780M->1095M(2048M) 566,109ms
[126,971s][info ][gc] GC(452) Concurrent Cycle 903,510ms
[127,040s][info ][gc] GC(455) Pause Young (Concurrent Start) (G1 Humongous Allocation) 1234M->1234M(2048M) 21,546ms
[127,040s][info ][gc] GC(456) Concurrent Cycle
[127,525s][info ][gc] GC(457) Pause Young (Normal) (G1 Humongous Allocation) 1930M->1926M(2048M) 21,193ms
[127,527s][debug][gc] GC(458) Clear Next Bitmap 2,277ms
[128,100s][info ][gc] GC(458) Pause Full (G1 Humongous Allocation) 1926M->1099M(2048M) 575,032ms
[128,101s][info ][gc] GC(456) Concurrent Cycle 1060,932ms
[128,170s][info ][gc] GC(459) Pause Young (Concurrent Start) (G1 Humongous Allocation) 1239M->1238M(2048M) 21,405ms
[128,170s][info ][gc] GC(460) Concurrent Cycle
[128,603s][info ][gc] GC(461) Pause Young (Normal) (G1 Humongous Allocation) 1935M->1931M(2048M) 20,944ms
[128,606s][debug][gc] GC(462) Clear Next Bitmap 2,190ms
[129,176s][info ][gc] GC(462) Pause Full (G1 Humongous Allocation) 1931M->1102M(2048M) 572,470ms
[129,176s][info ][gc] GC(460) Concurrent Cycle 1006,614ms
[129,254s][info ][gc] GC(463) Pause Young (Concurrent Start) (G1 Humongous Allocation) 1243M->1241M(2048M) 26,239ms
[129,254s][info ][gc] GC(464) Concurrent Cycle
[129,604s][info ][gc] GC(465) Pause Young (Normal) (G1 Humongous Allocation) 1802M->1799M(2048M) 20,944ms
[129,606s][debug][gc] GC(466) Clear Next Bitmap 2,317ms
[130,188s][info ][gc] GC(466) Pause Full (G1 Humongous Allocation) 1799M->1106M(2048M) 583,511ms
[130,188s][info ][gc] GC(464) Concurrent Cycle 933,853ms
[130,266s][info ][gc] GC(467) Pause Young (Concurrent Start) (G1 Humongous Allocation) 1248M->1246M(2048M) 26,885ms
[130,267s][info ][gc] GC(468) Concurrent Cycle
[130,614s][info ][gc] GC(469) Pause Young (Normal) (G1 Humongous Allocation) 1807M->1804M(2048M) 19,882ms
[130,616s][debug][gc] GC(470) Clear Next Bitmap 2,241ms
[131,217s][info ][gc] GC(470) Pause Full (G1 Humongous Allocation) 1804M->1109M(2048M) 602,605ms
[131,217s][info ][gc] GC(468) Concurrent Cycle 950,550ms
[131,299s][info ][gc] GC(471) Pause Young (Concurrent Start) (G1 Humongous Allocation) 1251M->1249M(2048M) 20,397ms
[131,299s][info ][gc] GC(472) Concurrent Cycle
[131,716s][info ][gc] GC(473) Pause Young (Normal) (G1 Humongous Allocation) 1952M->1948M(2048M) 24,930ms
[131,718s][debug][gc] GC(474) Clear Next Bitmap 2,171ms
[132,440s][info ][gc] GC(474) Pause Full (G1 Humongous Allocation) 1948M->1113M(2048M) 723,518ms
[132,440s][info ][gc] GC(472) Concurrent Cycle 1141,086ms
[132,520s][info ][gc] GC(475) Pause Young (Concurrent Start) (G1 Humongous Allocation) 1256M->1254M(2048M) 20,050ms
[132,520s][info ][gc] GC(476) Concurrent Cycle
[132,849s][info ][gc] GC(477) Pause Young (Normal) (G1 Humongous Allocation) 1819M->1816M(2048M) 22,969ms
[132,852s][debug][gc] GC(478) Clear Next Bitmap 2,195ms
[133,427s][info ][gc] GC(478) Pause Full (G1 Humongous Allocation) 1816M->1116M(2048M) 577,714ms
[133,427s][info ][gc] GC(476) Concurrent Cycle 907,143ms
[133,508s][info ][gc] GC(479) Pause Young (Concurrent Start) (G1 Humongous Allocation) 1259M->1257M(2048M) 19,670ms
[133,508s][info ][gc] GC(480) Concurrent Cycle
[133,764s][info ][gc] GC(481) Pause Young (Normal) (G1 Humongous Allocation) 1681M->1678M(2048M) 22,412ms
[133,766s][debug][gc] GC(482) Clear Next Bitmap 2,188ms
[134,344s][info ][gc] GC(482) Pause Full (G1 Humongous Allocation) 1678M->1118M(2048M) 579,834ms
[134,345s][info ][gc] GC(480) Concurrent Cycle 836,188ms
[134,425s][info ][gc] GC(483) Pause Young (Concurrent Start) (G1 Humongous Allocation) 1261M->1258M(2048M) 19,547ms
[134,425s][info ][gc] GC(484) Concurrent Cycle
[134,684s][info ][gc] GC(485) Pause Young (Normal) (G1 Humongous Allocation) 1683M->1681M(2048M) 22,557ms
[134,686s][debug][gc] GC(486) Clear Next Bitmap 2,147ms
[135,312s][info ][gc] GC(486) Pause Full (G1 Humongous Allocation) 1681M->1121M(2048M) 628,197ms
[135,313s][info ][gc] GC(484) Concurrent Cycle 887,979ms
[135,395s][info ][gc] GC(487) Pause Young (Concurrent Start) (G1 Humongous Allocation) 1265M->1263M(2048M) 27,837ms
[135,395s][info ][gc] GC(488) Concurrent Cycle
[135,652s][info ][gc] GC(489) Pause Young (Normal) (G1 Humongous Allocation) 1690M->1687M(2048M) 18,049ms
[135,654s][debug][gc] GC(490) Clear Next Bitmap 2,226ms
[136,262s][info ][gc] GC(490) Pause Full (G1 Humongous Allocation) 1687M->1123M(2048M) 609,980ms
[136,262s][info ][gc] GC(488) Concurrent Cycle 867,394ms
[136,344s][info ][gc] GC(491) Pause Young (Concurrent Start) (G1 Humongous Allocation) 1267M->1265M(2048M) 19,388ms
[136,344s][info ][gc] GC(492) Concurrent Cycle
[136,615s][info ][gc] GC(493) Pause Young (Normal) (G1 Humongous Allocation) 1692M->1689M(2048M) 21,442ms
[136,618s][debug][gc] GC(494) Clear Next Bitmap 2,172ms
[137,206s][info ][gc] GC(494) Pause Full (G1 Humongous Allocation) 1689M->1125M(2048M) 590,665ms
[137,207s][info ][gc] GC(492) Concurrent Cycle 863,031ms
[137,290s][info ][gc] GC(495) Pause Young (Concurrent Start) (G1 Humongous Allocation) 1269M->1267M(2048M) 23,282ms
[137,290s][info ][gc] GC(496) Concurrent Cycle
[137,621s][info ][gc] GC(497) Pause Young (Normal) (G1 Humongous Allocation) 1837M->1834M(2048M) 21,571ms
[137,623s][debug][gc] GC(498) Clear Next Bitmap 2,240ms
[138,204s][info ][gc] GC(498) Pause Full (G1 Humongous Allocation) 1834M->1129M(2048M) 582,655ms
[138,204s][info ][gc] GC(496) Concurrent Cycle 913,983ms
[138,287s][info ][gc] GC(499) Pause Young (Concurrent Start) (G1 Humongous Allocation) 1273M->1272M(2048M) 25,608ms
[138,287s][info ][gc] GC(500) Concurrent Cycle
[138,635s][info ][gc] GC(501) Pause Young (Normal) (G1 Humongous Allocation) 1845M->1842M(2048M) 21,488ms
[138,638s][debug][gc] GC(502) Clear Next Bitmap 2,284ms
[139,253s][info ][gc] GC(502) Pause Full (G1 Humongous Allocation) 1842M->1131M(2048M) 618,198ms
[139,254s][info ][gc] GC(500) Concurrent Cycle 967,159ms
[139,337s][info ][gc] GC(503) Pause Young (Concurrent Start) (G1 Humongous Allocation) 1276M->1274M(2048M) 22,550ms
[139,337s][info ][gc] GC(504) Concurrent Cycle
[139,602s][info ][gc] GC(505) Pause Young (Normal) (G1 Humongous Allocation) 1704M->1702M(2048M) 20,893ms
[139,604s][debug][gc] GC(506) Clear Next Bitmap 2,233ms
[140,216s][info ][gc] GC(506) Pause Full (G1 Humongous Allocation) 1702M->1133M(2048M) 614,326ms
[140,217s][info ][gc] GC(504) Concurrent Cycle 880,192ms
[140,299s][info ][gc] GC(507) Pause Young (Concurrent Start) (G1 Humongous Allocation) 1278M->1276M(2048M) 21,718ms
[140,299s][info ][gc] GC(508) Concurrent Cycle
[140,565s][info ][gc] GC(509) Pause Young (Normal) (G1 Humongous Allocation) 1707M->1705M(2048M) 20,639ms
[140,568s][debug][gc] GC(510) Clear Next Bitmap 2,456ms
[141,316s][info ][gc] GC(510) Pause Full (G1 Humongous Allocation) 1705M->1137M(2048M) 751,044ms
[141,317s][info ][gc] GC(508) Concurrent Cycle 1018,001ms
[141,402s][info ][gc] GC(511) Pause Young (Concurrent Start) (G1 Humongous Allocation) 1283M->1280M(2048M) 24,092ms
[141,402s][info ][gc] GC(512) Concurrent Cycle
[141,669s][info ][gc] GC(513) Pause Young (Normal) (G1 Humongous Allocation) 1713M->1711M(2048M) 20,419ms
[141,671s][debug][gc] GC(514) Clear Next Bitmap 2,244ms
[142,332s][info ][gc] GC(514) Pause Full (G1 Humongous Allocation) 1711M->1139M(2048M) 662,637ms
[142,333s][info ][gc] GC(512) Concurrent Cycle 930,431ms
[142,417s][info ][gc] GC(515) Pause Young (Concurrent Start) (G1 Humongous Allocation) 1285M->1283M(2048M) 22,453ms
[142,417s][info ][gc] GC(516) Concurrent Cycle
[142,684s][info ][gc] GC(517) Pause Young (Normal) (G1 Humongous Allocation) 1716M->1713M(2048M) 20,220ms
[142,687s][debug][gc] GC(518) Clear Next Bitmap 2,236ms
[143,284s][info ][gc] GC(518) Pause Full (G1 Humongous Allocation) 1713M->1141M(2048M) 599,386ms
[143,284s][info ][gc] GC(516) Concurrent Cycle 867,034ms
[143,364s][info ][gc] GC(519) Pause Young (Concurrent Start) (G1 Humongous Allocation) 1287M->1285M(2048M) 20,745ms
[143,364s][info ][gc] GC(520) Concurrent Cycle
[143,541s][info ][gc] GC(521) Pause Young (Normal) (G1 Humongous Allocation) 1573M->1572M(2048M) 23,372ms
[143,543s][debug][gc] GC(522) Clear Next Bitmap 2,253ms
[144,139s][info ][gc] GC(522) Pause Full (G1 Humongous Allocation) 1572M->1142M(2048M) 598,195ms
[144,140s][info ][gc] GC(520) Concurrent Cycle 776,137ms
[144,213s][info ][gc] GC(523) Pause Young (Concurrent Start) (G1 Humongous Allocation) 1287M->1286M(2048M) 20,605ms
[144,213s][info ][gc] GC(524) Concurrent Cycle
[144,482s][info ][gc] GC(525) Pause Young (Normal) (G1 Humongous Allocation) 1723M->1720M(2048M) 23,122ms
[144,484s][debug][gc] GC(526) Clear Next Bitmap 2,115ms
[145,092s][info ][gc] GC(526) Pause Full (G1 Humongous Allocation) 1720M->1146M(2048M) 609,814ms
[145,093s][info ][gc] GC(524) Concurrent Cycle 879,188ms
[145,164s][info ][gc] GC(527) Pause Young (Concurrent Start) (G1 Humongous Allocation) 1291M->1290M(2048M) 20,138ms
[145,164s][info ][gc] GC(528) Concurrent Cycle
[145,433s][info ][gc] GC(529) Pause Young (Normal) (G1 Humongous Allocation) 1727M->1724M(2048M) 22,886ms
[145,435s][debug][gc] GC(530) Clear Next Bitmap 2,096ms
[146,029s][info ][gc] GC(530) Pause Full (G1 Humongous Allocation) 1724M->1148M(2048M) 596,347ms
[146,030s][info ][gc] GC(528) Concurrent Cycle 865,657ms
[146,103s][info ][gc] GC(531) Pause Young (Concurrent Start) (G1 Humongous Allocation) 1293M->1293M(2048M) 16,519ms
[146,103s][info ][gc] GC(532) Concurrent Cycle
[146,385s][info ][gc] GC(533) Pause Young (Normal) (G1 Humongous Allocation) 1729M->1726M(2048M) 22,424ms
[146,388s][debug][gc] GC(534) Clear Next Bitmap 2,299ms
[146,989s][info ][gc] GC(534) Pause Full (G1 Humongous Allocation) 1726M->1150M(2048M) 603,636ms
[146,990s][info ][gc] GC(532) Concurrent Cycle 886,536ms
[147,063s][info ][gc] GC(535) Pause Young (Concurrent Start) (G1 Humongous Allocation) 1295M->1295M(2048M) 19,498ms
[147,063s][info ][gc] GC(536) Concurrent Cycle
[147,430s][info ][gc] GC(537) Pause Young (Normal) (G1 Humongous Allocation) 1879M->1876M(2048M) 14,051ms
[147,433s][debug][gc] GC(538) Clear Next Bitmap 2,167ms
[148,026s][info ][gc] GC(538) Pause Full (G1 Humongous Allocation) 1876M->1154M(2048M) 595,065ms
[148,026s][info ][gc] GC(536) Concurrent Cycle 962,665ms
[148,098s][info ][gc] GC(539) Pause Young (Concurrent Start) (G1 Humongous Allocation) 1300M->1299M(2048M) 23,394ms
[148,098s][info ][gc] GC(540) Concurrent Cycle
[148,455s][info ][gc] GC(541) Pause Young (Normal) (G1 Humongous Allocation) 1885M->1881M(2048M) 22,573ms
[148,458s][debug][gc] GC(542) Clear Next Bitmap 2,334ms
[149,055s][info ][gc] GC(542) Pause Full (G1 Humongous Allocation) 1881M->1156M(2048M) 599,782ms
[149,055s][info ][gc] GC(540) Concurrent Cycle 956,968ms
[149,129s][info ][gc] GC(543) Pause Young (Concurrent Start) (G1 Humongous Allocation) 1303M->1302M(2048M) 23,187ms
[149,129s][info ][gc] GC(544) Concurrent Cycle
[149,389s][info ][gc] GC(545) Pause Young (Normal) (G1 Humongous Allocation) 1742M->1739M(2048M) 21,413ms
[149,391s][debug][gc] GC(546) Clear Next Bitmap 2,197ms
[150,018s][info ][gc] GC(546) Pause Full (G1 Humongous Allocation) 1739M->1158M(2048M) 629,279ms
[150,019s][info ][gc] GC(544) Concurrent Cycle 889,918ms
[150,095s][info ][gc] GC(547) Pause Young (Concurrent Start) (G1 Humongous Allocation) 1305M->1304M(2048M) 22,660ms
[150,095s][info ][gc] GC(548) Concurrent Cycle
[150,460s][info ][gc] GC(549) Pause Young (Normal) (G1 Humongous Allocation) 1894M->1890M(2048M) 23,238ms
[150,462s][debug][gc] GC(550) Clear Next Bitmap 2,165ms
[151,060s][info ][gc] GC(550) Pause Full (G1 Humongous Allocation) 1890M->1162M(2048M) 600,074ms
[151,061s][info ][gc] GC(548) Concurrent Cycle 965,336ms
[151,136s][info ][gc] GC(551) Pause Young (Concurrent Start) (G1 Humongous Allocation) 1309M->1309M(2048M) 20,115ms
[151,136s][info ][gc] GC(552) Concurrent Cycle
[151,409s][info ][gc] GC(553) Pause Young (Normal) (G1 Humongous Allocation) 1751M->1748M(2048M) 21,113ms
[151,411s][debug][gc] GC(554) Clear Next Bitmap 2,332ms
[152,043s][info ][gc] GC(554) Pause Full (G1 Humongous Allocation) 1748M->1164M(2048M) 634,298ms
[152,044s][info ][gc] GC(552) Concurrent Cycle 908,151ms
[152,117s][info ][gc] GC(555) Pause Young (Concurrent Start) (G1 Humongous Allocation) 1312M->1311M(2048M) 22,186ms
[152,117s][info ][gc] GC(556) Concurrent Cycle
[152,397s][info ][gc] GC(557) Pause Young (Normal) (G1 Humongous Allocation) 1753M->1750M(2048M) 13,264ms
[152,399s][debug][gc] GC(558) Clear Next Bitmap 2,184ms
[153,000s][info ][gc] GC(558) Pause Full (G1 Humongous Allocation) 1750M->1166M(2048M) 602,725ms
[153,000s][info ][gc] GC(556) Concurrent Cycle 882,945ms
[153,075s][info ][gc] GC(559) Pause Young (Concurrent Start) (G1 Humongous Allocation) 1314M->1313M(2048M) 19,935ms
[153,075s][info ][gc] GC(560) Concurrent Cycle
[153,432s][info ][gc] GC(561) Pause Young (Normal) (G1 Humongous Allocation) 1907M->1903M(2048M) 25,075ms
[153,434s][debug][gc] GC(562) Clear Next Bitmap 2,134ms
[154,040s][info ][gc] GC(562) Pause Full (G1 Humongous Allocation) 1903M->1170M(2048M) 608,422ms
[154,041s][info ][gc] GC(560) Concurrent Cycle 965,970ms
[154,114s][info ][gc] GC(563) Pause Young (Concurrent Start) (G1 Humongous Allocation) 1318M->1318M(2048M) 21,642ms
[154,114s][info ][gc] GC(564) Concurrent Cycle
[154,472s][info ][gc] GC(565) Pause Young (Normal) (G1 Humongous Allocation) 1911M->1908M(2048M) 20,678ms
[154,475s][debug][gc] GC(566) Clear Next Bitmap 2,244ms
[155,077s][info ][gc] GC(566) Pause Full (G1 Humongous Allocation) 1908M->1173M(2048M) 603,772ms
[155,077s][info ][gc] GC(564) Concurrent Cycle 962,771ms
[155,151s][info ][gc] GC(567) Pause Young (Concurrent Start) (G1 Humongous Allocation) 1321M->1321M(2048M) 21,323ms
[155,151s][info ][gc] GC(568) Concurrent Cycle
[155,440s][info ][gc] GC(569) Pause Young (Normal) (G1 Humongous Allocation) 1766M->1763M(2048M) 25,637ms
[155,443s][debug][gc] GC(570) Clear Next Bitmap 2,152ms
[156,111s][info ][gc] GC(570) Pause Full (G1 Humongous Allocation) 1763M->1175M(2048M) 670,130ms
[156,111s][info ][gc] GC(568) Concurrent Cycle 960,602ms
[156,191s][info ][gc] GC(571) Pause Young (Concurrent Start) (G1 Humongous Allocation) 1324M->1323M(2048M) 12,131ms
[156,191s][info ][gc] GC(572) Concurrent Cycle
[156,466s][info ][gc] GC(573) Pause Young (Normal) (G1 Humongous Allocation) 1772M->1769M(2048M) 23,451ms
[156,468s][debug][gc] GC(574) Clear Next Bitmap 2,259ms
[157,079s][info ][gc] GC(574) Pause Full (G1 Humongous Allocation) 1769M->1178M(2048M) 612,791ms
[157,079s][info ][gc] GC(572) Concurrent Cycle 888,401ms
[157,154s][info ][gc] GC(575) Pause Young (Concurrent Start) (G1 Humongous Allocation) 1327M->1327M(2048M) 20,666ms
[157,154s][info ][gc] GC(576) Concurrent Cycle
[157,346s][info ][gc] GC(577) Pause Young (Normal) (G1 Humongous Allocation) 1626M->1624M(2048M) 39,944ms
[157,348s][debug][gc] GC(578) Clear Next Bitmap 2,209ms
[157,998s][info ][gc] GC(578) Pause Full (G1 Humongous Allocation) 1624M->1179M(2048M) 652,061ms
[157,998s][info ][gc] GC(576) Concurrent Cycle 844,137ms
[158,073s][info ][gc] GC(579) Pause Young (Concurrent Start) (G1 Humongous Allocation) 1330M->1328M(2048M) 20,373ms
[158,073s][info ][gc] GC(580) Concurrent Cycle
[158,353s][info ][gc] GC(581) Pause Young (Normal) (G1 Humongous Allocation) 1777M->1774M(2048M) 23,309ms
[158,355s][debug][gc] GC(582) Clear Next Bitmap 2,258ms
[158,972s][info ][gc] GC(582) Pause Full (G1 Humongous Allocation) 1774M->1182M(2048M) 618,715ms
[158,972s][info ][gc] GC(580) Concurrent Cycle 899,099ms
[159,046s][info ][gc] GC(583) Pause Young (Concurrent Start) (G1 Humongous Allocation) 1331M->1330M(2048M) 20,114ms
[159,046s][info ][gc] GC(584) Concurrent Cycle
[159,400s][info ][gc] GC(585) Pause Young (Normal) (G1 Humongous Allocation) 1931M->1927M(2048M) 23,592ms
[159,403s][debug][gc] GC(586) Clear Next Bitmap 2,248ms
[160,013s][info ][gc] GC(586) Pause Full (G1 Humongous Allocation) 1927M->1185M(2048M) 612,179ms
[160,013s][info ][gc] GC(584) Concurrent Cycle 967,041ms
[160,090s][info ][gc] GC(587) Pause Young (Concurrent Start) (G1 Humongous Allocation) 1336M->1335M(2048M) 19,762ms
[160,090s][info ][gc] GC(588) Concurrent Cycle
[160,366s][info ][gc] GC(589) Pause Young (Normal) (G1 Humongous Allocation) 1787M->1784M(2048M) 23,393ms
[160,368s][debug][gc] GC(590) Clear Next Bitmap 2,269ms
[160,984s][info ][gc] GC(590) Pause Full (G1 Humongous Allocation) 1784M->1187M(2048M) 617,720ms
[160,985s][info ][gc] GC(588) Concurrent Cycle 894,444ms
[161,061s][info ][gc] GC(591) Pause Young (Concurrent Start) (G1 Humongous Allocation) 1338M->1337M(2048M) 19,660ms
[161,061s][info ][gc] GC(592) Concurrent Cycle
[161,353s][info ][gc] GC(593) Pause Young (Normal) (G1 Humongous Allocation) 1789M->1786M(2048M) 45,808ms
[161,356s][debug][gc] GC(594) Clear Next Bitmap 2,175ms
[161,973s][info ][gc] GC(594) Pause Full (G1 Humongous Allocation) 1786M->1189M(2048M) 619,629ms
[161,974s][info ][gc] GC(592) Concurrent Cycle 912,942ms
[162,048s][info ][gc] GC(595) Pause Young (Concurrent Start) (G1 Humongous Allocation) 1341M->1339M(2048M) 19,363ms
[162,048s][info ][gc] GC(596) Concurrent Cycle
[162,335s][info ][gc] GC(597) Pause Young (Normal) (G1 Humongous Allocation) 1793M->1790M(2048M) 41,648ms
[162,338s][debug][gc] GC(598) Clear Next Bitmap 3,003ms
[162,952s][info ][gc] GC(598) Pause Full (G1 Humongous Allocation) 1790M->1193M(2048M) 616,384ms
[162,952s][info ][gc] GC(596) Concurrent Cycle 904,070ms
[163,029s][info ][gc] GC(599) Pause Young (Concurrent Start) (G1 Humongous Allocation) 1345M->1343M(2048M) 14,297ms
[163,029s][info ][gc] GC(600) Concurrent Cycle
[163,319s][info ][gc] GC(601) Pause Young (Normal) (G1 Humongous Allocation) 1798M->1795M(2048M) 35,445ms
[163,321s][debug][gc] GC(602) Clear Next Bitmap 2,192ms
[163,934s][info ][gc] GC(602) Pause Full (G1 Humongous Allocation) 1795M->1195M(2048M) 614,544ms
[163,934s][info ][gc] GC(600) Concurrent Cycle 905,120ms
[164,011s][info ][gc] GC(603) Pause Young (Concurrent Start) (G1 Humongous Allocation) 1346M->1346M(2048M) 16,049ms
[164,011s][info ][gc] GC(604) Concurrent Cycle
[164,295s][info ][gc] GC(605) Pause Young (Normal) (G1 Humongous Allocation) 1800M->1797M(2048M) 34,738ms
[164,297s][debug][gc] GC(606) Clear Next Bitmap 2,076ms
[164,911s][info ][gc] GC(606) Pause Full (G1 Humongous Allocation) 1797M->1197M(2048M) 616,308ms
[164,912s][info ][gc] GC(604) Concurrent Cycle 900,685ms
[164,988s][info ][gc] GC(607) Pause Young (Concurrent Start) (G1 Humongous Allocation) 1349M->1348M(2048M) 18,315ms
[164,988s][info ][gc] GC(608) Concurrent Cycle
[165,276s][info ][gc] GC(609) Pause Young (Normal) (G1 Humongous Allocation) 1802M->1799M(2048M) 24,345ms
[165,279s][debug][gc] GC(610) Clear Next Bitmap 2,699ms
[165,912s][info ][gc] GC(610) Pause Full (G1 Humongous Allocation) 1799M->1199M(2048M) 635,619ms
[165,912s][info ][gc] GC(608) Concurrent Cycle 924,056ms
[165,990s][info ][gc] GC(611) Pause Young (Concurrent Start) (G1 Humongous Allocation) 1352M->1351M(2048M) 28,977ms
[165,990s][info ][gc] GC(612) Concurrent Cycle
[166,377s][info ][gc] GC(613) Pause Young (Normal) (G1 Humongous Allocation) 1960M->1957M(2048M) 12,917ms
[166,379s][debug][gc] GC(614) Clear Next Bitmap 2,258ms
[167,149s][info ][gc] GC(614) Pause Full (G1 Humongous Allocation) 1957M->1203M(2048M) 772,378ms
[167,150s][info ][gc] GC(612) Concurrent Cycle 1160,057ms
[167,238s][info ][gc] GC(615) Pause Young (Concurrent Start) (G1 Humongous Allocation) 1356M->1354M(2048M) 24,776ms
[167,238s][info ][gc] GC(616) Concurrent Cycle
[167,513s][info ][gc] GC(617) Pause Young (Normal) (G1 Humongous Allocation) 1812M->1809M(2048M) 17,234ms
[167,516s][debug][gc] GC(618) Clear Next Bitmap 2,405ms
[168,159s][info ][gc] GC(618) Pause Full (G1 Humongous Allocation) 1809M->1205M(2048M) 645,212ms
[168,159s][info ][gc] GC(616) Concurrent Cycle 921,531ms
[168,246s][info ][gc] GC(619) Pause Young (Concurrent Start) (G1 Humongous Allocation) 1358M->1356M(2048M) 24,119ms
[168,246s][info ][gc] GC(620) Concurrent Cycle
[168,531s][info ][gc] GC(621) Pause Young (Normal) (G1 Humongous Allocation) 1814M->1811M(2048M) 20,188ms
[168,534s][debug][gc] GC(622) Clear Next Bitmap 2,292ms
[169,163s][info ][gc] GC(622) Pause Full (G1 Humongous Allocation) 1811M->1207M(2048M) 631,164ms
[169,163s][info ][gc] GC(620) Concurrent Cycle 917,387ms
[169,251s][info ][gc] GC(623) Pause Young (Concurrent Start) (G1 Humongous Allocation) 1361M->1360M(2048M) 28,092ms
[169,251s][info ][gc] GC(624) Concurrent Cycle
[169,557s][info ][gc] GC(625) Pause Young (Normal) (G1 Humongous Allocation) 1820M->1817M(2048M) 19,758ms
[169,560s][debug][gc] GC(626) Clear Next Bitmap 2,254ms
[170,394s][info ][gc] GC(626) Pause Full (G1 Humongous Allocation) 1817M->1210M(2048M) 836,193ms
[170,394s][info ][gc] GC(624) Concurrent Cycle 1142,870ms
[170,482s][info ][gc] GC(627) Pause Young (Concurrent Start) (G1 Humongous Allocation) 1365M->1363M(2048M) 20,038ms
[170,482s][info ][gc] GC(628) Concurrent Cycle
[170,761s][info ][gc] GC(629) Pause Young (Normal) (G1 Humongous Allocation) 1822M->1820M(2048M) 24,761ms
[170,764s][debug][gc] GC(630) Clear Next Bitmap 2,413ms
[171,642s][info ][gc] GC(630) Pause Full (G1 Humongous Allocation) 1820M->1212M(2048M) 880,521ms
[171,643s][info ][gc] GC(628) Concurrent Cycle 1161,002ms
[171,729s][info ][gc] GC(631) Pause Young (Concurrent Start) (G1 Humongous Allocation) 1367M->1365M(2048M) 20,436ms
[171,730s][info ][gc] GC(632) Concurrent Cycle
[171,919s][info ][gc] GC(633) Pause Young (Normal) (G1 Humongous Allocation) 1671M->1670M(2048M) 22,775ms
[171,921s][debug][gc] GC(634) Clear Next Bitmap 2,186ms
[172,605s][info ][gc] GC(634) Pause Full (G1 Humongous Allocation) 1670M->1214M(2048M) 686,096ms
[172,607s][info ][gc] GC(632) Concurrent Cycle 876,969ms
[172,694s][info ][gc] GC(635) Pause Young (Concurrent Start) (G1 Humongous Allocation) 1368M->1366M(2048M) 20,353ms
[172,694s][info ][gc] GC(636) Concurrent Cycle
[172,981s][info ][gc] GC(637) Pause Young (Normal) (G1 Humongous Allocation) 1828M->1826M(2048M) 24,158ms
[172,984s][debug][gc] GC(638) Clear Next Bitmap 2,706ms
[173,623s][info ][gc] GC(638) Pause Full (G1 Humongous Allocation) 1826M->1217M(2048M) 641,596ms
[173,623s][info ][gc] GC(636) Concurrent Cycle 929,276ms
[173,711s][info ][gc] GC(639) Pause Young (Concurrent Start) (G1 Humongous Allocation) 1372M->1371M(2048M) 20,693ms
[173,712s][info ][gc] GC(640) Concurrent Cycle
[173,994s][info ][gc] GC(641) Pause Young (Normal) (G1 Humongous Allocation) 1833M->1831M(2048M) 22,494ms
[173,996s][debug][gc] GC(642) Clear Next Bitmap 2,267ms
[174,772s][info ][gc] GC(642) Pause Full (G1 Humongous Allocation) 1831M->1219M(2048M) 777,509ms
[174,772s][info ][gc] GC(640) Concurrent Cycle 1060,744ms
[174,859s][info ][gc] GC(643) Pause Young (Concurrent Start) (G1 Humongous Allocation) 1374M->1373M(2048M) 19,536ms
[174,859s][info ][gc] GC(644) Concurrent Cycle
[175,163s][info ][gc] GC(645) Pause Young (Normal) (G1 Humongous Allocation) 1836M->1833M(2048M) 22,515ms
[175,165s][debug][gc] GC(646) Clear Next Bitmap 2,199ms
[175,907s][info ][gc] GC(646) Pause Full (G1 Humongous Allocation) 1833M->1221M(2048M) 743,627ms
[175,908s][info ][gc] GC(644) Concurrent Cycle 1048,459ms
[175,997s][info ][gc] GC(647) Pause Young (Concurrent Start) (G1 Humongous Allocation) 1377M->1375M(2048M) 22,121ms
[175,997s][info ][gc] GC(648) Concurrent Cycle
[176,291s][info ][gc] GC(649) Pause Young (Normal) (G1 Humongous Allocation) 1839M->1836M(2048M) 34,518ms
[176,294s][debug][gc] GC(650) Clear Next Bitmap 2,148ms
[176,955s][info ][gc] GC(650) Pause Full (G1 Humongous Allocation) 1836M->1224M(2048M) 662,919ms
[176,955s][info ][gc] GC(648) Concurrent Cycle 957,980ms
[177,032s][info ][gc] GC(651) Pause Young (Concurrent Start) (G1 Humongous Allocation) 1381M->1379M(2048M) 15,683ms
[177,032s][info ][gc] GC(652) Concurrent Cycle
[177,360s][info ][gc] GC(653) Pause Young (Normal) (G1 Humongous Allocation) 1846M->1843M(2048M) 17,937ms
[177,362s][debug][gc] GC(654) Clear Next Bitmap 2,233ms
[178,001s][info ][gc] GC(654) Pause Full (G1 Humongous Allocation) 1843M->1226M(2048M) 640,564ms
[178,001s][info ][gc] GC(652) Concurrent Cycle 968,987ms
[178,078s][info ][gc] GC(655) Pause Young (Concurrent Start) (G1 Humongous Allocation) 1382M->1381M(2048M) 18,693ms
[178,078s][info ][gc] GC(656) Concurrent Cycle
[178,279s][info ][gc] GC(657) Pause Young (Normal) (G1 Humongous Allocation) 1692M->1690M(2048M) 23,334ms
[178,281s][debug][gc] GC(658) Clear Next Bitmap 2,087ms
[178,919s][info ][gc] GC(658) Pause Full (G1 Humongous Allocation) 1690M->1228M(2048M) 639,844ms
[178,920s][info ][gc] GC(656) Concurrent Cycle 841,339ms
[178,998s][info ][gc] GC(659) Pause Young (Concurrent Start) (G1 Humongous Allocation) 1383M->1383M(2048M) 15,430ms
[178,998s][info ][gc] GC(660) Concurrent Cycle
[179,193s][info ][gc] GC(661) Pause Young (Normal) (G1 Humongous Allocation) 1693M->1692M(2048M) 23,519ms
[179,196s][debug][gc] GC(662) Clear Next Bitmap 2,349ms
[179,868s][info ][gc] GC(662) Pause Full (G1 Humongous Allocation) 1692M->1230M(2048M) 674,932ms
[179,869s][info ][gc] GC(660) Concurrent Cycle 870,866ms
[179,961s][info ][gc] GC(663) Pause Young (Concurrent Start) (G1 Humongous Allocation) 1387M->1384M(2048M) 18,414ms
[179,961s][info ][gc] GC(664) Concurrent Cycle
[180,251s][info ][gc] GC(665) Pause Young (Normal) (G1 Humongous Allocation) 1853M->1850M(2048M) 25,920ms
[180,254s][debug][gc] GC(666) Clear Next Bitmap 2,446ms
[180,927s][info ][gc] GC(666) Pause Full (G1 Humongous Allocation) 1850M->1233M(2048M) 675,147ms
[180,927s][info ][gc] GC(664) Concurrent Cycle 966,066ms
[181,006s][info ][gc] GC(667) Pause Young (Concurrent Start) (G1 Humongous Allocation) 1390M->1388M(2048M) 18,013ms
[181,006s][info ][gc] GC(668) Concurrent Cycle
[181,301s][info ][gc] GC(669) Pause Young (Normal) (G1 Humongous Allocation) 1858M->1855M(2048M) 38,807ms
[181,304s][debug][gc] GC(670) Clear Next Bitmap 2,144ms
[181,937s][info ][gc] GC(670) Pause Full (G1 Humongous Allocation) 1855M->1235M(2048M) 635,534ms
[181,937s][info ][gc] GC(668) Concurrent Cycle 931,076ms
[182,023s][info ][gc] GC(671) Pause Young (Concurrent Start) (G1 Humongous Allocation) 1392M->1391M(2048M) 20,818ms
[182,023s][info ][gc] GC(672) Concurrent Cycle
[182,221s][info ][gc] GC(673) Pause Young (Normal) (G1 Humongous Allocation) 1703M->1702M(2048M) 20,175ms
[182,224s][debug][gc] GC(674) Clear Next Bitmap 2,223ms
[182,860s][info ][gc] GC(674) Pause Full (G1 Humongous Allocation) 1702M->1236M(2048M) 638,138ms
[182,861s][info ][gc] GC(672) Concurrent Cycle 837,439ms
[182,949s][info ][gc] GC(675) Pause Young (Concurrent Start) (G1 Humongous Allocation) 1394M->1392M(2048M) 21,041ms
[182,949s][info ][gc] GC(676) Concurrent Cycle
[183,142s][info ][gc] GC(677) Pause Young (Normal) (G1 Humongous Allocation) 1705M->1703M(2048M) 23,484ms
[183,144s][debug][gc] GC(678) Clear Next Bitmap 2,202ms
[183,779s][info ][gc] GC(678) Pause Full (G1 Humongous Allocation) 1703M->1238M(2048M) 637,262ms
[183,781s][info ][gc] GC(676) Concurrent Cycle 831,350ms
[183,872s][info ][gc] GC(679) Pause Young (Concurrent Start) (G1 Humongous Allocation) 1395M->1394M(2048M) 20,704ms
[183,872s][info ][gc] GC(680) Concurrent Cycle
[184,162s][info ][gc] GC(681) Pause Young (Normal) (G1 Humongous Allocation) 1866M->1863M(2048M) 25,870ms
[184,165s][debug][gc] GC(682) Clear Next Bitmap 2,293ms
[184,803s][info ][gc] GC(682) Pause Full (G1 Humongous Allocation) 1863M->1241M(2048M) 640,828ms
[184,804s][info ][gc] GC(680) Concurrent Cycle 931,848ms
[184,897s][info ][gc] GC(683) Pause Young (Concurrent Start) (G1 Humongous Allocation) 1400M->1398M(2048M) 20,959ms
[184,897s][info ][gc] GC(684) Concurrent Cycle
[185,186s][info ][gc] GC(685) Pause Young (Normal) (G1 Humongous Allocation) 1870M->1867M(2048M) 23,022ms
[185,188s][debug][gc] GC(686) Clear Next Bitmap 2,398ms
[185,853s][info ][gc] GC(686) Pause Full (G1 Humongous Allocation) 1867M->1243M(2048M) 666,911ms
[185,870s][info ][gc] GC(684) Concurrent Cycle 973,115ms
[185,944s][info ][gc] GC(687) Pause Young (Concurrent Start) (G1 Humongous Allocation) 1402M->1400M(2048M) 30,021ms
[185,944s][info ][gc] GC(688) Concurrent Cycle
[186,256s][info ][gc] GC(689) Pause Young (Normal) (G1 Humongous Allocation) 1872M->1870M(2048M) 26,028ms
[186,260s][debug][gc] GC(690) Clear Next Bitmap 2,898ms
[186,962s][info ][gc] GC(690) Pause Full (G1 Humongous Allocation) 1870M->1245M(2048M) 705,653ms
[186,963s][info ][gc] GC(688) Concurrent Cycle 1019,099ms
[187,043s][info ][gc] GC(691) Pause Young (Concurrent Start) (G1 Humongous Allocation) 1404M->1402M(2048M) 16,165ms
[187,043s][info ][gc] GC(692) Concurrent Cycle
[187,341s][info ][gc] GC(693) Pause Young (Normal) (G1 Humongous Allocation) 1876M->1874M(2048M) 35,476ms
[187,343s][debug][gc] GC(694) Clear Next Bitmap 2,131ms
[187,990s][info ][gc] GC(694) Pause Full (G1 Humongous Allocation) 1874M->1249M(2048M) 649,051ms
[187,990s][info ][gc] GC(692) Concurrent Cycle 947,111ms
[188,069s][info ][gc] GC(695) Pause Young (Concurrent Start) (G1 Humongous Allocation) 1408M->1406M(2048M) 16,259ms
[188,070s][info ][gc] GC(696) Concurrent Cycle
[188,368s][info ][gc] GC(697) Pause Young (Normal) (G1 Humongous Allocation) 1881M->1879M(2048M) 19,912ms
[188,370s][debug][gc] GC(698) Clear Next Bitmap 2,217ms
[189,026s][info ][gc] GC(698) Pause Full (G1 Humongous Allocation) 1879M->1251M(2048M) 658,455ms
[189,027s][info ][gc] GC(696) Concurrent Cycle 957,466ms
[189,106s][info ][gc] GC(699) Pause Young (Concurrent Start) (G1 Humongous Allocation) 1409M->1408M(2048M) 19,358ms
[189,106s][info ][gc] GC(700) Concurrent Cycle
[189,306s][info ][gc] GC(701) Pause Young (Normal) (G1 Humongous Allocation) 1725M->1723M(2048M) 36,447ms
[189,309s][debug][gc] GC(702) Clear Next Bitmap 2,203ms
[189,959s][info ][gc] GC(702) Pause Full (G1 Humongous Allocation) 1723M->1252M(2048M) 652,241ms
[189,959s][info ][gc] GC(700) Concurrent Cycle 853,141ms
[190,038s][info ][gc] GC(703) Pause Young (Concurrent Start) (G1 Humongous Allocation) 1411M->1410M(2048M) 18,943ms
[190,038s][info ][gc] GC(704) Concurrent Cycle
[190,339s][info ][gc] GC(705) Pause Young (Normal) (G1 Humongous Allocation) 1885M->1883M(2048M) 39,682ms
[190,341s][debug][gc] GC(706) Clear Next Bitmap 2,175ms
[190,985s][info ][gc] GC(706) Pause Full (G1 Humongous Allocation) 1883M->1254M(2048M) 645,504ms
[190,985s][info ][gc] GC(704) Concurrent Cycle 947,148ms
[191,064s][info ][gc] GC(707) Pause Young (Concurrent Start) (G1 Humongous Allocation) 1414M->1413M(2048M) 18,561ms
[191,064s][info ][gc] GC(708) Concurrent Cycle
[191,366s][info ][gc] GC(709) Pause Young (Normal) (G1 Humongous Allocation) 1892M->1889M(2048M) 38,326ms
[191,368s][debug][gc] GC(710) Clear Next Bitmap 2,153ms
[192,008s][info ][gc] GC(710) Pause Full (G1 Humongous Allocation) 1889M->1257M(2048M) 641,785ms
[192,008s][info ][gc] GC(708) Concurrent Cycle 943,836ms
[192,088s][info ][gc] GC(711) Pause Young (Concurrent Start) (G1 Humongous Allocation) 1417M->1416M(2048M) 18,336ms
[192,088s][info ][gc] GC(712) Concurrent Cycle
[192,384s][info ][gc] GC(713) Pause Young (Normal) (G1 Humongous Allocation) 1895M->1892M(2048M) 20,914ms
[192,386s][debug][gc] GC(714) Clear Next Bitmap 2,253ms
[193,032s][info ][gc] GC(714) Pause Full (G1 Humongous Allocation) 1892M->1260M(2048M) 648,172ms
[193,033s][info ][gc] GC(712) Concurrent Cycle 945,110ms
[193,111s][info ][gc] GC(715) Pause Young (Concurrent Start) (G1 Humongous Allocation) 1419M->1418M(2048M) 22,037ms
[193,112s][info ][gc] GC(716) Concurrent Cycle
[193,407s][info ][gc] GC(717) Pause Young (Normal) (G1 Humongous Allocation) 1897M->1894M(2048M) 20,436ms
[193,409s][debug][gc] GC(718) Clear Next Bitmap 2,267ms
[194,055s][info ][gc] GC(718) Pause Full (G1 Humongous Allocation) 1894M->1262M(2048M) 647,730ms
[194,055s][info ][gc] GC(716) Concurrent Cycle 943,515ms
[194,134s][info ][gc] GC(719) Pause Young (Concurrent Start) (G1 Humongous Allocation) 1421M->1421M(2048M) 21,707ms
[194,134s][info ][gc] GC(720) Concurrent Cycle
[194,341s][info ][gc] GC(721) Pause Young (Normal) (G1 Humongous Allocation) 1742M->1739M(2048M) 32,822ms
[194,343s][debug][gc] GC(722) Clear Next Bitmap 2,245ms
[194,992s][info ][gc] GC(722) Pause Full (G1 Humongous Allocation) 1739M->1264M(2048M) 651,306ms
[194,993s][info ][gc] GC(720) Concurrent Cycle 858,755ms
[195,072s][info ][gc] GC(723) Pause Young (Concurrent Start) (G1 Humongous Allocation) 1425M->1424M(2048M) 17,528ms
[195,072s][info ][gc] GC(724) Concurrent Cycle
[195,298s][info ][gc] GC(725) Pause Young (Normal) (G1 Humongous Allocation) 1745M->1743M(2048M) 23,193ms
[195,301s][debug][gc] GC(726) Clear Next Bitmap 2,599ms
[195,971s][info ][gc] GC(726) Pause Full (G1 Humongous Allocation) 1743M->1266M(2048M) 673,241ms
[195,972s][info ][gc] GC(724) Concurrent Cycle 899,332ms
[196,057s][info ][gc] GC(727) Pause Young (Concurrent Start) (G1 Humongous Allocation) 1427M->1426M(2048M) 19,028ms
[196,057s][info ][gc] GC(728) Concurrent Cycle
[196,362s][info ][gc] GC(729) Pause Young (Normal) (G1 Humongous Allocation) 1907M->1904M(2048M) 36,782ms
[196,364s][debug][gc] GC(730) Clear Next Bitmap 2,167ms
[197,075s][info ][gc] GC(730) Pause Full (G1 Humongous Allocation) 1904M->1268M(2048M) 712,561ms
[197,075s][info ][gc] GC(728) Concurrent Cycle 1018,165ms
[197,155s][info ][gc] GC(731) Pause Young (Concurrent Start) (G1 Humongous Allocation) 1429M->1428M(2048M) 17,031ms
[197,155s][info ][gc] GC(732) Concurrent Cycle
[197,450s][info ][gc] GC(733) Pause Young (Normal) (G1 Humongous Allocation) 1909M->1906M(2048M) 21,152ms
[197,453s][debug][gc] GC(734) Clear Next Bitmap 2,805ms
[198,122s][info ][gc] GC(734) Pause Full (G1 Humongous Allocation) 1906M->1270M(2048M) 672,478ms
[198,123s][info ][gc] GC(732) Concurrent Cycle 967,880ms
[198,205s][info ][gc] GC(735) Pause Young (Concurrent Start) (G1 Humongous Allocation) 1431M->1430M(2048M) 20,500ms
[198,205s][info ][gc] GC(736) Concurrent Cycle
[198,505s][info ][gc] GC(737) Pause Young (Normal) (G1 Humongous Allocation) 1914M->1911M(2048M) 23,020ms
[198,508s][debug][gc] GC(738) Clear Next Bitmap 2,290ms
[199,198s][info ][gc] GC(738) Pause Full (G1 Humongous Allocation) 1911M->1273M(2048M) 692,976ms
[199,199s][info ][gc] GC(736) Concurrent Cycle 994,180ms
[199,296s][info ][gc] GC(739) Pause Young (Concurrent Start) (G1 Humongous Allocation) 1436M->1434M(2048M) 27,875ms
[199,296s][info ][gc] GC(740) Concurrent Cycle
[199,509s][info ][gc] GC(741) Pause Young (Normal) (G1 Humongous Allocation) 1758M->1755M(2048M) 22,350ms
[199,512s][debug][gc] GC(742) Clear Next Bitmap 2,314ms
[200,162s][info ][gc] GC(742) Pause Full (G1 Humongous Allocation) 1755M->1275M(2048M) 652,284ms
[200,162s][info ][gc] GC(740) Concurrent Cycle 866,596ms
[200,254s][info ][gc] GC(743) Pause Young (Concurrent Start) (G1 Humongous Allocation) 1437M->1436M(2048M) 26,183ms
[200,254s][info ][gc] GC(744) Concurrent Cycle
[200,365s][info ][gc] GC(745) Pause Young (Normal) (G1 Humongous Allocation) 1598M->1596M(2048M) 18,520ms
[200,367s][debug][gc] GC(746) Clear Next Bitmap 2,226ms
[201,024s][info ][gc] GC(746) Pause Full (G1 Humongous Allocation) 1596M->1276M(2048M) 659,237ms
[201,025s][info ][gc] GC(744) Concurrent Cycle 770,709ms
[201,105s][info ][gc] GC(747) Pause Young (Concurrent Start) (G1 Humongous Allocation) 1437M->1437M(2048M) 19,396ms
[201,105s][info ][gc] GC(748) Concurrent Cycle
[201,213s][info ][gc] GC(749) Pause Young (Normal) (G1 Humongous Allocation) 1598M->1597M(2048M) 22,689ms
[201,215s][debug][gc] GC(750) Clear Next Bitmap 2,189ms
[201,866s][info ][gc] GC(750) Pause Full (G1 Humongous Allocation) 1597M->1277M(2048M) 653,293ms
[201,867s][info ][gc] GC(748) Concurrent Cycle 761,951ms
[201,959s][info ][gc] GC(751) Pause Young (Concurrent Start) (G1 Humongous Allocation) 1440M->1438M(2048M) 19,183ms
[201,959s][info ][gc] GC(752) Concurrent Cycle
[202,268s][info ][gc] GC(753) Pause Young (Normal) (G1 Humongous Allocation) 1923M->1920M(2048M) 26,440ms
[202,271s][debug][gc] GC(754) Clear Next Bitmap 2,749ms
[202,933s][info ][gc] GC(754) Pause Full (G1 Humongous Allocation) 1920M->1280M(2048M) 665,020ms
[202,933s][info ][gc] GC(752) Concurrent Cycle 974,655ms
[203,018s][info ][gc] GC(755) Pause Young (Concurrent Start) (G1 Humongous Allocation) 1443M->1442M(2048M) 20,082ms
[203,018s][info ][gc] GC(756) Concurrent Cycle
[203,223s][info ][gc] GC(757) Pause Young (Normal) (G1 Humongous Allocation) 1766M->1765M(2048M) 21,279ms
[203,225s][debug][gc] GC(758) Clear Next Bitmap 2,176ms
[203,879s][info ][gc] GC(758) Pause Full (G1 Humongous Allocation) 1765M->1282M(2048M) 655,823ms
[203,879s][info ][gc] GC(756) Concurrent Cycle 861,630ms
[203,971s][info ][gc] GC(759) Pause Young (Concurrent Start) (G1 Humongous Allocation) 1445M->1444M(2048M) 22,627ms
[203,971s][info ][gc] GC(760) Concurrent Cycle
[204,176s][info ][gc] GC(761) Pause Young (Normal) (G1 Humongous Allocation) 1768M->1766M(2048M) 20,949ms
[204,178s][debug][gc] GC(762) Clear Next Bitmap 2,167ms
[204,854s][info ][gc] GC(762) Pause Full (G1 Humongous Allocation) 1766M->1283M(2048M) 678,515ms
[204,855s][info ][gc] GC(760) Concurrent Cycle 884,353ms
[204,948s][info ][gc] GC(763) Pause Young (Concurrent Start) (G1 Humongous Allocation) 1447M->1445M(2048M) 22,639ms
[204,948s][info ][gc] GC(764) Concurrent Cycle
[205,163s][info ][gc] GC(765) Pause Young (Normal) (G1 Humongous Allocation) 1770M->1768M(2048M) 22,624ms
[205,166s][debug][gc] GC(766) Clear Next Bitmap 2,188ms
[205,824s][info ][gc] GC(766) Pause Full (G1 Humongous Allocation) 1768M->1285M(2048M) 660,051ms
[205,824s][info ][gc] GC(764) Concurrent Cycle 875,913ms
[205,932s][info ][gc] GC(767) Pause Young (Concurrent Start) (G1 Humongous Allocation) 1448M->1447M(2048M) 31,461ms
[205,932s][info ][gc] GC(768) Concurrent Cycle
[206,259s][info ][gc] GC(769) Pause Young (Normal) (G1 Humongous Allocation) 1935M->1932M(2048M) 25,378ms
[206,261s][debug][gc] GC(770) Clear Next Bitmap 2,034ms
[206,921s][info ][gc] GC(770) Pause Full (G1 Humongous Allocation) 1932M->1288M(2048M) 662,323ms
[206,922s][info ][gc] GC(768) Concurrent Cycle 990,366ms
[207,004s][info ][gc] GC(771) Pause Young (Concurrent Start) (G1 Humongous Allocation) 1453M->1451M(2048M) 17,756ms
[207,004s][info ][gc] GC(772) Concurrent Cycle
[207,204s][info ][gc] GC(773) Pause Young (Normal) (G1 Humongous Allocation) 1777M->1776M(2048M) 20,717ms
[207,207s][debug][gc] GC(774) Clear Next Bitmap 2,253ms
[207,866s][info ][gc] GC(774) Pause Full (G1 Humongous Allocation) 1776M->1290M(2048M) 661,235ms
[207,867s][info ][gc] GC(772) Concurrent Cycle 862,644ms
[207,960s][info ][gc] GC(775) Pause Young (Concurrent Start) (G1 Humongous Allocation) 1454M->1452M(2048M) 22,789ms
[207,960s][info ][gc] GC(776) Concurrent Cycle
[208,169s][info ][gc] GC(777) Pause Young (Normal) (G1 Humongous Allocation) 1779M->1777M(2048M) 19,863ms
[208,172s][debug][gc] GC(778) Clear Next Bitmap 2,219ms
[208,829s][info ][gc] GC(778) Pause Full (G1 Humongous Allocation) 1777M->1291M(2048M) 659,881ms
[208,830s][info ][gc] GC(776) Concurrent Cycle 869,611ms
[208,922s][info ][gc] GC(779) Pause Young (Concurrent Start) (G1 Humongous Allocation) 1456M->1454M(2048M) 21,200ms
[208,922s][info ][gc] GC(780) Concurrent Cycle
[209,235s][info ][gc] GC(781) Pause Young (Normal) (G1 Humongous Allocation) 1944M->1942M(2048M) 23,346ms
[209,238s][debug][gc] GC(782) Clear Next Bitmap 2,867ms
[209,908s][info ][gc] GC(782) Pause Full (G1 Humongous Allocation) 1942M->1293M(2048M) 672,855ms
[209,910s][info ][gc] GC(780) Concurrent Cycle 988,241ms
[209,997s][info ][gc] GC(783) Pause Young (Concurrent Start) (G1 Humongous Allocation) 1458M->1456M(2048M) 17,198ms
[209,997s][info ][gc] GC(784) Concurrent Cycle
[210,210s][info ][gc] GC(785) Pause Young (Normal) (G1 Humongous Allocation) 1784M->1782M(2048M) 19,175ms
[210,213s][debug][gc] GC(786) Clear Next Bitmap 2,449ms
[210,875s][info ][gc] GC(786) Pause Full (G1 Humongous Allocation) 1782M->1296M(2048M) 664,682ms
[210,876s][info ][gc] GC(784) Concurrent Cycle 878,685ms
[210,970s][info ][gc] GC(787) Pause Young (Concurrent Start) (G1 Humongous Allocation) 1461M->1460M(2048M) 20,131ms
[210,970s][info ][gc] GC(788) Concurrent Cycle
[211,175s][info ][gc] GC(789) Pause Young (Normal) (G1 Humongous Allocation) 1788M->1787M(2048M) 23,324ms
[211,177s][debug][gc] GC(790) Clear Next Bitmap 2,317ms
[211,901s][info ][gc] GC(790) Pause Full (G1 Humongous Allocation) 1787M->1298M(2048M) 726,221ms
[211,902s][info ][gc] GC(788) Concurrent Cycle 932,176ms
[212,008s][info ][gc] GC(791) Pause Young (Concurrent Start) (G1 Humongous Allocation) 1463M->1461M(2048M) 20,637ms
[212,008s][info ][gc] GC(792) Concurrent Cycle
[212,367s][info ][gc] GC(793) Pause Young (Normal) (G1 Humongous Allocation) 1954M->1952M(2048M) 23,840ms
[212,369s][debug][gc] GC(794) Clear Next Bitmap 2,233ms
[213,038s][info ][gc] GC(794) Pause Full (G1 Humongous Allocation) 1952M->1300M(2048M) 670,498ms
[213,038s][info ][gc] GC(792) Concurrent Cycle 1029,447ms
[213,126s][info ][gc] GC(795) Pause Young (Concurrent Start) (G1 Humongous Allocation) 1464M->1463M(2048M) 19,729ms
[213,126s][info ][gc] GC(796) Concurrent Cycle
[213,341s][info ][gc] GC(797) Pause Young (Normal) (G1 Humongous Allocation) 1792M->1790M(2048M) 40,874ms
[213,343s][debug][gc] GC(798) Clear Next Bitmap 2,309ms
[214,010s][info ][gc] GC(798) Pause Full (G1 Humongous Allocation) 1790M->1301M(2048M) 669,105ms
[214,011s][info ][gc] GC(796) Concurrent Cycle 884,229ms
[214,093s][info ][gc] GC(799) Pause Young (Concurrent Start) (G1 Humongous Allocation) 1466M->1465M(2048M) 19,591ms
[214,093s][info ][gc] GC(800) Concurrent Cycle
[214,399s][info ][gc] GC(801) Pause Young (Normal) (G1 Humongous Allocation) 1960M->1958M(2048M) 22,006ms
[214,401s][debug][gc] GC(802) Clear Next Bitmap 2,216ms
[215,071s][info ][gc] GC(802) Pause Full (G1 Humongous Allocation) 1958M->1304M(2048M) 671,881ms
[215,071s][info ][gc] GC(800) Concurrent Cycle 978,153ms
[215,153s][info ][gc] GC(803) Pause Young (Concurrent Start) (G1 Humongous Allocation) 1470M->1469M(2048M) 19,219ms
[215,154s][info ][gc] GC(804) Concurrent Cycle
[215,461s][info ][gc] GC(805) Pause Young (Normal) (G1 Humongous Allocation) 1965M->1963M(2048M) 21,596ms
[215,464s][debug][gc] GC(806) Clear Next Bitmap 2,279ms
[216,132s][info ][gc] GC(806) Pause Full (G1 Humongous Allocation) 1963M->1307M(2048M) 670,748ms
[216,133s][info ][gc] GC(804) Concurrent Cycle 978,915ms
[216,215s][info ][gc] GC(807) Pause Young (Concurrent Start) (G1 Humongous Allocation) 1472M->1471M(2048M) 20,713ms
[216,215s][info ][gc] GC(808) Concurrent Cycle
[216,532s][info ][gc] GC(809) Pause Young (Normal) (G1 Humongous Allocation) 1968M->1965M(2048M) 25,789ms
[216,534s][debug][gc] GC(810) Clear Next Bitmap 2,205ms
[217,202s][info ][gc] GC(810) Pause Full (G1 Humongous Allocation) 1965M->1309M(2048M) 670,381ms
[217,202s][info ][gc] GC(808) Concurrent Cycle 987,033ms
[217,297s][info ][gc] GC(811) Pause Young (Concurrent Start) (G1 Humongous Allocation) 1475M->1473M(2048M) 21,919ms
[217,297s][info ][gc] GC(812) Concurrent Cycle
[217,507s][info ][gc] GC(813) Pause Young (Normal) (G1 Humongous Allocation) 1804M->1802M(2048M) 21,217ms
[217,509s][debug][gc] GC(814) Clear Next Bitmap 2,096ms
[218,200s][info ][gc] GC(814) Pause Full (G1 Humongous Allocation) 1802M->1310M(2048M) 692,703ms
[218,200s][info ][gc] GC(812) Concurrent Cycle 903,408ms
[218,291s][info ][gc] GC(815) Pause Young (Concurrent Start) (G1 Humongous Allocation) 1478M->1476M(2048M) 31,107ms
[218,291s][info ][gc] GC(816) Concurrent Cycle
[218,403s][info ][gc] GC(817) Pause Young (Normal) (G1 Humongous Allocation) 1643M->1641M(2048M) 20,662ms
[218,405s][debug][gc] GC(818) Clear Next Bitmap 2,091ms
[219,075s][info ][gc] GC(818) Pause Full (G1 Humongous Allocation) 1641M->1312M(2048M) 672,008ms
[219,076s][info ][gc] GC(816) Concurrent Cycle 784,715ms
[219,162s][info ][gc] GC(819) Pause Young (Concurrent Start) (G1 Humongous Allocation) 1479M->1478M(2048M) 18,789ms
[219,162s][info ][gc] GC(820) Concurrent Cycle
[219,373s][info ][gc] GC(821) Pause Young (Normal) (G1 Humongous Allocation) 1811M->1809M(2048M) 25,126ms
[219,375s][debug][gc] GC(822) Clear Next Bitmap 2,157ms
[220,078s][info ][gc] GC(822) Pause Full (G1 Humongous Allocation) 1809M->1314M(2048M) 704,983ms
[220,078s][info ][gc] GC(820) Concurrent Cycle 915,930ms
[220,161s][info ][gc] GC(823) Pause Young (Concurrent Start) (G1 Humongous Allocation) 1480M->1480M(2048M) 21,840ms
[220,161s][info ][gc] GC(824) Concurrent Cycle
[220,280s][info ][gc] GC(825) Pause Young (Normal) (G1 Humongous Allocation) 1647M->1645M(2048M) 24,484ms
[220,282s][debug][gc] GC(826) Clear Next Bitmap 2,177ms
[220,988s][info ][gc] GC(826) Pause Full (G1 Humongous Allocation) 1645M->1315M(2048M) 708,225ms
[220,988s][info ][gc] GC(824) Concurrent Cycle 827,211ms
[221,072s][info ][gc] GC(827) Pause Young (Concurrent Start) (G1 Humongous Allocation) 1483M->1481M(2048M) 17,643ms
[221,072s][info ][gc] GC(828) Concurrent Cycle
[221,179s][info ][gc] GC(829) Pause Young (Normal) (G1 Humongous Allocation) 1647M->1646M(2048M) 20,431ms
[221,182s][debug][gc] GC(830) Clear Next Bitmap 2,177ms
[221,856s][info ][gc] GC(830) Pause Full (G1 Humongous Allocation) 1646M->1316M(2048M) 675,873ms
[221,857s][info ][gc] GC(828) Concurrent Cycle 785,001ms
[221,951s][info ][gc] GC(831) Pause Young (Concurrent Start) (G1 Humongous Allocation) 1484M->1482M(2048M) 22,759ms
[221,951s][info ][gc] GC(832) Concurrent Cycle
[222,078s][info ][gc] GC(833) Pause Young (Normal) (G1 Humongous Allocation) 1648M->1647M(2048M) 18,975ms
[222,081s][debug][gc] GC(834) Clear Next Bitmap 2,233ms
[222,759s][info ][gc] GC(834) Pause Full (G1 Humongous Allocation) 1647M->1317M(2048M) 680,706ms
[222,760s][info ][gc] GC(832) Concurrent Cycle 808,486ms
[222,854s][info ][gc] GC(835) Pause Young (Concurrent Start) (G1 Humongous Allocation) 1484M->1483M(2048M) 20,611ms
[222,854s][info ][gc] GC(836) Concurrent Cycle
[222,964s][info ][gc] GC(837) Pause Young (Normal) (G1 Humongous Allocation) 1649M->1648M(2048M) 23,488ms
[222,967s][debug][gc] GC(838) Clear Next Bitmap 2,221ms
[223,645s][info ][gc] GC(838) Pause Full (G1 Humongous Allocation) 1648M->1318M(2048M) 680,590ms
[223,645s][info ][gc] GC(836) Concurrent Cycle 791,208ms
[223,739s][info ][gc] GC(839) Pause Young (Concurrent Start) (G1 Humongous Allocation) 1487M->1485M(2048M) 20,417ms
[223,739s][info ][gc] GC(840) Concurrent Cycle
[223,850s][info ][gc] GC(841) Pause Young (Normal) (G1 Humongous Allocation) 1652M->1651M(2048M) 22,677ms
[223,853s][debug][gc] GC(842) Clear Next Bitmap 2,160ms
[224,530s][info ][gc] GC(842) Pause Full (G1 Humongous Allocation) 1651M->1320M(2048M) 679,340ms
[224,531s][info ][gc] GC(840) Concurrent Cycle 791,229ms
[224,626s][info ][gc] GC(843) Pause Young (Concurrent Start) (G1 Humongous Allocation) 1489M->1487M(2048M) 18,647ms
[224,626s][info ][gc] GC(844) Concurrent Cycle
[224,737s][info ][gc] GC(845) Pause Young (Normal) (G1 Humongous Allocation) 1654M->1653M(2048M) 23,127ms
[224,739s][debug][gc] GC(846) Clear Next Bitmap 2,466ms
[225,412s][info ][gc] GC(846) Pause Full (G1 Humongous Allocation) 1653M->1321M(2048M) 674,642ms
[225,413s][info ][gc] GC(844) Concurrent Cycle 786,936ms
[225,512s][info ][gc] GC(847) Pause Young (Concurrent Start) (G1 Humongous Allocation) 1489M->1488M(2048M) 34,111ms
[225,512s][info ][gc] GC(848) Concurrent Cycle
[225,729s][info ][gc] GC(849) Pause Young (Normal) (G1 Humongous Allocation) 1823M->1821M(2048M) 18,015ms
[225,731s][debug][gc] GC(850) Clear Next Bitmap 2,258ms
[226,417s][info ][gc] GC(850) Pause Full (G1 Humongous Allocation) 1821M->1323M(2048M) 687,532ms
[226,437s][info ][gc] GC(848) Concurrent Cycle 925,601ms
[226,512s][info ][gc] GC(851) Pause Young (Concurrent Start) (G1 Humongous Allocation) 1491M->1490M(2048M) 19,381ms
[226,512s][info ][gc] GC(852) Concurrent Cycle
[226,725s][info ][gc] GC(853) Pause Young (Normal) (G1 Humongous Allocation) 1824M->1823M(2048M) 21,834ms
[226,727s][debug][gc] GC(854) Clear Next Bitmap 2,212ms
[227,404s][info ][gc] GC(854) Pause Full (G1 Humongous Allocation) 1823M->1325M(2048M) 679,668ms
[227,406s][info ][gc] GC(852) Concurrent Cycle 893,688ms
[227,503s][info ][gc] GC(855) Pause Young (Concurrent Start) (G1 Humongous Allocation) 1493M->1491M(2048M) 19,155ms
[227,503s][info ][gc] GC(856) Concurrent Cycle
[227,709s][info ][gc] GC(857) Pause Young (Normal) (G1 Humongous Allocation) 1826M->1824M(2048M) 20,994ms
[227,712s][debug][gc] GC(858) Clear Next Bitmap 2,250ms
[228,390s][info ][gc] GC(858) Pause Full (G1 Humongous Allocation) 1824M->1326M(2048M) 681,113ms
[228,391s][info ][gc] GC(856) Concurrent Cycle 887,883ms
[228,487s][info ][gc] GC(859) Pause Young (Concurrent Start) (G1 Humongous Allocation) 1496M->1494M(2048M) 20,238ms
[228,487s][info ][gc] GC(860) Concurrent Cycle
[228,694s][info ][gc] GC(861) Pause Young (Normal) (G1 Humongous Allocation) 1830M->1829M(2048M) 25,720ms
[228,696s][debug][gc] GC(862) Clear Next Bitmap 2,198ms
[229,379s][info ][gc] GC(862) Pause Full (G1 Humongous Allocation) 1829M->1329M(2048M) 684,742ms
[229,379s][info ][gc] GC(860) Concurrent Cycle 892,219ms
[229,474s][info ][gc] GC(863) Pause Young (Concurrent Start) (G1 Humongous Allocation) 1498M->1496M(2048M) 23,335ms
[229,474s][info ][gc] GC(864) Concurrent Cycle
[229,789s][info ][gc] GC(865) Pause Young (Normal) (G1 Humongous Allocation) 2001M->1999M(2048M) 21,114ms
[229,791s][debug][gc] GC(866) Clear Next Bitmap 2,247ms
[230,480s][info ][gc] GC(866) Pause Full (G1 Humongous Allocation) 1999M->1331M(2048M) 690,907ms
[230,481s][info ][gc] GC(864) Concurrent Cycle 1006,805ms
[230,576s][info ][gc] GC(867) Pause Young (Concurrent Start) (G1 Humongous Allocation) 1500M->1499M(2048M) 23,021ms
[230,576s][info ][gc] GC(868) Concurrent Cycle
[230,893s][info ][gc] GC(869) Pause Young (Normal) (G1 Humongous Allocation) 2003M->2001M(2048M) 20,946ms
[230,895s][debug][gc] GC(870) Clear Next Bitmap 2,315ms
[231,578s][info ][gc] GC(870) Pause Full (G1 Humongous Allocation) 2001M->1333M(2048M) 685,313ms
[231,579s][info ][gc] GC(868) Concurrent Cycle 1003,031ms
[231,674s][info ][gc] GC(871) Pause Young (Concurrent Start) (G1 Humongous Allocation) 1502M->1501M(2048M) 22,221ms
[231,674s][info ][gc] GC(872) Concurrent Cycle
[231,908s][info ][gc] GC(873) Pause Young (Normal) (G1 Humongous Allocation) 1838M->1837M(2048M) 21,213ms
[231,910s][debug][gc] GC(874) Clear Next Bitmap 2,235ms
[232,594s][info ][gc] GC(874) Pause Full (G1 Humongous Allocation) 1837M->1336M(2048M) 686,290ms
[232,595s][info ][gc] GC(872) Concurrent Cycle 921,259ms
[232,689s][info ][gc] GC(875) Pause Young (Concurrent Start) (G1 Humongous Allocation) 1506M->1504M(2048M) 21,686ms
[232,689s][info ][gc] GC(876) Concurrent Cycle
[232,908s][info ][gc] GC(877) Pause Young (Normal) (G1 Humongous Allocation) 1843M->1841M(2048M) 20,567ms
[232,910s][debug][gc] GC(878) Clear Next Bitmap 2,164ms
[233,600s][info ][gc] GC(878) Pause Full (G1 Humongous Allocation) 1841M->1337M(2048M) 691,833ms
[233,601s][info ][gc] GC(876) Concurrent Cycle 911,369ms
[233,696s][info ][gc] GC(879) Pause Young (Concurrent Start) (G1 Humongous Allocation) 1508M->1506M(2048M) 21,360ms
[233,696s][info ][gc] GC(880) Concurrent Cycle
[233,915s][info ][gc] GC(881) Pause Young (Normal) (G1 Humongous Allocation) 1844M->1843M(2048M) 21,514ms
[233,917s][debug][gc] GC(882) Clear Next Bitmap 2,261ms
[234,617s][info ][gc] GC(882) Pause Full (G1 Humongous Allocation) 1843M->1339M(2048M) 702,369ms
[234,618s][info ][gc] GC(880) Concurrent Cycle 922,107ms
[234,711s][info ][gc] GC(883) Pause Young (Concurrent Start) (G1 Humongous Allocation) 1509M->1507M(2048M) 20,939ms
[234,711s][info ][gc] GC(884) Concurrent Cycle
[234,926s][info ][gc] GC(885) Pause Young (Normal) (G1 Humongous Allocation) 1846M->1845M(2048M) 23,412ms
[234,929s][debug][gc] GC(886) Clear Next Bitmap 2,169ms
[235,709s][info ][gc] GC(886) Pause Full (G1 Humongous Allocation) 1845M->1340M(2048M) 782,236ms
[235,710s][info ][gc] GC(884) Concurrent Cycle 998,702ms
[235,806s][info ][gc] GC(887) Pause Young (Concurrent Start) (G1 Humongous Allocation) 1511M->1509M(2048M) 32,293ms
[235,806s][info ][gc] GC(888) Concurrent Cycle
[236,029s][info ][gc] GC(889) Pause Young (Normal) (G1 Humongous Allocation) 1848M->1846M(2048M) 19,971ms
[236,031s][debug][gc] GC(890) Clear Next Bitmap 2,155ms
[236,738s][info ][gc] GC(890) Pause Full (G1 Humongous Allocation) 1846M->1342M(2048M) 708,789ms
[236,738s][info ][gc] GC(888) Concurrent Cycle 931,477ms
[236,839s][info ][gc] GC(891) Pause Young (Concurrent Start) (G1 Humongous Allocation) 1512M->1511M(2048M) 20,178ms
[236,839s][info ][gc] GC(892) Concurrent Cycle
[237,054s][info ][gc] GC(893) Pause Young (Normal) (G1 Humongous Allocation) 1851M->1850M(2048M) 24,869ms
[237,057s][debug][gc] GC(894) Clear Next Bitmap 2,177ms
[237,751s][info ][gc] GC(894) Pause Full (G1 Humongous Allocation) 1850M->1345M(2048M) 696,438ms
[237,753s][info ][gc] GC(892) Concurrent Cycle 913,899ms
[237,848s][info ][gc] GC(895) Pause Young (Concurrent Start) (G1 Humongous Allocation) 1516M->1514M(2048M) 20,073ms
[237,848s][info ][gc] GC(896) Concurrent Cycle
[238,064s][info ][gc] GC(897) Pause Young (Normal) (G1 Humongous Allocation) 1855M->1853M(2048M) 24,471ms
[238,066s][debug][gc] GC(898) Clear Next Bitmap 2,190ms
[238,754s][info ][gc] GC(898) Pause Full (G1 Humongous Allocation) 1853M->1346M(2048M) 689,748ms
[238,754s][info ][gc] GC(896) Concurrent Cycle 906,558ms
[238,851s][info ][gc] GC(899) Pause Young (Concurrent Start) (G1 Humongous Allocation) 1518M->1516M(2048M) 19,799ms
[238,851s][info ][gc] GC(900) Concurrent Cycle
[239,068s][info ][gc] GC(901) Pause Young (Normal) (G1 Humongous Allocation) 1856M->1855M(2048M) 22,104ms
[239,070s][debug][gc] GC(902) Clear Next Bitmap 2,114ms
[239,771s][info ][gc] GC(902) Pause Full (G1 Humongous Allocation) 1855M->1348M(2048M) 702,353ms
[239,771s][info ][gc] GC(900) Concurrent Cycle 920,002ms
[239,867s][info ][gc] GC(903) Pause Young (Concurrent Start) (G1 Humongous Allocation) 1519M->1517M(2048M) 19,354ms
[239,868s][info ][gc] GC(904) Concurrent Cycle
[240,085s][info ][gc] GC(905) Pause Young (Normal) (G1 Humongous Allocation) 1858M->1856M(2048M) 22,945ms
[240,088s][debug][gc] GC(906) Clear Next Bitmap 2,265ms
[240,776s][info ][gc] GC(906) Pause Full (G1 Humongous Allocation) 1856M->1349M(2048M) 690,184ms
[240,794s][info ][gc] GC(904) Concurrent Cycle 926,652ms
[240,874s][info ][gc] GC(907) Pause Young (Concurrent Start) (G1 Humongous Allocation) 1521M->1519M(2048M) 20,184ms
[240,874s][info ][gc] GC(908) Concurrent Cycle
[240,986s][info ][gc] GC(909) Pause Young (Normal) (G1 Humongous Allocation) 1689M->1689M(2048M) 23,190ms
[240,988s][debug][gc] GC(910) Clear Next Bitmap 2,133ms
[241,685s][info ][gc] GC(910) Pause Full (G1 Humongous Allocation) 1689M->1350M(2048M) 699,149ms
[241,686s][info ][gc] GC(908) Concurrent Cycle 812,240ms
[241,795s][info ][gc] GC(911) Pause Young (Concurrent Start) (G1 Humongous Allocation) 1523M->1521M(2048M) 23,675ms
[241,795s][info ][gc] GC(912) Concurrent Cycle
[242,018s][info ][gc] GC(913) Pause Young (Normal) (G1 Humongous Allocation) 1864M->1862M(2048M) 17,831ms
[242,020s][debug][gc] GC(914) Clear Next Bitmap 2,232ms
[242,712s][info ][gc] GC(914) Pause Full (G1 Humongous Allocation) 1862M->1353M(2048M) 693,894ms
[242,713s][info ][gc] GC(912) Concurrent Cycle 918,012ms
[242,809s][info ][gc] GC(915) Pause Young (Concurrent Start) (G1 Humongous Allocation) 1526M->1524M(2048M) 19,015ms
[242,810s][info ][gc] GC(916) Concurrent Cycle
[242,923s][info ][gc] GC(917) Pause Young (Normal) (G1 Humongous Allocation) 1695M->1694M(2048M) 20,831ms
[242,926s][debug][gc] GC(918) Clear Next Bitmap 2,143ms
[243,616s][info ][gc] GC(918) Pause Full (G1 Humongous Allocation) 1694M->1354M(2048M) 692,536ms
[243,618s][info ][gc] GC(916) Concurrent Cycle 807,900ms
[243,719s][info ][gc] GC(919) Pause Young (Concurrent Start) (G1 Humongous Allocation) 1527M->1525M(2048M) 22,911ms
[243,719s][info ][gc] GC(920) Concurrent Cycle
[243,721s][info ][gc] GC(921) Pause Young (Normal) (G1 Humongous Allocation) 1525M->1525M(2048M) 1,715ms
[243,838s][info ][gc] GC(922) Pause Young (Normal) (G1 Humongous Allocation) 1696M->1695M(2048M) 19,872ms
[243,840s][debug][gc] GC(923) Clear Next Bitmap 2,135ms
[244,542s][info ][gc] GC(923) Pause Full (G1 Humongous Allocation) 1695M->1355M(2048M) 704,208ms
[244,543s][info ][gc] GC(920) Concurrent Cycle 823,678ms
[244,641s][info ][gc] GC(924) Pause Young (Concurrent Start) (G1 Humongous Allocation) 1529M->1526M(2048M) 32,617ms
[244,641s][info ][gc] GC(925) Concurrent Cycle
[244,863s][info ][gc] GC(926) Pause Young (Normal) (G1 Humongous Allocation) 1869M->1867M(2048M) 19,968ms
[244,865s][debug][gc] GC(927) Clear Next Bitmap 2,164ms
[245,566s][info ][gc] GC(927) Pause Full (G1 Humongous Allocation) 1867M->1357M(2048M) 703,208ms
[245,567s][info ][gc] GC(925) Concurrent Cycle 926,448ms
[245,664s][info ][gc] GC(928) Pause Young (Concurrent Start) (G1 Humongous Allocation) 1530M->1527M(2048M) 32,653ms
[245,664s][info ][gc] GC(929) Concurrent Cycle
[245,885s][info ][gc] GC(930) Pause Young (Normal) (G1 Humongous Allocation) 1870M->1868M(2048M) 20,032ms
[245,887s][debug][gc] GC(931) Clear Next Bitmap 2,183ms
[246,587s][info ][gc] GC(931) Pause Full (G1 Humongous Allocation) 1868M->1358M(2048M) 701,884ms
[246,588s][info ][gc] GC(929) Concurrent Cycle 923,447ms
[246,685s][info ][gc] GC(932) Pause Young (Concurrent Start) (G1 Humongous Allocation) 1532M->1530M(2048M) 22,148ms
[246,685s][info ][gc] GC(933) Concurrent Cycle
[246,905s][info ][gc] GC(934) Pause Young (Normal) (G1 Humongous Allocation) 1874M->1873M(2048M) 19,875ms
[246,908s][debug][gc] GC(935) Clear Next Bitmap 2,187ms
[247,612s][info ][gc] GC(935) Pause Full (G1 Humongous Allocation) 1873M->1361M(2048M) 706,810ms
[247,613s][info ][gc] GC(933) Concurrent Cycle 928,514ms
[247,715s][info ][gc] GC(936) Pause Young (Concurrent Start) (G1 Humongous Allocation) 1535M->1533M(2048M) 23,033ms
[247,715s][info ][gc] GC(937) Concurrent Cycle
[247,834s][info ][gc] GC(938) Pause Young (Normal) (G1 Humongous Allocation) 1705M->1704M(2048M) 24,059ms
[247,837s][debug][gc] GC(939) Clear Next Bitmap 2,134ms
[248,538s][info ][gc] GC(939) Pause Full (G1 Humongous Allocation) 1704M->1362M(2048M) 703,577ms
[248,539s][info ][gc] GC(937) Concurrent Cycle 823,694ms
[248,651s][info ][gc] GC(940) Pause Young (Concurrent Start) (G1 Humongous Allocation) 1536M->1534M(2048M) 21,517ms
[248,651s][info ][gc] GC(941) Concurrent Cycle
[248,766s][info ][gc] GC(942) Pause Young (Normal) (G1 Humongous Allocation) 1706M->1705M(2048M) 18,794ms
[248,769s][debug][gc] GC(943) Clear Next Bitmap 2,632ms
[249,466s][info ][gc] GC(943) Pause Full (G1 Humongous Allocation) 1705M->1363M(2048M) 699,861ms
[249,467s][info ][gc] GC(941) Concurrent Cycle 816,120ms
[249,565s][info ][gc] GC(944) Pause Young (Concurrent Start) (G1 Humongous Allocation) 1537M->1535M(2048M) 20,208ms
[249,565s][info ][gc] GC(945) Concurrent Cycle
[249,679s][info ][gc] GC(946) Pause Young (Normal) (G1 Humongous Allocation) 1707M->1706M(2048M) 22,250ms
[249,682s][debug][gc] GC(947) Clear Next Bitmap 2,115ms
[250,422s][info ][gc] GC(947) Pause Full (G1 Humongous Allocation) 1706M->1364M(2048M) 742,050ms
[250,422s][info ][gc] GC(945) Concurrent Cycle 857,140ms
[250,518s][info ][gc] GC(948) Pause Young (Concurrent Start) (G1 Humongous Allocation) 1538M->1536M(2048M) 19,766ms
[250,518s][info ][gc] GC(949) Concurrent Cycle
[250,739s][info ][gc] GC(950) Pause Young (Normal) (G1 Humongous Allocation) 1880M->1879M(2048M) 24,519ms
[250,742s][debug][gc] GC(951) Clear Next Bitmap 2,235ms
[251,493s][info ][gc] GC(951) Pause Full (G1 Humongous Allocation) 1879M->1366M(2048M) 753,258ms
[251,493s][info ][gc] GC(949) Concurrent Cycle 974,932ms
[251,593s][info ][gc] GC(952) Pause Young (Concurrent Start) (G1 Humongous Allocation) 1539M->1538M(2048M) 21,339ms
[251,593s][info ][gc] GC(953) Concurrent Cycle
[251,708s][info ][gc] GC(954) Pause Young (Normal) (G1 Humongous Allocation) 1711M->1710M(2048M) 21,561ms
[251,710s][debug][gc] GC(955) Clear Next Bitmap 2,215ms
[252,414s][info ][gc] GC(955) Pause Full (G1 Humongous Allocation) 1710M->1368M(2048M) 706,172ms
[252,415s][info ][gc] GC(953) Concurrent Cycle 822,623ms
[252,511s][info ][gc] GC(956) Pause Young (Concurrent Start) (G1 Humongous Allocation) 1543M->1540M(2048M) 19,344ms
[252,512s][info ][gc] GC(957) Concurrent Cycle
[252,627s][info ][gc] GC(958) Pause Young (Normal) (G1 Humongous Allocation) 1714M->1713M(2048M) 21,891ms
[252,629s][debug][gc] GC(959) Clear Next Bitmap 2,151ms
[253,368s][info ][gc] GC(959) Pause Full (G1 Humongous Allocation) 1713M->1369M(2048M) 741,272ms
[253,369s][info ][gc] GC(957) Concurrent Cycle 857,867ms
[253,466s][info ][gc] GC(960) Pause Young (Concurrent Start) (G1 Humongous Allocation) 1544M->1542M(2048M) 19,087ms
[253,466s][info ][gc] GC(961) Concurrent Cycle
[253,586s][info ][gc] GC(962) Pause Young (Normal) (G1 Humongous Allocation) 1715M->1714M(2048M) 25,703ms
[253,589s][debug][gc] GC(963) Clear Next Bitmap 2,504ms
[254,296s][info ][gc] GC(963) Pause Full (G1 Humongous Allocation) 1714M->1370M(2048M) 709,238ms
[254,296s][info ][gc] GC(961) Concurrent Cycle 829,862ms
[254,394s][info ][gc] GC(964) Pause Young (Concurrent Start) (G1 Humongous Allocation) 1545M->1543M(2048M) 19,615ms
[254,394s][info ][gc] GC(965) Concurrent Cycle
[254,509s][info ][gc] GC(966) Pause Young (Normal) (G1 Humongous Allocation) 1716M->1715M(2048M) 20,858ms
[254,511s][debug][gc] GC(967) Clear Next Bitmap 2,181ms
[255,214s][info ][gc] GC(967) Pause Full (G1 Humongous Allocation) 1715M->1371M(2048M) 705,209ms
[255,214s][info ][gc] GC(965) Concurrent Cycle 819,960ms
[255,315s][info ][gc] GC(968) Pause Young (Concurrent Start) (G1 Humongous Allocation) 1545M->1544M(2048M) 29,496ms
[255,315s][info ][gc] GC(969) Concurrent Cycle
[255,538s][info ][gc] GC(970) Pause Young (Normal) (G1 Humongous Allocation) 1891M->1889M(2048M) 20,796ms
[255,540s][debug][gc] GC(971) Clear Next Bitmap 2,226ms
[256,284s][info ][gc] GC(971) Pause Full (G1 Humongous Allocation) 1889M->1373M(2048M) 746,673ms
[256,285s][info ][gc] GC(969) Concurrent Cycle 970,159ms
[256,384s][info ][gc] GC(972) Pause Young (Concurrent Start) (G1 Humongous Allocation) 1547M->1545M(2048M) 22,627ms
[256,384s][info ][gc] GC(973) Concurrent Cycle
[256,607s][info ][gc] GC(974) Pause Young (Normal) (G1 Humongous Allocation) 1892M->1890M(2048M) 21,003ms
[256,609s][debug][gc] GC(975) Clear Next Bitmap 2,289ms
[257,348s][info ][gc] GC(975) Pause Full (G1 Humongous Allocation) 1890M->1374M(2048M) 740,782ms
[257,349s][info ][gc] GC(973) Concurrent Cycle 964,266ms
[257,445s][info ][gc] GC(976) Pause Young (Concurrent Start) (G1 Humongous Allocation) 1550M->1548M(2048M) 21,772ms
[257,446s][info ][gc] GC(977) Concurrent Cycle
[257,562s][info ][gc] GC(978) Pause Young (Normal) (G1 Humongous Allocation) 1722M->1721M(2048M) 20,232ms
[257,564s][debug][gc] GC(979) Clear Next Bitmap 2,199ms
[258,269s][info ][gc] GC(979) Pause Full (G1 Humongous Allocation) 1721M->1376M(2048M) 706,902ms
[258,269s][info ][gc] GC(977) Concurrent Cycle 823,825ms
[258,367s][info ][gc] GC(980) Pause Young (Concurrent Start) (G1 Humongous Allocation) 1551M->1550M(2048M) 21,576ms
[258,367s][info ][gc] GC(981) Concurrent Cycle
[258,593s][info ][gc] GC(982) Pause Young (Normal) (G1 Humongous Allocation) 1898M->1897M(2048M) 20,907ms
[258,596s][debug][gc] GC(983) Clear Next Bitmap 2,182ms
[259,295s][info ][gc] GC(983) Pause Full (G1 Humongous Allocation) 1897M->1378M(2048M) 701,380ms
[259,315s][info ][gc] GC(981) Concurrent Cycle 947,301ms
[259,395s][info ][gc] GC(984) Pause Young (Concurrent Start) (G1 Humongous Allocation) 1553M->1552M(2048M) 21,907ms
[259,396s][info ][gc] GC(985) Concurrent Cycle
[259,512s][info ][gc] GC(986) Pause Young (Normal) (G1 Humongous Allocation) 1726M->1725M(2048M) 19,514ms
[259,515s][debug][gc] GC(987) Clear Next Bitmap 2,207ms
[260,243s][info ][gc] GC(987) Pause Full (G1 Humongous Allocation) 1725M->1379M(2048M) 730,498ms
[260,244s][info ][gc] GC(985) Concurrent Cycle 848,091ms
[260,343s][info ][gc] GC(988) Pause Young (Concurrent Start) (G1 Humongous Allocation) 1554M->1553M(2048M) 20,887ms
[260,343s][info ][gc] GC(989) Concurrent Cycle
[260,460s][info ][gc] GC(990) Pause Young (Normal) (G1 Humongous Allocation) 1727M->1726M(2048M) 23,479ms
[260,462s][debug][gc] GC(991) Clear Next Bitmap 2,138ms
[261,170s][info ][gc] GC(991) Pause Full (G1 Humongous Allocation) 1726M->1380M(2048M) 710,584ms
[261,171s][info ][gc] GC(989) Concurrent Cycle 827,738ms
[261,272s][info ][gc] GC(992) Pause Young (Concurrent Start) (G1 Humongous Allocation) 1555M->1554M(2048M) 26,123ms
[261,272s][info ][gc] GC(993) Concurrent Cycle
[261,388s][info ][gc] GC(994) Pause Young (Normal) (G1 Humongous Allocation) 1729M->1727M(2048M) 19,250ms
[261,391s][debug][gc] GC(995) Clear Next Bitmap 2,143ms
[262,128s][info ][gc] GC(995) Pause Full (G1 Humongous Allocation) 1727M->1381M(2048M) 739,909ms
[262,129s][info ][gc] GC(993) Concurrent Cycle 856,542ms
[262,216s][info ][gc] GC(996) Pause Young (Concurrent Start) (G1 Humongous Allocation) 1556M->1555M(2048M) 20,585ms
[262,216s][info ][gc] GC(997) Concurrent Cycle
[262,336s][info ][gc] GC(998) Pause Young (Normal) (G1 Humongous Allocation) 1730M->1728M(2048M) 34,770ms
[262,338s][debug][gc] GC(999) Clear Next Bitmap 2,074ms
[263,044s][info ][gc] GC(999) Pause Full (G1 Humongous Allocation) 1728M->1382M(2048M) 707,759ms
[263,044s][info ][gc] GC(997) Concurrent Cycle 828,122ms
[263,131s][info ][gc] GC(1000) Pause Young (Concurrent Start) (G1 Humongous Allocation) 1558M->1557M(2048M) 20,012ms
[263,131s][info ][gc] GC(1001) Concurrent Cycle
[263,258s][info ][gc] GC(1002) Pause Young (Normal) (G1 Humongous Allocation) 1733M->1731M(2048M) 30,140ms
[263,261s][debug][gc] GC(1003) Clear Next Bitmap 2,486ms
[263,971s][info ][gc] GC(1003) Pause Full (G1 Humongous Allocation) 1731M->1384M(2048M) 712,307ms
[263,971s][info ][gc] GC(1001) Concurrent Cycle 839,844ms
[264,064s][info ][gc] GC(1004) Pause Young (Concurrent Start) (G1 Humongous Allocation) 1560M->1559M(2048M) 21,540ms
[264,064s][info ][gc] GC(1005) Concurrent Cycle
[264,182s][info ][gc] GC(1006) Pause Young (Normal) (G1 Humongous Allocation) 1734M->1733M(2048M) 17,842ms
[264,184s][debug][gc] GC(1007) Clear Next Bitmap 2,384ms
[264,889s][info ][gc] GC(1007) Pause Full (G1 Humongous Allocation) 1733M->1385M(2048M) 706,717ms
[264,889s][info ][gc] GC(1005) Concurrent Cycle 824,722ms
[264,987s][info ][gc] GC(1008) Pause Young (Concurrent Start) (G1 Humongous Allocation) 1562M->1560M(2048M) 19,397ms
[264,987s][info ][gc] GC(1009) Concurrent Cycle
[265,210s][info ][gc] GC(1010) Pause Young (Normal) (G1 Humongous Allocation) 1910M->1909M(2048M) 21,294ms
[265,213s][debug][gc] GC(1011) Clear Next Bitmap 2,328ms
[265,920s][info ][gc] GC(1011) Pause Full (G1 Humongous Allocation) 1909M->1387M(2048M) 709,537ms
[265,921s][info ][gc] GC(1009) Concurrent Cycle 933,819ms
[266,025s][info ][gc] GC(1012) Pause Young (Concurrent Start) (G1 Humongous Allocation) 1563M->1562M(2048M) 25,719ms
[266,025s][info ][gc] GC(1013) Concurrent Cycle
[266,265s][info ][gc] GC(1014) Pause Young (Normal) (G1 Humongous Allocation) 1913M->1911M(2048M) 21,135ms
[266,268s][debug][gc] GC(1015) Clear Next Bitmap 2,825ms
[266,984s][info ][gc] GC(1015) Pause Full (G1 Humongous Allocation) 1911M->1388M(2048M) 718,795ms
[266,985s][info ][gc] GC(1013) Concurrent Cycle 959,504ms
[267,074s][info ][gc] GC(1016) Pause Young (Concurrent Start) (G1 Humongous Allocation) 1564M->1563M(2048M) 18,657ms
[267,074s][info ][gc] GC(1017) Concurrent Cycle
[267,300s][info ][gc] GC(1018) Pause Young (Normal) (G1 Humongous Allocation) 1914M->1912M(2048M) 35,387ms
[267,302s][debug][gc] GC(1019) Clear Next Bitmap 2,173ms
[268,010s][info ][gc] GC(1019) Pause Full (G1 Humongous Allocation) 1912M->1390M(2048M) 710,128ms
[268,010s][info ][gc] GC(1017) Concurrent Cycle 936,244ms
[268,098s][info ][gc] GC(1020) Pause Young (Concurrent Start) (G1 Humongous Allocation) 1567M->1566M(2048M) 18,494ms
[268,098s][info ][gc] GC(1021) Concurrent Cycle
[268,328s][info ][gc] GC(1022) Pause Young (Normal) (G1 Humongous Allocation) 1919M->1917M(2048M) 37,976ms
[268,330s][debug][gc] GC(1023) Clear Next Bitmap 2,144ms
[269,047s][info ][gc] GC(1023) Pause Full (G1 Humongous Allocation) 1917M->1393M(2048M) 719,452ms
[269,048s][info ][gc] GC(1021) Concurrent Cycle 949,755ms
[269,136s][info ][gc] GC(1024) Pause Young (Concurrent Start) (G1 Humongous Allocation) 1569M->1568M(2048M) 18,401ms
[269,136s][info ][gc] GC(1025) Concurrent Cycle
[269,265s][info ][gc] GC(1026) Pause Young (Normal) (G1 Humongous Allocation) 1746M->1744M(2048M) 36,218ms
[269,267s][debug][gc] GC(1027) Clear Next Bitmap 2,537ms
[270,096s][info ][gc] GC(1027) Pause Full (G1 Humongous Allocation) 1744M->1394M(2048M) 831,181ms
[270,096s][info ][gc] GC(1025) Concurrent Cycle 960,850ms
[270,185s][info ][gc] GC(1028) Pause Young (Concurrent Start) (G1 Humongous Allocation) 1571M->1569M(2048M) 18,028ms
[270,185s][info ][gc] GC(1029) Concurrent Cycle
[270,309s][info ][gc] GC(1030) Pause Young (Normal) (G1 Humongous Allocation) 1746M->1745M(2048M) 37,453ms
[270,312s][debug][gc] GC(1031) Clear Next Bitmap 2,721ms
[271,147s][info ][gc] GC(1031) Pause Full (G1 Humongous Allocation) 1745M->1395M(2048M) 838,255ms
[271,148s][info ][gc] GC(1029) Concurrent Cycle 962,359ms
[271,244s][info ][gc] GC(1032) Pause Young (Concurrent Start) (G1 Humongous Allocation) 1572M->1570M(2048M) 24,392ms
[271,244s][info ][gc] GC(1033) Concurrent Cycle
[271,366s][info ][gc] GC(1034) Pause Young (Normal) (G1 Humongous Allocation) 1747M->1746M(2048M) 19,715ms
[271,368s][debug][gc] GC(1035) Clear Next Bitmap 2,083ms
[272,118s][info ][gc] GC(1035) Pause Full (G1 Humongous Allocation) 1746M->1396M(2048M) 751,216ms
[272,118s][info ][gc] GC(1033) Concurrent Cycle 873,871ms
[272,205s][info ][gc] GC(1036) Pause Young (Concurrent Start) (G1 Humongous Allocation) 1572M->1572M(2048M) 21,104ms
[272,206s][info ][gc] GC(1037) Concurrent Cycle
[272,424s][info ][gc] GC(1038) Pause Young (Normal) (G1 Humongous Allocation) 1925M->1923M(2048M) 24,911ms
[272,427s][debug][gc] GC(1039) Clear Next Bitmap 2,683ms
[273,150s][info ][gc] GC(1039) Pause Full (G1 Humongous Allocation) 1923M->1397M(2048M) 725,728ms
[273,151s][info ][gc] GC(1037) Concurrent Cycle 945,005ms
[273,251s][info ][gc] GC(1040) Pause Young (Concurrent Start) (G1 Humongous Allocation) 1574M->1573M(2048M) 31,605ms
[273,251s][info ][gc] GC(1041) Concurrent Cycle
[273,371s][info ][gc] GC(1042) Pause Young (Normal) (G1 Humongous Allocation) 1751M->1750M(2048M) 18,776ms
[273,374s][debug][gc] GC(1043) Clear Next Bitmap 2,190ms
[274,090s][info ][gc] GC(1043) Pause Full (G1 Humongous Allocation) 1750M->1399M(2048M) 718,544ms
[274,091s][info ][gc] GC(1041) Concurrent Cycle 839,288ms
[274,179s][info ][gc] GC(1044) Pause Young (Concurrent Start) (G1 Humongous Allocation) 1577M->1576M(2048M) 20,334ms
[274,179s][info ][gc] GC(1045) Concurrent Cycle
[274,405s][info ][gc] GC(1046) Pause Young (Normal) (G1 Humongous Allocation) 1931M->1929M(2048M) 23,091ms
[274,408s][debug][gc] GC(1047) Clear Next Bitmap 2,257ms
[275,257s][info ][gc] GC(1047) Pause Full (G1 Humongous Allocation) 1929M->1401M(2048M) 851,308ms
[275,258s][info ][gc] GC(1045) Concurrent Cycle 1078,968ms
[275,360s][info ][gc] GC(1048) Pause Young (Concurrent Start) (G1 Humongous Allocation) 1580M->1578M(2048M) 33,523ms
[275,360s][info ][gc] GC(1049) Concurrent Cycle
[275,481s][info ][gc] GC(1050) Pause Young (Normal) (G1 Humongous Allocation) 1755M->1754M(2048M) 19,049ms
[275,484s][debug][gc] GC(1051) Clear Next Bitmap 2,154ms
[276,224s][info ][gc] GC(1051) Pause Full (G1 Humongous Allocation) 1754M->1402M(2048M) 742,387ms
[276,224s][info ][gc] GC(1049) Concurrent Cycle 863,971ms
[276,325s][info ][gc] GC(1052) Pause Young (Concurrent Start) (G1 Humongous Allocation) 1581M->1579M(2048M) 33,823ms
[276,325s][info ][gc] GC(1053) Concurrent Cycle
[276,448s][info ][gc] GC(1054) Pause Young (Normal) (G1 Humongous Allocation) 1756M->1755M(2048M) 18,045ms
[276,450s][debug][gc] GC(1055) Clear Next Bitmap 2,123ms
[277,225s][info ][gc] GC(1055) Pause Full (G1 Humongous Allocation) 1755M->1403M(2048M) 776,966ms
[277,225s][info ][gc] GC(1053) Concurrent Cycle 900,140ms
[277,329s][info ][gc] GC(1056) Pause Young (Concurrent Start) (G1 Humongous Allocation) 1582M->1580M(2048M) 20,248ms
[277,329s][info ][gc] GC(1057) Concurrent Cycle
[277,330s][info ][gc] GC(1058) Pause Young (Normal) (G1 Humongous Allocation) 1580M->1580M(2048M) 0,623ms
[277,332s][debug][gc] GC(1059) Clear Next Bitmap 2,696ms
[278,060s][info ][gc] GC(1059) Pause Full (G1 Humongous Allocation) 1580M->1404M(2048M) 729,850ms
[278,060s][info ][gc] GC(1057) Concurrent Cycle 731,330ms
[278,149s][info ][gc] GC(1060) Pause Young (Concurrent Start) (G1 Humongous Allocation) 1581M->1580M(2048M) 21,020ms
[278,149s][info ][gc] GC(1061) Concurrent Cycle
[278,269s][info ][gc] GC(1062) Pause Young (Normal) (G1 Humongous Allocation) 1758M->1757M(2048M) 24,188ms
[278,271s][debug][gc] GC(1063) Clear Next Bitmap 2,159ms
[279,000s][info ][gc] GC(1063) Pause Full (G1 Humongous Allocation) 1757M->1405M(2048M) 731,209ms
[279,001s][info ][gc] GC(1061) Concurrent Cycle 852,324ms
[279,091s][info ][gc] GC(1064) Pause Young (Concurrent Start) (G1 Humongous Allocation) 1583M->1581M(2048M) 20,675ms
[279,091s][info ][gc] GC(1065) Concurrent Cycle
[279,209s][info ][gc] GC(1066) Pause Young (Normal) (G1 Humongous Allocation) 1759M->1758M(2048M) 23,721ms
[279,211s][debug][gc] GC(1067) Clear Next Bitmap 2,164ms
[280,130s][info ][gc] GC(1067) Pause Full (G1 Humongous Allocation) 1758M->1406M(2048M) 921,130ms
[280,130s][info ][gc] GC(1065) Concurrent Cycle 1038,890ms
[280,230s][info ][gc] GC(1068) Pause Young (Concurrent Start) (G1 Humongous Allocation) 1585M->1583M(2048M) 20,760ms
[280,230s][info ][gc] GC(1069) Concurrent Cycle
[280,355s][info ][gc] GC(1070) Pause Young (Normal) (G1 Humongous Allocation) 1762M->1761M(2048M) 22,944ms
[280,357s][debug][gc] GC(1071) Clear Next Bitmap 2,216ms
[281,134s][info ][gc] GC(1071) Pause Full (G1 Humongous Allocation) 1761M->1408M(2048M) 779,331ms
[281,135s][info ][gc] GC(1069) Concurrent Cycle 904,388ms
[281,224s][info ][gc] GC(1072) Pause Young (Concurrent Start) (G1 Humongous Allocation) 1586M->1586M(2048M) 20,230ms
[281,224s][info ][gc] GC(1073) Concurrent Cycle
[281,349s][info ][gc] GC(1074) Pause Young (Normal) (G1 Humongous Allocation) 1765M->1763M(2048M) 23,115ms
[281,352s][debug][gc] GC(1075) Clear Next Bitmap 2,407ms
[282,100s][info ][gc] GC(1075) Pause Full (G1 Humongous Allocation) 1763M->1409M(2048M) 750,353ms
[282,100s][info ][gc] GC(1073) Concurrent Cycle 876,696ms
[282,189s][info ][gc] GC(1076) Pause Young (Concurrent Start) (G1 Humongous Allocation) 1587M->1587M(2048M) 19,759ms
[282,189s][info ][gc] GC(1077) Concurrent Cycle
[282,332s][info ][gc] GC(1078) Pause Young (Normal) (G1 Humongous Allocation) 1766M->1764M(2048M) 34,495ms
[282,334s][debug][gc] GC(1079) Clear Next Bitmap 2,073ms
[283,068s][info ][gc] GC(1079) Pause Full (G1 Humongous Allocation) 1764M->1410M(2048M) 736,113ms
[283,068s][info ][gc] GC(1077) Concurrent Cycle 878,981ms
[283,158s][info ][gc] GC(1080) Pause Young (Concurrent Start) (G1 Humongous Allocation) 1590M->1588M(2048M) 19,539ms
[283,158s][info ][gc] GC(1081) Concurrent Cycle
[283,160s][info ][gc] GC(1082) Pause Young (Normal) (G1 Humongous Allocation) 1588M->1588M(2048M) 1,484ms
[283,162s][debug][gc] GC(1083) Clear Next Bitmap 2,132ms
[283,880s][info ][gc] GC(1083) Pause Full (G1 Humongous Allocation) 1588M->1411M(2048M) 719,479ms
[283,880s][info ][gc] GC(1081) Concurrent Cycle 721,834ms
[283,982s][info ][gc] GC(1084) Pause Young (Concurrent Start) (G1 Humongous Allocation) 1590M->1588M(2048M) 21,410ms
[283,982s][info ][gc] GC(1085) Concurrent Cycle
[284,103s][info ][gc] GC(1086) Pause Young (Normal) (G1 Humongous Allocation) 1767M->1766M(2048M) 20,572ms
[284,106s][debug][gc] GC(1087) Clear Next Bitmap 2,245ms
[284,826s][info ][gc] GC(1087) Pause Full (G1 Humongous Allocation) 1766M->1412M(2048M) 722,109ms
[284,827s][info ][gc] GC(1085) Concurrent Cycle 845,031ms
[284,926s][info ][gc] GC(1088) Pause Young (Concurrent Start) (G1 Humongous Allocation) 1591M->1589M(2048M) 21,012ms
[284,927s][info ][gc] GC(1089) Concurrent Cycle
[285,172s][info ][gc] GC(1090) Pause Young (Normal) (G1 Humongous Allocation) 1946M->1944M(2048M) 24,328ms
[285,175s][debug][gc] GC(1091) Clear Next Bitmap 2,205ms
[285,893s][info ][gc] GC(1091) Pause Full (G1 Humongous Allocation) 1944M->1413M(2048M) 720,596ms
[285,894s][info ][gc] GC(1089) Concurrent Cycle 967,083ms
[285,997s][info ][gc] GC(1092) Pause Young (Concurrent Start) (G1 Humongous Allocation) 1593M->1591M(2048M) 33,907ms
[285,997s][info ][gc] GC(1093) Concurrent Cycle
[286,118s][info ][gc] GC(1094) Pause Young (Normal) (G1 Humongous Allocation) 1770M->1769M(2048M) 18,898ms
[286,121s][debug][gc] GC(1095) Clear Next Bitmap 2,158ms
[286,845s][info ][gc] GC(1095) Pause Full (G1 Humongous Allocation) 1769M->1415M(2048M) 726,500ms
[286,846s][info ][gc] GC(1093) Concurrent Cycle 849,186ms
[286,947s][info ][gc] GC(1096) Pause Young (Concurrent Start) (G1 Humongous Allocation) 1596M->1594M(2048M) 20,327ms
[286,947s][info ][gc] GC(1097) Concurrent Cycle
[287,066s][info ][gc] GC(1098) Pause Young (Normal) (G1 Humongous Allocation) 1773M->1773M(2048M) 22,964ms
[287,069s][debug][gc] GC(1099) Clear Next Bitmap 2,097ms
[287,791s][info ][gc] GC(1099) Pause Full (G1 Humongous Allocation) 1773M->1416M(2048M) 724,356ms
[287,792s][info ][gc] GC(1097) Concurrent Cycle 844,602ms
[287,896s][info ][gc] GC(1100) Pause Young (Concurrent Start) (G1 Humongous Allocation) 1597M->1595M(2048M) 22,157ms
[287,896s][info ][gc] GC(1101) Concurrent Cycle
[288,015s][info ][gc] GC(1102) Pause Young (Normal) (G1 Humongous Allocation) 1775M->1774M(2048M) 22,586ms
[288,017s][debug][gc] GC(1103) Clear Next Bitmap 2,104ms
[288,738s][info ][gc] GC(1103) Pause Full (G1 Humongous Allocation) 1774M->1417M(2048M) 722,741ms
[288,739s][info ][gc] GC(1101) Concurrent Cycle 842,570ms
[288,841s][info ][gc] GC(1104) Pause Young (Concurrent Start) (G1 Humongous Allocation) 1598M->1596M(2048M) 20,052ms
[288,841s][info ][gc] GC(1105) Concurrent Cycle
[289,068s][info ][gc] GC(1106) Pause Young (Normal) (G1 Humongous Allocation) 1955M->1953M(2048M) 22,356ms
[289,071s][debug][gc] GC(1107) Clear Next Bitmap 2,254ms
[289,794s][info ][gc] GC(1107) Pause Full (G1 Humongous Allocation) 1953M->1419M(2048M) 725,335ms
[289,795s][info ][gc] GC(1105) Concurrent Cycle 954,464ms
[289,895s][info ][gc] GC(1108) Pause Young (Concurrent Start) (G1 Humongous Allocation) 1600M->1598M(2048M) 19,418ms
[289,896s][info ][gc] GC(1109) Concurrent Cycle
[290,144s][info ][gc] GC(1110) Pause Young (Normal) (G1 Humongous Allocation) 1956M->1955M(2048M) 21,770ms
[290,147s][debug][gc] GC(1111) Clear Next Bitmap 2,306ms
[290,876s][info ][gc] GC(1111) Pause Full (G1 Humongous Allocation) 1955M->1421M(2048M) 731,867ms
[290,877s][info ][gc] GC(1109) Concurrent Cycle 981,283ms
[290,978s][info ][gc] GC(1112) Pause Young (Concurrent Start) (G1 Humongous Allocation) 1601M->1599M(2048M) 19,109ms
[290,978s][info ][gc] GC(1113) Concurrent Cycle
[291,099s][info ][gc] GC(1114) Pause Young (Normal) (G1 Humongous Allocation) 1779M->1778M(2048M) 20,985ms
[291,101s][debug][gc] GC(1115) Clear Next Bitmap 2,253ms
[291,827s][info ][gc] GC(1115) Pause Full (G1 Humongous Allocation) 1778M->1422M(2048M) 728,141ms
[291,846s][info ][gc] GC(1113) Concurrent Cycle 867,436ms
[291,929s][info ][gc] GC(1116) Pause Young (Concurrent Start) (G1 Humongous Allocation) 1602M->1600M(2048M) 23,036ms
[291,929s][info ][gc] GC(1117) Concurrent Cycle
[292,050s][info ][gc] GC(1118) Pause Young (Normal) (G1 Humongous Allocation) 1781M->1780M(2048M) 22,738ms
[292,053s][debug][gc] GC(1119) Clear Next Bitmap 2,692ms
[292,794s][info ][gc] GC(1119) Pause Full (G1 Humongous Allocation) 1780M->1424M(2048M) 743,675ms
[292,795s][info ][gc] GC(1117) Concurrent Cycle 865,799ms
[292,895s][info ][gc] GC(1120) Pause Young (Concurrent Start) (G1 Humongous Allocation) 1605M->1603M(2048M) 18,754ms
[292,895s][info ][gc] GC(1121) Concurrent Cycle
[293,127s][info ][gc] GC(1122) Pause Young (Normal) (G1 Humongous Allocation) 1964M->1962M(2048M) 20,594ms
[293,129s][debug][gc] GC(1123) Clear Next Bitmap 2,294ms
[293,859s][info ][gc] GC(1123) Pause Full (G1 Humongous Allocation) 1962M->1425M(2048M) 732,553ms
[293,860s][info ][gc] GC(1121) Concurrent Cycle 965,531ms
[293,962s][info ][gc] GC(1124) Pause Young (Concurrent Start) (G1 Humongous Allocation) 1607M->1605M(2048M) 23,658ms
[293,962s][info ][gc] GC(1125) Concurrent Cycle
[294,198s][info ][gc] GC(1126) Pause Young (Normal) (G1 Humongous Allocation) 1966M->1964M(2048M) 22,579ms
[294,200s][debug][gc] GC(1127) Clear Next Bitmap 2,161ms
[294,945s][info ][gc] GC(1127) Pause Full (G1 Humongous Allocation) 1964M->1427M(2048M) 746,519ms
[294,945s][info ][gc] GC(1125) Concurrent Cycle 983,598ms
[295,048s][info ][gc] GC(1128) Pause Young (Concurrent Start) (G1 Humongous Allocation) 1608M->1607M(2048M) 18,393ms
[295,048s][info ][gc] GC(1129) Concurrent Cycle
[295,294s][info ][gc] GC(1130) Pause Young (Normal) (G1 Humongous Allocation) 1968M->1966M(2048M) 28,190ms
[295,297s][debug][gc] GC(1131) Clear Next Bitmap 2,591ms
[296,027s][info ][gc] GC(1131) Pause Full (G1 Humongous Allocation) 1966M->1429M(2048M) 732,617ms
[296,028s][info ][gc] GC(1129) Concurrent Cycle 979,262ms
[296,122s][info ][gc] GC(1132) Pause Young (Concurrent Start) (G1 Humongous Allocation) 1610M->1608M(2048M) 27,273ms
[296,122s][info ][gc] GC(1133) Concurrent Cycle
[296,124s][info ][gc] GC(1134) Pause Young (Normal) (G1 Humongous Allocation) 1608M->1608M(2048M) 1,451ms
[296,126s][debug][gc] GC(1135) Clear Next Bitmap 2,190ms
[296,869s][info ][gc] GC(1135) Pause Full (G1 Humongous Allocation) 1608M->1429M(2048M) 744,937ms
[296,869s][info ][gc] GC(1133) Concurrent Cycle 747,118ms
[296,977s][info ][gc] GC(1136) Pause Young (Concurrent Start) (G1 Humongous Allocation) 1611M->1609M(2048M) 18,745ms
[296,977s][info ][gc] GC(1137) Concurrent Cycle
[297,214s][info ][gc] GC(1138) Pause Young (Normal) (G1 Humongous Allocation) 1970M->1969M(2048M) 17,997ms
[297,216s][debug][gc] GC(1139) Clear Next Bitmap 2,141ms
[297,962s][info ][gc] GC(1139) Pause Full (G1 Humongous Allocation) 1969M->1432M(2048M) 748,029ms
[297,962s][info ][gc] GC(1137) Concurrent Cycle 984,834ms
[298,068s][info ][gc] GC(1140) Pause Young (Concurrent Start) (G1 Humongous Allocation) 1614M->1612M(2048M) 19,465ms
[298,068s][info ][gc] GC(1141) Concurrent Cycle
[298,073s][info ][gc] GC(1142) Pause Young (Normal) (G1 Humongous Allocation) 1612M->1612M(2048M) 4,037ms
[298,078s][debug][gc] GC(1143) Clear Next Bitmap 5,342ms
[298,823s][info ][gc] GC(1143) Pause Full (G1 Humongous Allocation) 1612M->1432M(2048M) 750,041ms
[298,824s][info ][gc] GC(1141) Concurrent Cycle 755,666ms
[298,927s][info ][gc] GC(1144) Pause Young (Concurrent Start) (G1 Humongous Allocation) 1615M->1613M(2048M) 20,710ms
[298,927s][info ][gc] GC(1145) Concurrent Cycle
[299,049s][info ][gc] GC(1146) Pause Young (Normal) (G1 Humongous Allocation) 1794M->1793M(2048M) 26,642ms
[299,052s][debug][gc] GC(1147) Clear Next Bitmap 2,546ms
[299,801s][info ][gc] GC(1147) Pause Full (G1 Humongous Allocation) 1793M->1433M(2048M) 751,086ms
[299,801s][info ][gc] GC(1145) Concurrent Cycle 874,266ms
[299,901s][info ][gc] GC(1148) Pause Young (Concurrent Start) (G1 Humongous Allocation) 1615M->1614M(2048M) 20,607ms
[299,901s][info ][gc] GC(1149) Concurrent Cycle
[300,022s][info ][gc] GC(1150) Pause Young (Normal) (G1 Humongous Allocation) 1795M->1794M(2048M) 23,433ms
[300,024s][debug][gc] GC(1151) Clear Next Bitmap 2,175ms
[300,787s][info ][gc] GC(1151) Pause Full (G1 Humongous Allocation) 1794M->1434M(2048M) 765,239ms
[300,788s][info ][gc] GC(1149) Concurrent Cycle 886,705ms
[300,893s][info ][gc] GC(1152) Pause Young (Concurrent Start) (G1 Humongous Allocation) 1617M->1615M(2048M) 21,571ms
[300,893s][info ][gc] GC(1153) Concurrent Cycle
[301,125s][info ][gc] GC(1154) Pause Young (Normal) (G1 Humongous Allocation) 1977M->1976M(2048M) 22,692ms
[301,127s][debug][gc] GC(1155) Clear Next Bitmap 2,261ms
[301,872s][info ][gc] GC(1155) Pause Full (G1 Humongous Allocation) 1976M->1436M(2048M) 746,815ms
[301,872s][info ][gc] GC(1153) Concurrent Cycle 979,258ms
[301,972s][info ][gc] GC(1156) Pause Young (Concurrent Start) (G1 Humongous Allocation) 1618M->1617M(2048M) 20,051ms
[301,972s][info ][gc] GC(1157) Concurrent Cycle
[302,204s][info ][gc] GC(1158) Pause Young (Normal) (G1 Humongous Allocation) 1979M->1978M(2048M) 22,866ms
[302,206s][debug][gc] GC(1159) Clear Next Bitmap 2,141ms
[302,945s][info ][gc] GC(1159) Pause Full (G1 Humongous Allocation) 1978M->1438M(2048M) 740,871ms
[302,946s][info ][gc] GC(1157) Concurrent Cycle 973,531ms
[303,047s][info ][gc] GC(1160) Pause Young (Concurrent Start) (G1 Humongous Allocation) 1620M->1618M(2048M) 19,516ms
[303,047s][info ][gc] GC(1161) Concurrent Cycle
[303,167s][info ][gc] GC(1162) Pause Young (Normal) (G1 Humongous Allocation) 1801M->1800M(2048M) 21,287ms
[303,169s][debug][gc] GC(1163) Clear Next Bitmap 2,211ms
[303,928s][info ][gc] GC(1163) Pause Full (G1 Humongous Allocation) 1800M->1440M(2048M) 761,577ms
[303,929s][info ][gc] GC(1161) Concurrent Cycle 881,849ms
[304,033s][info ][gc] GC(1164) Pause Young (Concurrent Start) (G1 Humongous Allocation) 1623M->1621M(2048M) 19,900ms
[304,033s][info ][gc] GC(1165) Concurrent Cycle
[304,165s][info ][gc] GC(1166) Pause Young (Normal) (G1 Humongous Allocation) 1804M->1803M(2048M) 29,376ms
[304,168s][debug][gc] GC(1167) Clear Next Bitmap 2,384ms
[305,050s][info ][gc] GC(1167) Pause Full (G1 Humongous Allocation) 1803M->1441M(2048M) 884,773ms
[305,051s][info ][gc] GC(1165) Concurrent Cycle 1017,890ms
[305,155s][info ][gc] GC(1168) Pause Young (Concurrent Start) (G1 Humongous Allocation) 1625M->1622M(2048M) 28,818ms
[305,156s][info ][gc] GC(1169) Concurrent Cycle
[305,286s][info ][gc] GC(1170) Pause Young (Normal) (G1 Humongous Allocation) 1805M->1804M(2048M) 18,994ms
[305,290s][debug][gc] GC(1171) Clear Next Bitmap 3,282ms
[306,179s][info ][gc] GC(1171) Pause Full (G1 Humongous Allocation) 1804M->1442M(2048M) 893,167ms
[306,180s][info ][gc] GC(1169) Concurrent Cycle 1024,622ms
[306,275s][info ][gc] GC(1172) Pause Young (Concurrent Start) (G1 Humongous Allocation) 1625M->1623M(2048M) 34,537ms
[306,275s][info ][gc] GC(1173) Concurrent Cycle
[306,406s][info ][gc] GC(1174) Pause Young (Normal) (G1 Humongous Allocation) 1806M->1805M(2048M) 17,670ms
[306,409s][debug][gc] GC(1175) Clear Next Bitmap 2,169ms
[307,200s][info ][gc] GC(1175) Pause Full (G1 Humongous Allocation) 1805M->1443M(2048M) 793,308ms
[307,200s][info ][gc] GC(1173) Concurrent Cycle 925,519ms
[307,300s][info ][gc] GC(1176) Pause Young (Concurrent Start) (G1 Humongous Allocation) 1626M->1625M(2048M) 34,980ms
[307,301s][info ][gc] GC(1177) Concurrent Cycle
[307,541s][info ][gc] GC(1178) Pause Young (Normal) (G1 Humongous Allocation) 1989M->1988M(2048M) 17,461ms
[307,543s][debug][gc] GC(1179) Clear Next Bitmap 2,204ms
[308,307s][info ][gc] GC(1179) Pause Full (G1 Humongous Allocation) 1988M->1444M(2048M) 765,837ms
[308,307s][info ][gc] GC(1177) Concurrent Cycle 1006,517ms
[308,410s][info ][gc] GC(1180) Pause Young (Concurrent Start) (G1 Humongous Allocation) 1627M->1626M(2048M) 18,401ms
[308,410s][info ][gc] GC(1181) Concurrent Cycle
[308,534s][info ][gc] GC(1182) Pause Young (Normal) (G1 Humongous Allocation) 1809M->1808M(2048M) 20,498ms
[308,536s][debug][gc] GC(1183) Clear Next Bitmap 2,208ms
[309,281s][info ][gc] GC(1183) Pause Full (G1 Humongous Allocation) 1808M->1445M(2048M) 746,426ms
[309,282s][info ][gc] GC(1181) Concurrent Cycle 871,870ms
[309,385s][info ][gc] GC(1184) Pause Young (Concurrent Start) (G1 Humongous Allocation) 1629M->1627M(2048M) 21,911ms
[309,386s][info ][gc] GC(1185) Concurrent Cycle
[309,508s][info ][gc] GC(1186) Pause Young (Normal) (G1 Humongous Allocation) 1811M->1810M(2048M) 19,904ms
[309,510s][debug][gc] GC(1187) Clear Next Bitmap 2,126ms
[310,281s][info ][gc] GC(1187) Pause Full (G1 Humongous Allocation) 1810M->1448M(2048M) 772,504ms
[310,281s][info ][gc] GC(1185) Concurrent Cycle 895,451ms
[310,389s][info ][gc] GC(1188) Pause Young (Concurrent Start) (G1 Humongous Allocation) 1632M->1630M(2048M) 21,849ms
[310,389s][info ][gc] GC(1189) Concurrent Cycle
[310,512s][info ][gc] GC(1190) Pause Young (Normal) (G1 Humongous Allocation) 1814M->1813M(2048M) 20,031ms
[310,515s][debug][gc] GC(1191) Clear Next Bitmap 2,106ms
[311,269s][info ][gc] GC(1191) Pause Full (G1 Humongous Allocation) 1813M->1449M(2048M) 756,290ms
[311,270s][info ][gc] GC(1189) Concurrent Cycle 880,476ms
[311,372s][info ][gc] GC(1192) Pause Young (Concurrent Start) (G1 Humongous Allocation) 1633M->1631M(2048M) 21,526ms
[311,372s][info ][gc] GC(1193) Concurrent Cycle
[311,373s][info ][gc] GC(1194) Pause Young (Normal) (G1 Humongous Allocation) 1631M->1631M(2048M) 0,796ms
[311,376s][debug][gc] GC(1195) Clear Next Bitmap 2,584ms
[312,137s][info ][gc] GC(1195) Pause Full (G1 Humongous Allocation) 1631M->1449M(2048M) 764,310ms
[312,138s][info ][gc] GC(1193) Concurrent Cycle 766,018ms
[312,229s][info ][gc] GC(1196) Pause Young (Concurrent Start) (G1 Humongous Allocation) 1633M->1632M(2048M) 19,570ms
[312,229s][info ][gc] GC(1197) Concurrent Cycle
[312,367s][info ][gc] GC(1198) Pause Young (Normal) (G1 Humongous Allocation) 1815M->1814M(2048M) 20,543ms
[312,370s][debug][gc] GC(1199) Clear Next Bitmap 2,133ms
[313,164s][info ][gc] GC(1199) Pause Full (G1 Humongous Allocation) 1814M->1450M(2048M) 796,190ms
[313,164s][info ][gc] GC(1197) Concurrent Cycle 934,636ms
[313,265s][info ][gc] GC(1200) Pause Young (Concurrent Start) (G1 Humongous Allocation) 1634M->1633M(2048M) 31,383ms
[313,265s][info ][gc] GC(1201) Concurrent Cycle
[313,388s][info ][gc] GC(1202) Pause Young (Normal) (G1 Humongous Allocation) 1816M->1815M(2048M) 21,406ms
[313,390s][debug][gc] GC(1203) Clear Next Bitmap 2,149ms
[314,170s][info ][gc] GC(1203) Pause Full (G1 Humongous Allocation) 1815M->1451M(2048M) 781,877ms
[314,170s][info ][gc] GC(1201) Concurrent Cycle 905,539ms
[314,272s][info ][gc] GC(1204) Pause Young (Concurrent Start) (G1 Humongous Allocation) 1635M->1634M(2048M) 29,161ms
[314,272s][info ][gc] GC(1205) Concurrent Cycle
[314,397s][info ][gc] GC(1206) Pause Young (Normal) (G1 Humongous Allocation) 1817M->1816M(2048M) 20,959ms
[314,399s][debug][gc] GC(1207) Clear Next Bitmap 2,179ms
[315,167s][info ][gc] GC(1207) Pause Full (G1 Humongous Allocation) 1816M->1452M(2048M) 770,276ms
[315,168s][info ][gc] GC(1205) Concurrent Cycle 895,359ms
[315,295s][info ][gc] GC(1208) Pause Young (Concurrent Start) (G1 Humongous Allocation) 1636M->1635M(2048M) 24,411ms
[315,295s][info ][gc] GC(1209) Concurrent Cycle
[315,532s][info ][gc] GC(1210) Pause Young (Normal) (G1 Humongous Allocation) 2002M->2000M(2048M) 21,385ms
[315,534s][debug][gc] GC(1211) Clear Next Bitmap 2,188ms
[316,319s][info ][gc] GC(1211) Pause Full (G1 Humongous Allocation) 2000M->1454M(2048M) 786,730ms
[316,320s][info ][gc] GC(1209) Concurrent Cycle 1024,561ms
[316,424s][info ][gc] GC(1212) Pause Young (Concurrent Start) (G1 Humongous Allocation) 1639M->1638M(2048M) 37,370ms
[316,424s][info ][gc] GC(1213) Concurrent Cycle
[316,665s][info ][gc] GC(1214) Pause Young (Normal) (G1 Humongous Allocation) 2006M->2005M(2048M) 20,744ms
[316,668s][debug][gc] GC(1215) Clear Next Bitmap 2,256ms
[317,480s][info ][gc] GC(1215) Pause Full (G1 Humongous Allocation) 2005M->1456M(2048M) 814,276ms
[317,480s][info ][gc] GC(1213) Concurrent Cycle 1055,986ms
[317,583s][info ][gc] GC(1216) Pause Young (Concurrent Start) (G1 Humongous Allocation) 1642M->1640M(2048M) 21,483ms
[317,583s][info ][gc] GC(1217) Concurrent Cycle
[317,709s][info ][gc] GC(1218) Pause Young (Normal) (G1 Humongous Allocation) 1825M->1824M(2048M) 20,286ms
[317,712s][debug][gc] GC(1219) Clear Next Bitmap 2,193ms
[318,455s][info ][gc] GC(1219) Pause Full (G1 Humongous Allocation) 1824M->1458M(2048M) 745,665ms
[318,455s][info ][gc] GC(1217) Concurrent Cycle 872,790ms
[318,559s][info ][gc] GC(1220) Pause Young (Concurrent Start) (G1 Humongous Allocation) 1643M->1641M(2048M) 21,228ms
[318,559s][info ][gc] GC(1221) Concurrent Cycle
[318,687s][info ][gc] GC(1222) Pause Young (Normal) (G1 Humongous Allocation) 1826M->1825M(2048M) 24,152ms
[318,690s][debug][gc] GC(1223) Clear Next Bitmap 2,231ms
[319,453s][info ][gc] GC(1223) Pause Full (G1 Humongous Allocation) 1825M->1459M(2048M) 765,596ms
[319,455s][info ][gc] GC(1221) Concurrent Cycle 896,032ms
[319,558s][info ][gc] GC(1224) Pause Young (Concurrent Start) (G1 Humongous Allocation) 1644M->1642M(2048M) 17,379ms
[319,558s][info ][gc] GC(1225) Concurrent Cycle
[319,560s][info ][gc] GC(1226) Pause Young (Normal) (G1 Humongous Allocation) 1642M->1642M(2048M) 1,533ms
[319,563s][debug][gc] GC(1227) Clear Next Bitmap 2,107ms
[320,312s][info ][gc] GC(1227) Pause Full (G1 Humongous Allocation) 1642M->1459M(2048M) 751,150ms
[320,312s][info ][gc] GC(1225) Concurrent Cycle 753,554ms
[320,417s][info ][gc] GC(1228) Pause Young (Concurrent Start) (G1 Humongous Allocation) 1644M->1643M(2048M) 19,085ms
[320,417s][info ][gc] GC(1229) Concurrent Cycle
[320,418s][info ][gc] GC(1230) Pause Young (Normal) (G1 Humongous Allocation) 1643M->1643M(2048M) 0,724ms
[320,420s][debug][gc] GC(1231) Clear Next Bitmap 2,159ms
[321,268s][info ][gc] GC(1231) Pause Full (G1 Humongous Allocation) 1643M->1460M(2048M) 850,010ms
[321,269s][info ][gc] GC(1229) Concurrent Cycle 851,634ms
[321,372s][info ][gc] GC(1232) Pause Young (Concurrent Start) (G1 Humongous Allocation) 1645M->1643M(2048M) 20,852ms
[321,372s][info ][gc] GC(1233) Concurrent Cycle
[321,497s][info ][gc] GC(1234) Pause Young (Normal) (G1 Humongous Allocation) 1828M->1827M(2048M) 25,272ms
[321,501s][debug][gc] GC(1235) Clear Next Bitmap 2,815ms
[322,294s][info ][gc] GC(1235) Pause Full (G1 Humongous Allocation) 1827M->1461M(2048M) 796,552ms
[322,295s][info ][gc] GC(1233) Concurrent Cycle 922,416ms
[322,402s][info ][gc] GC(1236) Pause Young (Concurrent Start) (G1 Humongous Allocation) 1646M->1644M(2048M) 20,586ms
[322,402s][info ][gc] GC(1237) Concurrent Cycle
[322,526s][info ][gc] GC(1238) Pause Young (Normal) (G1 Humongous Allocation) 1829M->1828M(2048M) 24,375ms
[322,529s][debug][gc] GC(1239) Clear Next Bitmap 2,107ms
[323,321s][info ][gc] GC(1239) Pause Full (G1 Humongous Allocation) 1828M->1462M(2048M) 794,342ms
[323,321s][info ][gc] GC(1237) Concurrent Cycle 918,981ms
[323,427s][info ][gc] GC(1240) Pause Young (Concurrent Start) (G1 Humongous Allocation) 1648M->1647M(2048M) 20,460ms
[323,427s][info ][gc] GC(1241) Concurrent Cycle
[323,551s][info ][gc] GC(1242) Pause Young (Normal) (G1 Humongous Allocation) 1832M->1831M(2048M) 22,623ms
[323,554s][debug][gc] GC(1243) Clear Next Bitmap 2,146ms
[324,308s][info ][gc] GC(1243) Pause Full (G1 Humongous Allocation) 1831M->1464M(2048M) 756,679ms
[324,309s][info ][gc] GC(1241) Concurrent Cycle 882,233ms
[324,414s][info ][gc] GC(1244) Pause Young (Concurrent Start) (G1 Humongous Allocation) 1650M->1649M(2048M) 19,978ms
[324,414s][info ][gc] GC(1245) Concurrent Cycle
[324,416s][info ][gc] GC(1246) Pause Young (Normal) (G1 Humongous Allocation) 1649M->1649M(2048M) 0,936ms
[324,418s][debug][gc] GC(1247) Clear Next Bitmap 2,141ms
[325,184s][info ][gc] GC(1247) Pause Full (G1 Humongous Allocation) 1649M->1464M(2048M) 767,918ms
[325,184s][info ][gc] GC(1245) Concurrent Cycle 769,689ms
[325,288s][info ][gc] GC(1248) Pause Young (Concurrent Start) (G1 Humongous Allocation) 1650M->1649M(2048M) 29,532ms
[325,288s][info ][gc] GC(1249) Concurrent Cycle
[325,412s][info ][gc] GC(1250) Pause Young (Normal) (G1 Humongous Allocation) 1835M->1834M(2048M) 19,995ms
[325,415s][debug][gc] GC(1251) Clear Next Bitmap 2,167ms
[326,164s][info ][gc] GC(1251) Pause Full (G1 Humongous Allocation) 1834M->1465M(2048M) 751,847ms
[326,165s][info ][gc] GC(1249) Concurrent Cycle 876,704ms
[326,266s][info ][gc] GC(1252) Pause Young (Concurrent Start) (G1 Humongous Allocation) 1651M->1650M(2048M) 25,834ms
[326,266s][info ][gc] GC(1253) Concurrent Cycle
[326,387s][info ][gc] GC(1254) Pause Young (Normal) (G1 Humongous Allocation) 1836M->1835M(2048M) 28,575ms
[326,390s][debug][gc] GC(1255) Clear Next Bitmap 2,166ms
[327,151s][info ][gc] GC(1255) Pause Full (G1 Humongous Allocation) 1835M->1467M(2048M) 763,131ms
[327,151s][info ][gc] GC(1253) Concurrent Cycle 885,021ms
[327,254s][info ][gc] GC(1256) Pause Young (Concurrent Start) (G1 Humongous Allocation) 1653M->1651M(2048M) 21,734ms
[327,254s][info ][gc] GC(1257) Concurrent Cycle
[327,257s][info ][gc] GC(1258) Pause Young (Normal) (G1 Humongous Allocation) 1651M->1651M(2048M) 2,750ms
[327,259s][debug][gc] GC(1259) Clear Next Bitmap 2,471ms
[328,005s][info ][gc] GC(1259) Pause Full (G1 Humongous Allocation) 1651M->1467M(2048M) 747,653ms
[328,005s][info ][gc] GC(1257) Concurrent Cycle 751,291ms
[328,099s][info ][gc] GC(1260) Pause Young (Concurrent Start) (G1 Humongous Allocation) 1653M->1652M(2048M) 19,110ms
[328,099s][info ][gc] GC(1261) Concurrent Cycle
[328,223s][info ][gc] GC(1262) Pause Young (Normal) (G1 Humongous Allocation) 1837M->1836M(2048M) 21,546ms
[328,225s][debug][gc] GC(1263) Clear Next Bitmap 2,301ms
[328,974s][info ][gc] GC(1263) Pause Full (G1 Humongous Allocation) 1836M->1468M(2048M) 750,978ms
[328,975s][info ][gc] GC(1261) Concurrent Cycle 876,046ms
[329,078s][info ][gc] GC(1264) Pause Young (Concurrent Start) (G1 Humongous Allocation) 1655M->1653M(2048M) 22,893ms
[329,078s][info ][gc] GC(1265) Concurrent Cycle
[329,205s][info ][gc] GC(1266) Pause Young (Normal) (G1 Humongous Allocation) 1838M->1837M(2048M) 23,571ms
[329,208s][debug][gc] GC(1267) Clear Next Bitmap 2,290ms
[329,976s][info ][gc] GC(1267) Pause Full (G1 Humongous Allocation) 1837M->1469M(2048M) 770,807ms
[329,977s][info ][gc] GC(1265) Concurrent Cycle 899,032ms
[330,080s][info ][gc] GC(1268) Pause Young (Concurrent Start) (G1 Humongous Allocation) 1656M->1654M(2048M) 18,545ms
[330,080s][info ][gc] GC(1269) Concurrent Cycle
[330,206s][info ][gc] GC(1270) Pause Young (Normal) (G1 Humongous Allocation) 1840M->1839M(2048M) 20,582ms
[330,208s][debug][gc] GC(1271) Clear Next Bitmap 2,224ms
[331,042s][info ][gc] GC(1271) Pause Full (G1 Humongous Allocation) 1839M->1471M(2048M) 835,971ms
[331,043s][info ][gc] GC(1269) Concurrent Cycle 962,723ms
[331,147s][info ][gc] GC(1272) Pause Young (Concurrent Start) (G1 Humongous Allocation) 1659M->1657M(2048M) 23,102ms
[331,148s][info ][gc] GC(1273) Concurrent Cycle
[331,149s][info ][gc] GC(1274) Pause Young (Normal) (G1 Humongous Allocation) 1657M->1657M(2048M) 1,502ms
[331,152s][debug][gc] GC(1275) Clear Next Bitmap 2,189ms
[331,916s][info ][gc] GC(1275) Pause Full (G1 Humongous Allocation) 1657M->1472M(2048M) 766,249ms
[331,916s][info ][gc] GC(1273) Concurrent Cycle 768,558ms
[332,024s][info ][gc] GC(1276) Pause Young (Concurrent Start) (G1 Humongous Allocation) 1659M->1657M(2048M) 20,869ms
[332,024s][info ][gc] GC(1277) Concurrent Cycle
[332,026s][info ][gc] GC(1278) Pause Young (Normal) (G1 Humongous Allocation) 1657M->1657M(2048M) 1,363ms
[332,029s][debug][gc] GC(1279) Clear Next Bitmap 2,272ms
[332,817s][info ][gc] GC(1279) Pause Full (G1 Humongous Allocation) 1657M->1472M(2048M) 790,811ms
[332,817s][info ][gc] GC(1277) Concurrent Cycle 793,007ms
[332,922s][info ][gc] GC(1280) Pause Young (Concurrent Start) (G1 Humongous Allocation) 1659M->1658M(2048M) 22,335ms
[332,922s][info ][gc] GC(1281) Concurrent Cycle
[333,053s][info ][gc] GC(1282) Pause Young (Normal) (G1 Humongous Allocation) 1845M->1843M(2048M) 21,719ms
[333,056s][debug][gc] GC(1283) Clear Next Bitmap 2,691ms
[333,957s][info ][gc] GC(1283) Pause Full (G1 Humongous Allocation) 1843M->1473M(2048M) 903,912ms
[333,958s][info ][gc] GC(1281) Concurrent Cycle 1036,018ms
[334,076s][info ][gc] GC(1284) Pause Young (Concurrent Start) (G1 Humongous Allocation) 1661M->1659M(2048M) 19,766ms
[334,076s][info ][gc] GC(1285) Concurrent Cycle
[334,078s][info ][gc] GC(1286) Pause Young (Normal) (G1 Humongous Allocation) 1659M->1659M(2048M) 1,423ms
[334,084s][debug][gc] GC(1287) Clear Next Bitmap 4,781ms
[334,951s][info ][gc] GC(1287) Pause Full (G1 Humongous Allocation) 1659M->1474M(2048M) 872,393ms
[334,951s][info ][gc] GC(1285) Concurrent Cycle 874,614ms
[335,059s][info ][gc] GC(1288) Pause Young (Concurrent Start) (G1 Humongous Allocation) 1661M->1660M(2048M) 19,453ms
[335,059s][info ][gc] GC(1289) Concurrent Cycle
[335,199s][info ][gc] GC(1290) Pause Young (Normal) (G1 Humongous Allocation) 1846M->1845M(2048M) 24,783ms
[335,202s][debug][gc] GC(1291) Clear Next Bitmap 2,378ms
[335,997s][info ][gc] GC(1291) Pause Full (G1 Humongous Allocation) 1845M->1475M(2048M) 797,701ms
[335,998s][info ][gc] GC(1289) Concurrent Cycle 938,868ms
[336,107s][info ][gc] GC(1292) Pause Young (Concurrent Start) (G1 Humongous Allocation) 1662M->1661M(2048M) 19,350ms
[336,107s][info ][gc] GC(1293) Concurrent Cycle
[336,265s][info ][gc] GC(1294) Pause Young (Normal) (G1 Humongous Allocation) 1847M->1846M(2048M) 31,280ms
[336,267s][debug][gc] GC(1295) Clear Next Bitmap 2,313ms
[337,137s][info ][gc] GC(1295) Pause Full (G1 Humongous Allocation) 1846M->1476M(2048M) 872,282ms
[337,138s][info ][gc] GC(1293) Concurrent Cycle 1030,571ms
[337,238s][info ][gc] GC(1296) Pause Young (Concurrent Start) (G1 Humongous Allocation) 1663M->1662M(2048M) 26,605ms
[337,238s][info ][gc] GC(1297) Concurrent Cycle
[337,378s][info ][gc] GC(1298) Pause Young (Normal) (G1 Humongous Allocation) 1849M->1847M(2048M) 17,945ms
[337,380s][debug][gc] GC(1299) Clear Next Bitmap 2,208ms
[338,182s][info ][gc] GC(1299) Pause Full (G1 Humongous Allocation) 1847M->1477M(2048M) 803,783ms
[338,182s][info ][gc] GC(1297) Concurrent Cycle 944,768ms
[338,296s][info ][gc] GC(1300) Pause Young (Concurrent Start) (G1 Humongous Allocation) 1664M->1663M(2048M) 21,751ms
[338,296s][info ][gc] GC(1301) Concurrent Cycle
[338,434s][info ][gc] GC(1302) Pause Young (Normal) (G1 Humongous Allocation) 1850M->1849M(2048M) 18,816ms
[338,436s][debug][gc] GC(1303) Clear Next Bitmap 2,152ms
[339,314s][info ][gc] GC(1303) Pause Full (G1 Humongous Allocation) 1849M->1479M(2048M) 879,723ms
[339,314s][info ][gc] GC(1301) Concurrent Cycle 1018,496ms
[339,423s][info ][gc] GC(1304) Pause Young (Concurrent Start) (G1 Humongous Allocation) 1668M->1666M(2048M) 18,608ms
[339,423s][info ][gc] GC(1305) Concurrent Cycle
[339,560s][info ][gc] GC(1306) Pause Young (Normal) (G1 Humongous Allocation) 1853M->1852M(2048M) 19,808ms
[339,562s][debug][gc] GC(1307) Clear Next Bitmap 2,192ms
[340,365s][info ][gc] GC(1307) Pause Full (G1 Humongous Allocation) 1852M->1480M(2048M) 804,379ms
[340,365s][info ][gc] GC(1305) Concurrent Cycle 941,963ms
[340,476s][info ][gc] GC(1308) Pause Young (Concurrent Start) (G1 Humongous Allocation) 1668M->1667M(2048M) 23,188ms
[340,476s][info ][gc] GC(1309) Concurrent Cycle
[340,612s][info ][gc] GC(1310) Pause Young (Normal) (G1 Humongous Allocation) 1854M->1853M(2048M) 20,659ms
[340,614s][debug][gc] GC(1311) Clear Next Bitmap 2,216ms
[341,405s][info ][gc] GC(1311) Pause Full (G1 Humongous Allocation) 1853M->1481M(2048M) 793,245ms
[341,406s][info ][gc] GC(1309) Concurrent Cycle 929,492ms
[341,514s][info ][gc] GC(1312) Pause Young (Concurrent Start) (G1 Humongous Allocation) 1669M->1668M(2048M) 21,649ms
[341,514s][info ][gc] GC(1313) Concurrent Cycle
[341,648s][info ][gc] GC(1314) Pause Young (Normal) (G1 Humongous Allocation) 1855M->1854M(2048M) 20,081ms
[341,651s][debug][gc] GC(1315) Clear Next Bitmap 2,262ms
[342,533s][info ][gc] GC(1315) Pause Full (G1 Humongous Allocation) 1854M->1482M(2048M) 884,669ms
[342,533s][info ][gc] GC(1313) Concurrent Cycle 1019,752ms
[342,655s][info ][gc] GC(1316) Pause Young (Concurrent Start) (G1 Humongous Allocation) 1670M->1669M(2048M) 21,691ms
[342,655s][info ][gc] GC(1317) Concurrent Cycle
[342,656s][info ][gc] GC(1318) Pause Young (Normal) (G1 Humongous Allocation) 1669M->1669M(2048M) 0,642ms
[342,659s][debug][gc] GC(1319) Clear Next Bitmap 2,786ms
[343,466s][info ][gc] GC(1319) Pause Full (G1 Humongous Allocation) 1669M->1483M(2048M) 810,095ms
[343,466s][info ][gc] GC(1317) Concurrent Cycle 811,551ms
[343,575s][info ][gc] GC(1320) Pause Young (Concurrent Start) (G1 Humongous Allocation) 1671M->1670M(2048M) 19,355ms
[343,575s][info ][gc] GC(1321) Concurrent Cycle
[343,707s][info ][gc] GC(1322) Pause Young (Normal) (G1 Humongous Allocation) 1857M->1856M(2048M) 22,539ms
[343,710s][debug][gc] GC(1323) Clear Next Bitmap 2,189ms
[344,501s][info ][gc] GC(1323) Pause Full (G1 Humongous Allocation) 1856M->1484M(2048M) 793,128ms
[344,501s][info ][gc] GC(1321) Concurrent Cycle 925,622ms
[344,610s][info ][gc] GC(1324) Pause Young (Concurrent Start) (G1 Humongous Allocation) 1672M->1671M(2048M) 19,836ms
[344,610s][info ][gc] GC(1325) Concurrent Cycle
[344,745s][info ][gc] GC(1326) Pause Young (Normal) (G1 Humongous Allocation) 1858M->1857M(2048M) 21,123ms
[344,748s][debug][gc] GC(1327) Clear Next Bitmap 2,849ms
[345,564s][info ][gc] GC(1327) Pause Full (G1 Humongous Allocation) 1857M->1485M(2048M) 818,425ms
[345,565s][info ][gc] GC(1325) Concurrent Cycle 955,320ms
[345,677s][info ][gc] GC(1328) Pause Young (Concurrent Start) (G1 Humongous Allocation) 1674M->1672M(2048M) 22,756ms
[345,677s][info ][gc] GC(1329) Concurrent Cycle
[345,679s][info ][gc] GC(1330) Pause Young (Normal) (G1 Humongous Allocation) 1672M->1672M(2048M) 1,482ms
[345,813s][info ][gc] GC(1331) Pause Young (Normal) (G1 Humongous Allocation) 1860M->1859M(2048M) 20,946ms
[345,815s][debug][gc] GC(1332) Clear Next Bitmap 2,171ms
[346,618s][info ][gc] GC(1332) Pause Full (G1 Humongous Allocation) 1859M->1487M(2048M) 804,953ms
[346,619s][info ][gc] GC(1329) Concurrent Cycle 941,989ms
[346,730s][info ][gc] GC(1333) Pause Young (Concurrent Start) (G1 Humongous Allocation) 1677M->1675M(2048M) 38,867ms
[346,730s][info ][gc] GC(1334) Concurrent Cycle
[346,862s][info ][gc] GC(1335) Pause Young (Normal) (G1 Humongous Allocation) 1863M->1862M(2048M) 21,628ms
[346,865s][debug][gc] GC(1336) Clear Next Bitmap 2,890ms
[347,676s][info ][gc] GC(1336) Pause Full (G1 Humongous Allocation) 1862M->1488M(2048M) 813,428ms
[347,677s][info ][gc] GC(1334) Concurrent Cycle 947,010ms
[347,787s][info ][gc] GC(1337) Pause Young (Concurrent Start) (G1 Humongous Allocation) 1678M->1676M(2048M) 21,853ms
[347,787s][info ][gc] GC(1338) Concurrent Cycle
[347,789s][info ][gc] GC(1339) Pause Young (Normal) (G1 Humongous Allocation) 1676M->1676M(2048M) 1,353ms
[347,791s][debug][gc] GC(1340) Clear Next Bitmap 2,450ms
[348,582s][info ][gc] GC(1340) Pause Full (G1 Humongous Allocation) 1676M->1489M(2048M) 793,239ms
[348,582s][info ][gc] GC(1338) Concurrent Cycle 795,437ms
[348,691s][info ][gc] GC(1341) Pause Young (Concurrent Start) (G1 Humongous Allocation) 1678M->1676M(2048M) 19,853ms
[348,691s][info ][gc] GC(1342) Concurrent Cycle
[348,828s][info ][gc] GC(1343) Pause Young (Normal) (G1 Humongous Allocation) 1865M->1864M(2048M) 23,403ms
[348,830s][debug][gc] GC(1344) Clear Next Bitmap 2,213ms
[349,653s][info ][gc] GC(1344) Pause Full (G1 Humongous Allocation) 1864M->1490M(2048M) 824,603ms
[349,653s][info ][gc] GC(1342) Concurrent Cycle 961,992ms
[349,760s][info ][gc] GC(1345) Pause Young (Concurrent Start) (G1 Humongous Allocation) 1679M->1677M(2048M) 19,527ms
[349,761s][info ][gc] GC(1346) Concurrent Cycle
[349,762s][info ][gc] GC(1347) Pause Young (Normal) (G1 Humongous Allocation) 1677M->1677M(2048M) 1,363ms
[349,765s][debug][gc] GC(1348) Clear Next Bitmap 2,213ms
[350,560s][info ][gc] GC(1348) Pause Full (G1 Humongous Allocation) 1677M->1490M(2048M) 797,754ms
[350,561s][info ][gc] GC(1346) Concurrent Cycle 799,987ms
[350,675s][info ][gc] GC(1349) Pause Young (Concurrent Start) (G1 Humongous Allocation) 1679M->1678M(2048M) 21,397ms
[350,675s][info ][gc] GC(1350) Concurrent Cycle
[350,677s][info ][gc] GC(1351) Pause Young (Normal) (G1 Humongous Allocation) 1678M->1678M(2048M) 1,402ms
[350,680s][debug][gc] GC(1352) Clear Next Bitmap 2,377ms
[351,483s][info ][gc] GC(1352) Pause Full (G1 Humongous Allocation) 1678M->1491M(2048M) 805,380ms
[351,483s][info ][gc] GC(1350) Concurrent Cycle 807,673ms
[351,593s][info ][gc] GC(1353) Pause Young (Concurrent Start) (G1 Humongous Allocation) 1680M->1678M(2048M) 19,203ms
[351,593s][info ][gc] GC(1354) Concurrent Cycle
[351,729s][info ][gc] GC(1355) Pause Young (Normal) (G1 Humongous Allocation) 1867M->1866M(2048M) 21,642ms
[351,732s][debug][gc] GC(1356) Clear Next Bitmap 2,239ms
[352,522s][info ][gc] GC(1356) Pause Full (G1 Humongous Allocation) 1866M->1492M(2048M) 792,640ms
[352,523s][info ][gc] GC(1354) Concurrent Cycle 929,516ms
[352,632s][info ][gc] GC(1357) Pause Young (Concurrent Start) (G1 Humongous Allocation) 1681M->1680M(2048M) 18,985ms
[352,632s][info ][gc] GC(1358) Concurrent Cycle
[352,633s][info ][gc] GC(1359) Pause Young (Normal) (G1 Humongous Allocation) 1680M->1680M(2048M) 0,771ms
[352,635s][debug][gc] GC(1360) Clear Next Bitmap 2,476ms
[353,509s][info ][gc] GC(1360) Pause Full (G1 Humongous Allocation) 1680M->1492M(2048M) 876,486ms
[353,510s][info ][gc] GC(1358) Concurrent Cycle 878,101ms
[353,617s][info ][gc] GC(1361) Pause Young (Concurrent Start) (G1 Humongous Allocation) 1681M->1680M(2048M) 20,643ms
[353,617s][info ][gc] GC(1362) Concurrent Cycle
[353,750s][info ][gc] GC(1363) Pause Young (Normal) (G1 Humongous Allocation) 1869M->1868M(2048M) 28,292ms
[353,752s][debug][gc] GC(1364) Clear Next Bitmap 2,176ms
[354,529s][info ][gc] GC(1364) Pause Full (G1 Humongous Allocation) 1868M->1493M(2048M) 779,661ms
[355,627s][info ][gc] GC(1365) Pause Full (G1 Humongous Allocation) 1493M->1493M(2048M) 1097,794ms
[355,630s][info ][gc] GC(1362) Concurrent Cycle 2013,417ms
[355,743s][info ][gc] GC(1366) Pause Young (Concurrent Start) (G1 Humongous Allocation) 1683M->1681M(2048M) 20,700ms
[355,743s][info ][gc] GC(1367) Concurrent Cycle
[355,745s][info ][gc] GC(1368) Pause Young (Normal) (G1 Humongous Allocation) 1681M->1681M(2048M) 1,516ms
[355,747s][debug][gc] GC(1369) Clear Next Bitmap 2,196ms
[356,768s][info ][gc] GC(1369) Pause Full (G1 Humongous Allocation) 1681M->1494M(2048M) 1022,710ms
[356,768s][info ][gc] GC(1367) Concurrent Cycle 1025,268ms
[356,875s][info ][gc] GC(1370) Pause Young (Concurrent Start) (G1 Humongous Allocation) 1684M->1683M(2048M) 21,628ms
[356,875s][info ][gc] GC(1371) Concurrent Cycle
[357,004s][info ][gc] GC(1372) Pause Young (Normal) (G1 Humongous Allocation) 1872M->1871M(2048M) 20,300ms
[357,007s][debug][gc] GC(1373) Clear Next Bitmap 2,110ms
[357,787s][info ][gc] GC(1373) Pause Full (G1 Humongous Allocation) 1871M->1496M(2048M) 782,383ms
[357,788s][info ][gc] GC(1371) Concurrent Cycle 913,060ms
[357,895s][info ][gc] GC(1374) Pause Young (Concurrent Start) (G1 Humongous Allocation) 1686M->1685M(2048M) 35,728ms
[357,896s][info ][gc] GC(1375) Concurrent Cycle
[358,025s][info ][gc] GC(1376) Pause Young (Normal) (G1 Humongous Allocation) 1874M->1873M(2048M) 19,824ms
[358,027s][debug][gc] GC(1377) Clear Next Bitmap 2,134ms
[358,798s][info ][gc] GC(1377) Pause Full (G1 Humongous Allocation) 1873M->1497M(2048M) 773,430ms
[358,799s][info ][gc] GC(1375) Concurrent Cycle 903,424ms
[358,906s][info ][gc] GC(1378) Pause Young (Concurrent Start) (G1 Humongous Allocation) 1687M->1686M(2048M) 21,333ms
[358,906s][info ][gc] GC(1379) Concurrent Cycle
[358,907s][info ][gc] GC(1380) Pause Young (Normal) (G1 Humongous Allocation) 1686M->1686M(2048M) 0,697ms
[358,909s][debug][gc] GC(1381) Clear Next Bitmap 2,123ms
[359,777s][info ][gc] GC(1381) Pause Full (G1 Humongous Allocation) 1686M->1498M(2048M) 869,900ms
[359,777s][info ][gc] GC(1379) Concurrent Cycle 871,427ms
[359,884s][info ][gc] GC(1382) Pause Young (Concurrent Start) (G1 Humongous Allocation) 1688M->1686M(2048M) 19,062ms
[359,884s][info ][gc] GC(1383) Concurrent Cycle
[359,885s][info ][gc] GC(1384) Pause Young (Normal) (G1 Humongous Allocation) 1686M->1686M(2048M) 0,855ms
[359,888s][debug][gc] GC(1385) Clear Next Bitmap 2,201ms
[360,727s][info ][gc] GC(1385) Pause Full (G1 Humongous Allocation) 1686M->1498M(2048M) 841,107ms
[360,727s][info ][gc] GC(1383) Concurrent Cycle 842,853ms
[360,837s][info ][gc] GC(1386) Pause Young (Concurrent Start) (G1 Humongous Allocation) 1689M->1687M(2048M) 22,858ms
[360,837s][info ][gc] GC(1387) Concurrent Cycle
[360,967s][info ][gc] GC(1388) Pause Young (Normal) (G1 Humongous Allocation) 1876M->1875M(2048M) 20,217ms
[360,969s][debug][gc] GC(1389) Clear Next Bitmap 2,135ms
[361,834s][info ][gc] GC(1389) Pause Full (G1 Humongous Allocation) 1875M->1499M(2048M) 867,145ms
[361,834s][info ][gc] GC(1387) Concurrent Cycle 997,600ms
[361,942s][info ][gc] GC(1390) Pause Young (Concurrent Start) (G1 Humongous Allocation) 1689M->1688M(2048M) 21,373ms
[361,942s][info ][gc] GC(1391) Concurrent Cycle
[362,068s][info ][gc] GC(1392) Pause Young (Normal) (G1 Humongous Allocation) 1878M->1877M(2048M) 22,849ms
[362,070s][debug][gc] GC(1393) Clear Next Bitmap 2,196ms
[362,875s][info ][gc] GC(1393) Pause Full (G1 Humongous Allocation) 1877M->1500M(2048M) 806,463ms
[362,876s][info ][gc] GC(1391) Concurrent Cycle 933,537ms
[362,983s][info ][gc] GC(1394) Pause Young (Concurrent Start) (G1 Humongous Allocation) 1690M->1689M(2048M) 20,274ms
[362,983s][info ][gc] GC(1395) Concurrent Cycle
[362,985s][info ][gc] GC(1396) Pause Young (Normal) (G1 Humongous Allocation) 1689M->1689M(2048M) 1,477ms
[362,987s][debug][gc] GC(1397) Clear Next Bitmap 2,212ms
[363,971s][info ][gc] GC(1397) Pause Full (G1 Humongous Allocation) 1689M->1501M(2048M) 985,956ms
[363,971s][info ][gc] GC(1395) Concurrent Cycle 988,259ms
[364,081s][info ][gc] GC(1398) Pause Young (Concurrent Start) (G1 Humongous Allocation) 1691M->1690M(2048M) 24,589ms
[364,081s][info ][gc] GC(1399) Concurrent Cycle
[364,232s][info ][gc] GC(1400) Pause Young (Normal) (G1 Humongous Allocation) 1879M->1878M(2048M) 25,538ms
[364,235s][debug][gc] GC(1401) Clear Next Bitmap 2,484ms
[365,261s][info ][gc] GC(1401) Pause Full (G1 Humongous Allocation) 1878M->1502M(2048M) 1028,823ms
[365,262s][info ][gc] GC(1399) Concurrent Cycle 1180,217ms
[365,367s][info ][gc] GC(1402) Pause Young (Concurrent Start) (G1 Humongous Allocation) 1694M->1692M(2048M) 36,744ms
[365,367s][info ][gc] GC(1403) Concurrent Cycle
[365,368s][info ][gc] GC(1404) Pause Young (Normal) (G1 Humongous Allocation) 1692M->1692M(2048M) 0,663ms
[365,371s][debug][gc] GC(1405) Clear Next Bitmap 2,175ms
[366,406s][info ][gc] GC(1405) Pause Full (G1 Humongous Allocation) 1692M->1504M(2048M) 1037,297ms
[366,406s][info ][gc] GC(1403) Concurrent Cycle 1038,935ms
[366,509s][info ][gc] GC(1406) Pause Young (Concurrent Start) (G1 Humongous Allocation) 1695M->1693M(2048M) 16,279ms
[366,509s][info ][gc] GC(1407) Concurrent Cycle
[366,511s][info ][gc] GC(1408) Pause Young (Normal) (G1 Humongous Allocation) 1693M->1693M(2048M) 0,885ms
[366,513s][debug][gc] GC(1409) Clear Next Bitmap 2,188ms
[367,302s][info ][gc] GC(1409) Pause Full (G1 Humongous Allocation) 1693M->1504M(2048M) 791,535ms
[367,303s][info ][gc] GC(1407) Concurrent Cycle 793,895ms
[367,405s][info ][gc] GC(1410) Pause Young (Concurrent Start) (G1 Humongous Allocation) 1696M->1694M(2048M) 17,660ms
[367,405s][info ][gc] GC(1411) Concurrent Cycle
[367,533s][info ][gc] GC(1412) Pause Young (Normal) (G1 Humongous Allocation) 1884M->1883M(2048M) 19,878ms
[367,535s][debug][gc] GC(1413) Clear Next Bitmap 2,194ms
[368,304s][info ][gc] GC(1413) Pause Full (G1 Humongous Allocation) 1883M->1505M(2048M) 770,951ms
[368,305s][info ][gc] GC(1411) Concurrent Cycle 899,607ms
[368,408s][info ][gc] GC(1414) Pause Young (Concurrent Start) (G1 Humongous Allocation) 1697M->1695M(2048M) 36,275ms
[368,408s][info ][gc] GC(1415) Concurrent Cycle
[368,538s][info ][gc] GC(1416) Pause Young (Normal) (G1 Humongous Allocation) 1885M->1884M(2048M) 19,749ms
[368,540s][debug][gc] GC(1417) Clear Next Bitmap 2,093ms
[369,314s][info ][gc] GC(1417) Pause Full (G1 Humongous Allocation) 1884M->1506M(2048M) 775,330ms
[369,315s][info ][gc] GC(1415) Concurrent Cycle 906,425ms
[369,417s][info ][gc] GC(1418) Pause Young (Concurrent Start) (G1 Humongous Allocation) 1698M->1696M(2048M) 20,886ms
[369,417s][info ][gc] GC(1419) Concurrent Cycle
[369,419s][info ][gc] GC(1420) Pause Young (Normal) (G1 Humongous Allocation) 1696M->1696M(2048M) 0,671ms
[369,421s][debug][gc] GC(1421) Clear Next Bitmap 2,155ms
[370,410s][info ][gc] GC(1421) Pause Full (G1 Humongous Allocation) 1696M->1507M(2048M) 991,452ms
[370,410s][info ][gc] GC(1419) Concurrent Cycle 993,318ms
[370,506s][info ][gc] GC(1422) Pause Young (Concurrent Start) (G1 Humongous Allocation) 1698M->1696M(2048M) 22,771ms
[370,506s][info ][gc] GC(1423) Concurrent Cycle
[370,508s][info ][gc] GC(1424) Pause Young (Normal) (G1 Humongous Allocation) 1696M->1696M(2048M) 1,627ms
[370,510s][debug][gc] GC(1425) Clear Next Bitmap 2,130ms
[371,388s][info ][gc] GC(1425) Pause Full (G1 Humongous Allocation) 1696M->1507M(2048M) 879,557ms
[371,388s][info ][gc] GC(1423) Concurrent Cycle 881,978ms
[371,484s][info ][gc] GC(1426) Pause Young (Concurrent Start) (G1 Humongous Allocation) 1698M->1697M(2048M) 20,772ms
[371,484s][info ][gc] GC(1427) Concurrent Cycle
[371,610s][info ][gc] GC(1428) Pause Young (Normal) (G1 Humongous Allocation) 1887M->1886M(2048M) 23,532ms
[371,612s][debug][gc] GC(1429) Clear Next Bitmap 2,160ms
[372,447s][info ][gc] GC(1429) Pause Full (G1 Humongous Allocation) 1886M->1508M(2048M) 836,843ms
[372,447s][info ][gc] GC(1427) Concurrent Cycle 963,686ms
[372,548s][info ][gc] GC(1430) Pause Young (Concurrent Start) (G1 Humongous Allocation) 1699M->1698M(2048M) 20,426ms
[372,548s][info ][gc] GC(1431) Concurrent Cycle
[372,550s][info ][gc] GC(1432) Pause Young (Normal) (G1 Humongous Allocation) 1698M->1698M(2048M) 0,713ms
[372,552s][debug][gc] GC(1433) Clear Next Bitmap 2,167ms
[373,325s][info ][gc] GC(1433) Pause Full (G1 Humongous Allocation) 1698M->1509M(2048M) 774,848ms
[373,325s][info ][gc] GC(1431) Concurrent Cycle 777,042ms
[373,424s][info ][gc] GC(1434) Pause Young (Concurrent Start) (G1 Humongous Allocation) 1700M->1699M(2048M) 23,992ms
[373,424s][info ][gc] GC(1435) Concurrent Cycle
[373,426s][info ][gc] GC(1436) Pause Young (Normal) (G1 Humongous Allocation) 1699M->1699M(2048M) 1,514ms
[373,428s][debug][gc] GC(1437) Clear Next Bitmap 2,211ms
[374,213s][info ][gc] GC(1437) Pause Full (G1 Humongous Allocation) 1699M->1509M(2048M) 787,642ms
[374,984s][info ][gc] GC(1438) Pause Full (G1 Humongous Allocation) 1509M->1509M(2048M) 770,681ms
[374,985s][info ][gc] GC(1435) Concurrent Cycle 1560,888ms
[375,084s][info ][gc] GC(1439) Pause Young (Concurrent Start) (G1 Humongous Allocation) 1700M->1699M(2048M) 20,325ms
[375,084s][info ][gc] GC(1440) Concurrent Cycle
[375,086s][info ][gc] GC(1441) Pause Young (Normal) (G1 Humongous Allocation) 1699M->1699M(2048M) 1,498ms
[375,088s][debug][gc] GC(1442) Clear Next Bitmap 2,200ms
[375,908s][info ][gc] GC(1442) Pause Full (G1 Humongous Allocation) 1699M->1510M(2048M) 821,768ms
[375,908s][info ][gc] GC(1440) Concurrent Cycle 824,221ms
[376,004s][info ][gc] GC(1443) Pause Young (Concurrent Start) (G1 Humongous Allocation) 1701M->1700M(2048M) 22,069ms
[376,004s][info ][gc] GC(1444) Concurrent Cycle
[376,132s][info ][gc] GC(1445) Pause Young (Normal) (G1 Humongous Allocation) 1892M->1891M(2048M) 19,983ms
[376,135s][debug][gc] GC(1446) Clear Next Bitmap 2,148ms
[376,929s][info ][gc] GC(1446) Pause Full (G1 Humongous Allocation) 1891M->1512M(2048M) 796,621ms
[376,929s][info ][gc] GC(1444) Concurrent Cycle 925,143ms
[377,026s][info ][gc] GC(1447) Pause Young (Concurrent Start) (G1 Humongous Allocation) 1704M->1703M(2048M) 21,613ms
[377,026s][info ][gc] GC(1448) Concurrent Cycle
[377,153s][info ][gc] GC(1449) Pause Young (Normal) (G1 Humongous Allocation) 1894M->1893M(2048M) 19,728ms
[377,156s][debug][gc] GC(1450) Clear Next Bitmap 2,163ms
[377,964s][info ][gc] GC(1450) Pause Full (G1 Humongous Allocation) 1893M->1513M(2048M) 810,465ms
[377,965s][info ][gc] GC(1448) Concurrent Cycle 938,871ms
[378,061s][info ][gc] GC(1451) Pause Young (Concurrent Start) (G1 Humongous Allocation) 1705M->1704M(2048M) 21,381ms
[378,061s][info ][gc] GC(1452) Concurrent Cycle
[378,189s][info ][gc] GC(1453) Pause Young (Normal) (G1 Humongous Allocation) 1895M->1894M(2048M) 19,592ms
[378,191s][debug][gc] GC(1454) Clear Next Bitmap 2,187ms
[379,091s][info ][gc] GC(1454) Pause Full (G1 Humongous Allocation) 1894M->1514M(2048M) 901,826ms
[379,091s][info ][gc] GC(1452) Concurrent Cycle 1030,388ms
[379,205s][info ][gc] GC(1455) Pause Young (Concurrent Start) (G1 Humongous Allocation) 1707M->1705M(2048M) 21,357ms
[379,205s][info ][gc] GC(1456) Concurrent Cycle
[379,340s][info ][gc] GC(1457) Pause Young (Normal) (G1 Humongous Allocation) 1896M->1895M(2048M) 29,651ms
[379,343s][debug][gc] GC(1458) Clear Next Bitmap 2,184ms
[380,222s][info ][gc] GC(1458) Pause Full (G1 Humongous Allocation) 1895M->1515M(2048M) 881,752ms
[380,223s][info ][gc] GC(1456) Concurrent Cycle 1017,607ms
[380,335s][info ][gc] GC(1459) Pause Young (Concurrent Start) (G1 Humongous Allocation) 1707M->1706M(2048M) 31,674ms
[380,335s][info ][gc] GC(1460) Concurrent Cycle
[380,337s][info ][gc] GC(1461) Pause Young (Normal) (G1 Humongous Allocation) 1706M->1706M(2048M) 1,424ms
[380,339s][debug][gc] GC(1462) Clear Next Bitmap 2,121ms
[381,171s][info ][gc] GC(1462) Pause Full (G1 Humongous Allocation) 1706M->1516M(2048M) 834,125ms
[381,171s][info ][gc] GC(1460) Concurrent Cycle 836,384ms
[381,279s][info ][gc] GC(1463) Pause Young (Concurrent Start) (G1 Humongous Allocation) 1708M->1706M(2048M) 29,407ms
[381,279s][info ][gc] GC(1464) Concurrent Cycle
[381,280s][info ][gc] GC(1465) Pause Young (Normal) (G1 Humongous Allocation) 1706M->1706M(2048M) 0,678ms
[381,282s][debug][gc] GC(1466) Clear Next Bitmap 2,298ms
[382,074s][info ][gc] GC(1466) Pause Full (G1 Humongous Allocation) 1706M->1516M(2048M) 794,265ms
[382,075s][info ][gc] GC(1464) Concurrent Cycle 795,824ms
[382,182s][info ][gc] GC(1467) Pause Young (Concurrent Start) (G1 Humongous Allocation) 1708M->1707M(2048M) 17,011ms
[382,182s][info ][gc] GC(1468) Concurrent Cycle
[382,313s][info ][gc] GC(1469) Pause Young (Normal) (G1 Humongous Allocation) 1898M->1897M(2048M) 29,784ms
[382,315s][debug][gc] GC(1470) Clear Next Bitmap 2,145ms
[383,099s][info ][gc] GC(1470) Pause Full (G1 Humongous Allocation) 1897M->1517M(2048M) 786,475ms
[383,100s][info ][gc] GC(1468) Concurrent Cycle 917,583ms
[383,211s][info ][gc] GC(1471) Pause Young (Concurrent Start) (G1 Humongous Allocation) 1709M->1708M(2048M) 17,753ms
[383,211s][info ][gc] GC(1472) Concurrent Cycle
[383,212s][info ][gc] GC(1473) Pause Young (Normal) (G1 Humongous Allocation) 1708M->1708M(2048M) 0,646ms
[383,214s][debug][gc] GC(1474) Clear Next Bitmap 2,144ms
[384,010s][info ][gc] GC(1474) Pause Full (G1 Humongous Allocation) 1708M->1518M(2048M) 798,105ms
[384,010s][info ][gc] GC(1472) Concurrent Cycle 799,663ms
[384,120s][info ][gc] GC(1475) Pause Young (Concurrent Start) (G1 Humongous Allocation) 1711M->1710M(2048M) 18,510ms
[384,120s][info ][gc] GC(1476) Concurrent Cycle
[384,122s][info ][gc] GC(1477) Pause Young (Normal) (G1 Humongous Allocation) 1710M->1710M(2048M) 1,440ms
[384,124s][debug][gc] GC(1478) Clear Next Bitmap 2,212ms
[384,922s][info ][gc] GC(1478) Pause Full (G1 Humongous Allocation) 1710M->1519M(2048M) 800,200ms
[384,922s][info ][gc] GC(1476) Concurrent Cycle 802,528ms
[385,031s][info ][gc] GC(1479) Pause Young (Concurrent Start) (G1 Humongous Allocation) 1712M->1711M(2048M) 27,094ms
[385,031s][info ][gc] GC(1480) Concurrent Cycle
[385,039s][info ][gc] GC(1481) Pause Young (Normal) (G1 Humongous Allocation) 1711M->1711M(2048M) 2,133ms
[385,041s][debug][gc] GC(1482) Clear Next Bitmap 2,195ms
[385,820s][info ][gc] GC(1482) Pause Full (G1 Humongous Allocation) 1711M->1520M(2048M) 781,219ms
[385,821s][info ][gc] GC(1480) Concurrent Cycle 789,414ms
[385,918s][info ][gc] GC(1483) Pause Young (Concurrent Start) (G1 Humongous Allocation) 1713M->1712M(2048M) 17,560ms
[385,918s][info ][gc] GC(1484) Concurrent Cycle
[386,066s][info ][gc] GC(1485) Pause Young (Normal) (G1 Humongous Allocation) 1904M->1903M(2048M) 20,965ms
[386,069s][debug][gc] GC(1486) Clear Next Bitmap 2,650ms
[386,843s][info ][gc] GC(1486) Pause Full (G1 Humongous Allocation) 1903M->1521M(2048M) 776,364ms
[386,843s][info ][gc] GC(1484) Concurrent Cycle 924,741ms
[386,942s][info ][gc] GC(1487) Pause Young (Concurrent Start) (G1 Humongous Allocation) 1714M->1713M(2048M) 36,328ms
[386,942s][info ][gc] GC(1488) Concurrent Cycle
[386,944s][info ][gc] GC(1489) Pause Young (Normal) (G1 Humongous Allocation) 1713M->1713M(2048M) 1,536ms
[386,946s][debug][gc] GC(1490) Clear Next Bitmap 2,209ms
[387,731s][info ][gc] GC(1490) Pause Full (G1 Humongous Allocation) 1713M->1522M(2048M) 787,033ms
[387,732s][info ][gc] GC(1488) Concurrent Cycle 789,306ms
[387,858s][info ][gc] GC(1491) Pause Young (Concurrent Start) (G1 Humongous Allocation) 1715M->1713M(2048M) 19,023ms
[387,858s][info ][gc] GC(1492) Concurrent Cycle
[387,990s][info ][gc] GC(1493) Pause Young (Normal) (G1 Humongous Allocation) 1906M->1905M(2048M) 21,400ms
[387,993s][debug][gc] GC(1494) Clear Next Bitmap 2,251ms
[388,785s][info ][gc] GC(1494) Pause Full (G1 Humongous Allocation) 1905M->1523M(2048M) 794,801ms
[388,791s][info ][gc] GC(1492) Concurrent Cycle 932,598ms
[388,897s][info ][gc] GC(1495) Pause Young (Concurrent Start) (G1 Humongous Allocation) 1716M->1714M(2048M) 22,744ms
[388,897s][info ][gc] GC(1496) Concurrent Cycle
[389,043s][info ][gc] GC(1497) Pause Young (Normal) (G1 Humongous Allocation) 1907M->1906M(2048M) 32,548ms
[389,047s][debug][gc] GC(1498) Clear Next Bitmap 3,555ms
[389,836s][info ][gc] GC(1498) Pause Full (G1 Humongous Allocation) 1906M->1524M(2048M) 792,616ms
[389,837s][info ][gc] GC(1496) Concurrent Cycle 939,627ms
[389,935s][info ][gc] GC(1499) Pause Young (Concurrent Start) (G1 Humongous Allocation) 1717M->1715M(2048M) 18,404ms
[389,935s][info ][gc] GC(1500) Concurrent Cycle
[390,071s][info ][gc] GC(1501) Pause Young (Normal) (G1 Humongous Allocation) 1908M->1907M(2048M) 21,871ms
[390,074s][debug][gc] GC(1502) Clear Next Bitmap 2,718ms
[390,869s][info ][gc] GC(1502) Pause Full (G1 Humongous Allocation) 1907M->1525M(2048M) 797,481ms
[390,870s][info ][gc] GC(1500) Concurrent Cycle 934,365ms
[390,974s][info ][gc] GC(1503) Pause Young (Concurrent Start) (G1 Humongous Allocation) 1718M->1716M(2048M) 18,687ms
[390,974s][info ][gc] GC(1504) Concurrent Cycle
[391,112s][info ][gc] GC(1505) Pause Young (Normal) (G1 Humongous Allocation) 1909M->1908M(2048M) 21,395ms
[391,114s][debug][gc] GC(1506) Clear Next Bitmap 2,144ms
[391,954s][info ][gc] GC(1506) Pause Full (G1 Humongous Allocation) 1908M->1526M(2048M) 842,240ms
[391,955s][info ][gc] GC(1504) Concurrent Cycle 980,218ms
[392,062s][info ][gc] GC(1507) Pause Young (Concurrent Start) (G1 Humongous Allocation) 1720M->1718M(2048M) 23,230ms
[392,062s][info ][gc] GC(1508) Concurrent Cycle
[392,063s][info ][gc] GC(1509) Pause Young (Normal) (G1 Humongous Allocation) 1718M->1718M(2048M) 0,686ms
[392,066s][debug][gc] GC(1510) Clear Next Bitmap 2,197ms
[392,856s][info ][gc] GC(1510) Pause Full (G1 Humongous Allocation) 1718M->1527M(2048M) 792,728ms
[392,856s][info ][gc] GC(1508) Concurrent Cycle 794,233ms
[392,955s][info ][gc] GC(1511) Pause Young (Concurrent Start) (G1 Humongous Allocation) 1721M->1720M(2048M) 19,752ms
[392,956s][info ][gc] GC(1512) Concurrent Cycle
[393,091s][info ][gc] GC(1513) Pause Young (Normal) (G1 Humongous Allocation) 1914M->1912M(2048M) 24,992ms
[393,093s][debug][gc] GC(1514) Clear Next Bitmap 2,171ms
[393,873s][info ][gc] GC(1514) Pause Full (G1 Humongous Allocation) 1912M->1528M(2048M) 781,871ms
[393,873s][info ][gc] GC(1512) Concurrent Cycle 917,447ms
[393,972s][info ][gc] GC(1515) Pause Young (Concurrent Start) (G1 Humongous Allocation) 1722M->1721M(2048M) 19,517ms
[393,972s][info ][gc] GC(1516) Concurrent Cycle
[393,973s][info ][gc] GC(1517) Pause Young (Normal) (G1 Humongous Allocation) 1721M->1721M(2048M) 0,683ms
[393,976s][debug][gc] GC(1518) Clear Next Bitmap 2,229ms
[394,768s][info ][gc] GC(1518) Pause Full (G1 Humongous Allocation) 1721M->1529M(2048M) 794,600ms
[394,768s][info ][gc] GC(1516) Concurrent Cycle 796,259ms
[394,878s][info ][gc] GC(1519) Pause Young (Concurrent Start) (G1 Humongous Allocation) 1723M->1722M(2048M) 21,236ms
[394,878s][info ][gc] GC(1520) Concurrent Cycle
[395,018s][info ][gc] GC(1521) Pause Young (Normal) (G1 Humongous Allocation) 1915M->1914M(2048M) 22,881ms
[395,020s][debug][gc] GC(1522) Clear Next Bitmap 2,029ms
[395,821s][info ][gc] GC(1522) Pause Full (G1 Humongous Allocation) 1914M->1530M(2048M) 802,913ms
[395,822s][info ][gc] GC(1520) Concurrent Cycle 944,425ms
[395,929s][info ][gc] GC(1523) Pause Young (Concurrent Start) (G1 Humongous Allocation) 1724M->1723M(2048M) 20,976ms
[395,929s][info ][gc] GC(1524) Concurrent Cycle
[395,931s][info ][gc] GC(1525) Pause Young (Normal) (G1 Humongous Allocation) 1723M->1723M(2048M) 1,346ms
[395,933s][debug][gc] GC(1526) Clear Next Bitmap 2,122ms
[396,714s][info ][gc] GC(1526) Pause Full (G1 Humongous Allocation) 1723M->1530M(2048M) 782,525ms
[396,714s][info ][gc] GC(1524) Concurrent Cycle 784,704ms
[396,828s][info ][gc] GC(1527) Pause Young (Concurrent Start) (G1 Humongous Allocation) 1725M->1723M(2048M) 32,741ms
[396,828s][info ][gc] GC(1528) Concurrent Cycle
[396,829s][info ][gc] GC(1529) Pause Young (Normal) (G1 Humongous Allocation) 1723M->1723M(2048M) 0,706ms
[396,832s][debug][gc] GC(1530) Clear Next Bitmap 2,227ms
[397,661s][info ][gc] GC(1530) Pause Full (G1 Humongous Allocation) 1723M->1531M(2048M) 832,211ms
[397,662s][info ][gc] GC(1528) Concurrent Cycle 833,642ms
[397,772s][info ][gc] GC(1531) Pause Young (Concurrent Start) (G1 Humongous Allocation) 1726M->1724M(2048M) 20,801ms
[397,772s][info ][gc] GC(1532) Concurrent Cycle
[397,908s][info ][gc] GC(1533) Pause Young (Normal) (G1 Humongous Allocation) 1917M->1916M(2048M) 28,100ms
[397,910s][debug][gc] GC(1534) Clear Next Bitmap 2,176ms
[398,711s][info ][gc] GC(1534) Pause Full (G1 Humongous Allocation) 1916M->1532M(2048M) 803,450ms
[398,712s][info ][gc] GC(1532) Concurrent Cycle 940,087ms
[398,843s][info ][gc] GC(1535) Pause Young (Concurrent Start) (G1 Humongous Allocation) 1727M->1725M(2048M) 32,465ms
[398,843s][info ][gc] GC(1536) Concurrent Cycle
[398,845s][info ][gc] GC(1537) Pause Young (Normal) (G1 Humongous Allocation) 1725M->1725M(2048M) 1,461ms
[398,848s][debug][gc] GC(1538) Clear Next Bitmap 2,923ms
[399,681s][info ][gc] GC(1538) Pause Full (G1 Humongous Allocation) 1725M->1533M(2048M) 836,011ms
[399,682s][info ][gc] GC(1536) Concurrent Cycle 838,797ms
[399,797s][info ][gc] GC(1539) Pause Young (Concurrent Start) (G1 Humongous Allocation) 1727M->1725M(2048M) 24,559ms
[399,797s][info ][gc] GC(1540) Concurrent Cycle
[399,931s][info ][gc] GC(1541) Pause Young (Normal) (G1 Humongous Allocation) 1919M->1918M(2048M) 17,194ms
[399,933s][debug][gc] GC(1542) Clear Next Bitmap 2,153ms
[400,728s][info ][gc] GC(1542) Pause Full (G1 Humongous Allocation) 1918M->1534M(2048M) 796,319ms
[400,728s][info ][gc] GC(1540) Concurrent Cycle 931,164ms
[400,847s][info ][gc] GC(1543) Pause Young (Concurrent Start) (G1 Humongous Allocation) 1729M->1727M(2048M) 18,204ms
[400,847s][info ][gc] GC(1544) Concurrent Cycle
[400,977s][info ][gc] GC(1545) Pause Young (Normal) (G1 Humongous Allocation) 1922M->1921M(2048M) 20,739ms
[400,979s][debug][gc] GC(1546) Clear Next Bitmap 2,204ms
[401,815s][info ][gc] GC(1546) Pause Full (G1 Humongous Allocation) 1921M->1536M(2048M) 837,529ms
[401,815s][info ][gc] GC(1544) Concurrent Cycle 968,167ms
[401,925s][info ][gc] GC(1547) Pause Young (Concurrent Start) (G1 Humongous Allocation) 1731M->1729M(2048M) 21,766ms
[401,925s][info ][gc] GC(1548) Concurrent Cycle
[401,927s][info ][gc] GC(1549) Pause Young (Normal) (G1 Humongous Allocation) 1729M->1729M(2048M) 1,392ms
[401,929s][debug][gc] GC(1550) Clear Next Bitmap 2,139ms
[402,766s][info ][gc] GC(1550) Pause Full (G1 Humongous Allocation) 1729M->1536M(2048M) 839,729ms
[402,767s][info ][gc] GC(1548) Concurrent Cycle 841,972ms
[402,881s][info ][gc] GC(1551) Pause Young (Concurrent Start) (G1 Humongous Allocation) 1732M->1730M(2048M) 21,970ms
[402,881s][info ][gc] GC(1552) Concurrent Cycle
[402,883s][info ][gc] GC(1553) Pause Young (Normal) (G1 Humongous Allocation) 1730M->1730M(2048M) 0,832ms
[402,885s][debug][gc] GC(1554) Clear Next Bitmap 2,079ms
[403,718s][info ][gc] GC(1554) Pause Full (G1 Humongous Allocation) 1730M->1537M(2048M) 835,513ms
[403,740s][info ][gc] GC(1552) Concurrent Cycle 858,929ms
[403,834s][info ][gc] GC(1555) Pause Young (Concurrent Start) (G1 Humongous Allocation) 1732M->1731M(2048M) 18,246ms
[403,834s][info ][gc] GC(1556) Concurrent Cycle
[403,967s][info ][gc] GC(1557) Pause Young (Normal) (G1 Humongous Allocation) 1925M->1924M(2048M) 20,555ms
[403,969s][debug][gc] GC(1558) Clear Next Bitmap 2,061ms
[404,836s][info ][gc] GC(1558) Pause Full (G1 Humongous Allocation) 1924M->1538M(2048M) 868,568ms
[404,837s][info ][gc] GC(1556) Concurrent Cycle 1002,116ms
[404,946s][info ][gc] GC(1559) Pause Young (Concurrent Start) (G1 Humongous Allocation) 1733M->1732M(2048M) 22,424ms
[404,946s][info ][gc] GC(1560) Concurrent Cycle
[405,088s][info ][gc] GC(1561) Pause Young (Normal) (G1 Humongous Allocation) 1926M->1925M(2048M) 19,117ms
[405,090s][debug][gc] GC(1562) Clear Next Bitmap 2,103ms
[405,876s][info ][gc] GC(1562) Pause Full (G1 Humongous Allocation) 1925M->1539M(2048M) 787,742ms
[405,877s][info ][gc] GC(1560) Concurrent Cycle 930,379ms
[405,975s][info ][gc] GC(1563) Pause Young (Concurrent Start) (G1 Humongous Allocation) 1734M->1733M(2048M) 20,687ms
[405,975s][info ][gc] GC(1564) Concurrent Cycle
[405,977s][info ][gc] GC(1565) Pause Young (Normal) (G1 Humongous Allocation) 1733M->1733M(2048M) 1,356ms
[405,979s][debug][gc] GC(1566) Clear Next Bitmap 2,204ms
[406,776s][info ][gc] GC(1566) Pause Full (G1 Humongous Allocation) 1733M->1539M(2048M) 799,286ms
[406,777s][info ][gc] GC(1564) Concurrent Cycle 801,462ms
[406,888s][info ][gc] GC(1567) Pause Young (Concurrent Start) (G1 Humongous Allocation) 1735M->1733M(2048M) 36,811ms
[406,888s][info ][gc] GC(1568) Concurrent Cycle
[406,890s][info ][gc] GC(1569) Pause Young (Normal) (G1 Humongous Allocation) 1733M->1733M(2048M) 1,447ms
[406,892s][debug][gc] GC(1570) Clear Next Bitmap 2,217ms
[407,681s][info ][gc] GC(1570) Pause Full (G1 Humongous Allocation) 1733M->1540M(2048M) 791,129ms
[407,681s][info ][gc] GC(1568) Concurrent Cycle 793,370ms
[407,813s][info ][gc] GC(1571) Pause Young (Concurrent Start) (G1 Humongous Allocation) 1735M->1734M(2048M) 31,810ms
[407,813s][info ][gc] GC(1572) Concurrent Cycle
[407,948s][info ][gc] GC(1573) Pause Young (Normal) (G1 Humongous Allocation) 1928M->1927M(2048M) 19,223ms
[407,950s][debug][gc] GC(1574) Clear Next Bitmap 2,170ms
[408,783s][info ][gc] GC(1574) Pause Full (G1 Humongous Allocation) 1927M->1541M(2048M) 835,016ms
[408,809s][info ][gc] GC(1572) Concurrent Cycle 995,670ms
[408,909s][info ][gc] GC(1575) Pause Young (Concurrent Start) (G1 Humongous Allocation) 1736M->1735M(2048M) 21,958ms
[408,910s][info ][gc] GC(1576) Concurrent Cycle
[408,911s][info ][gc] GC(1577) Pause Young (Normal) (G1 Humongous Allocation) 1735M->1735M(2048M) 0,879ms
[408,914s][debug][gc] GC(1578) Clear Next Bitmap 3,024ms
[409,749s][info ][gc] GC(1578) Pause Full (G1 Humongous Allocation) 1735M->1542M(2048M) 837,606ms
[409,749s][info ][gc] GC(1576) Concurrent Cycle 839,240ms
[409,875s][info ][gc] GC(1579) Pause Young (Concurrent Start) (G1 Humongous Allocation) 1738M->1736M(2048M) 24,593ms
[409,875s][info ][gc] GC(1580) Concurrent Cycle
[409,877s][info ][gc] GC(1581) Pause Young (Normal) (G1 Humongous Allocation) 1736M->1736M(2048M) 1,472ms
[409,879s][debug][gc] GC(1582) Clear Next Bitmap 2,214ms
[410,706s][info ][gc] GC(1582) Pause Full (G1 Humongous Allocation) 1736M->1543M(2048M) 828,828ms
[410,707s][info ][gc] GC(1580) Concurrent Cycle 831,749ms
[410,817s][info ][gc] GC(1583) Pause Young (Concurrent Start) (G1 Humongous Allocation) 1740M->1738M(2048M) 19,998ms
[410,817s][info ][gc] GC(1584) Concurrent Cycle
[410,819s][info ][gc] GC(1585) Pause Young (Normal) (G1 Humongous Allocation) 1738M->1738M(2048M) 0,775ms
[410,822s][debug][gc] GC(1586) Clear Next Bitmap 2,878ms
[411,710s][info ][gc] GC(1586) Pause Full (G1 Humongous Allocation) 1738M->1544M(2048M) 891,367ms
[411,710s][info ][gc] GC(1584) Concurrent Cycle 893,220ms
[411,821s][info ][gc] GC(1587) Pause Young (Concurrent Start) (G1 Humongous Allocation) 1740M->1738M(2048M) 22,088ms
[411,821s][info ][gc] GC(1588) Concurrent Cycle
[411,959s][info ][gc] GC(1589) Pause Young (Normal) (G1 Humongous Allocation) 1934M->1933M(2048M) 22,942ms
[411,962s][debug][gc] GC(1590) Clear Next Bitmap 2,220ms
[412,759s][info ][gc] GC(1590) Pause Full (G1 Humongous Allocation) 1933M->1545M(2048M) 799,861ms
[412,760s][info ][gc] GC(1588) Concurrent Cycle 939,097ms
[412,870s][info ][gc] GC(1591) Pause Young (Concurrent Start) (G1 Humongous Allocation) 1741M->1739M(2048M) 21,435ms
[412,870s][info ][gc] GC(1592) Concurrent Cycle
[412,871s][info ][gc] GC(1593) Pause Young (Normal) (G1 Humongous Allocation) 1739M->1739M(2048M) 0,624ms
[412,874s][debug][gc] GC(1594) Clear Next Bitmap 2,178ms
[413,670s][info ][gc] GC(1594) Pause Full (G1 Humongous Allocation) 1739M->1545M(2048M) 798,799ms
[413,671s][info ][gc] GC(1592) Concurrent Cycle 800,306ms
[413,781s][info ][gc] GC(1595) Pause Young (Concurrent Start) (G1 Humongous Allocation) 1742M->1740M(2048M) 19,301ms
[413,781s][info ][gc] GC(1596) Concurrent Cycle
[413,783s][info ][gc] GC(1597) Pause Young (Normal) (G1 Humongous Allocation) 1740M->1740M(2048M) 1,355ms
[413,785s][debug][gc] GC(1598) Clear Next Bitmap 2,049ms
[414,579s][info ][gc] GC(1598) Pause Full (G1 Humongous Allocation) 1740M->1546M(2048M) 795,896ms
[414,579s][info ][gc] GC(1596) Concurrent Cycle 798,080ms
[414,703s][info ][gc] GC(1599) Pause Young (Concurrent Start) (G1 Humongous Allocation) 1742M->1740M(2048M) 24,836ms
[414,704s][info ][gc] GC(1600) Concurrent Cycle
[414,706s][info ][gc] GC(1601) Pause Young (Normal) (G1 Humongous Allocation) 1740M->1740M(2048M) 1,619ms
[414,709s][debug][gc] GC(1602) Clear Next Bitmap 2,226ms
[415,526s][info ][gc] GC(1602) Pause Full (G1 Humongous Allocation) 1740M->1546M(2048M) 819,278ms
[415,526s][info ][gc] GC(1600) Concurrent Cycle 822,615ms
[415,637s][info ][gc] GC(1603) Pause Young (Concurrent Start) (G1 Humongous Allocation) 1743M->1741M(2048M) 19,406ms
[415,637s][info ][gc] GC(1604) Concurrent Cycle
[415,770s][info ][gc] GC(1605) Pause Young (Normal) (G1 Humongous Allocation) 1937M->1936M(2048M) 20,884ms
[415,773s][debug][gc] GC(1606) Clear Next Bitmap 2,192ms
[416,566s][info ][gc] GC(1606) Pause Full (G1 Humongous Allocation) 1936M->1547M(2048M) 795,829ms
[416,567s][info ][gc] GC(1604) Concurrent Cycle 930,371ms
[416,678s][info ][gc] GC(1607) Pause Young (Concurrent Start) (G1 Humongous Allocation) 1743M->1742M(2048M) 37,266ms
[416,678s][info ][gc] GC(1608) Concurrent Cycle
[416,809s][info ][gc] GC(1609) Pause Young (Normal) (G1 Humongous Allocation) 1938M->1937M(2048M) 21,376ms
[416,811s][debug][gc] GC(1610) Clear Next Bitmap 2,177ms
[417,650s][info ][gc] GC(1610) Pause Full (G1 Humongous Allocation) 1937M->1548M(2048M) 841,321ms
[417,652s][info ][gc] GC(1608) Concurrent Cycle 973,557ms
[417,762s][info ][gc] GC(1611) Pause Young (Concurrent Start) (G1 Humongous Allocation) 1744M->1743M(2048M) 18,499ms
[417,762s][info ][gc] GC(1612) Concurrent Cycle
[417,764s][info ][gc] GC(1613) Pause Young (Normal) (G1 Humongous Allocation) 1743M->1743M(2048M) 1,456ms
[417,766s][debug][gc] GC(1614) Clear Next Bitmap 2,110ms
[418,565s][info ][gc] GC(1614) Pause Full (G1 Humongous Allocation) 1743M->1549M(2048M) 800,474ms
[418,585s][info ][gc] GC(1612) Concurrent Cycle 822,816ms
[418,676s][info ][gc] GC(1615) Pause Young (Concurrent Start) (G1 Humongous Allocation) 1745M->1744M(2048M) 20,311ms
[418,676s][info ][gc] GC(1616) Concurrent Cycle
[418,678s][info ][gc] GC(1617) Pause Young (Normal) (G1 Humongous Allocation) 1744M->1744M(2048M) 1,374ms
[418,680s][debug][gc] GC(1618) Clear Next Bitmap 2,163ms
[419,499s][info ][gc] GC(1618) Pause Full (G1 Humongous Allocation) 1744M->1550M(2048M) 820,398ms
[419,499s][info ][gc] GC(1616) Concurrent Cycle 822,582ms
[419,609s][info ][gc] GC(1619) Pause Young (Concurrent Start) (G1 Humongous Allocation) 1747M->1745M(2048M) 22,868ms
[419,609s][info ][gc] GC(1620) Concurrent Cycle
[419,746s][info ][gc] GC(1621) Pause Young (Normal) (G1 Humongous Allocation) 1942M->1941M(2048M) 20,572ms
[419,748s][debug][gc] GC(1622) Clear Next Bitmap 2,196ms
[420,540s][info ][gc] GC(1622) Pause Full (G1 Humongous Allocation) 1941M->1552M(2048M) 793,863ms
[420,541s][info ][gc] GC(1620) Concurrent Cycle 931,948ms
[420,658s][info ][gc] GC(1623) Pause Young (Concurrent Start) (G1 Humongous Allocation) 1749M->1747M(2048M) 22,423ms
[420,658s][info ][gc] GC(1624) Concurrent Cycle
[420,660s][info ][gc] GC(1625) Pause Young (Normal) (G1 Humongous Allocation) 1747M->1747M(2048M) 0,687ms
[420,662s][debug][gc] GC(1626) Clear Next Bitmap 2,148ms
[421,475s][info ][gc] GC(1626) Pause Full (G1 Humongous Allocation) 1747M->1552M(2048M) 815,511ms
[421,475s][info ][gc] GC(1624) Concurrent Cycle 817,021ms
[421,597s][info ][gc] GC(1627) Pause Young (Concurrent Start) (G1 Humongous Allocation) 1749M->1748M(2048M) 19,984ms
[421,597s][info ][gc] GC(1628) Concurrent Cycle
[421,731s][info ][gc] GC(1629) Pause Young (Normal) (G1 Humongous Allocation) 1944M->1943M(2048M) 24,714ms
[421,734s][debug][gc] GC(1630) Clear Next Bitmap 2,098ms
[422,572s][info ][gc] GC(1630) Pause Full (G1 Humongous Allocation) 1943M->1553M(2048M) 840,297ms
[422,572s][info ][gc] GC(1628) Concurrent Cycle 975,229ms
[422,684s][info ][gc] GC(1631) Pause Young (Concurrent Start) (G1 Humongous Allocation) 1750M->1749M(2048M) 19,581ms
[422,684s][info ][gc] GC(1632) Concurrent Cycle
[422,685s][info ][gc] GC(1633) Pause Young (Normal) (G1 Humongous Allocation) 1749M->1749M(2048M) 0,733ms
[422,688s][debug][gc] GC(1634) Clear Next Bitmap 2,228ms
[423,546s][info ][gc] GC(1634) Pause Full (G1 Humongous Allocation) 1749M->1554M(2048M) 860,345ms
[423,546s][info ][gc] GC(1632) Concurrent Cycle 861,924ms
[423,657s][info ][gc] GC(1635) Pause Young (Concurrent Start) (G1 Humongous Allocation) 1751M->1749M(2048M) 21,831ms
[423,657s][info ][gc] GC(1636) Concurrent Cycle
[423,791s][info ][gc] GC(1637) Pause Young (Normal) (G1 Humongous Allocation) 1946M->1945M(2048M) 20,232ms
[423,793s][debug][gc] GC(1638) Clear Next Bitmap 2,120ms
[424,616s][info ][gc] GC(1638) Pause Full (G1 Humongous Allocation) 1945M->1555M(2048M) 825,171ms
[424,616s][info ][gc] GC(1636) Concurrent Cycle 959,235ms
[424,727s][info ][gc] GC(1639) Pause Young (Concurrent Start) (G1 Humongous Allocation) 1752M->1751M(2048M) 20,859ms
[424,727s][info ][gc] GC(1640) Concurrent Cycle
[424,728s][info ][gc] GC(1641) Pause Young (Normal) (G1 Humongous Allocation) 1751M->1750M(2048M) 0,718ms
[424,730s][debug][gc] GC(1642) Clear Next Bitmap 2,204ms
[425,531s][info ][gc] GC(1642) Pause Full (G1 Humongous Allocation) 1750M->1555M(2048M) 802,622ms
[425,532s][info ][gc] GC(1640) Concurrent Cycle 805,164ms
[425,639s][info ][gc] GC(1643) Pause Young (Concurrent Start) (G1 Humongous Allocation) 1753M->1751M(2048M) 33,865ms
[425,639s][info ][gc] GC(1644) Concurrent Cycle
[425,641s][info ][gc] GC(1645) Pause Young (Normal) (G1 Humongous Allocation) 1751M->1751M(2048M) 1,383ms
[425,643s][debug][gc] GC(1646) Clear Next Bitmap 2,404ms
[426,446s][info ][gc] GC(1646) Pause Full (G1 Humongous Allocation) 1751M->1556M(2048M) 805,341ms
[426,446s][info ][gc] GC(1644) Concurrent Cycle 807,477ms
[426,559s][info ][gc] GC(1647) Pause Young (Concurrent Start) (G1 Humongous Allocation) 1753M->1752M(2048M) 36,999ms
[426,559s][info ][gc] GC(1648) Concurrent Cycle
[426,560s][info ][gc] GC(1649) Pause Young (Normal) (G1 Humongous Allocation) 1752M->1752M(2048M) 0,645ms
[426,562s][debug][gc] GC(1650) Clear Next Bitmap 2,206ms
[427,371s][info ][gc] GC(1650) Pause Full (G1 Humongous Allocation) 1752M->1556M(2048M) 811,676ms
[427,372s][info ][gc] GC(1648) Concurrent Cycle 813,080ms
[427,490s][info ][gc] GC(1651) Pause Young (Concurrent Start) (G1 Humongous Allocation) 1753M->1752M(2048M) 18,662ms
[427,490s][info ][gc] GC(1652) Concurrent Cycle
[427,492s][info ][gc] GC(1653) Pause Young (Normal) (G1 Humongous Allocation) 1752M->1752M(2048M) 0,709ms
[427,494s][debug][gc] GC(1654) Clear Next Bitmap 2,151ms
[428,303s][info ][gc] GC(1654) Pause Full (G1 Humongous Allocation) 1752M->1557M(2048M) 811,091ms
[428,303s][info ][gc] GC(1652) Concurrent Cycle 812,652ms
[428,413s][info ][gc] GC(1655) Pause Young (Concurrent Start) (G1 Humongous Allocation) 1754M->1753M(2048M) 20,290ms
[428,414s][info ][gc] GC(1656) Concurrent Cycle
[428,415s][info ][gc] GC(1657) Pause Young (Normal) (G1 Humongous Allocation) 1753M->1753M(2048M) 0,745ms
[428,417s][debug][gc] GC(1658) Clear Next Bitmap 2,041ms
[429,243s][info ][gc] GC(1658) Pause Full (G1 Humongous Allocation) 1753M->1557M(2048M) 828,306ms
[429,244s][info ][gc] GC(1656) Concurrent Cycle 829,915ms
[429,354s][info ][gc] GC(1659) Pause Young (Concurrent Start) (G1 Humongous Allocation) 1755M->1754M(2048M) 22,151ms
[429,354s][info ][gc] GC(1660) Concurrent Cycle
[429,355s][info ][gc] GC(1661) Pause Young (Normal) (G1 Humongous Allocation) 1754M->1754M(2048M) 0,641ms
[429,357s][debug][gc] GC(1662) Clear Next Bitmap 2,133ms
[430,273s][info ][gc] GC(1662) Pause Full (G1 Humongous Allocation) 1754M->1559M(2048M) 917,910ms
[430,274s][info ][gc] GC(1660) Concurrent Cycle 919,974ms
[430,392s][info ][gc] GC(1663) Pause Young (Concurrent Start) (G1 Humongous Allocation) 1757M->1756M(2048M) 20,374ms
[430,392s][info ][gc] GC(1664) Concurrent Cycle
[430,393s][info ][gc] GC(1665) Pause Young (Normal) (G1 Humongous Allocation) 1756M->1756M(2048M) 0,773ms
[430,396s][debug][gc] GC(1666) Clear Next Bitmap 2,217ms
[431,223s][info ][gc] GC(1666) Pause Full (G1 Humongous Allocation) 1756M->1560M(2048M) 829,808ms
[431,224s][info ][gc] GC(1664) Concurrent Cycle 831,522ms
[431,341s][info ][gc] GC(1667) Pause Young (Concurrent Start) (G1 Humongous Allocation) 1758M->1756M(2048M) 30,697ms
[431,341s][info ][gc] GC(1668) Concurrent Cycle
[431,483s][info ][gc] GC(1669) Pause Young (Normal) (G1 Humongous Allocation) 1954M->1953M(2048M) 20,524ms
[431,485s][debug][gc] GC(1670) Clear Next Bitmap 2,222ms
[432,308s][info ][gc] GC(1670) Pause Full (G1 Humongous Allocation) 1953M->1561M(2048M) 825,109ms
[432,309s][info ][gc] GC(1668) Concurrent Cycle 967,694ms
[432,421s][info ][gc] GC(1671) Pause Young (Concurrent Start) (G1 Humongous Allocation) 1759M->1757M(2048M) 21,556ms
[432,421s][info ][gc] GC(1672) Concurrent Cycle
[432,422s][info ][gc] GC(1673) Pause Young (Normal) (G1 Humongous Allocation) 1757M->1757M(2048M) 0,700ms
[432,424s][debug][gc] GC(1674) Clear Next Bitmap 2,190ms
[433,234s][info ][gc] GC(1674) Pause Full (G1 Humongous Allocation) 1757M->1561M(2048M) 811,786ms
[433,234s][info ][gc] GC(1672) Concurrent Cycle 813,406ms
[433,347s][info ][gc] GC(1675) Pause Young (Concurrent Start) (G1 Humongous Allocation) 1759M->1758M(2048M) 28,189ms
[433,347s][info ][gc] GC(1676) Concurrent Cycle
[433,482s][info ][gc] GC(1677) Pause Young (Normal) (G1 Humongous Allocation) 1955M->1954M(2048M) 18,456ms
[433,485s][debug][gc] GC(1678) Clear Next Bitmap 2,307ms
[434,282s][info ][gc] GC(1678) Pause Full (G1 Humongous Allocation) 1954M->1562M(2048M) 798,867ms
[435,102s][info ][gc] GC(1679) Pause Full (G1 Humongous Allocation) 1562M->1562M(2048M) 820,447ms
[435,103s][info ][gc] GC(1676) Concurrent Cycle 1755,716ms
[435,228s][info ][gc] GC(1680) Pause Young (Concurrent Start) (G1 Humongous Allocation) 1761M->1759M(2048M) 19,685ms
[435,228s][info ][gc] GC(1681) Concurrent Cycle
[435,229s][info ][gc] GC(1682) Pause Young (Normal) (G1 Humongous Allocation) 1759M->1759M(2048M) 0,854ms
[435,232s][debug][gc] GC(1683) Clear Next Bitmap 2,161ms
[436,036s][info ][gc] GC(1683) Pause Full (G1 Humongous Allocation) 1759M->1563M(2048M) 807,024ms
[436,037s][info ][gc] GC(1681) Concurrent Cycle 808,818ms
[436,147s][info ][gc] GC(1684) Pause Young (Concurrent Start) (G1 Humongous Allocation) 1761M->1759M(2048M) 28,894ms
[436,147s][info ][gc] GC(1685) Concurrent Cycle
[436,283s][info ][gc] GC(1686) Pause Young (Normal) (G1 Humongous Allocation) 1957M->1956M(2048M) 32,967ms
[436,285s][debug][gc] GC(1687) Clear Next Bitmap 2,143ms
[437,084s][info ][gc] GC(1687) Pause Full (G1 Humongous Allocation) 1956M->1564M(2048M) 801,058ms
[437,085s][info ][gc] GC(1685) Concurrent Cycle 937,505ms
[437,195s][info ][gc] GC(1688) Pause Young (Concurrent Start) (G1 Humongous Allocation) 1762M->1760M(2048M) 18,015ms
[437,195s][info ][gc] GC(1689) Concurrent Cycle
[437,197s][info ][gc] GC(1690) Pause Young (Normal) (G1 Humongous Allocation) 1760M->1760M(2048M) 1,358ms
[437,200s][debug][gc] GC(1691) Clear Next Bitmap 2,336ms
[438,001s][info ][gc] GC(1691) Pause Full (G1 Humongous Allocation) 1760M->1564M(2048M) 803,772ms
[438,001s][info ][gc] GC(1689) Concurrent Cycle 805,984ms
[438,102s][info ][gc] GC(1692) Pause Young (Concurrent Start) (G1 Humongous Allocation) 1762M->1761M(2048M) 18,415ms
[438,102s][info ][gc] GC(1693) Concurrent Cycle
[438,103s][info ][gc] GC(1694) Pause Young (Normal) (G1 Humongous Allocation) 1761M->1761M(2048M) 0,675ms
[438,105s][debug][gc] GC(1695) Clear Next Bitmap 2,143ms
[438,909s][info ][gc] GC(1695) Pause Full (G1 Humongous Allocation) 1761M->1565M(2048M) 805,977ms
[438,910s][info ][gc] GC(1693) Concurrent Cycle 807,951ms
[439,022s][info ][gc] GC(1696) Pause Young (Concurrent Start) (G1 Humongous Allocation) 1763M->1761M(2048M) 20,178ms
[439,022s][info ][gc] GC(1697) Concurrent Cycle
[439,024s][info ][gc] GC(1698) Pause Young (Normal) (G1 Humongous Allocation) 1761M->1761M(2048M) 1,471ms
[439,026s][debug][gc] GC(1699) Clear Next Bitmap 2,144ms
[439,839s][info ][gc] GC(1699) Pause Full (G1 Humongous Allocation) 1761M->1565M(2048M) 814,658ms
[439,839s][info ][gc] GC(1697) Concurrent Cycle 816,981ms
[439,953s][info ][gc] GC(1700) Pause Young (Concurrent Start) (G1 Humongous Allocation) 1763M->1762M(2048M) 23,839ms
[439,953s][info ][gc] GC(1701) Concurrent Cycle
[440,088s][info ][gc] GC(1702) Pause Young (Normal) (G1 Humongous Allocation) 1961M->1960M(2048M) 20,513ms
[440,091s][debug][gc] GC(1703) Clear Next Bitmap 2,158ms
[440,895s][info ][gc] GC(1703) Pause Full (G1 Humongous Allocation) 1960M->1567M(2048M) 806,819ms
[440,897s][info ][gc] GC(1701) Concurrent Cycle 943,914ms
[441,008s][info ][gc] GC(1704) Pause Young (Concurrent Start) (G1 Humongous Allocation) 1766M->1765M(2048M) 21,724ms
[441,008s][info ][gc] GC(1705) Concurrent Cycle
[441,009s][info ][gc] GC(1706) Pause Young (Normal) (G1 Humongous Allocation) 1765M->1765M(2048M) 0,767ms
[441,011s][debug][gc] GC(1707) Clear Next Bitmap 2,261ms
[441,813s][info ][gc] GC(1707) Pause Full (G1 Humongous Allocation) 1765M->1568M(2048M) 804,251ms
[441,814s][info ][gc] GC(1705) Concurrent Cycle 805,835ms
[441,926s][info ][gc] GC(1708) Pause Young (Concurrent Start) (G1 Humongous Allocation) 1767M->1766M(2048M) 19,702ms
[441,926s][info ][gc] GC(1709) Concurrent Cycle
[441,928s][info ][gc] GC(1710) Pause Young (Normal) (G1 Humongous Allocation) 1766M->1766M(2048M) 1,441ms
[441,930s][debug][gc] GC(1711) Clear Next Bitmap 2,127ms
[442,736s][info ][gc] GC(1711) Pause Full (G1 Humongous Allocation) 1766M->1568M(2048M) 807,418ms
[442,737s][info ][gc] GC(1709) Concurrent Cycle 810,215ms
[442,866s][info ][gc] GC(1712) Pause Young (Concurrent Start) (G1 Humongous Allocation) 1767M->1766M(2048M) 22,330ms
[442,866s][info ][gc] GC(1713) Concurrent Cycle
[442,868s][info ][gc] GC(1714) Pause Young (Normal) (G1 Humongous Allocation) 1766M->1766M(2048M) 1,627ms
[442,870s][debug][gc] GC(1715) Clear Next Bitmap 2,170ms
[443,674s][info ][gc] GC(1715) Pause Full (G1 Humongous Allocation) 1766M->1569M(2048M) 805,765ms
[443,675s][info ][gc] GC(1713) Concurrent Cycle 808,956ms
[443,787s][info ][gc] GC(1716) Pause Young (Concurrent Start) (G1 Humongous Allocation) 1768M->1767M(2048M) 13,106ms
[443,787s][info ][gc] GC(1717) Concurrent Cycle
[443,924s][info ][gc] GC(1718) Pause Young (Normal) (G1 Humongous Allocation) 1965M->1964M(2048M) 24,025ms
[443,926s][debug][gc] GC(1719) Clear Next Bitmap 2,147ms
[444,730s][info ][gc] GC(1719) Pause Full (G1 Humongous Allocation) 1964M->1570M(2048M) 805,434ms
[444,731s][info ][gc] GC(1717) Concurrent Cycle 943,456ms
[444,843s][info ][gc] GC(1720) Pause Young (Concurrent Start) (G1 Humongous Allocation) 1769M->1768M(2048M) 20,532ms
[444,843s][info ][gc] GC(1721) Concurrent Cycle
[444,982s][info ][gc] GC(1722) Pause Young (Normal) (G1 Humongous Allocation) 1966M->1965M(2048M) 21,343ms
[444,985s][debug][gc] GC(1723) Clear Next Bitmap 2,186ms
[445,786s][info ][gc] GC(1723) Pause Full (G1 Humongous Allocation) 1965M->1571M(2048M) 803,237ms
[445,806s][info ][gc] GC(1721) Concurrent Cycle 963,249ms
[445,898s][info ][gc] GC(1724) Pause Young (Concurrent Start) (G1 Humongous Allocation) 1770M->1769M(2048M) 22,968ms
[445,898s][info ][gc] GC(1725) Concurrent Cycle
[445,900s][info ][gc] GC(1726) Pause Young (Normal) (G1 Humongous Allocation) 1769M->1769M(2048M) 1,482ms
[445,902s][debug][gc] GC(1727) Clear Next Bitmap 2,171ms
[446,711s][info ][gc] GC(1727) Pause Full (G1 Humongous Allocation) 1769M->1572M(2048M) 810,553ms
[446,711s][info ][gc] GC(1725) Concurrent Cycle 812,836ms
[446,823s][info ][gc] GC(1728) Pause Young (Concurrent Start) (G1 Humongous Allocation) 1771M->1769M(2048M) 37,711ms
[446,823s][info ][gc] GC(1729) Concurrent Cycle
[446,825s][info ][gc] GC(1730) Pause Young (Normal) (G1 Humongous Allocation) 1769M->1769M(2048M) 1,380ms
[446,827s][debug][gc] GC(1731) Clear Next Bitmap 2,176ms
[447,641s][info ][gc] GC(1731) Pause Full (G1 Humongous Allocation) 1769M->1572M(2048M) 816,117ms
[447,641s][info ][gc] GC(1729) Concurrent Cycle 818,381ms
[447,756s][info ][gc] GC(1732) Pause Young (Concurrent Start) (G1 Humongous Allocation) 1771M->1770M(2048M) 18,552ms
[447,756s][info ][gc] GC(1733) Concurrent Cycle
[447,893s][info ][gc] GC(1734) Pause Young (Normal) (G1 Humongous Allocation) 1968M->1967M(2048M) 20,826ms
[447,895s][debug][gc] GC(1735) Clear Next Bitmap 2,208ms
[448,787s][info ][gc] GC(1735) Pause Full (G1 Humongous Allocation) 1967M->1573M(2048M) 894,120ms
[448,788s][info ][gc] GC(1733) Concurrent Cycle 1031,760ms
[448,907s][info ][gc] GC(1736) Pause Young (Concurrent Start) (G1 Humongous Allocation) 1772M->1771M(2048M) 24,345ms
[448,907s][info ][gc] GC(1737) Concurrent Cycle
[448,909s][info ][gc] GC(1738) Pause Young (Normal) (G1 Humongous Allocation) 1771M->1771M(2048M) 1,431ms
[448,912s][debug][gc] GC(1739) Clear Next Bitmap 2,340ms
[449,722s][info ][gc] GC(1739) Pause Full (G1 Humongous Allocation) 1771M->1574M(2048M) 812,185ms
[449,722s][info ][gc] GC(1737) Concurrent Cycle 814,581ms
[449,842s][info ][gc] GC(1740) Pause Young (Concurrent Start) (G1 Humongous Allocation) 1774M->1773M(2048M) 27,708ms
[449,842s][info ][gc] GC(1741) Concurrent Cycle
[449,843s][info ][gc] GC(1742) Pause Young (Normal) (G1 Humongous Allocation) 1773M->1772M(2048M) 0,721ms
[449,845s][debug][gc] GC(1743) Clear Next Bitmap 2,131ms
[450,652s][info ][gc] GC(1743) Pause Full (G1 Humongous Allocation) 1772M->1575M(2048M) 808,757ms
[451,455s][info ][gc] GC(1744) Pause Full (G1 Humongous Allocation) 1575M->1575M(2048M) 802,433ms
[451,455s][info ][gc] GC(1741) Concurrent Cycle 1612,889ms
[451,576s][info ][gc] GC(1745) Pause Young (Concurrent Start) (G1 Humongous Allocation) 1776M->1774M(2048M) 45,931ms
[451,576s][info ][gc] GC(1746) Concurrent Cycle
[451,579s][info ][gc] GC(1747) Pause Young (Normal) (G1 Humongous Allocation) 1774M->1774M(2048M) 1,966ms
[451,582s][debug][gc] GC(1748) Clear Next Bitmap 3,248ms
[452,399s][info ][gc] GC(1748) Pause Full (G1 Humongous Allocation) 1774M->1576M(2048M) 819,978ms
[452,399s][info ][gc] GC(1746) Concurrent Cycle 822,925ms
[452,511s][info ][gc] GC(1749) Pause Young (Concurrent Start) (G1 Humongous Allocation) 1776M->1775M(2048M) 20,542ms
[452,511s][info ][gc] GC(1750) Concurrent Cycle
[452,654s][info ][gc] GC(1751) Pause Young (Normal) (G1 Humongous Allocation) 1974M->1973M(2048M) 13,923ms
[452,657s][debug][gc] GC(1752) Clear Next Bitmap 2,070ms
[453,459s][info ][gc] GC(1752) Pause Full (G1 Humongous Allocation) 1973M->1577M(2048M) 803,909ms
[453,459s][info ][gc] GC(1750) Concurrent Cycle 947,792ms
[453,568s][info ][gc] GC(1753) Pause Young (Concurrent Start) (G1 Humongous Allocation) 1777M->1776M(2048M) 19,536ms
[453,568s][info ][gc] GC(1754) Concurrent Cycle
[453,702s][info ][gc] GC(1755) Pause Young (Normal) (G1 Humongous Allocation) 1975M->1974M(2048M) 22,070ms
[453,704s][debug][gc] GC(1756) Clear Next Bitmap 2,122ms
[454,510s][info ][gc] GC(1756) Pause Full (G1 Humongous Allocation) 1974M->1578M(2048M) 807,572ms
[454,511s][info ][gc] GC(1754) Concurrent Cycle 943,120ms
[454,622s][info ][gc] GC(1757) Pause Young (Concurrent Start) (G1 Humongous Allocation) 1779M->1777M(2048M) 19,200ms
[454,622s][info ][gc] GC(1758) Concurrent Cycle
[454,623s][info ][gc] GC(1759) Pause Young (Normal) (G1 Humongous Allocation) 1777M->1777M(2048M) 0,702ms
[454,625s][debug][gc] GC(1760) Clear Next Bitmap 2,144ms
[455,461s][info ][gc] GC(1760) Pause Full (G1 Humongous Allocation) 1777M->1579M(2048M) 837,508ms
[455,461s][info ][gc] GC(1758) Concurrent Cycle 839,107ms
[455,568s][info ][gc] GC(1761) Pause Young (Concurrent Start) (G1 Humongous Allocation) 1779M->1777M(2048M) 20,883ms
[455,569s][info ][gc] GC(1762) Concurrent Cycle
[455,570s][info ][gc] GC(1763) Pause Young (Normal) (G1 Humongous Allocation) 1777M->1777M(2048M) 0,676ms
[455,572s][debug][gc] GC(1764) Clear Next Bitmap 2,235ms
[456,384s][info ][gc] GC(1764) Pause Full (G1 Humongous Allocation) 1777M->1579M(2048M) 813,934ms
[456,384s][info ][gc] GC(1762) Concurrent Cycle 815,499ms
[456,487s][info ][gc] GC(1765) Pause Young (Concurrent Start) (G1 Humongous Allocation) 1779M->1778M(2048M) 22,909ms
[456,487s][info ][gc] GC(1766) Concurrent Cycle
[456,488s][info ][gc] GC(1767) Pause Young (Normal) (G1 Humongous Allocation) 1778M->1778M(2048M) 0,674ms
[456,490s][debug][gc] GC(1768) Clear Next Bitmap 2,273ms
[457,299s][info ][gc] GC(1768) Pause Full (G1 Humongous Allocation) 1778M->1580M(2048M) 811,303ms
[457,299s][info ][gc] GC(1766) Concurrent Cycle 812,818ms
[457,415s][info ][gc] GC(1769) Pause Young (Concurrent Start) (G1 Humongous Allocation) 1780M->1778M(2048M) 28,315ms
[457,415s][info ][gc] GC(1770) Concurrent Cycle
[457,417s][info ][gc] GC(1771) Pause Young (Normal) (G1 Humongous Allocation) 1778M->1778M(2048M) 1,293ms
[457,419s][debug][gc] GC(1772) Clear Next Bitmap 2,141ms
[458,298s][info ][gc] GC(1772) Pause Full (G1 Humongous Allocation) 1778M->1580M(2048M) 881,535ms
[458,299s][info ][gc] GC(1770) Concurrent Cycle 883,506ms
[458,409s][info ][gc] GC(1773) Pause Young (Concurrent Start) (G1 Humongous Allocation) 1780M->1779M(2048M) 18,764ms
[458,409s][info ][gc] GC(1774) Concurrent Cycle
[458,556s][info ][gc] GC(1775) Pause Young (Normal) (G1 Humongous Allocation) 1978M->1977M(2048M) 28,336ms
[458,558s][debug][gc] GC(1776) Clear Next Bitmap 2,468ms
[459,413s][info ][gc] GC(1776) Pause Full (G1 Humongous Allocation) 1977M->1581M(2048M) 857,170ms
[459,414s][info ][gc] GC(1774) Concurrent Cycle 1004,984ms
[459,527s][info ][gc] GC(1777) Pause Young (Concurrent Start) (G1 Humongous Allocation) 1781M->1780M(2048M) 22,797ms
[459,528s][info ][gc] GC(1778) Concurrent Cycle
[459,531s][info ][gc] GC(1779) Pause Young (Normal) (G1 Humongous Allocation) 1780M->1780M(2048M) 2,644ms
[459,533s][debug][gc] GC(1780) Clear Next Bitmap 2,324ms
[460,363s][info ][gc] GC(1780) Pause Full (G1 Humongous Allocation) 1780M->1582M(2048M) 831,936ms
[460,364s][info ][gc] GC(1778) Concurrent Cycle 836,738ms
[460,466s][info ][gc] GC(1781) Pause Young (Concurrent Start) (G1 Humongous Allocation) 1783M->1781M(2048M) 16,497ms
[460,466s][info ][gc] GC(1782) Concurrent Cycle
[460,467s][info ][gc] GC(1783) Pause Young (Normal) (G1 Humongous Allocation) 1781M->1781M(2048M) 0,619ms
[460,469s][debug][gc] GC(1784) Clear Next Bitmap 2,115ms
[461,391s][info ][gc] GC(1784) Pause Full (G1 Humongous Allocation) 1781M->1583M(2048M) 924,550ms
[461,392s][info ][gc] GC(1782) Concurrent Cycle 926,031ms
[461,513s][info ][gc] GC(1785) Pause Young (Concurrent Start) (G1 Humongous Allocation) 1784M->1783M(2048M) 25,832ms
[461,513s][info ][gc] GC(1786) Concurrent Cycle
[461,514s][info ][gc] GC(1787) Pause Young (Normal) (G1 Humongous Allocation) 1783M->1783M(2048M) 0,613ms
[461,517s][debug][gc] GC(1788) Clear Next Bitmap 2,160ms
[462,404s][info ][gc] GC(1788) Pause Full (G1 Humongous Allocation) 1783M->1584M(2048M) 889,654ms
[462,405s][info ][gc] GC(1786) Concurrent Cycle 891,182ms
[462,521s][info ][gc] GC(1789) Pause Young (Concurrent Start) (G1 Humongous Allocation) 1785M->1783M(2048M) 22,688ms
[462,521s][info ][gc] GC(1790) Concurrent Cycle
[462,659s][info ][gc] GC(1791) Pause Young (Normal) (G1 Humongous Allocation) 1984M->1983M(2048M) 17,917ms
[462,662s][debug][gc] GC(1792) Clear Next Bitmap 2,139ms
[463,521s][info ][gc] GC(1792) Pause Full (G1 Humongous Allocation) 1983M->1585M(2048M) 861,331ms
[463,521s][info ][gc] GC(1790) Concurrent Cycle 1000,250ms
[463,633s][info ][gc] GC(1793) Pause Young (Concurrent Start) (G1 Humongous Allocation) 1786M->1785M(2048M) 19,404ms
[463,633s][info ][gc] GC(1794) Concurrent Cycle
[463,635s][info ][gc] GC(1795) Pause Young (Normal) (G1 Humongous Allocation) 1785M->1784M(2048M) 1,608ms
[463,638s][debug][gc] GC(1796) Clear Next Bitmap 3,287ms
[464,532s][info ][gc] GC(1796) Pause Full (G1 Humongous Allocation) 1784M->1585M(2048M) 896,500ms
[464,532s][info ][gc] GC(1794) Concurrent Cycle 898,920ms
[464,658s][info ][gc] GC(1797) Pause Young (Concurrent Start) (G1 Humongous Allocation) 1786M->1785M(2048M) 39,954ms
[464,658s][info ][gc] GC(1798) Concurrent Cycle
[464,660s][info ][gc] GC(1799) Pause Young (Normal) (G1 Humongous Allocation) 1785M->1785M(2048M) 1,440ms
[464,662s][debug][gc] GC(1800) Clear Next Bitmap 2,172ms
[465,593s][info ][gc] GC(1800) Pause Full (G1 Humongous Allocation) 1785M->1586M(2048M) 932,689ms
[465,594s][info ][gc] GC(1798) Concurrent Cycle 935,914ms
[465,706s][info ][gc] GC(1801) Pause Young (Concurrent Start) (G1 Humongous Allocation) 1787M->1786M(2048M) 19,624ms
[465,706s][info ][gc] GC(1802) Concurrent Cycle
[465,707s][info ][gc] GC(1803) Pause Young (Normal) (G1 Humongous Allocation) 1786M->1786M(2048M) 0,626ms
[465,710s][debug][gc] GC(1804) Clear Next Bitmap 2,802ms
[466,537s][info ][gc] GC(1804) Pause Full (G1 Humongous Allocation) 1786M->1586M(2048M) 829,980ms
[466,537s][info ][gc] GC(1802) Concurrent Cycle 831,379ms
[466,654s][info ][gc] GC(1805) Pause Young (Concurrent Start) (G1 Humongous Allocation) 1787M->1786M(2048M) 22,323ms
[466,654s][info ][gc] GC(1806) Concurrent Cycle
[466,792s][info ][gc] GC(1807) Pause Young (Normal) (G1 Humongous Allocation) 1987M->1986M(2048M) 18,952ms
[466,795s][debug][gc] GC(1808) Clear Next Bitmap 2,074ms
[467,624s][info ][gc] GC(1808) Pause Full (G1 Humongous Allocation) 1986M->1588M(2048M) 831,708ms
[467,625s][info ][gc] GC(1806) Concurrent Cycle 970,554ms
[467,743s][info ][gc] GC(1809) Pause Young (Concurrent Start) (G1 Humongous Allocation) 1789M->1787M(2048M) 31,967ms
[467,743s][info ][gc] GC(1810) Concurrent Cycle
[467,744s][info ][gc] GC(1811) Pause Young (Normal) (G1 Humongous Allocation) 1787M->1787M(2048M) 0,556ms
[467,746s][debug][gc] GC(1812) Clear Next Bitmap 2,077ms
[468,558s][info ][gc] GC(1812) Pause Full (G1 Humongous Allocation) 1787M->1588M(2048M) 814,392ms
[468,558s][info ][gc] GC(1810) Concurrent Cycle 815,621ms
[468,671s][info ][gc] GC(1813) Pause Young (Concurrent Start) (G1 Humongous Allocation) 1789M->1788M(2048M) 18,570ms
[468,671s][info ][gc] GC(1814) Concurrent Cycle
[468,802s][info ][gc] GC(1815) Pause Young (Normal) (G1 Humongous Allocation) 1988M->1987M(2048M) 20,537ms
[468,805s][debug][gc] GC(1816) Clear Next Bitmap 2,177ms
[469,620s][info ][gc] GC(1816) Pause Full (G1 Humongous Allocation) 1987M->1589M(2048M) 817,554ms
[469,621s][info ][gc] GC(1814) Concurrent Cycle 949,495ms
[469,735s][info ][gc] GC(1817) Pause Young (Concurrent Start) (G1 Humongous Allocation) 1790M->1789M(2048M) 23,114ms
[469,735s][info ][gc] GC(1818) Concurrent Cycle
[469,869s][info ][gc] GC(1819) Pause Young (Normal) (G1 Humongous Allocation) 1990M->1989M(2048M) 20,161ms
[469,871s][debug][gc] GC(1820) Clear Next Bitmap 2,184ms
[470,684s][info ][gc] GC(1820) Pause Full (G1 Humongous Allocation) 1989M->1591M(2048M) 815,082ms
[470,685s][info ][gc] GC(1818) Concurrent Cycle 949,895ms
[470,799s][info ][gc] GC(1821) Pause Young (Concurrent Start) (G1 Humongous Allocation) 1793M->1792M(2048M) 23,457ms
[470,799s][info ][gc] GC(1822) Concurrent Cycle
[470,801s][info ][gc] GC(1823) Pause Young (Normal) (G1 Humongous Allocation) 1792M->1792M(2048M) 1,422ms
[470,803s][debug][gc] GC(1824) Clear Next Bitmap 2,175ms
[471,629s][info ][gc] GC(1824) Pause Full (G1 Humongous Allocation) 1792M->1592M(2048M) 828,048ms
[471,629s][info ][gc] GC(1822) Concurrent Cycle 830,323ms
[471,742s][info ][gc] GC(1825) Pause Young (Concurrent Start) (G1 Humongous Allocation) 1794M->1792M(2048M) 20,045ms
[471,742s][info ][gc] GC(1826) Concurrent Cycle
[471,876s][info ][gc] GC(1827) Pause Young (Normal) (G1 Humongous Allocation) 1994M->1993M(2048M) 21,565ms
[471,878s][debug][gc] GC(1828) Clear Next Bitmap 2,119ms
[472,697s][info ][gc] GC(1828) Pause Full (G1 Humongous Allocation) 1993M->1593M(2048M) 820,936ms
[472,698s][info ][gc] GC(1826) Concurrent Cycle 956,117ms
[472,811s][info ][gc] GC(1829) Pause Young (Concurrent Start) (G1 Humongous Allocation) 1795M->1793M(2048M) 19,438ms
[472,811s][info ][gc] GC(1830) Concurrent Cycle
[472,812s][info ][gc] GC(1831) Pause Young (Normal) (G1 Humongous Allocation) 1793M->1793M(2048M) 0,668ms
[472,814s][debug][gc] GC(1832) Clear Next Bitmap 2,178ms
[473,641s][info ][gc] GC(1832) Pause Full (G1 Humongous Allocation) 1793M->1593M(2048M) 828,322ms
[473,641s][info ][gc] GC(1830) Concurrent Cycle 829,788ms
[473,762s][info ][gc] GC(1833) Pause Young (Concurrent Start) (G1 Humongous Allocation) 1795M->1794M(2048M) 21,256ms
[473,762s][info ][gc] GC(1834) Concurrent Cycle
[473,764s][info ][gc] GC(1835) Pause Young (Normal) (G1 Humongous Allocation) 1794M->1794M(2048M) 1,444ms
[473,766s][debug][gc] GC(1836) Clear Next Bitmap 2,176ms
[474,588s][info ][gc] GC(1836) Pause Full (G1 Humongous Allocation) 1794M->1594M(2048M) 824,122ms
[474,589s][info ][gc] GC(1834) Concurrent Cycle 826,664ms
[474,703s][info ][gc] GC(1837) Pause Young (Concurrent Start) (G1 Humongous Allocation) 1796M->1795M(2048M) 19,709ms
[474,703s][info ][gc] GC(1838) Concurrent Cycle
[474,705s][info ][gc] GC(1839) Pause Young (Normal) (G1 Humongous Allocation) 1795M->1794M(2048M) 1,432ms
[474,708s][debug][gc] GC(1840) Clear Next Bitmap 2,527ms
[475,524s][info ][gc] GC(1840) Pause Full (G1 Humongous Allocation) 1794M->1594M(2048M) 818,539ms
[475,524s][info ][gc] GC(1838) Concurrent Cycle 821,271ms
[475,637s][info ][gc] GC(1841) Pause Young (Concurrent Start) (G1 Humongous Allocation) 1796M->1795M(2048M) 20,979ms
[475,637s][info ][gc] GC(1842) Concurrent Cycle
[475,638s][info ][gc] GC(1843) Pause Young (Normal) (G1 Humongous Allocation) 1795M->1795M(2048M) 0,639ms
[475,641s][debug][gc] GC(1844) Clear Next Bitmap 2,209ms
[476,477s][info ][gc] GC(1844) Pause Full (G1 Humongous Allocation) 1795M->1595M(2048M) 838,164ms
[476,477s][info ][gc] GC(1842) Concurrent Cycle 839,697ms
[476,590s][info ][gc] GC(1845) Pause Young (Concurrent Start) (G1 Humongous Allocation) 1797M->1796M(2048M) 23,176ms
[476,590s][info ][gc] GC(1846) Concurrent Cycle
[476,591s][info ][gc] GC(1847) Pause Young (Normal) (G1 Humongous Allocation) 1796M->1796M(2048M) 0,726ms
[476,593s][debug][gc] GC(1848) Clear Next Bitmap 2,112ms
[477,451s][info ][gc] GC(1848) Pause Full (G1 Humongous Allocation) 1796M->1595M(2048M) 859,936ms
[477,451s][info ][gc] GC(1846) Concurrent Cycle 861,506ms
[477,561s][info ][gc] GC(1849) Pause Young (Concurrent Start) (G1 Humongous Allocation) 1797M->1796M(2048M) 39,074ms
[477,561s][info ][gc] GC(1850) Concurrent Cycle
[477,563s][info ][gc] GC(1851) Pause Young (Normal) (G1 Humongous Allocation) 1796M->1796M(2048M) 0,966ms
[477,707s][info ][gc] GC(1852) Pause Young (Normal) (G1 Humongous Allocation) 1998M->1997M(2048M) 20,331ms
[477,710s][debug][gc] GC(1853) Clear Next Bitmap 2,998ms
[478,686s][info ][gc] GC(1853) Pause Full (G1 Humongous Allocation) 1997M->1596M(2048M) 978,223ms
[478,686s][info ][gc] GC(1850) Concurrent Cycle 1124,486ms
[478,796s][info ][gc] GC(1854) Pause Young (Concurrent Start) (G1 Humongous Allocation) 1798M->1797M(2048M) 20,527ms
[478,796s][info ][gc] GC(1855) Concurrent Cycle
[478,942s][info ][gc] GC(1856) Pause Young (Normal) (G1 Humongous Allocation) 1999M->1998M(2048M) 27,906ms
[478,945s][debug][gc] GC(1857) Clear Next Bitmap 2,753ms
[479,823s][info ][gc] GC(1857) Pause Full (G1 Humongous Allocation) 1998M->1598M(2048M) 881,101ms
[479,824s][info ][gc] GC(1855) Concurrent Cycle 1028,365ms
[479,942s][info ][gc] GC(1858) Pause Young (Concurrent Start) (G1 Humongous Allocation) 1801M->1799M(2048M) 21,849ms
[479,942s][info ][gc] GC(1859) Concurrent Cycle
[480,079s][info ][gc] GC(1860) Pause Young (Normal) (G1 Humongous Allocation) 2002M->2001M(2048M) 18,800ms
[480,082s][debug][gc] GC(1861) Clear Next Bitmap 2,207ms
[480,907s][info ][gc] GC(1861) Pause Full (G1 Humongous Allocation) 2001M->1600M(2048M) 826,951ms
[480,907s][info ][gc] GC(1859) Concurrent Cycle 964,885ms
[481,021s][info ][gc] GC(1862) Pause Young (Concurrent Start) (G1 Humongous Allocation) 1803M->1801M(2048M) 19,670ms
[481,022s][info ][gc] GC(1863) Concurrent Cycle
[481,023s][info ][gc] GC(1864) Pause Young (Normal) (G1 Humongous Allocation) 1801M->1801M(2048M) 0,776ms
[481,025s][debug][gc] GC(1865) Clear Next Bitmap 2,112ms
[481,852s][info ][gc] GC(1865) Pause Full (G1 Humongous Allocation) 1801M->1600M(2048M) 828,670ms
[481,852s][info ][gc] GC(1863) Concurrent Cycle 830,303ms
[481,967s][info ][gc] GC(1866) Pause Young (Concurrent Start) (G1 Humongous Allocation) 1803M->1802M(2048M) 21,464ms
[481,967s][info ][gc] GC(1867) Concurrent Cycle
[482,108s][info ][gc] GC(1868) Pause Young (Normal) (G1 Humongous Allocation) 2004M->2003M(2048M) 20,960ms
[482,110s][debug][gc] GC(1869) Clear Next Bitmap 2,143ms
[482,928s][info ][gc] GC(1869) Pause Full (G1 Humongous Allocation) 2003M->1601M(2048M) 819,458ms
[482,929s][info ][gc] GC(1867) Concurrent Cycle 961,451ms
[483,041s][info ][gc] GC(1870) Pause Young (Concurrent Start) (G1 Humongous Allocation) 1804M->1803M(2048M) 21,359ms
[483,041s][info ][gc] GC(1871) Concurrent Cycle
[483,043s][info ][gc] GC(1872) Pause Young (Normal) (G1 Humongous Allocation) 1803M->1803M(2048M) 1,487ms
[483,045s][debug][gc] GC(1873) Clear Next Bitmap 2,154ms
[483,867s][info ][gc] GC(1873) Pause Full (G1 Humongous Allocation) 1803M->1602M(2048M) 824,643ms
[483,868s][info ][gc] GC(1871) Concurrent Cycle 826,926ms
[483,984s][info ][gc] GC(1874) Pause Young (Concurrent Start) (G1 Humongous Allocation) 1805M->1803M(2048M) 19,103ms
[483,984s][info ][gc] GC(1875) Concurrent Cycle
[483,985s][info ][gc] GC(1876) Pause Young (Normal) (G1 Humongous Allocation) 1803M->1803M(2048M) 0,791ms
[483,988s][debug][gc] GC(1877) Clear Next Bitmap 2,421ms
[484,808s][info ][gc] GC(1877) Pause Full (G1 Humongous Allocation) 1803M->1602M(2048M) 823,029ms
[484,809s][info ][gc] GC(1875) Concurrent Cycle 824,701ms
[484,941s][info ][gc] GC(1878) Pause Young (Concurrent Start) (G1 Humongous Allocation) 1805M->1804M(2048M) 21,405ms
[484,941s][info ][gc] GC(1879) Concurrent Cycle
[484,943s][info ][gc] GC(1880) Pause Young (Normal) (G1 Humongous Allocation) 1804M->1804M(2048M) 1,579ms
[484,945s][debug][gc] GC(1881) Clear Next Bitmap 2,191ms
[485,769s][info ][gc] GC(1881) Pause Full (G1 Humongous Allocation) 1804M->1603M(2048M) 826,331ms
[485,770s][info ][gc] GC(1879) Concurrent Cycle 828,718ms
[485,878s][info ][gc] GC(1882) Pause Young (Concurrent Start) (G1 Humongous Allocation) 1807M->1805M(2048M) 38,458ms
[485,878s][info ][gc] GC(1883) Concurrent Cycle
[486,019s][info ][gc] GC(1884) Pause Young (Normal) (G1 Humongous Allocation) 2007M->2006M(2048M) 17,649ms
[486,021s][debug][gc] GC(1885) Clear Next Bitmap 2,148ms
[486,943s][info ][gc] GC(1885) Pause Full (G1 Humongous Allocation) 2006M->1604M(2048M) 924,201ms
[486,944s][info ][gc] GC(1883) Concurrent Cycle 1066,368ms
[487,062s][info ][gc] GC(1886) Pause Young (Concurrent Start) (G1 Humongous Allocation) 1807M->1806M(2048M) 18,746ms
[487,062s][info ][gc] GC(1887) Concurrent Cycle
[487,064s][info ][gc] GC(1888) Pause Young (Normal) (G1 Humongous Allocation) 1806M->1806M(2048M) 1,336ms
[487,067s][debug][gc] GC(1889) Clear Next Bitmap 2,194ms
[488,082s][info ][gc] GC(1889) Pause Full (G1 Humongous Allocation) 1806M->1604M(2048M) 1018,131ms
[488,083s][info ][gc] GC(1887) Concurrent Cycle 1020,423ms
[488,207s][info ][gc] GC(1890) Pause Young (Concurrent Start) (G1 Humongous Allocation) 1807M->1806M(2048M) 38,643ms
[488,207s][info ][gc] GC(1891) Concurrent Cycle
[488,208s][info ][gc] GC(1892) Pause Young (Normal) (G1 Humongous Allocation) 1806M->1806M(2048M) 0,746ms
[488,211s][debug][gc] GC(1893) Clear Next Bitmap 2,731ms
[489,108s][info ][gc] GC(1893) Pause Full (G1 Humongous Allocation) 1806M->1605M(2048M) 899,249ms
[489,109s][info ][gc] GC(1891) Concurrent Cycle 901,695ms
[489,220s][info ][gc] GC(1894) Pause Young (Concurrent Start) (G1 Humongous Allocation) 1808M->1807M(2048M) 18,293ms
[489,221s][info ][gc] GC(1895) Concurrent Cycle
[489,222s][info ][gc] GC(1896) Pause Young (Normal) (G1 Humongous Allocation) 1807M->1807M(2048M) 0,653ms
[489,224s][debug][gc] GC(1897) Clear Next Bitmap 2,204ms
[490,053s][info ][gc] GC(1897) Pause Full (G1 Humongous Allocation) 1807M->1605M(2048M) 831,360ms
[490,053s][info ][gc] GC(1895) Concurrent Cycle 832,874ms
[490,168s][info ][gc] GC(1898) Pause Young (Concurrent Start) (G1 Humongous Allocation) 1809M->1808M(2048M) 19,986ms
[490,168s][info ][gc] GC(1899) Concurrent Cycle
[490,169s][info ][gc] GC(1900) Pause Young (Normal) (G1 Humongous Allocation) 1808M->1808M(2048M) 0,693ms
[490,172s][debug][gc] GC(1901) Clear Next Bitmap 2,201ms
[490,995s][info ][gc] GC(1901) Pause Full (G1 Humongous Allocation) 1808M->1607M(2048M) 826,075ms
[490,997s][info ][gc] GC(1899) Concurrent Cycle 828,423ms
[491,110s][info ][gc] GC(1902) Pause Young (Concurrent Start) (G1 Humongous Allocation) 1811M->1810M(2048M) 22,923ms
[491,110s][info ][gc] GC(1903) Concurrent Cycle
[491,112s][info ][gc] GC(1904) Pause Young (Normal) (G1 Humongous Allocation) 1810M->1810M(2048M) 1,506ms
[491,114s][debug][gc] GC(1905) Clear Next Bitmap 2,163ms
[491,952s][info ][gc] GC(1905) Pause Full (G1 Humongous Allocation) 1810M->1608M(2048M) 840,275ms
[491,953s][info ][gc] GC(1903) Concurrent Cycle 842,683ms
[492,066s][info ][gc] GC(1906) Pause Young (Concurrent Start) (G1 Humongous Allocation) 1812M->1810M(2048M) 19,662ms
[492,066s][info ][gc] GC(1907) Concurrent Cycle
[492,068s][info ][gc] GC(1908) Pause Young (Normal) (G1 Humongous Allocation) 1810M->1810M(2048M) 1,487ms
[492,070s][debug][gc] GC(1909) Clear Next Bitmap 2,159ms
[492,897s][info ][gc] GC(1909) Pause Full (G1 Humongous Allocation) 1810M->1608M(2048M) 828,740ms
[492,898s][info ][gc] GC(1907) Concurrent Cycle 831,388ms
[493,013s][info ][gc] GC(1910) Pause Young (Concurrent Start) (G1 Humongous Allocation) 1812M->1811M(2048M) 21,696ms
[493,013s][info ][gc] GC(1911) Concurrent Cycle
[493,015s][info ][gc] GC(1912) Pause Young (Normal) (G1 Humongous Allocation) 1811M->1811M(2048M) 1,311ms
[493,017s][debug][gc] GC(1913) Clear Next Bitmap 2,103ms
[493,846s][info ][gc] GC(1913) Pause Full (G1 Humongous Allocation) 1811M->1609M(2048M) 831,789ms
[493,847s][info ][gc] GC(1911) Concurrent Cycle 834,003ms
[493,966s][info ][gc] GC(1914) Pause Young (Concurrent Start) (G1 Humongous Allocation) 1813M->1811M(2048M) 20,979ms
[493,966s][info ][gc] GC(1915) Concurrent Cycle
[493,968s][info ][gc] GC(1916) Pause Young (Normal) (G1 Humongous Allocation) 1811M->1811M(2048M) 1,435ms
[493,970s][debug][gc] GC(1917) Clear Next Bitmap 2,119ms
[494,795s][info ][gc] GC(1917) Pause Full (G1 Humongous Allocation) 1811M->1609M(2048M) 827,607ms
[494,796s][info ][gc] GC(1915) Concurrent Cycle 829,908ms
[494,910s][info ][gc] GC(1918) Pause Young (Concurrent Start) (G1 Humongous Allocation) 1813M->1812M(2048M) 21,213ms
[494,910s][info ][gc] GC(1919) Concurrent Cycle
[494,912s][info ][gc] GC(1920) Pause Young (Normal) (G1 Humongous Allocation) 1812M->1812M(2048M) 1,371ms
[494,914s][debug][gc] GC(1921) Clear Next Bitmap 2,153ms
[495,849s][info ][gc] GC(1921) Pause Full (G1 Humongous Allocation) 1812M->1610M(2048M) 937,366ms
[496,832s][info ][gc] GC(1922) Pause Full (G1 Humongous Allocation) 1610M->1610M(2048M) 982,871ms
[496,833s][info ][gc] GC(1919) Concurrent Cycle 1922,568ms
[496,965s][info ][gc] GC(1923) Pause Young (Concurrent Start) (G1 Humongous Allocation) 1814M->1812M(2048M) 25,525ms
[496,965s][info ][gc] GC(1924) Concurrent Cycle
[496,967s][info ][gc] GC(1925) Pause Young (Normal) (G1 Humongous Allocation) 1812M->1812M(2048M) 1,019ms
[496,969s][debug][gc] GC(1926) Clear Next Bitmap 2,169ms
[497,837s][info ][gc] GC(1926) Pause Full (G1 Humongous Allocation) 1812M->1610M(2048M) 869,929ms
[497,837s][info ][gc] GC(1924) Concurrent Cycle 872,040ms
[497,953s][info ][gc] GC(1927) Pause Young (Concurrent Start) (G1 Humongous Allocation) 1814M->1813M(2048M) 17,738ms
[497,953s][info ][gc] GC(1928) Concurrent Cycle
[498,090s][info ][gc] GC(1929) Pause Young (Normal) (G1 Humongous Allocation) 2016M->2015M(2048M) 19,007ms
[498,093s][debug][gc] GC(1930) Clear Next Bitmap 2,065ms
[498,939s][info ][gc] GC(1930) Pause Full (G1 Humongous Allocation) 2015M->1611M(2048M) 848,868ms
[499,758s][info ][gc] GC(1931) Pause Full (G1 Humongous Allocation) 1611M->1611M(2048M) 818,357ms
[499,760s][info ][gc] GC(1928) Concurrent Cycle 1806,666ms
[499,877s][info ][gc] GC(1932) Pause Young (Concurrent Start) (G1 Humongous Allocation) 1816M->1814M(2048M) 38,698ms
[499,877s][info ][gc] GC(1933) Concurrent Cycle
[499,878s][info ][gc] GC(1934) Pause Young (Normal) (G1 Humongous Allocation) 1814M->1814M(2048M) 0,854ms
[499,880s][debug][gc] GC(1935) Clear Next Bitmap 2,189ms
[500,781s][info ][gc] GC(1935) Pause Full (G1 Humongous Allocation) 1814M->1612M(2048M) 903,031ms
[500,782s][info ][gc] GC(1933) Concurrent Cycle 905,297ms
[500,907s][info ][gc] GC(1936) Pause Young (Concurrent Start) (G1 Humongous Allocation) 1816M->1814M(2048M) 18,715ms
[500,908s][info ][gc] GC(1937) Concurrent Cycle
[501,046s][info ][gc] GC(1938) Pause Young (Normal) (G1 Humongous Allocation) 2018M->2017M(2048M) 21,006ms
[501,049s][debug][gc] GC(1939) Clear Next Bitmap 2,161ms
[501,869s][info ][gc] GC(1939) Pause Full (G1 Humongous Allocation) 2017M->1613M(2048M) 822,761ms
[501,870s][info ][gc] GC(1937) Concurrent Cycle 962,496ms
[501,985s][info ][gc] GC(1940) Pause Young (Concurrent Start) (G1 Humongous Allocation) 1817M->1816M(2048M) 22,186ms
[501,985s][info ][gc] GC(1941) Concurrent Cycle
[501,986s][info ][gc] GC(1942) Pause Young (Normal) (G1 Humongous Allocation) 1816M->1816M(2048M) 0,626ms
[501,988s][debug][gc] GC(1943) Clear Next Bitmap 2,214ms
[502,826s][info ][gc] GC(1943) Pause Full (G1 Humongous Allocation) 1816M->1613M(2048M) 839,910ms
[503,650s][info ][gc] GC(1944) Pause Full (G1 Humongous Allocation) 1613M->1613M(2048M) 824,147ms
[503,651s][info ][gc] GC(1941) Concurrent Cycle 1665,867ms
[503,776s][info ][gc] GC(1945) Pause Young (Concurrent Start) (G1 Humongous Allocation) 1819M->1817M(2048M) 23,015ms
[503,776s][info ][gc] GC(1946) Concurrent Cycle
[503,778s][info ][gc] GC(1947) Pause Young (Normal) (G1 Humongous Allocation) 1817M->1817M(2048M) 1,495ms
[503,780s][debug][gc] GC(1948) Clear Next Bitmap 2,179ms
[504,606s][info ][gc] GC(1948) Pause Full (G1 Humongous Allocation) 1817M->1615M(2048M) 827,711ms
[504,606s][info ][gc] GC(1946) Concurrent Cycle 830,196ms
[504,722s][info ][gc] GC(1949) Pause Young (Concurrent Start) (G1 Humongous Allocation) 1820M->1819M(2048M) 18,028ms
[504,722s][info ][gc] GC(1950) Concurrent Cycle
[504,725s][info ][gc] GC(1951) Pause Young (Normal) (G1 Humongous Allocation) 1819M->1819M(2048M) 1,591ms
[504,729s][debug][gc] GC(1952) Clear Next Bitmap 4,001ms
[505,565s][info ][gc] GC(1952) Pause Full (G1 Humongous Allocation) 1819M->1615M(2048M) 840,801ms
[505,566s][info ][gc] GC(1950) Concurrent Cycle 843,238ms
[505,681s][info ][gc] GC(1953) Pause Young (Concurrent Start) (G1 Humongous Allocation) 1820M->1819M(2048M) 19,755ms
[505,681s][info ][gc] GC(1954) Concurrent Cycle
[505,819s][info ][gc] GC(1955) Pause Young (Normal) (G1 Humongous Allocation) 2024M->2023M(2048M) 21,682ms
[505,821s][debug][gc] GC(1956) Clear Next Bitmap 2,173ms
[506,662s][info ][gc] GC(1956) Pause Full (G1 Humongous Allocation) 2023M->1617M(2048M) 842,900ms
[506,663s][info ][gc] GC(1954) Concurrent Cycle 981,567ms
[506,779s][info ][gc] GC(1957) Pause Young (Concurrent Start) (G1 Humongous Allocation) 1822M->1820M(2048M) 20,308ms
[506,780s][info ][gc] GC(1958) Concurrent Cycle
[506,781s][info ][gc] GC(1959) Pause Young (Normal) (G1 Humongous Allocation) 1820M->1820M(2048M) 1,490ms
[506,784s][debug][gc] GC(1960) Clear Next Bitmap 2,376ms
[507,687s][info ][gc] GC(1960) Pause Full (G1 Humongous Allocation) 1820M->1617M(2048M) 905,181ms
[507,687s][info ][gc] GC(1958) Concurrent Cycle 907,524ms
[507,802s][info ][gc] GC(1961) Pause Young (Concurrent Start) (G1 Humongous Allocation) 1822M->1821M(2048M) 21,281ms
[507,802s][info ][gc] GC(1962) Concurrent Cycle
[507,947s][info ][gc] GC(1963) Pause Young (Normal) (G1 Humongous Allocation) 2025M->2024M(2048M) 22,308ms
[507,950s][debug][gc] GC(1964) Clear Next Bitmap 2,165ms
[508,787s][info ][gc] GC(1964) Pause Full (G1 Humongous Allocation) 2024M->1618M(2048M) 839,624ms
[508,787s][info ][gc] GC(1962) Concurrent Cycle 985,715ms
[508,902s][info ][gc] GC(1965) Pause Young (Concurrent Start) (G1 Humongous Allocation) 1823M->1822M(2048M) 23,258ms
[508,902s][info ][gc] GC(1966) Concurrent Cycle
[508,904s][info ][gc] GC(1967) Pause Young (Normal) (G1 Humongous Allocation) 1822M->1822M(2048M) 1,692ms
[508,907s][debug][gc] GC(1968) Clear Next Bitmap 2,667ms
[509,745s][info ][gc] GC(1968) Pause Full (G1 Humongous Allocation) 1822M->1619M(2048M) 841,406ms
[509,746s][info ][gc] GC(1966) Concurrent Cycle 844,479ms
[509,850s][info ][gc] GC(1969) Pause Young (Concurrent Start) (G1 Humongous Allocation) 1824M->1822M(2048M) 19,123ms
[509,850s][info ][gc] GC(1970) Concurrent Cycle
[509,851s][info ][gc] GC(1971) Pause Young (Normal) (G1 Humongous Allocation) 1822M->1822M(2048M) 0,591ms
[509,853s][debug][gc] GC(1972) Clear Next Bitmap 2,065ms
[510,685s][info ][gc] GC(1972) Pause Full (G1 Humongous Allocation) 1822M->1619M(2048M) 833,877ms
[511,536s][info ][gc] GC(1973) Pause Full (G1 Humongous Allocation) 1619M->1619M(2048M) 850,825ms
[511,538s][info ][gc] GC(1970) Concurrent Cycle 1687,774ms
[511,652s][info ][gc] GC(1974) Pause Young (Concurrent Start) (G1 Humongous Allocation) 1824M->1823M(2048M) 42,563ms
[511,652s][info ][gc] GC(1975) Concurrent Cycle
[511,655s][info ][gc] GC(1976) Pause Young (Normal) (G1 Humongous Allocation) 1823M->1823M(2048M) 1,536ms
[511,658s][debug][gc] GC(1977) Clear Next Bitmap 2,098ms
[512,492s][info ][gc] GC(1977) Pause Full (G1 Humongous Allocation) 1823M->1620M(2048M) 836,944ms
[512,493s][info ][gc] GC(1975) Concurrent Cycle 840,821ms
[512,617s][info ][gc] GC(1978) Pause Young (Concurrent Start) (G1 Humongous Allocation) 1826M->1823M(2048M) 21,641ms
[512,617s][info ][gc] GC(1979) Concurrent Cycle
[512,756s][info ][gc] GC(1980) Pause Young (Normal) (G1 Humongous Allocation) 2028M->2027M(2048M) 21,277ms
[512,759s][debug][gc] GC(1981) Clear Next Bitmap 2,147ms
[513,605s][info ][gc] GC(1981) Pause Full (G1 Humongous Allocation) 2027M->1621M(2048M) 848,851ms
[514,430s][info ][gc] GC(1982) Pause Full (G1 Humongous Allocation) 1621M->1621M(2048M) 824,667ms
[514,431s][info ][gc] GC(1979) Concurrent Cycle 1813,727ms
[514,544s][info ][gc] GC(1983) Pause Young (Concurrent Start) (G1 Humongous Allocation) 1826M->1824M(2048M) 39,878ms
[514,544s][info ][gc] GC(1984) Concurrent Cycle
[514,693s][info ][gc] GC(1985) Pause Young (Normal) (G1 Humongous Allocation) 2030M->2029M(2048M) 20,672ms
[514,696s][debug][gc] GC(1986) Clear Next Bitmap 2,170ms
[515,538s][info ][gc] GC(1986) Pause Full (G1 Humongous Allocation) 2029M->1623M(2048M) 844,705ms
[515,539s][info ][gc] GC(1984) Concurrent Cycle 995,012ms
[515,650s][info ][gc] GC(1987) Pause Young (Concurrent Start) (G1 Humongous Allocation) 1829M->1828M(2048M) 22,616ms
[515,650s][info ][gc] GC(1988) Concurrent Cycle
[515,652s][info ][gc] GC(1989) Pause Young (Normal) (G1 Humongous Allocation) 1828M->1828M(2048M) 1,632ms
[515,655s][debug][gc] GC(1990) Clear Next Bitmap 2,745ms
[516,504s][info ][gc] GC(1990) Pause Full (G1 Humongous Allocation) 1828M->1623M(2048M) 851,560ms
[516,504s][info ][gc] GC(1988) Concurrent Cycle 854,055ms
[516,629s][info ][gc] GC(1991) Pause Young (Concurrent Start) (G1 Humongous Allocation) 1829M->1828M(2048M) 26,369ms
[516,629s][info ][gc] GC(1992) Concurrent Cycle
[516,631s][info ][gc] GC(1993) Pause Young (Normal) (G1 Humongous Allocation) 1828M->1828M(2048M) 1,239ms
[516,633s][debug][gc] GC(1994) Clear Next Bitmap 2,122ms
[517,470s][info ][gc] GC(1994) Pause Full (G1 Humongous Allocation) 1828M->1624M(2048M) 839,071ms
[517,471s][info ][gc] GC(1992) Concurrent Cycle 841,655ms
[517,616s][info ][gc] GC(1995) Pause Young (Concurrent Start) (G1 Humongous Allocation) 1830M->1829M(2048M) 34,236ms
[517,616s][info ][gc] GC(1996) Concurrent Cycle
[517,780s][info ][gc] GC(1997) Pause Young (Normal) (G1 Humongous Allocation) 2034M->2033M(2048M) 16,324ms
[517,783s][debug][gc] GC(1998) Clear Next Bitmap 2,157ms
[518,618s][info ][gc] GC(1998) Pause Full (G1 Humongous Allocation) 2033M->1625M(2048M) 837,896ms
[518,619s][info ][gc] GC(1996) Concurrent Cycle 1003,585ms
[518,737s][info ][gc] GC(1999) Pause Young (Concurrent Start) (G1 Humongous Allocation) 1831M->1830M(2048M) 17,492ms
[518,737s][info ][gc] GC(2000) Concurrent Cycle
[518,739s][info ][gc] GC(2001) Pause Young (Normal) (G1 Humongous Allocation) 1830M->1830M(2048M) 1,521ms
[518,741s][debug][gc] GC(2002) Clear Next Bitmap 2,162ms
[519,595s][info ][gc] GC(2002) Pause Full (G1 Humongous Allocation) 1830M->1625M(2048M) 856,229ms
[519,596s][info ][gc] GC(2000) Concurrent Cycle 858,646ms
[519,733s][info ][gc] GC(2003) Pause Young (Concurrent Start) (G1 Humongous Allocation) 1831M->1830M(2048M) 26,268ms
[519,733s][info ][gc] GC(2004) Concurrent Cycle
[519,735s][info ][gc] GC(2005) Pause Young (Normal) (G1 Humongous Allocation) 1830M->1830M(2048M) 1,341ms
[519,738s][debug][gc] GC(2006) Clear Next Bitmap 2,973ms
[520,638s][info ][gc] GC(2006) Pause Full (G1 Humongous Allocation) 1830M->1626M(2048M) 902,545ms
[520,638s][info ][gc] GC(2004) Concurrent Cycle 904,646ms
[520,753s][info ][gc] GC(2007) Pause Young (Concurrent Start) (G1 Humongous Allocation) 1832M->1831M(2048M) 17,565ms
[520,753s][info ][gc] GC(2008) Concurrent Cycle
[520,754s][info ][gc] GC(2009) Pause Young (Normal) (G1 Humongous Allocation) 1831M->1831M(2048M) 0,668ms
[520,756s][debug][gc] GC(2010) Clear Next Bitmap 2,214ms
[521,591s][info ][gc] GC(2010) Pause Full (G1 Humongous Allocation) 1831M->1627M(2048M) 837,083ms
[521,591s][info ][gc] GC(2008) Concurrent Cycle 838,515ms
[521,707s][info ][gc] GC(2011) Pause Young (Concurrent Start) (G1 Humongous Allocation) 1833M->1831M(2048M) 18,745ms
[521,707s][info ][gc] GC(2012) Concurrent Cycle
[521,846s][info ][gc] GC(2013) Pause Young (Normal) (G1 Humongous Allocation) 2037M->2036M(2048M) 20,949ms
[521,848s][debug][gc] GC(2014) Clear Next Bitmap 2,209ms
[522,698s][info ][gc] GC(2014) Pause Full (G1 Humongous Allocation) 2036M->1628M(2048M) 851,701ms
[522,698s][info ][gc] GC(2012) Concurrent Cycle 991,418ms
[522,812s][info ][gc] GC(2015) Pause Young (Concurrent Start) (G1 Humongous Allocation) 1834M->1832M(2048M) 22,536ms
[522,812s][info ][gc] GC(2016) Concurrent Cycle
[522,814s][info ][gc] GC(2017) Pause Young (Normal) (G1 Humongous Allocation) 1832M->1832M(2048M) 1,421ms
[522,816s][debug][gc] GC(2018) Clear Next Bitmap 2,242ms
[523,645s][info ][gc] GC(2018) Pause Full (G1 Humongous Allocation) 1832M->1628M(2048M) 831,121ms
[523,645s][info ][gc] GC(2016) Concurrent Cycle 833,434ms
[523,762s][info ][gc] GC(2019) Pause Young (Concurrent Start) (G1 Humongous Allocation) 1834M->1833M(2048M) 39,131ms
[523,762s][info ][gc] GC(2020) Concurrent Cycle
[523,764s][info ][gc] GC(2021) Pause Young (Normal) (G1 Humongous Allocation) 1833M->1833M(2048M) 1,539ms
[523,766s][debug][gc] GC(2022) Clear Next Bitmap 2,147ms
[524,598s][info ][gc] GC(2022) Pause Full (G1 Humongous Allocation) 1833M->1629M(2048M) 833,659ms
[525,430s][info ][gc] GC(2023) Pause Full (G1 Humongous Allocation) 1629M->1629M(2048M) 831,702ms
[525,430s][info ][gc] GC(2020) Concurrent Cycle 1667,780ms
[525,559s][info ][gc] GC(2024) Pause Young (Concurrent Start) (G1 Humongous Allocation) 1835M->1833M(2048M) 16,649ms
[525,560s][info ][gc] GC(2025) Concurrent Cycle
[525,561s][info ][gc] GC(2026) Pause Young (Normal) (G1 Humongous Allocation) 1833M->1833M(2048M) 0,823ms
[525,564s][debug][gc] GC(2027) Clear Next Bitmap 2,860ms
[526,394s][info ][gc] GC(2027) Pause Full (G1 Humongous Allocation) 1833M->1629M(2048M) 832,772ms
[526,394s][info ][gc] GC(2025) Concurrent Cycle 834,530ms
[526,511s][info ][gc] GC(2028) Pause Young (Concurrent Start) (G1 Humongous Allocation) 1836M->1835M(2048M) 20,096ms
[526,511s][info ][gc] GC(2029) Concurrent Cycle
[526,513s][info ][gc] GC(2030) Pause Young (Normal) (G1 Humongous Allocation) 1835M->1835M(2048M) 1,462ms
[526,516s][debug][gc] GC(2031) Clear Next Bitmap 2,219ms
[527,511s][info ][gc] GC(2031) Pause Full (G1 Humongous Allocation) 1835M->1631M(2048M) 997,891ms
[528,444s][info ][gc] GC(2032) Pause Full (G1 Humongous Allocation) 1631M->1631M(2048M) 932,274ms
[528,444s][info ][gc] GC(2029) Concurrent Cycle 1932,640ms
