[0.007s][info][gc] Using Parallel
[0,638s][info][gc] GC(0) Pause Young (Allocation Failure) 509M->60M(1963M) 63,081ms
[1,055s][info][gc] GC(1) Pause Young (Allocation Failure) 568M->89M(1963M) 89,423ms
[1,386s][info][gc] GC(2) Pause Young (Allocation Failure) 593M->111M(1963M) 89,796ms
[1,652s][info][gc] GC(3) Pause Young (Allocation Failure) 619M->130M(1963M) 65,463ms
[1,933s][info][gc] GC(4) Pause Young (Allocation Failure) 629M->147M(1963M) 60,549ms
[2,218s][info][gc] GC(5) Pause Young (Allocation Failure) 657M->162M(1880M) 61,027ms
[2,400s][info][gc] GC(6) Pause Young (Allocation Failure) 581M->174M(1921M) 52,891ms
[2,621s][info][gc] GC(7) Pause Young (Allocation Failure) 597M->185M(1922M) 79,357ms
[2,827s][info][gc] GC(8) Pause Young (Allocation Failure) 609M->195M(1853M) 55,789ms
[3,001s][info][gc] GC(9) Pause Young (Allocation Failure) 616M->205M(1913M) 41,886ms
[3,189s][info][gc] GC(10) Pause Young (Allocation Failure) 623M->214M(1821M) 37,144ms
[3,354s][info][gc] GC(11) Pause Young (Allocation Failure) 609M->223M(1910M) 26,396ms
[3,521s][info][gc] GC(12) Pause Young (Allocation Failure) 632M->231M(1912M) 25,792ms
[3,678s][info][gc] GC(13) Pause Young (Allocation Failure) 626M->239M(1913M) 26,645ms
[3,827s][info][gc] GC(14) Pause Young (Allocation Failure) 646M->247M(1912M) 25,909ms
[3,971s][info][gc] GC(15) Pause Young (Allocation Failure) 636M->255M(1917M) 27,403ms
[4,129s][info][gc] GC(16) Pause Young (Allocation Failure) 657M->262M(1915M) 26,334ms
[4,274s][info][gc] GC(17) Pause Young (Allocation Failure) 673M->269M(1924M) 26,410ms
[4,422s][info][gc] GC(18) Pause Young (Allocation Failure) 692M->277M(1920M) 26,901ms
[4,565s][info][gc] GC(19) Pause Young (Allocation Failure) 675M->283M(1932M) 27,488ms
[4,722s][info][gc] GC(20) Pause Young (Allocation Failure) 727M->291M(1928M) 27,285ms
[4,872s][info][gc] GC(21) Pause Young (Allocation Failure) 709M->298M(1940M) 27,837ms
[5,026s][info][gc] GC(22) Pause Young (Allocation Failure) 726M->304M(1936M) 28,317ms
[5,198s][info][gc] GC(23) Pause Young (Allocation Failure) 743M->311M(1949M) 28,738ms
[5,375s][info][gc] GC(24) Pause Young (Allocation Failure) 758M->318M(1944M) 29,636ms
[5,537s][info][gc] GC(25) Pause Young (Allocation Failure) 774M->324M(1957M) 29,337ms
[5,710s][info][gc] GC(26) Pause Young (Allocation Failure) 790M->331M(1953M) 31,396ms
[5,910s][info][gc] GC(27) Pause Young (Allocation Failure) 806M->338M(1964M) 31,391ms
[6,132s][info][gc] GC(28) Pause Young (Allocation Failure) 824M->345M(1960M) 35,366ms
[6,373s][info][gc] GC(29) Pause Young (Allocation Failure) 839M->351M(1970M) 52,188ms
[6,559s][info][gc] GC(30) Pause Young (Allocation Failure) 855M->358M(1967M) 31,907ms
[6,776s][info][gc] GC(31) Pause Young (Allocation Failure) 871M->365M(1974M) 33,328ms
[6,983s][info][gc] GC(32) Pause Young (Allocation Failure) 888M->372M(1973M) 32,943ms
[7,179s][info][gc] GC(33) Pause Young (Allocation Failure) 904M->378M(1977M) 32,250ms
[7,377s][info][gc] GC(34) Pause Young (Allocation Failure) 872M->384M(1976M) 38,780ms
[7,574s][info][gc] GC(35) Pause Young (Allocation Failure) 886M->390M(1978M) 32,234ms
[7,764s][info][gc] GC(36) Pause Young (Allocation Failure) 900M->397M(1978M) 33,976ms
[7,947s][info][gc] GC(37) Pause Young (Allocation Failure) 914M->403M(1979M) 33,183ms
[8,144s][info][gc] GC(38) Pause Young (Allocation Failure) 928M->409M(1979M) 34,623ms
[8,332s][info][gc] GC(39) Pause Young (Allocation Failure) 941M->415M(1979M) 33,717ms
[8,522s][info][gc] GC(40) Pause Young (Allocation Failure) 955M->421M(1968M) 34,340ms
[8,714s][info][gc] GC(41) Pause Young (Allocation Failure) 966M->427M(1978M) 34,863ms
[8,898s][info][gc] GC(42) Pause Young (Allocation Failure) 918M->433M(1968M) 35,949ms
[9,090s][info][gc] GC(43) Pause Young (Allocation Failure) 930M->438M(1977M) 34,522ms
[9,275s][info][gc] GC(44) Pause Young (Allocation Failure) 941M->444M(1967M) 35,445ms
[9,460s][info][gc] GC(45) Pause Young (Allocation Failure) 953M->449M(1976M) 35,369ms
[9,649s][info][gc] GC(46) Pause Young (Allocation Failure) 965M->455M(1966M) 36,140ms
[9,838s][info][gc] GC(47) Pause Young (Allocation Failure) 976M->460M(1975M) 36,010ms
[10,028s][info][gc] GC(48) Pause Young (Allocation Failure) 988M->466M(1966M) 36,517ms
[10,251s][info][gc] GC(49) Pause Young (Allocation Failure) 1000M->471M(1973M) 38,196ms
[10,434s][info][gc] GC(50) Pause Young (Allocation Failure) 952M->476M(1963M) 36,498ms
[10,611s][info][gc] GC(51) Pause Young (Allocation Failure) 962M->481M(1972M) 36,560ms
[10,791s][info][gc] GC(52) Pause Young (Allocation Failure) 972M->486M(1963M) 36,418ms
[10,977s][info][gc] GC(53) Pause Young (Allocation Failure) 982M->491M(1971M) 38,943ms
[11,173s][info][gc] GC(54) Pause Young (Allocation Failure) 992M->496M(1962M) 37,516ms
[11,364s][info][gc] GC(55) Pause Young (Allocation Failure) 1001M->501M(1970M) 37,885ms
[11,552s][info][gc] GC(56) Pause Young (Allocation Failure) 1011M->505M(1961M) 37,942ms
[11,743s][info][gc] GC(57) Pause Young (Allocation Failure) 1021M->510M(1969M) 38,409ms
[11,935s][info][gc] GC(58) Pause Young (Allocation Failure) 1030M->515M(1960M) 39,543ms
[12,146s][info][gc] GC(59) Pause Young (Allocation Failure) 1040M->520M(1968M) 38,987ms
[12,324s][info][gc] GC(60) Pause Young (Allocation Failure) 985M->524M(1958M) 39,209ms
[12,517s][info][gc] GC(61) Pause Young (Allocation Failure) 993M->529M(1967M) 39,120ms
[12,694s][info][gc] GC(62) Pause Young (Allocation Failure) 1001M->533M(1967M) 38,929ms
[12,876s][info][gc] GC(63) Pause Young (Allocation Failure) 1009M->537M(1966M) 39,210ms
[13,076s][info][gc] GC(64) Pause Young (Allocation Failure) 1017M->542M(1957M) 48,748ms
[13,263s][info][gc] GC(65) Pause Young (Allocation Failure) 1025M->546M(1965M) 42,704ms
[13,444s][info][gc] GC(66) Pause Young (Allocation Failure) 1033M->550M(1956M) 40,235ms
[13,627s][info][gc] GC(67) Pause Young (Allocation Failure) 1041M->554M(1964M) 40,618ms
[13,814s][info][gc] GC(68) Pause Young (Allocation Failure) 1049M->559M(1955M) 41,274ms
[14,002s][info][gc] GC(69) Pause Young (Allocation Failure) 1057M->563M(1963M) 41,319ms
[14,199s][info][gc] GC(70) Pause Young (Allocation Failure) 1065M->567M(1954M) 40,840ms
[14,390s][info][gc] GC(71) Pause Young (Allocation Failure) 1073M->572M(1962M) 41,055ms
[14,583s][info][gc] GC(72) Pause Young (Allocation Failure) 1081M->576M(1953M) 41,167ms
[14,752s][info][gc] GC(73) Pause Young (Allocation Failure) 1017M->580M(1962M) 41,365ms
[14,923s][info][gc] GC(74) Pause Young (Allocation Failure) 1023M->583M(1953M) 41,628ms
[15,109s][info][gc] GC(75) Pause Young (Allocation Failure) 1030M->587M(1961M) 42,608ms
[15,307s][info][gc] GC(76) Pause Young (Allocation Failure) 1036M->591M(1961M) 41,758ms
[15,483s][info][gc] GC(77) Pause Young (Allocation Failure) 1042M->594M(1960M) 41,885ms
[15,656s][info][gc] GC(78) Pause Young (Allocation Failure) 1049M->598M(1952M) 41,815ms
[15,831s][info][gc] GC(79) Pause Young (Allocation Failure) 1055M->602M(1960M) 42,660ms
[16,012s][info][gc] GC(80) Pause Young (Allocation Failure) 1062M->605M(1952M) 42,536ms
[16,202s][info][gc] GC(81) Pause Young (Allocation Failure) 1068M->609M(1959M) 42,784ms
[16,383s][info][gc] GC(82) Pause Young (Allocation Failure) 1074M->613M(1950M) 43,128ms
[16,565s][info][gc] GC(83) Pause Young (Allocation Failure) 1081M->616M(1959M) 44,380ms
[16,755s][info][gc] GC(84) Pause Young (Allocation Failure) 1087M->620M(1950M) 44,371ms
[16,939s][info][gc] GC(85) Pause Young (Allocation Failure) 1094M->624M(1957M) 43,617ms
[17,152s][info][gc] GC(86) Pause Young (Allocation Failure) 1100M->627M(1949M) 51,160ms
[17,340s][info][gc] GC(87) Pause Young (Allocation Failure) 1106M->631M(1957M) 44,055ms
[17,524s][info][gc] GC(88) Pause Young (Allocation Failure) 1113M->635M(1949M) 43,674ms
[17,709s][info][gc] GC(89) Pause Young (Allocation Failure) 1119M->638M(1956M) 44,541ms
[17,897s][info][gc] GC(90) Pause Young (Allocation Failure) 1126M->642M(1948M) 44,937ms
[18,099s][info][gc] GC(91) Pause Young (Allocation Failure) 1132M->646M(1955M) 45,451ms
[18,290s][info][gc] GC(92) Pause Young (Allocation Failure) 1138M->649M(1947M) 46,646ms
[18,481s][info][gc] GC(93) Pause Young (Allocation Failure) 1145M->653M(1954M) 45,550ms
[18,646s][info][gc] GC(94) Pause Young (Allocation Failure) 1070M->656M(1954M) 45,938ms
[18,814s][info][gc] GC(95) Pause Young (Allocation Failure) 1075M->659M(1954M) 45,070ms
[18,983s][info][gc] GC(96) Pause Young (Allocation Failure) 1080M->662M(1946M) 45,136ms
[19,163s][info][gc] GC(97) Pause Young (Allocation Failure) 1085M->665M(1954M) 45,372ms
[19,341s][info][gc] GC(98) Pause Young (Allocation Failure) 1090M->668M(1946M) 51,232ms
[19,513s][info][gc] GC(99) Pause Young (Allocation Failure) 1094M->672M(1953M) 45,979ms
[19,683s][info][gc] GC(100) Pause Young (Allocation Failure) 1099M->675M(1946M) 46,043ms
[19,855s][info][gc] GC(101) Pause Young (Allocation Failure) 1104M->678M(1953M) 46,866ms
[20,028s][info][gc] GC(102) Pause Young (Allocation Failure) 1109M->681M(1945M) 47,640ms
[20,237s][info][gc] GC(103) Pause Young (Allocation Failure) 1115M->684M(1951M) 49,146ms
[20,424s][info][gc] GC(104) Pause Young (Allocation Failure) 1119M->687M(1952M) 46,958ms
[20,599s][info][gc] GC(105) Pause Young (Allocation Failure) 1124M->690M(1951M) 47,233ms
[20,778s][info][gc] GC(106) Pause Young (Allocation Failure) 1129M->693M(1951M) 48,765ms
[20,955s][info][gc] GC(107) Pause Young (Allocation Failure) 1134M->696M(1950M) 47,452ms
[21,141s][info][gc] GC(108) Pause Young (Allocation Failure) 1139M->699M(1944M) 47,793ms
[21,321s][info][gc] GC(109) Pause Young (Allocation Failure) 1144M->702M(1950M) 47,617ms
[21,502s][info][gc] GC(110) Pause Young (Allocation Failure) 1149M->705M(1943M) 48,641ms
[21,681s][info][gc] GC(111) Pause Young (Allocation Failure) 1154M->708M(1949M) 48,540ms
[21,859s][info][gc] GC(112) Pause Young (Allocation Failure) 1159M->711M(1949M) 48,788ms
[22,040s][info][gc] GC(113) Pause Young (Allocation Failure) 1164M->714M(1948M) 48,628ms
[22,236s][info][gc] GC(114) Pause Young (Allocation Failure) 1169M->717M(1942M) 48,389ms
[22,420s][info][gc] GC(115) Pause Young (Allocation Failure) 1174M->721M(1948M) 48,960ms
[22,602s][info][gc] GC(116) Pause Young (Allocation Failure) 1179M->724M(1942M) 48,776ms
[22,784s][info][gc] GC(117) Pause Young (Allocation Failure) 1184M->727M(1947M) 48,878ms
[22,970s][info][gc] GC(118) Pause Young (Allocation Failure) 1189M->730M(1940M) 49,889ms
[23,167s][info][gc] GC(119) Pause Young (Allocation Failure) 1194M->733M(1947M) 49,455ms
[23,354s][info][gc] GC(120) Pause Young (Allocation Failure) 1199M->736M(1940M) 49,704ms
[23,543s][info][gc] GC(121) Pause Young (Allocation Failure) 1204M->739M(1945M) 52,869ms
[23,732s][info][gc] GC(122) Pause Young (Allocation Failure) 1209M->742M(1939M) 50,491ms
[23,919s][info][gc] GC(123) Pause Young (Allocation Failure) 1214M->745M(1945M) 50,466ms
[24,119s][info][gc] GC(124) Pause Young (Allocation Failure) 1219M->748M(1939M) 50,355ms
[24,318s][info][gc] GC(125) Pause Young (Allocation Failure) 1224M->751M(1944M) 58,859ms
[24,480s][info][gc] GC(126) Pause Young (Allocation Failure) 1135M->754M(1944M) 51,557ms
[24,642s][info][gc] GC(127) Pause Young (Allocation Failure) 1139M->756M(1944M) 50,899ms
[24,805s][info][gc] GC(128) Pause Young (Allocation Failure) 1142M->759M(1937M) 50,780ms
[24,971s][info][gc] GC(129) Pause Young (Allocation Failure) 1146M->761M(1944M) 50,935ms
[25,148s][info][gc] GC(130) Pause Young (Allocation Failure) 1150M->764M(1944M) 50,653ms
[25,312s][info][gc] GC(131) Pause Young (Allocation Failure) 1153M->766M(1943M) 50,965ms
[25,475s][info][gc] GC(132) Pause Young (Allocation Failure) 1157M->768M(1943M) 50,943ms
[25,641s][info][gc] GC(133) Pause Young (Allocation Failure) 1160M->771M(1942M) 52,733ms
[25,808s][info][gc] GC(134) Pause Young (Allocation Failure) 1164M->773M(1943M) 50,943ms
[25,973s][info][gc] GC(135) Pause Young (Allocation Failure) 1168M->776M(1943M) 51,050ms
[26,149s][info][gc] GC(136) Pause Young (Allocation Failure) 1172M->778M(1937M) 51,152ms
[26,318s][info][gc] GC(137) Pause Young (Allocation Failure) 1175M->781M(1942M) 54,205ms
[26,488s][info][gc] GC(138) Pause Young (Allocation Failure) 1179M->783M(1937M) 52,720ms
[26,656s][info][gc] GC(139) Pause Young (Allocation Failure) 1183M->786M(1942M) 52,188ms
[26,823s][info][gc] GC(140) Pause Young (Allocation Failure) 1186M->788M(1936M) 52,280ms
[26,992s][info][gc] GC(141) Pause Young (Allocation Failure) 1190M->791M(1941M) 52,237ms
[27,176s][info][gc] GC(142) Pause Young (Allocation Failure) 1194M->793M(1936M) 52,413ms
[27,346s][info][gc] GC(143) Pause Young (Allocation Failure) 1197M->796M(1941M) 52,589ms
[27,516s][info][gc] GC(144) Pause Young (Allocation Failure) 1201M->798M(1935M) 53,094ms
[27,686s][info][gc] GC(145) Pause Young (Allocation Failure) 1205M->800M(1939M) 53,211ms
[27,860s][info][gc] GC(146) Pause Young (Allocation Failure) 1208M->803M(1940M) 53,830ms
[28,032s][info][gc] GC(147) Pause Young (Allocation Failure) 1212M->805M(1939M) 53,467ms
[28,213s][info][gc] GC(148) Pause Young (Allocation Failure) 1216M->808M(1939M) 53,284ms
[28,392s][info][gc] GC(149) Pause Young (Allocation Failure) 1219M->810M(1938M) 53,264ms
[28,568s][info][gc] GC(150) Pause Young (Allocation Failure) 1223M->813M(1939M) 53,961ms
[28,741s][info][gc] GC(151) Pause Young (Allocation Failure) 1227M->815M(1938M) 53,438ms
[28,916s][info][gc] GC(152) Pause Young (Allocation Failure) 1230M->818M(1938M) 54,058ms
[29,104s][info][gc] GC(153) Pause Young (Allocation Failure) 1234M->820M(1937M) 55,518ms
[29,281s][info][gc] GC(154) Pause Young (Allocation Failure) 1238M->823M(1932M) 54,108ms
[29,457s][info][gc] GC(155) Pause Young (Allocation Failure) 1241M->825M(1937M) 55,129ms
[29,632s][info][gc] GC(156) Pause Young (Allocation Failure) 1245M->828M(1932M) 54,302ms
[29,809s][info][gc] GC(157) Pause Young (Allocation Failure) 1249M->830M(1937M) 54,645ms
[29,990s][info][gc] GC(158) Pause Young (Allocation Failure) 1252M->832M(1932M) 56,087ms
[30,183s][info][gc] GC(159) Pause Young (Allocation Failure) 1256M->835M(1935M) 55,550ms
[30,361s][info][gc] GC(160) Pause Young (Allocation Failure) 1260M->837M(1936M) 54,951ms
[30,542s][info][gc] GC(161) Pause Young (Allocation Failure) 1263M->840M(1935M) 57,116ms
[30,723s][info][gc] GC(162) Pause Young (Allocation Failure) 1267M->842M(1935M) 55,643ms
[30,902s][info][gc] GC(163) Pause Young (Allocation Failure) 1271M->845M(1934M) 55,581ms
[31,090s][info][gc] GC(164) Pause Young (Allocation Failure) 1274M->847M(1930M) 58,871ms
[31,293s][info][gc] GC(165) Pause Young (Allocation Failure) 1278M->850M(1934M) 74,148ms
[31,475s][info][gc] GC(166) Pause Young (Allocation Failure) 1282M->852M(1929M) 56,259ms
[31,657s][info][gc] GC(167) Pause Young (Allocation Failure) 1285M->855M(1934M) 56,145ms
[31,839s][info][gc] GC(168) Pause Young (Allocation Failure) 1289M->857M(1929M) 56,615ms
[32,039s][info][gc] GC(169) Pause Young (Allocation Failure) 1293M->860M(1932M) 57,783ms
[32,234s][info][gc] GC(170) Pause Young (Allocation Failure) 1296M->862M(1933M) 57,226ms
[32,421s][info][gc] GC(171) Pause Young (Allocation Failure) 1300M->864M(1932M) 56,762ms
[32,607s][info][gc] GC(172) Pause Young (Allocation Failure) 1304M->867M(1932M) 56,992ms
[32,794s][info][gc] GC(173) Pause Young (Allocation Failure) 1307M->869M(1931M) 57,594ms
[32,980s][info][gc] GC(174) Pause Young (Allocation Failure) 1311M->872M(1927M) 56,896ms
[33,181s][info][gc] GC(175) Pause Young (Allocation Failure) 1315M->874M(1931M) 57,609ms
[33,370s][info][gc] GC(176) Pause Young (Allocation Failure) 1318M->877M(1926M) 60,009ms
[33,558s][info][gc] GC(177) Pause Young (Allocation Failure) 1322M->879M(1931M) 58,349ms
[33,746s][info][gc] GC(178) Pause Young (Allocation Failure) 1326M->882M(1926M) 58,113ms
[33,934s][info][gc] GC(179) Pause Young (Allocation Failure) 1329M->884M(1929M) 58,296ms
[34,100s][info][gc] GC(180) Pause Young (Allocation Failure) 1223M->886M(1930M) 60,792ms
[34,264s][info][gc] GC(181) Pause Young (Allocation Failure) 1226M->888M(1930M) 57,022ms
[34,419s][info][gc] GC(182) Pause Young (Allocation Failure) 1228M->890M(1930M) 57,453ms
[34,577s][info][gc] GC(183) Pause Young (Allocation Failure) 1230M->892M(1930M) 58,075ms
[34,733s][info][gc] GC(184) Pause Young (Allocation Failure) 1233M->893M(1925M) 57,968ms
[34,891s][info][gc] GC(185) Pause Young (Allocation Failure) 1236M->895M(1929M) 57,864ms
[35,048s][info][gc] GC(186) Pause Young (Allocation Failure) 1238M->897M(1929M) 58,394ms
[35,216s][info][gc] GC(187) Pause Young (Allocation Failure) 1241M->899M(1929M) 58,192ms
[35,376s][info][gc] GC(188) Pause Young (Allocation Failure) 1243M->901M(1925M) 58,556ms
[35,537s][info][gc] GC(189) Pause Young (Allocation Failure) 1246M->903M(1929M) 59,665ms
[35,695s][info][gc] GC(190) Pause Young (Allocation Failure) 1248M->904M(1929M) 58,745ms
[35,853s][info][gc] GC(191) Pause Young (Allocation Failure) 1251M->906M(1928M) 58,786ms
[36,014s][info][gc] GC(192) Pause Young (Allocation Failure) 1253M->908M(1928M) 58,893ms
[36,190s][info][gc] GC(193) Pause Young (Allocation Failure) 1256M->910M(1928M) 61,169ms
[36,360s][info][gc] GC(194) Pause Young (Allocation Failure) 1258M->912M(1924M) 59,169ms
[36,520s][info][gc] GC(195) Pause Young (Allocation Failure) 1261M->914M(1928M) 59,620ms
[36,680s][info][gc] GC(196) Pause Young (Allocation Failure) 1263M->916M(1928M) 59,079ms
[36,839s][info][gc] GC(197) Pause Young (Allocation Failure) 1266M->917M(1927M) 59,340ms
[37,002s][info][gc] GC(198) Pause Young (Allocation Failure) 1268M->919M(1927M) 59,532ms
[37,174s][info][gc] GC(199) Pause Young (Allocation Failure) 1271M->921M(1926M) 59,420ms
[37,336s][info][gc] GC(200) Pause Young (Allocation Failure) 1273M->923M(1927M) 59,662ms
[37,497s][info][gc] GC(201) Pause Young (Allocation Failure) 1276M->925M(1927M) 59,552ms
[37,665s][info][gc] GC(202) Pause Young (Allocation Failure) 1279M->927M(1923M) 65,669ms
[37,828s][info][gc] GC(203) Pause Young (Allocation Failure) 1281M->929M(1926M) 60,136ms
[37,993s][info][gc] GC(204) Pause Young (Allocation Failure) 1284M->930M(1922M) 60,339ms
[38,169s][info][gc] GC(205) Pause Young (Allocation Failure) 1286M->932M(1926M) 60,110ms
[38,333s][info][gc] GC(206) Pause Young (Allocation Failure) 1289M->934M(1922M) 60,261ms
[38,496s][info][gc] GC(207) Pause Young (Allocation Failure) 1291M->936M(1925M) 60,742ms
[38,660s][info][gc] GC(208) Pause Young (Allocation Failure) 1294M->938M(1925M) 61,095ms
[38,825s][info][gc] GC(209) Pause Young (Allocation Failure) 1296M->940M(1924M) 61,498ms
[38,995s][info][gc] GC(210) Pause Young (Allocation Failure) 1299M->941M(1925M) 63,027ms
[39,175s][info][gc] GC(211) Pause Young (Allocation Failure) 1301M->943M(1924M) 61,414ms
[39,341s][info][gc] GC(212) Pause Young (Allocation Failure) 1304M->945M(1924M) 61,578ms
[39,507s][info][gc] GC(213) Pause Young (Allocation Failure) 1306M->947M(1923M) 60,776ms
[39,674s][info][gc] GC(214) Pause Young (Allocation Failure) 1309M->949M(1924M) 62,218ms
[39,841s][info][gc] GC(215) Pause Young (Allocation Failure) 1311M->951M(1924M) 61,529ms
[40,009s][info][gc] GC(216) Pause Young (Allocation Failure) 1314M->953M(1920M) 61,792ms
[40,195s][info][gc] GC(217) Pause Young (Allocation Failure) 1317M->954M(1923M) 62,195ms
[40,364s][info][gc] GC(218) Pause Young (Allocation Failure) 1319M->956M(1919M) 63,178ms
[40,532s][info][gc] GC(219) Pause Young (Allocation Failure) 1321M->958M(1923M) 62,483ms
[40,700s][info][gc] GC(220) Pause Young (Allocation Failure) 1324M->960M(1919M) 62,376ms
[40,868s][info][gc] GC(221) Pause Young (Allocation Failure) 1327M->962M(1922M) 62,446ms
[41,036s][info][gc] GC(222) Pause Young (Allocation Failure) 1329M->964M(1918M) 62,447ms
[41,236s][info][gc] GC(223) Pause Young (Allocation Failure) 1332M->965M(1922M) 62,546ms
[41,406s][info][gc] GC(224) Pause Young (Allocation Failure) 1334M->967M(1922M) 62,432ms
[41,576s][info][gc] GC(225) Pause Young (Allocation Failure) 1337M->969M(1921M) 62,585ms
[41,746s][info][gc] GC(226) Pause Young (Allocation Failure) 1339M->971M(1921M) 63,174ms
[41,919s][info][gc] GC(227) Pause Young (Allocation Failure) 1342M->973M(1920M) 63,930ms
[42,099s][info][gc] GC(228) Pause Young (Allocation Failure) 1344M->975M(1921M) 70,071ms
[42,273s][info][gc] GC(229) Pause Young (Allocation Failure) 1347M->977M(1920M) 63,072ms
[42,446s][info][gc] GC(230) Pause Young (Allocation Failure) 1349M->978M(1920M) 64,199ms
[42,619s][info][gc] GC(231) Pause Young (Allocation Failure) 1352M->980M(1919M) 64,035ms
[42,794s][info][gc] GC(232) Pause Young (Allocation Failure) 1354M->982M(1920M) 64,095ms
[42,968s][info][gc] GC(233) Pause Young (Allocation Failure) 1357M->984M(1919M) 63,709ms
[43,152s][info][gc] GC(234) Pause Young (Allocation Failure) 1360M->986M(1919M) 65,962ms
[43,334s][info][gc] GC(235) Pause Young (Allocation Failure) 1362M->988M(1919M) 65,569ms
[43,507s][info][gc] GC(236) Pause Young (Allocation Failure) 1364M->990M(1916M) 64,203ms
[43,679s][info][gc] GC(237) Pause Young (Allocation Failure) 1367M->991M(1919M) 64,125ms
[43,855s][info][gc] GC(238) Pause Young (Allocation Failure) 1369M->993M(1915M) 65,746ms
[44,031s][info][gc] GC(239) Pause Young (Allocation Failure) 1372M->995M(1918M) 64,988ms
[44,216s][info][gc] GC(240) Pause Young (Allocation Failure) 1375M->997M(1914M) 64,376ms
[44,390s][info][gc] GC(241) Pause Young (Allocation Failure) 1377M->999M(1918M) 64,260ms
[44,565s][info][gc] GC(242) Pause Young (Allocation Failure) 1380M->1001M(1914M) 65,295ms
[44,759s][info][gc] GC(243) Pause Young (Allocation Failure) 1382M->1002M(1917M) 64,567ms
[44,934s][info][gc] GC(244) Pause Young (Allocation Failure) 1385M->1004M(1913M) 64,739ms
[45,118s][info][gc] GC(245) Pause Young (Allocation Failure) 1387M->1006M(1917M) 66,462ms
[45,298s][info][gc] GC(246) Pause Young (Allocation Failure) 1390M->1008M(1917M) 68,472ms
[45,475s][info][gc] GC(247) Pause Young (Allocation Failure) 1392M->1010M(1916M) 64,972ms
[45,651s][info][gc] GC(248) Pause Young (Allocation Failure) 1395M->1012M(1916M) 65,054ms
[45,828s][info][gc] GC(249) Pause Young (Allocation Failure) 1397M->1014M(1915M) 65,350ms
[46,008s][info][gc] GC(250) Pause Young (Allocation Failure) 1400M->1015M(1916M) 65,929ms
[46,199s][info][gc] GC(251) Pause Young (Allocation Failure) 1402M->1017M(1915M) 65,502ms
[46,376s][info][gc] GC(252) Pause Young (Allocation Failure) 1405M->1019M(1915M) 65,295ms
[46,553s][info][gc] GC(253) Pause Young (Allocation Failure) 1407M->1021M(1914M) 65,585ms
[46,733s][info][gc] GC(254) Pause Young (Allocation Failure) 1410M->1023M(1915M) 67,734ms
[46,916s][info][gc] GC(255) Pause Young (Allocation Failure) 1412M->1025M(1914M) 66,690ms
[47,102s][info][gc] GC(256) Pause Young (Allocation Failure) 1415M->1027M(1914M) 69,068ms
[47,285s][info][gc] GC(257) Pause Young (Allocation Failure) 1418M->1028M(1914M) 66,018ms
[47,465s][info][gc] GC(258) Pause Young (Allocation Failure) 1420M->1030M(1911M) 66,150ms
[47,644s][info][gc] GC(259) Pause Young (Allocation Failure) 1423M->1032M(1914M) 66,949ms
[47,827s][info][gc] GC(260) Pause Young (Allocation Failure) 1425M->1034M(1910M) 66,731ms
[48,008s][info][gc] GC(261) Pause Young (Allocation Failure) 1428M->1036M(1913M) 66,525ms
[48,204s][info][gc] GC(262) Pause Young (Allocation Failure) 1430M->1038M(1910M) 66,705ms
[48,385s][info][gc] GC(263) Pause Young (Allocation Failure) 1433M->1039M(1913M) 67,084ms
[48,567s][info][gc] GC(264) Pause Young (Allocation Failure) 1435M->1041M(1909M) 67,190ms
[48,749s][info][gc] GC(265) Pause Young (Allocation Failure) 1438M->1043M(1912M) 67,830ms
[48,936s][info][gc] GC(266) Pause Young (Allocation Failure) 1440M->1045M(1908M) 67,899ms
[49,129s][info][gc] GC(267) Pause Young (Allocation Failure) 1443M->1047M(1912M) 70,088ms
[49,315s][info][gc] GC(268) Pause Young (Allocation Failure) 1445M->1049M(1912M) 67,476ms
[49,501s][info][gc] GC(269) Pause Young (Allocation Failure) 1448M->1051M(1911M) 71,256ms
[49,694s][info][gc] GC(270) Pause Young (Allocation Failure) 1450M->1052M(1911M) 68,108ms
[49,878s][info][gc] GC(271) Pause Young (Allocation Failure) 1453M->1054M(1910M) 67,914ms
[50,062s][info][gc] GC(272) Pause Young (Allocation Failure) 1455M->1056M(1911M) 68,260ms
[50,284s][info][gc] GC(273) Pause Young (Allocation Failure) 1458M->1058M(1910M) 75,699ms
[50,471s][info][gc] GC(274) Pause Young (Allocation Failure) 1461M->1060M(1910M) 68,267ms
[50,656s][info][gc] GC(275) Pause Young (Allocation Failure) 1463M->1062M(1909M) 68,462ms
[50,842s][info][gc] GC(276) Pause Young (Allocation Failure) 1466M->1064M(1910M) 68,362ms
[51,052s][info][gc] GC(277) Pause Young (Allocation Failure) 1468M->1065M(1909M) 68,362ms
[51,250s][info][gc] GC(278) Pause Young (Allocation Failure) 1471M->1067M(1909M) 68,959ms
[51,402s][info][gc] GC(279) Pause Young (Allocation Failure) 1340M->1068M(1909M) 68,389ms
[51,549s][info][gc] GC(280) Pause Young (Allocation Failure) 1342M->1070M(1909M) 68,412ms
[51,700s][info][gc] GC(281) Pause Young (Allocation Failure) 1344M->1071M(1909M) 69,403ms
[51,846s][info][gc] GC(282) Pause Young (Allocation Failure) 1345M->1072M(1909M) 68,158ms
[51,994s][info][gc] GC(283) Pause Young (Allocation Failure) 1347M->1073M(1909M) 68,361ms
[52,154s][info][gc] GC(284) Pause Young (Allocation Failure) 1348M->1075M(1909M) 71,297ms
[52,309s][info][gc] GC(285) Pause Young (Allocation Failure) 1350M->1076M(1908M) 72,163ms
[52,457s][info][gc] GC(286) Pause Young (Allocation Failure) 1351M->1077M(1909M) 68,570ms
[52,605s][info][gc] GC(287) Pause Young (Allocation Failure) 1353M->1078M(1909M) 69,221ms
[52,753s][info][gc] GC(288) Pause Young (Allocation Failure) 1354M->1080M(1909M) 69,008ms
[52,901s][info][gc] GC(289) Pause Young (Allocation Failure) 1356M->1081M(1909M) 69,451ms
[53,053s][info][gc] GC(290) Pause Young (Allocation Failure) 1357M->1082M(1909M) 70,469ms
[53,215s][info][gc] GC(291) Pause Young (Allocation Failure) 1359M->1083M(1908M) 69,418ms
[53,365s][info][gc] GC(292) Pause Young (Allocation Failure) 1360M->1085M(1908M) 70,006ms
[53,513s][info][gc] GC(293) Pause Young (Allocation Failure) 1362M->1086M(1908M) 69,218ms
[53,661s][info][gc] GC(294) Pause Young (Allocation Failure) 1363M->1087M(1908M) 68,761ms
[53,812s][info][gc] GC(295) Pause Young (Allocation Failure) 1365M->1088M(1908M) 69,796ms
[53,961s][info][gc] GC(296) Pause Young (Allocation Failure) 1367M->1090M(1905M) 69,887ms
[54,120s][info][gc] GC(297) Pause Young (Allocation Failure) 1368M->1091M(1908M) 76,344ms
[54,273s][info][gc] GC(298) Pause Young (Allocation Failure) 1370M->1092M(1908M) 69,954ms
[54,423s][info][gc] GC(299) Pause Young (Allocation Failure) 1371M->1093M(1908M) 69,991ms
[54,575s][info][gc] GC(300) Pause Young (Allocation Failure) 1373M->1094M(1905M) 69,641ms
[54,725s][info][gc] GC(301) Pause Young (Allocation Failure) 1374M->1096M(1907M) 69,835ms
[54,875s][info][gc] GC(302) Pause Young (Allocation Failure) 1376M->1097M(1907M) 69,957ms
[55,027s][info][gc] GC(303) Pause Young (Allocation Failure) 1377M->1098M(1907M) 70,559ms
[55,192s][info][gc] GC(304) Pause Young (Allocation Failure) 1379M->1099M(1905M) 69,814ms
[55,343s][info][gc] GC(305) Pause Young (Allocation Failure) 1380M->1101M(1907M) 70,073ms
[55,493s][info][gc] GC(306) Pause Young (Allocation Failure) 1382M->1102M(1907M) 70,449ms
[55,651s][info][gc] GC(307) Pause Young (Allocation Failure) 1384M->1103M(1907M) 77,779ms
[55,803s][info][gc] GC(308) Pause Young (Allocation Failure) 1385M->1104M(1904M) 70,451ms
[55,968s][info][gc] GC(309) Pause Young (Allocation Failure) 1387M->1106M(1906M) 69,938ms
[56,127s][info][gc] GC(310) Pause Young (Allocation Failure) 1388M->1107M(1906M) 72,078ms
[56,282s][info][gc] GC(311) Pause Young (Allocation Failure) 1390M->1108M(1905M) 70,943ms
[56,434s][info][gc] GC(312) Pause Young (Allocation Failure) 1391M->1109M(1906M) 70,482ms
[56,588s][info][gc] GC(313) Pause Young (Allocation Failure) 1393M->1111M(1906M) 71,537ms
[56,740s][info][gc] GC(314) Pause Young (Allocation Failure) 1394M->1112M(1906M) 70,454ms
[56,892s][info][gc] GC(315) Pause Young (Allocation Failure) 1396M->1113M(1905M) 70,322ms
[57,047s][info][gc] GC(316) Pause Young (Allocation Failure) 1397M->1114M(1905M) 72,940ms
[57,215s][info][gc] GC(317) Pause Young (Allocation Failure) 1399M->1116M(1905M) 73,657ms
[57,368s][info][gc] GC(318) Pause Young (Allocation Failure) 1400M->1117M(1903M) 70,932ms
[57,521s][info][gc] GC(319) Pause Young (Allocation Failure) 1402M->1118M(1905M) 71,075ms
[57,673s][info][gc] GC(320) Pause Young (Allocation Failure) 1404M->1119M(1905M) 70,913ms
[57,826s][info][gc] GC(321) Pause Young (Allocation Failure) 1405M->1121M(1904M) 71,124ms
[57,983s][info][gc] GC(322) Pause Young (Allocation Failure) 1407M->1122M(1904M) 72,542ms
[58,148s][info][gc] GC(323) Pause Young (Allocation Failure) 1408M->1123M(1904M) 71,923ms
[58,306s][info][gc] GC(324) Pause Young (Allocation Failure) 1410M->1124M(1904M) 72,012ms
[58,460s][info][gc] GC(325) Pause Young (Allocation Failure) 1411M->1125M(1903M) 71,538ms
[58,620s][info][gc] GC(326) Pause Young (Allocation Failure) 1413M->1127M(1904M) 76,963ms
[58,774s][info][gc] GC(327) Pause Young (Allocation Failure) 1414M->1128M(1904M) 71,444ms
[58,929s][info][gc] GC(328) Pause Young (Allocation Failure) 1416M->1129M(1901M) 72,142ms
[59,085s][info][gc] GC(329) Pause Young (Allocation Failure) 1417M->1130M(1903M) 71,608ms
[59,256s][info][gc] GC(330) Pause Young (Allocation Failure) 1419M->1132M(1903M) 72,087ms
[59,416s][info][gc] GC(331) Pause Young (Allocation Failure) 1420M->1133M(1903M) 72,160ms
[59,572s][info][gc] GC(332) Pause Young (Allocation Failure) 1422M->1134M(1901M) 72,739ms
[59,727s][info][gc] GC(333) Pause Young (Allocation Failure) 1424M->1135M(1903M) 71,808ms
[59,882s][info][gc] GC(334) Pause Young (Allocation Failure) 1425M->1137M(1903M) 72,639ms
[60,041s][info][gc] GC(335) Pause Young (Allocation Failure) 1427M->1138M(1902M) 74,508ms
[60,209s][info][gc] GC(336) Pause Young (Allocation Failure) 1428M->1139M(1902M) 72,009ms
[60,372s][info][gc] GC(337) Pause Young (Allocation Failure) 1438M->1140M(1902M) 72,380ms
[60,528s][info][gc] GC(338) Pause Young (Allocation Failure) 1431M->1142M(1900M) 71,794ms
[60,686s][info][gc] GC(339) Pause Young (Allocation Failure) 1433M->1143M(1902M) 75,256ms
[60,847s][info][gc] GC(340) Pause Young (Allocation Failure) 1434M->1144M(1902M) 73,767ms
[61,006s][info][gc] GC(341) Pause Young (Allocation Failure) 1436M->1145M(1901M) 72,785ms
[61,176s][info][gc] GC(342) Pause Young (Allocation Failure) 1438M->1147M(1901M) 73,061ms
[61,333s][info][gc] GC(343) Pause Young (Allocation Failure) 1439M->1148M(1901M) 73,290ms
[61,493s][info][gc] GC(344) Pause Young (Allocation Failure) 1441M->1149M(1901M) 74,733ms
[61,652s][info][gc] GC(345) Pause Young (Allocation Failure) 1442M->1150M(1900M) 73,094ms
[61,809s][info][gc] GC(346) Pause Young (Allocation Failure) 1444M->1152M(1901M) 72,896ms
[61,967s][info][gc] GC(347) Pause Young (Allocation Failure) 1445M->1153M(1901M) 72,844ms
[62,146s][info][gc] GC(348) Pause Young (Allocation Failure) 1447M->1154M(1898M) 82,828ms
[62,316s][info][gc] GC(349) Pause Young (Allocation Failure) 1448M->1155M(1900M) 73,424ms
[62,474s][info][gc] GC(350) Pause Young (Allocation Failure) 1450M->1157M(1900M) 73,565ms
[62,632s][info][gc] GC(351) Pause Young (Allocation Failure) 1451M->1158M(1899M) 73,629ms
[62,795s][info][gc] GC(352) Pause Young (Allocation Failure) 1453M->1159M(1900M) 74,470ms
[62,956s][info][gc] GC(353) Pause Young (Allocation Failure) 1455M->1160M(1900M) 74,019ms
[63,123s][info][gc] GC(354) Pause Young (Allocation Failure) 1456M->1162M(1900M) 78,602ms
[63,285s][info][gc] GC(355) Pause Young (Allocation Failure) 1458M->1163M(1899M) 73,396ms
[63,445s][info][gc] GC(356) Pause Young (Allocation Failure) 1459M->1164M(1899M) 73,841ms
[63,605s][info][gc] GC(357) Pause Young (Allocation Failure) 1461M->1165M(1899M) 73,852ms
[63,765s][info][gc] GC(358) Pause Young (Allocation Failure) 1462M->1167M(1897M) 74,302ms
[63,924s][info][gc] GC(359) Pause Young (Allocation Failure) 1464M->1168M(1899M) 73,918ms
[64,084s][info][gc] GC(360) Pause Young (Allocation Failure) 1465M->1169M(1899M) 74,169ms
[64,284s][info][gc] GC(361) Pause Young (Allocation Failure) 1467M->1170M(1898M) 76,602ms
[64,470s][info][gc] GC(362) Pause Young (Allocation Failure) 1468M->1171M(1898M) 78,722ms
[64,683s][info][gc] GC(363) Pause Young (Allocation Failure) 1470M->1173M(1898M) 100,874ms
[64,863s][info][gc] GC(364) Pause Young (Allocation Failure) 1471M->1174M(1898M) 77,838ms
[65,036s][info][gc] GC(365) Pause Young (Allocation Failure) 1473M->1175M(1897M) 76,073ms
[65,209s][info][gc] GC(366) Pause Young (Allocation Failure) 1475M->1176M(1898M) 74,367ms
[65,372s][info][gc] GC(367) Pause Young (Allocation Failure) 1476M->1178M(1898M) 74,541ms
[65,533s][info][gc] GC(368) Pause Young (Allocation Failure) 1478M->1179M(1895M) 74,396ms
[65,695s][info][gc] GC(369) Pause Young (Allocation Failure) 1479M->1180M(1897M) 75,150ms
[65,857s][info][gc] GC(370) Pause Young (Allocation Failure) 1481M->1181M(1897M) 75,012ms
[66,019s][info][gc] GC(371) Pause Young (Allocation Failure) 1482M->1183M(1896M) 74,477ms
[66,194s][info][gc] GC(372) Pause Young (Allocation Failure) 1484M->1184M(1897M) 74,329ms
[66,371s][info][gc] GC(373) Pause Young (Allocation Failure) 1485M->1185M(1897M) 86,812ms
[66,551s][info][gc] GC(374) Pause Young (Allocation Failure) 1487M->1186M(1894M) 78,420ms
[66,723s][info][gc] GC(375) Pause Young (Allocation Failure) 1488M->1188M(1896M) 74,749ms
[66,899s][info][gc] GC(376) Pause Young (Allocation Failure) 1490M->1189M(1896M) 77,123ms
[67,081s][info][gc] GC(377) Pause Young (Allocation Failure) 1491M->1190M(1896M) 90,836ms
[67,263s][info][gc] GC(378) Pause Young (Allocation Failure) 1493M->1191M(1894M) 79,600ms
[67,444s][info][gc] GC(379) Pause Young (Allocation Failure) 1495M->1193M(1896M) 79,144ms
[67,625s][info][gc] GC(380) Pause Young (Allocation Failure) 1496M->1194M(1896M) 77,874ms
[67,817s][info][gc] GC(381) Pause Young (Allocation Failure) 1498M->1195M(1895M) 89,503ms
[68,004s][info][gc] GC(382) Pause Young (Allocation Failure) 1499M->1196M(1895M) 76,208ms
[68,187s][info][gc] GC(383) Pause Young (Allocation Failure) 1501M->1198M(1895M) 78,973ms
[68,377s][info][gc] GC(384) Pause Young (Allocation Failure) 1502M->1199M(1893M) 83,756ms
[68,564s][info][gc] GC(385) Pause Young (Allocation Failure) 1504M->1200M(1895M) 75,653ms
[68,748s][info][gc] GC(386) Pause Young (Allocation Failure) 1505M->1201M(1895M) 78,403ms
[68,935s][info][gc] GC(387) Pause Young (Allocation Failure) 1507M->1203M(1894M) 88,180ms
[69,121s][info][gc] GC(388) Pause Young (Allocation Failure) 1508M->1204M(1894M) 80,823ms
[69,311s][info][gc] GC(389) Pause Young (Allocation Failure) 1510M->1205M(1894M) 81,394ms
[69,482s][info][gc] GC(390) Pause Young (Allocation Failure) 1511M->1206M(1894M) 81,445ms
[69,692s][info][gc] GC(391) Pause Young (Allocation Failure) 1513M->1207M(1893M) 80,151ms
[69,945s][info][gc] GC(392) Pause Young (Allocation Failure) 1515M->1209M(1894M) 115,112ms
[70,235s][info][gc] GC(393) Pause Young (Allocation Failure) 1516M->1210M(1894M) 160,280ms
[70,461s][info][gc] GC(394) Pause Young (Allocation Failure) 1518M->1211M(1891M) 86,889ms
[70,755s][info][gc] GC(395) Pause Young (Allocation Failure) 1519M->1212M(1893M) 150,359ms
[71,031s][info][gc] GC(396) Pause Young (Allocation Failure) 1521M->1214M(1893M) 100,188ms
[71,254s][info][gc] GC(397) Pause Young (Allocation Failure) 1522M->1215M(1892M) 83,419ms
[71,512s][info][gc] GC(398) Pause Young (Allocation Failure) 1524M->1216M(1893M) 107,899ms
[71,691s][info][gc] GC(399) Pause Young (Allocation Failure) 1525M->1217M(1893M) 85,283ms
[71,903s][info][gc] GC(400) Pause Young (Allocation Failure) 1527M->1219M(1893M) 90,608ms
[72,099s][info][gc] GC(401) Pause Young (Allocation Failure) 1528M->1220M(1892M) 84,404ms
[72,283s][info][gc] GC(402) Pause Young (Allocation Failure) 1530M->1221M(1892M) 81,477ms
[72,459s][info][gc] GC(403) Pause Young (Allocation Failure) 1531M->1222M(1892M) 79,217ms
[72,647s][info][gc] GC(404) Pause Young (Allocation Failure) 1533M->1224M(1890M) 82,815ms
[72,971s][info][gc] GC(405) Pause Young (Allocation Failure) 1535M->1225M(1892M) 93,223ms
[73,194s][info][gc] GC(406) Pause Young (Allocation Failure) 1536M->1226M(1892M) 88,033ms
[73,423s][info][gc] GC(407) Pause Young (Allocation Failure) 1538M->1227M(1891M) 90,603ms
[73,612s][info][gc] GC(408) Pause Young (Allocation Failure) 1539M->1228M(1891M) 80,194ms
[73,798s][info][gc] GC(409) Pause Young (Allocation Failure) 1541M->1230M(1891M) 79,360ms
[73,996s][info][gc] GC(410) Pause Young (Allocation Failure) 1542M->1231M(1889M) 87,805ms
[74,195s][info][gc] GC(411) Pause Young (Allocation Failure) 1544M->1232M(1891M) 81,395ms
[74,381s][info][gc] GC(412) Pause Young (Allocation Failure) 1545M->1233M(1891M) 80,253ms
[74,561s][info][gc] GC(413) Pause Young (Allocation Failure) 1547M->1235M(1891M) 81,016ms
[74,742s][info][gc] GC(414) Pause Young (Allocation Failure) 1548M->1236M(1888M) 81,082ms
[74,933s][info][gc] GC(415) Pause Young (Allocation Failure) 1550M->1237M(1890M) 82,742ms
[75,146s][info][gc] GC(416) Pause Young (Allocation Failure) 1551M->1238M(1890M) 102,855ms
[75,358s][info][gc] GC(417) Pause Young (Allocation Failure) 1553M->1240M(1889M) 93,704ms
[75,550s][info][gc] GC(418) Pause Young (Allocation Failure) 1554M->1241M(1890M) 80,898ms
[75,730s][info][gc] GC(419) Pause Young (Allocation Failure) 1556M->1242M(1890M) 82,281ms
[75,906s][info][gc] GC(420) Pause Young (Allocation Failure) 1558M->1243M(1887M) 79,721ms
[76,084s][info][gc] GC(421) Pause Young (Allocation Failure) 1559M->1245M(1889M) 80,995ms
[76,271s][info][gc] GC(422) Pause Young (Allocation Failure) 1561M->1246M(1889M) 80,902ms
[76,464s][info][gc] GC(423) Pause Young (Allocation Failure) 1562M->1247M(1888M) 91,763ms
[76,655s][info][gc] GC(424) Pause Young (Allocation Failure) 1564M->1248M(1889M) 80,926ms
[76,838s][info][gc] GC(425) Pause Young (Allocation Failure) 1565M->1249M(1889M) 83,433ms
[77,024s][info][gc] GC(426) Pause Young (Allocation Failure) 1567M->1251M(1889M) 83,182ms
[77,220s][info][gc] GC(427) Pause Young (Allocation Failure) 1568M->1252M(1888M) 81,654ms
[77,403s][info][gc] GC(428) Pause Young (Allocation Failure) 1570M->1253M(1888M) 81,982ms
[77,593s][info][gc] GC(429) Pause Young (Allocation Failure) 1571M->1254M(1888M) 89,823ms
[77,775s][info][gc] GC(430) Pause Young (Allocation Failure) 1573M->1256M(1886M) 82,209ms
[77,958s][info][gc] GC(431) Pause Young (Allocation Failure) 1574M->1257M(1888M) 82,910ms
[78,145s][info][gc] GC(432) Pause Young (Allocation Failure) 1576M->1258M(1888M) 81,972ms
[78,328s][info][gc] GC(433) Pause Young (Allocation Failure) 1578M->1259M(1887M) 81,969ms
[78,510s][info][gc] GC(434) Pause Young (Allocation Failure) 1579M->1261M(1887M) 80,516ms
[78,696s][info][gc] GC(435) Pause Young (Allocation Failure) 1581M->1262M(1887M) 84,434ms
[78,892s][info][gc] GC(436) Pause Young (Allocation Failure) 1582M->1263M(1885M) 85,228ms
[79,121s][info][gc] GC(437) Pause Young (Allocation Failure) 1584M->1264M(1887M) 89,354ms
[79,310s][info][gc] GC(438) Pause Young (Allocation Failure) 1585M->1266M(1887M) 83,882ms
[79,502s][info][gc] GC(439) Pause Young (Allocation Failure) 1587M->1267M(1887M) 83,115ms
[79,693s][info][gc] GC(440) Pause Young (Allocation Failure) 1588M->1268M(1884M) 86,368ms
[79,917s][info][gc] GC(441) Pause Young (Allocation Failure) 1590M->1269M(1886M) 107,393ms
[80,107s][info][gc] GC(442) Pause Young (Allocation Failure) 1591M->1270M(1886M) 83,898ms
[80,298s][info][gc] GC(443) Pause Young (Allocation Failure) 1593M->1272M(1885M) 87,266ms
[80,516s][info][gc] GC(444) Pause Young (Allocation Failure) 1594M->1273M(1886M) 83,601ms
[80,712s][info][gc] GC(445) Pause Young (Allocation Failure) 1596M->1274M(1886M) 84,254ms
[80,917s][info][gc] GC(446) Pause Young (Allocation Failure) 1597M->1275M(1883M) 89,593ms
[81,144s][info][gc] GC(447) Pause Young (Allocation Failure) 1599M->1277M(1885M) 97,233ms
[81,363s][info][gc] GC(448) Pause Young (Allocation Failure) 1601M->1278M(1885M) 107,214ms
[81,577s][info][gc] GC(449) Pause Young (Allocation Failure) 1602M->1279M(1885M) 86,813ms
[81,790s][info][gc] GC(450) Pause Young (Allocation Failure) 1604M->1280M(1883M) 104,860ms
[82,016s][info][gc] GC(451) Pause Young (Allocation Failure) 1605M->1282M(1885M) 105,836ms
[82,245s][info][gc] GC(452) Pause Young (Allocation Failure) 1607M->1283M(1885M) 88,329ms
[82,520s][info][gc] GC(453) Pause Young (Allocation Failure) 1608M->1284M(1884M) 114,355ms
[82,722s][info][gc] GC(454) Pause Young (Allocation Failure) 1610M->1285M(1884M) 83,408ms
[82,928s][info][gc] GC(455) Pause Young (Allocation Failure) 1611M->1287M(1884M) 86,806ms
[83,160s][info][gc] GC(456) Pause Young (Allocation Failure) 1613M->1288M(1882M) 111,532ms
[83,354s][info][gc] GC(457) Pause Young (Allocation Failure) 1614M->1289M(1884M) 85,866ms
[83,539s][info][gc] GC(458) Pause Young (Allocation Failure) 1616M->1290M(1884M) 82,685ms
[83,732s][info][gc] GC(459) Pause Young (Allocation Failure) 1617M->1291M(1883M) 87,947ms
[83,937s][info][gc] GC(460) Pause Young (Allocation Failure) 1619M->1293M(1883M) 90,022ms
[84,134s][info][gc] GC(461) Pause Young (Allocation Failure) 1620M->1294M(1883M) 85,695ms
[84,336s][info][gc] GC(462) Pause Young (Allocation Failure) 1622M->1295M(1883M) 87,475ms
[84,572s][info][gc] GC(463) Pause Young (Allocation Failure) 1624M->1296M(1882M) 111,281ms
[84,794s][info][gc] GC(464) Pause Young (Allocation Failure) 1625M->1298M(1883M) 94,255ms
[84,990s][info][gc] GC(465) Pause Young (Allocation Failure) 1627M->1299M(1883M) 83,383ms
[85,211s][info][gc] GC(466) Pause Young (Allocation Failure) 1628M->1300M(1880M) 91,867ms
[85,429s][info][gc] GC(467) Pause Young (Allocation Failure) 1630M->1301M(1882M) 100,416ms
[85,643s][info][gc] GC(468) Pause Young (Allocation Failure) 1631M->1303M(1882M) 93,575ms
[85,881s][info][gc] GC(469) Pause Young (Allocation Failure) 1633M->1304M(1881M) 117,152ms
[86,159s][info][gc] GC(470) Pause Young (Allocation Failure) 1634M->1305M(1882M) 97,936ms
[86,424s][info][gc] GC(471) Pause Young (Allocation Failure) 1636M->1306M(1882M) 108,858ms
[86,668s][info][gc] GC(472) Pause Young (Allocation Failure) 1637M->1308M(1879M) 100,029ms
[86,901s][info][gc] GC(473) Pause Young (Allocation Failure) 1639M->1309M(1881M) 92,145ms
[87,172s][info][gc] GC(474) Pause Young (Allocation Failure) 1640M->1310M(1881M) 130,350ms
[87,442s][info][gc] GC(475) Pause Young (Allocation Failure) 1642M->1311M(1881M) 122,774ms
[87,684s][info][gc] GC(476) Pause Young (Allocation Failure) 1643M->1312M(1879M) 96,692ms
[87,910s][info][gc] GC(477) Pause Young (Allocation Failure) 1645M->1314M(1881M) 101,445ms
[88,142s][info][gc] GC(478) Pause Young (Allocation Failure) 1647M->1315M(1881M) 90,295ms
[88,376s][info][gc] GC(479) Pause Young (Allocation Failure) 1648M->1316M(1880M) 107,665ms
[88,588s][info][gc] GC(480) Pause Young (Allocation Failure) 1650M->1317M(1880M) 96,880ms
[88,818s][info][gc] GC(481) Pause Young (Allocation Failure) 1651M->1319M(1880M) 96,419ms
[89,055s][info][gc] GC(482) Pause Young (Allocation Failure) 1653M->1320M(1878M) 98,613ms
[89,289s][info][gc] GC(483) Pause Young (Allocation Failure) 1654M->1321M(1880M) 92,900ms
[89,532s][info][gc] GC(484) Pause Young (Allocation Failure) 1656M->1322M(1880M) 109,483ms
[89,718s][info][gc] GC(485) Pause Young (Allocation Failure) 1657M->1324M(1880M) 84,374ms
[89,952s][info][gc] GC(486) Pause Young (Allocation Failure) 1659M->1325M(1877M) 120,110ms
[90,217s][info][gc] GC(487) Pause Young (Allocation Failure) 1661M->1326M(1879M) 115,040ms
[90,491s][info][gc] GC(488) Pause Young (Allocation Failure) 1662M->1327M(1879M) 117,565ms
[90,752s][info][gc] GC(489) Pause Young (Allocation Failure) 1663M->1329M(1878M) 113,574ms
[90,997s][info][gc] GC(490) Pause Young (Allocation Failure) 1665M->1330M(1879M) 109,320ms
[91,246s][info][gc] GC(491) Pause Young (Allocation Failure) 1667M->1331M(1879M) 104,612ms
[91,485s][info][gc] GC(492) Pause Young (Allocation Failure) 1668M->1332M(1876M) 99,236ms
[91,706s][info][gc] GC(493) Pause Young (Allocation Failure) 1670M->1334M(1878M) 99,556ms
[91,892s][info][gc] GC(494) Pause Young (Allocation Failure) 1671M->1335M(1878M) 84,678ms
[92,083s][info][gc] GC(495) Pause Young (Allocation Failure) 1673M->1336M(1877M) 87,501ms
[92,312s][info][gc] GC(496) Pause Young (Allocation Failure) 1674M->1337M(1878M) 94,635ms
[92,562s][info][gc] GC(497) Pause Young (Allocation Failure) 1676M->1338M(1878M) 98,455ms
[92,800s][info][gc] GC(498) Pause Young (Allocation Failure) 1677M->1340M(1878M) 100,097ms
[93,024s][info][gc] GC(499) Pause Young (Allocation Failure) 1679M->1341M(1877M) 90,833ms
[93,253s][info][gc] GC(500) Pause Young (Allocation Failure) 1680M->1342M(1877M) 90,033ms
[93,468s][info][gc] GC(501) Pause Young (Allocation Failure) 1682M->1343M(1877M) 97,106ms
[93,702s][info][gc] GC(502) Pause Young (Allocation Failure) 1683M->1345M(1875M) 102,969ms
[93,944s][info][gc] GC(503) Pause Young (Allocation Failure) 1685M->1346M(1877M) 96,908ms
[94,148s][info][gc] GC(504) Pause Young (Allocation Failure) 1520M->1346M(1877M) 126,421ms
[94,326s][info][gc] GC(505) Pause Young (Allocation Failure) 1520M->1347M(1877M) 107,503ms
[94,502s][info][gc] GC(506) Pause Young (Allocation Failure) 1521M->1348M(1877M) 102,279ms
[94,730s][info][gc] GC(507) Pause Young (Allocation Failure) 1521M->1348M(1877M) 141,568ms
[94,959s][info][gc] GC(508) Pause Young (Allocation Failure) 1522M->1349M(1877M) 135,362ms
[95,207s][info][gc] GC(509) Pause Young (Allocation Failure) 1523M->1350M(1877M) 141,884ms
[95,427s][info][gc] GC(510) Pause Young (Allocation Failure) 1524M->1350M(1877M) 125,080ms
[95,661s][info][gc] GC(511) Pause Young (Allocation Failure) 1524M->1351M(1877M) 143,545ms
[95,866s][info][gc] GC(512) Pause Young (Allocation Failure) 1525M->1351M(1877M) 121,271ms
[96,071s][info][gc] GC(513) Pause Young (Allocation Failure) 1526M->1352M(1877M) 121,356ms
[96,261s][info][gc] GC(514) Pause Young (Allocation Failure) 1526M->1353M(1877M) 99,642ms
[96,470s][info][gc] GC(515) Pause Young (Allocation Failure) 1527M->1353M(1877M) 129,997ms
[96,656s][info][gc] GC(516) Pause Young (Allocation Failure) 1528M->1354M(1877M) 110,451ms
[96,819s][info][gc] GC(517) Pause Young (Allocation Failure) 1528M->1355M(1877M) 90,600ms
[96,987s][info][gc] GC(518) Pause Young (Allocation Failure) 1529M->1355M(1877M) 94,273ms
[97,157s][info][gc] GC(519) Pause Young (Allocation Failure) 1530M->1356M(1877M) 101,510ms
[97,336s][info][gc] GC(520) Pause Young (Allocation Failure) 1531M->1356M(1876M) 111,315ms
[97,498s][info][gc] GC(521) Pause Young (Allocation Failure) 1531M->1357M(1877M) 97,841ms
[97,652s][info][gc] GC(522) Pause Young (Allocation Failure) 1532M->1358M(1877M) 94,651ms
[97,807s][info][gc] GC(523) Pause Young (Allocation Failure) 1533M->1358M(1877M) 97,151ms
[97,982s][info][gc] GC(524) Pause Young (Allocation Failure) 1533M->1359M(1877M) 102,070ms
[98,141s][info][gc] GC(525) Pause Young (Allocation Failure) 1534M->1360M(1877M) 91,633ms
[98,308s][info][gc] GC(526) Pause Young (Allocation Failure) 1535M->1360M(1877M) 101,657ms
[98,488s][info][gc] GC(527) Pause Young (Allocation Failure) 1535M->1361M(1877M) 111,540ms
[98,680s][info][gc] GC(528) Pause Young (Allocation Failure) 1536M->1361M(1877M) 110,078ms
[98,858s][info][gc] GC(529) Pause Young (Allocation Failure) 1537M->1362M(1877M) 104,956ms
[99,059s][info][gc] GC(530) Pause Young (Allocation Failure) 1538M->1363M(1875M) 108,727ms
[99,253s][info][gc] GC(531) Pause Young (Allocation Failure) 1538M->1363M(1876M) 113,220ms
[99,419s][info][gc] GC(532) Pause Young (Allocation Failure) 1539M->1364M(1876M) 98,088ms
[99,597s][info][gc] GC(533) Pause Young (Allocation Failure) 1540M->1365M(1876M) 105,129ms
[99,758s][info][gc] GC(534) Pause Young (Allocation Failure) 1540M->1365M(1876M) 99,928ms
[99,979s][info][gc] GC(535) Pause Young (Allocation Failure) 1541M->1366M(1876M) 153,246ms
[100,165s][info][gc] GC(536) Pause Young (Allocation Failure) 1542M->1366M(1876M) 102,320ms
[100,430s][info][gc] GC(537) Pause Young (Allocation Failure) 1543M->1367M(1876M) 159,464ms
[100,642s][info][gc] GC(538) Pause Young (Allocation Failure) 1543M->1368M(1875M) 106,424ms
[100,815s][info][gc] GC(539) Pause Young (Allocation Failure) 1544M->1368M(1876M) 103,097ms
[100,980s][info][gc] GC(540) Pause Young (Allocation Failure) 1545M->1369M(1876M) 97,265ms
[101,150s][info][gc] GC(541) Pause Young (Allocation Failure) 1545M->1370M(1876M) 96,301ms
[101,354s][info][gc] GC(542) Pause Young (Allocation Failure) 1546M->1370M(1876M) 124,697ms
[101,528s][info][gc] GC(543) Pause Young (Allocation Failure) 1547M->1371M(1876M) 92,590ms
[101,741s][info][gc] GC(544) Pause Young (Allocation Failure) 1547M->1371M(1876M) 115,150ms
[102,008s][info][gc] GC(545) Pause Young (Allocation Failure) 1548M->1372M(1875M) 161,050ms
[102,217s][info][gc] GC(546) Pause Young (Allocation Failure) 1549M->1373M(1875M) 100,795ms
[102,427s][info][gc] GC(547) Pause Young (Allocation Failure) 1549M->1373M(1875M) 124,782ms
[102,586s][info][gc] GC(548) Pause Young (Allocation Failure) 1550M->1374M(1875M) 95,715ms
[102,755s][info][gc] GC(549) Pause Young (Allocation Failure) 1551M->1375M(1875M) 104,446ms
[102,939s][info][gc] GC(550) Pause Young (Allocation Failure) 1552M->1375M(1875M) 108,410ms
[103,137s][info][gc] GC(551) Pause Young (Allocation Failure) 1552M->1376M(1875M) 124,869ms
[103,309s][info][gc] GC(552) Pause Young (Allocation Failure) 1553M->1376M(1874M) 95,995ms
[103,464s][info][gc] GC(553) Pause Young (Allocation Failure) 1554M->1377M(1875M) 103,027ms
[103,688s][info][gc] GC(554) Pause Young (Allocation Failure) 1554M->1378M(1875M) 143,444ms
[103,914s][info][gc] GC(555) Pause Young (Allocation Failure) 1555M->1378M(1875M) 121,640ms
[104,098s][info][gc] GC(556) Pause Young (Allocation Failure) 1556M->1379M(1875M) 109,583ms
[104,289s][info][gc] GC(557) Pause Young (Allocation Failure) 1557M->1380M(1875M) 98,739ms
[104,448s][info][gc] GC(558) Pause Young (Allocation Failure) 1557M->1380M(1874M) 96,494ms
[104,613s][info][gc] GC(559) Pause Young (Allocation Failure) 1558M->1381M(1874M) 105,211ms
[104,768s][info][gc] GC(560) Pause Young (Allocation Failure) 1559M->1381M(1874M) 95,735ms
[104,937s][info][gc] GC(561) Pause Young (Allocation Failure) 1559M->1382M(1874M) 105,928ms
[105,092s][info][gc] GC(562) Pause Young (Allocation Failure) 1560M->1383M(1874M) 92,803ms
[105,267s][info][gc] GC(563) Pause Young (Allocation Failure) 1561M->1383M(1874M) 106,155ms
[105,455s][info][gc] GC(564) Pause Young (Allocation Failure) 1561M->1384M(1874M) 107,734ms
[105,611s][info][gc] GC(565) Pause Young (Allocation Failure) 1562M->1385M(1873M) 95,787ms
[105,765s][info][gc] GC(566) Pause Young (Allocation Failure) 1563M->1385M(1874M) 91,280ms
[105,930s][info][gc] GC(567) Pause Young (Allocation Failure) 1563M->1386M(1874M) 100,327ms
[106,083s][info][gc] GC(568) Pause Young (Allocation Failure) 1564M->1386M(1874M) 93,739ms
[106,248s][info][gc] GC(569) Pause Young (Allocation Failure) 1565M->1387M(1874M) 95,201ms
[106,409s][info][gc] GC(570) Pause Young (Allocation Failure) 1566M->1388M(1874M) 99,607ms
[106,568s][info][gc] GC(571) Pause Young (Allocation Failure) 1566M->1388M(1874M) 95,149ms
[106,721s][info][gc] GC(572) Pause Young (Allocation Failure) 1567M->1389M(1873M) 93,834ms
[106,883s][info][gc] GC(573) Pause Young (Allocation Failure) 1568M->1390M(1873M) 96,676ms
[107,043s][info][gc] GC(574) Pause Young (Allocation Failure) 1568M->1390M(1873M) 95,024ms
[107,206s][info][gc] GC(575) Pause Young (Allocation Failure) 1569M->1391M(1873M) 94,872ms
[107,365s][info][gc] GC(576) Pause Young (Allocation Failure) 1570M->1391M(1873M) 92,962ms
[107,523s][info][gc] GC(577) Pause Young (Allocation Failure) 1570M->1392M(1873M) 97,473ms
[107,684s][info][gc] GC(578) Pause Young (Allocation Failure) 1571M->1393M(1872M) 96,450ms
[107,857s][info][gc] GC(579) Pause Young (Allocation Failure) 1572M->1393M(1873M) 110,037ms
[108,029s][info][gc] GC(580) Pause Young (Allocation Failure) 1573M->1394M(1873M) 98,529ms
[108,212s][info][gc] GC(581) Pause Young (Allocation Failure) 1573M->1395M(1873M) 108,345ms
[108,414s][info][gc] GC(582) Pause Young (Allocation Failure) 1574M->1395M(1873M) 129,864ms
[108,583s][info][gc] GC(583) Pause Young (Allocation Failure) 1575M->1396M(1873M) 106,956ms
[108,740s][info][gc] GC(584) Pause Young (Allocation Failure) 1575M->1396M(1873M) 93,295ms
[108,910s][info][gc] GC(585) Pause Young (Allocation Failure) 1576M->1397M(1872M) 105,036ms
[109,100s][info][gc] GC(586) Pause Young (Allocation Failure) 1577M->1398M(1872M) 111,368ms
[109,289s][info][gc] GC(587) Pause Young (Allocation Failure) 1577M->1398M(1872M) 101,208ms
[109,454s][info][gc] GC(588) Pause Young (Allocation Failure) 1578M->1399M(1872M) 95,973ms
[109,629s][info][gc] GC(589) Pause Young (Allocation Failure) 1579M->1400M(1872M) 100,778ms
[109,794s][info][gc] GC(590) Pause Young (Allocation Failure) 1579M->1400M(1872M) 106,125ms
[109,956s][info][gc] GC(591) Pause Young (Allocation Failure) 1580M->1401M(1872M) 97,775ms
[110,112s][info][gc] GC(592) Pause Young (Allocation Failure) 1581M->1401M(1871M) 92,627ms
[110,283s][info][gc] GC(593) Pause Young (Allocation Failure) 1582M->1402M(1872M) 99,230ms
[110,442s][info][gc] GC(594) Pause Young (Allocation Failure) 1582M->1403M(1872M) 97,033ms
[110,598s][info][gc] GC(595) Pause Young (Allocation Failure) 1583M->1403M(1872M) 93,190ms
[110,758s][info][gc] GC(596) Pause Young (Allocation Failure) 1584M->1404M(1872M) 96,245ms
[110,920s][info][gc] GC(597) Pause Young (Allocation Failure) 1584M->1405M(1872M) 98,809ms
[111,087s][info][gc] GC(598) Pause Young (Allocation Failure) 1585M->1405M(1871M) 103,100ms
[111,263s][info][gc] GC(599) Pause Young (Allocation Failure) 1586M->1406M(1871M) 95,174ms
[111,420s][info][gc] GC(600) Pause Young (Allocation Failure) 1586M->1406M(1871M) 99,872ms
[111,572s][info][gc] GC(601) Pause Young (Allocation Failure) 1587M->1407M(1871M) 94,293ms
[111,736s][info][gc] GC(602) Pause Young (Allocation Failure) 1588M->1408M(1871M) 103,028ms
[111,890s][info][gc] GC(603) Pause Young (Allocation Failure) 1589M->1408M(1871M) 96,972ms
[112,052s][info][gc] GC(604) Pause Young (Allocation Failure) 1589M->1409M(1870M) 98,602ms
[112,217s][info][gc] GC(605) Pause Young (Allocation Failure) 1590M->1410M(1871M) 97,221ms
[112,380s][info][gc] GC(606) Pause Young (Allocation Failure) 1591M->1410M(1871M) 105,324ms
[112,535s][info][gc] GC(607) Pause Young (Allocation Failure) 1591M->1411M(1871M) 97,376ms
[112,692s][info][gc] GC(608) Pause Young (Allocation Failure) 1592M->1411M(1871M) 97,530ms
[112,857s][info][gc] GC(609) Pause Young (Allocation Failure) 1593M->1412M(1871M) 100,808ms
[113,012s][info][gc] GC(610) Pause Young (Allocation Failure) 1593M->1413M(1871M) 97,643ms
[113,177s][info][gc] GC(611) Pause Young (Allocation Failure) 1594M->1413M(1870M) 95,292ms
[113,366s][info][gc] GC(612) Pause Young (Allocation Failure) 1595M->1414M(1870M) 129,598ms
[113,525s][info][gc] GC(613) Pause Young (Allocation Failure) 1596M->1415M(1870M) 98,734ms
[113,687s][info][gc] GC(614) Pause Young (Allocation Failure) 1596M->1415M(1870M) 100,336ms
[113,851s][info][gc] GC(615) Pause Young (Allocation Failure) 1597M->1416M(1870M) 99,642ms
[114,012s][info][gc] GC(616) Pause Young (Allocation Failure) 1598M->1416M(1870M) 101,850ms
[114,184s][info][gc] GC(617) Pause Young (Allocation Failure) 1599M->1417M(1869M) 97,652ms
[114,345s][info][gc] GC(618) Pause Young (Allocation Failure) 1599M->1418M(1870M) 94,028ms
[114,501s][info][gc] GC(619) Pause Young (Allocation Failure) 1600M->1418M(1870M) 95,913ms
[114,660s][info][gc] GC(620) Pause Young (Allocation Failure) 1601M->1419M(1870M) 100,537ms
[114,884s][info][gc] GC(621) Pause Young (Allocation Failure) 1601M->1420M(1870M) 125,117ms
[115,044s][info][gc] GC(622) Pause Young (Allocation Failure) 1602M->1420M(1870M) 96,168ms
[115,213s][info][gc] GC(623) Pause Young (Allocation Failure) 1603M->1421M(1870M) 99,277ms
[115,370s][info][gc] GC(624) Pause Young (Allocation Failure) 1603M->1422M(1869M) 95,857ms
[115,534s][info][gc] GC(625) Pause Young (Allocation Failure) 1604M->1422M(1869M) 100,633ms
[115,697s][info][gc] GC(626) Pause Young (Allocation Failure) 1605M->1423M(1869M) 101,211ms
[115,859s][info][gc] GC(627) Pause Young (Allocation Failure) 1605M->1423M(1869M) 100,217ms
[116,017s][info][gc] GC(628) Pause Young (Allocation Failure) 1606M->1424M(1869M) 96,456ms
[116,202s][info][gc] GC(629) Pause Young (Allocation Failure) 1607M->1425M(1869M) 100,281ms
[116,364s][info][gc] GC(630) Pause Young (Allocation Failure) 1608M->1425M(1868M) 96,781ms
[116,522s][info][gc] GC(631) Pause Young (Allocation Failure) 1608M->1426M(1869M) 97,941ms
[116,682s][info][gc] GC(632) Pause Young (Allocation Failure) 1609M->1427M(1869M) 95,597ms
[116,847s][info][gc] GC(633) Pause Young (Allocation Failure) 1610M->1427M(1869M) 101,159ms
[117,005s][info][gc] GC(634) Pause Young (Allocation Failure) 1610M->1428M(1869M) 98,228ms
[117,175s][info][gc] GC(635) Pause Young (Allocation Failure) 1611M->1428M(1869M) 100,426ms
[117,333s][info][gc] GC(636) Pause Young (Allocation Failure) 1612M->1429M(1869M) 97,269ms
[117,496s][info][gc] GC(637) Pause Young (Allocation Failure) 1612M->1430M(1868M) 99,733ms
[117,659s][info][gc] GC(638) Pause Young (Allocation Failure) 1613M->1430M(1868M) 102,299ms
[117,822s][info][gc] GC(639) Pause Young (Allocation Failure) 1614M->1431M(1868M) 100,360ms
[117,985s][info][gc] GC(640) Pause Young (Allocation Failure) 1615M->1432M(1868M) 98,350ms
[118,153s][info][gc] GC(641) Pause Young (Allocation Failure) 1615M->1432M(1868M) 101,341ms
[118,330s][info][gc] GC(642) Pause Young (Allocation Failure) 1616M->1433M(1868M) 108,492ms
[118,509s][info][gc] GC(643) Pause Young (Allocation Failure) 1617M->1433M(1868M) 113,793ms
[118,673s][info][gc] GC(644) Pause Young (Allocation Failure) 1617M->1434M(1867M) 97,761ms
[118,837s][info][gc] GC(645) Pause Young (Allocation Failure) 1618M->1435M(1868M) 94,835ms
[119,016s][info][gc] GC(646) Pause Young (Allocation Failure) 1619M->1435M(1868M) 113,366ms
[119,194s][info][gc] GC(647) Pause Young (Allocation Failure) 1620M->1436M(1868M) 99,727ms
[119,365s][info][gc] GC(648) Pause Young (Allocation Failure) 1620M->1437M(1868M) 106,264ms
[119,523s][info][gc] GC(649) Pause Young (Allocation Failure) 1621M->1437M(1868M) 96,097ms
[119,685s][info][gc] GC(650) Pause Young (Allocation Failure) 1622M->1438M(1867M) 95,504ms
[119,848s][info][gc] GC(651) Pause Young (Allocation Failure) 1622M->1438M(1867M) 97,796ms
[120,007s][info][gc] GC(652) Pause Young (Allocation Failure) 1623M->1439M(1867M) 97,260ms
[120,181s][info][gc] GC(653) Pause Young (Allocation Failure) 1624M->1440M(1867M) 101,145ms
[120,349s][info][gc] GC(654) Pause Young (Allocation Failure) 1628M->1440M(1867M) 100,088ms
[120,516s][info][gc] GC(655) Pause Young (Allocation Failure) 1625M->1441M(1867M) 100,365ms
[120,683s][info][gc] GC(656) Pause Young (Allocation Failure) 1626M->1442M(1867M) 101,160ms
[120,857s][info][gc] GC(657) Pause Young (Allocation Failure) 1626M->1442M(1866M) 108,744ms
[121,024s][info][gc] GC(658) Pause Young (Allocation Failure) 1627M->1443M(1867M) 106,212ms
[121,207s][info][gc] GC(659) Pause Young (Allocation Failure) 1628M->1443M(1867M) 104,330ms
[121,382s][info][gc] GC(660) Pause Young (Allocation Failure) 1628M->1444M(1867M) 101,682ms
[121,554s][info][gc] GC(661) Pause Young (Allocation Failure) 1629M->1445M(1867M) 96,732ms
[121,717s][info][gc] GC(662) Pause Young (Allocation Failure) 1630M->1445M(1867M) 96,248ms
[121,883s][info][gc] GC(663) Pause Young (Allocation Failure) 1631M->1446M(1866M) 98,055ms
[122,056s][info][gc] GC(664) Pause Young (Allocation Failure) 1631M->1447M(1866M) 107,644ms
[122,225s][info][gc] GC(665) Pause Young (Allocation Failure) 1636M->1447M(1866M) 100,603ms
[122,389s][info][gc] GC(666) Pause Young (Allocation Failure) 1633M->1448M(1866M) 101,101ms
[122,551s][info][gc] GC(667) Pause Young (Allocation Failure) 1633M->1448M(1866M) 95,663ms
[122,713s][info][gc] GC(668) Pause Young (Allocation Failure) 1634M->1449M(1866M) 97,056ms
[122,880s][info][gc] GC(669) Pause Young (Allocation Failure) 1635M->1450M(1866M) 97,739ms
[123,042s][info][gc] GC(670) Pause Young (Allocation Failure) 1636M->1450M(1865M) 96,769ms
[123,215s][info][gc] GC(671) Pause Young (Allocation Failure) 1638M->1451M(1866M) 99,070ms
[123,375s][info][gc] GC(672) Pause Young (Allocation Failure) 1637M->1452M(1866M) 98,681ms
[123,537s][info][gc] GC(673) Pause Young (Allocation Failure) 1638M->1452M(1866M) 100,651ms
[123,702s][info][gc] GC(674) Pause Young (Allocation Failure) 1638M->1453M(1866M) 102,177ms
[123,873s][info][gc] GC(675) Pause Young (Allocation Failure) 1639M->1453M(1866M) 105,260ms
[124,069s][info][gc] GC(676) Pause Young (Allocation Failure) 1640M->1454M(1866M) 113,712ms
[124,288s][info][gc] GC(677) Pause Young (Allocation Failure) 1642M->1455M(1865M) 133,187ms
[124,465s][info][gc] GC(678) Pause Young (Allocation Failure) 1641M->1455M(1865M) 107,063ms
[124,660s][info][gc] GC(679) Pause Young (Allocation Failure) 1642M->1456M(1865M) 106,203ms
[124,875s][info][gc] GC(680) Pause Young (Allocation Failure) 1643M->1457M(1865M) 133,867ms
[125,048s][info][gc] GC(681) Pause Young (Allocation Failure) 1643M->1457M(1865M) 97,020ms
[125,214s][info][gc] GC(682) Pause Young (Allocation Failure) 1645M->1458M(1865M) 104,411ms
[125,461s][info][gc] GC(683) Pause Young (Allocation Failure) 1645M->1458M(1864M) 132,230ms
[125,719s][info][gc] GC(684) Pause Young (Allocation Failure) 1645M->1459M(1865M) 146,112ms
[125,921s][info][gc] GC(685) Pause Young (Allocation Failure) 1646M->1460M(1865M) 115,893ms
[126,100s][info][gc] GC(686) Pause Young (Allocation Failure) 1647M->1460M(1865M) 106,630ms
[126,301s][info][gc] GC(687) Pause Young (Allocation Failure) 1648M->1461M(1865M) 119,013ms
[126,491s][info][gc] GC(688) Pause Young (Allocation Failure) 1648M->1462M(1865M) 116,572ms
[126,681s][info][gc] GC(689) Pause Young (Allocation Failure) 1649M->1462M(1865M) 117,001ms
[126,909s][info][gc] GC(690) Pause Young (Allocation Failure) 1650M->1463M(1864M) 136,093ms
[127,092s][info][gc] GC(691) Pause Young (Allocation Failure) 1650M->1463M(1864M) 108,327ms
[127,314s][info][gc] GC(692) Pause Young (Allocation Failure) 1651M->1464M(1864M) 124,023ms
[127,522s][info][gc] GC(693) Pause Young (Allocation Failure) 1652M->1465M(1864M) 111,943ms
[127,741s][info][gc] GC(694) Pause Young (Allocation Failure) 1652M->1465M(1864M) 123,344ms
[127,906s][info][gc] GC(695) Pause Young (Allocation Failure) 1653M->1466M(1864M) 102,668ms
[128,075s][info][gc] GC(696) Pause Young (Allocation Failure) 1654M->1467M(1863M) 104,790ms
[128,268s][info][gc] GC(697) Pause Young (Allocation Failure) 1655M->1467M(1864M) 110,018ms
[128,438s][info][gc] GC(698) Pause Young (Allocation Failure) 1655M->1468M(1864M) 97,658ms
[128,607s][info][gc] GC(699) Pause Young (Allocation Failure) 1656M->1468M(1864M) 101,322ms
[128,773s][info][gc] GC(700) Pause Young (Allocation Failure) 1657M->1469M(1864M) 100,995ms
[128,937s][info][gc] GC(701) Pause Young (Allocation Failure) 1657M->1470M(1864M) 101,468ms
[129,104s][info][gc] GC(702) Pause Young (Allocation Failure) 1658M->1470M(1864M) 103,264ms
[129,277s][info][gc] GC(703) Pause Young (Allocation Failure) 1659M->1471M(1863M) 99,163ms
[129,451s][info][gc] GC(704) Pause Young (Allocation Failure) 1659M->1472M(1863M) 107,790ms
[129,618s][info][gc] GC(705) Pause Young (Allocation Failure) 1660M->1472M(1863M) 103,486ms
[129,783s][info][gc] GC(706) Pause Young (Allocation Failure) 1661M->1473M(1863M) 101,637ms
[129,949s][info][gc] GC(707) Pause Young (Allocation Failure) 1661M->1473M(1863M) 99,201ms
[130,122s][info][gc] GC(708) Pause Young (Allocation Failure) 1662M->1474M(1863M) 106,025ms
[130,296s][info][gc] GC(709) Pause Young (Allocation Failure) 1663M->1475M(1862M) 99,206ms
[130,462s][info][gc] GC(710) Pause Young (Allocation Failure) 1663M->1475M(1863M) 99,449ms
[130,626s][info][gc] GC(711) Pause Young (Allocation Failure) 1664M->1476M(1863M) 100,581ms
[130,792s][info][gc] GC(712) Pause Young (Allocation Failure) 1665M->1477M(1863M) 102,733ms
[130,957s][info][gc] GC(713) Pause Young (Allocation Failure) 1666M->1477M(1863M) 96,974ms
[131,177s][info][gc] GC(714) Pause Young (Allocation Failure) 1666M->1478M(1863M) 138,595ms
[131,349s][info][gc] GC(715) Pause Young (Allocation Failure) 1667M->1478M(1863M) 101,118ms
[131,523s][info][gc] GC(716) Pause Young (Allocation Failure) 1668M->1479M(1862M) 105,041ms
[131,690s][info][gc] GC(717) Pause Young (Allocation Failure) 1668M->1480M(1862M) 97,837ms
[131,860s][info][gc] GC(718) Pause Young (Allocation Failure) 1669M->1480M(1862M) 101,982ms
[132,022s][info][gc] GC(719) Pause Young (Allocation Failure) 1670M->1481M(1862M) 99,041ms
[132,206s][info][gc] GC(720) Pause Young (Allocation Failure) 1671M->1482M(1862M) 111,157ms
[132,378s][info][gc] GC(721) Pause Young (Allocation Failure) 1671M->1482M(1862M) 105,383ms
[132,541s][info][gc] GC(722) Pause Young (Allocation Failure) 1672M->1483M(1861M) 98,654ms
[132,707s][info][gc] GC(723) Pause Young (Allocation Failure) 1673M->1484M(1862M) 101,475ms
[132,884s][info][gc] GC(724) Pause Young (Allocation Failure) 1673M->1484M(1862M) 108,064ms
[133,053s][info][gc] GC(725) Pause Young (Allocation Failure) 1674M->1485M(1862M) 102,342ms
[133,231s][info][gc] GC(726) Pause Young (Allocation Failure) 1675M->1485M(1862M) 103,793ms
[133,407s][info][gc] GC(727) Pause Young (Allocation Failure) 1675M->1486M(1862M) 102,526ms
[133,577s][info][gc] GC(728) Pause Young (Allocation Failure) 1676M->1487M(1862M) 103,722ms
[133,741s][info][gc] GC(729) Pause Young (Allocation Failure) 1677M->1487M(1861M) 100,096ms
[133,914s][info][gc] GC(730) Pause Young (Allocation Failure) 1677M->1488M(1861M) 97,529ms
[134,089s][info][gc] GC(731) Pause Young (Allocation Failure) 1678M->1488M(1861M) 105,892ms
[134,266s][info][gc] GC(732) Pause Young (Allocation Failure) 1679M->1489M(1861M) 98,368ms
[134,461s][info][gc] GC(733) Pause Young (Allocation Failure) 1680M->1490M(1861M) 101,939ms
[134,626s][info][gc] GC(734) Pause Young (Allocation Failure) 1680M->1490M(1861M) 101,867ms
[134,793s][info][gc] GC(735) Pause Young (Allocation Failure) 1681M->1491M(1860M) 101,738ms
[134,966s][info][gc] GC(736) Pause Young (Allocation Failure) 1682M->1492M(1861M) 104,756ms
[135,149s][info][gc] GC(737) Pause Young (Allocation Failure) 1682M->1492M(1861M) 118,785ms
[135,329s][info][gc] GC(738) Pause Young (Allocation Failure) 1683M->1493M(1861M) 107,311ms
[135,498s][info][gc] GC(739) Pause Young (Allocation Failure) 1684M->1493M(1861M) 102,785ms
[135,664s][info][gc] GC(740) Pause Young (Allocation Failure) 1684M->1494M(1861M) 101,091ms
[135,842s][info][gc] GC(741) Pause Young (Allocation Failure) 1685M->1495M(1861M) 112,348ms
[136,011s][info][gc] GC(742) Pause Young (Allocation Failure) 1686M->1495M(1860M) 102,271ms
[136,187s][info][gc] GC(743) Pause Young (Allocation Failure) 1687M->1496M(1860M) 104,237ms
[136,354s][info][gc] GC(744) Pause Young (Allocation Failure) 1687M->1497M(1860M) 98,364ms
[136,525s][info][gc] GC(745) Pause Young (Allocation Failure) 1688M->1497M(1860M) 100,335ms
[136,698s][info][gc] GC(746) Pause Young (Allocation Failure) 1689M->1498M(1860M) 104,979ms
[136,866s][info][gc] GC(747) Pause Young (Allocation Failure) 1689M->1498M(1860M) 100,595ms
[137,047s][info][gc] GC(748) Pause Young (Allocation Failure) 1690M->1499M(1860M) 107,746ms
[137,253s][info][gc] GC(749) Pause Young (Allocation Failure) 1691M->1500M(1859M) 107,796ms
[137,420s][info][gc] GC(750) Pause Young (Allocation Failure) 1691M->1500M(1860M) 104,851ms
[137,590s][info][gc] GC(751) Pause Young (Allocation Failure) 1692M->1501M(1860M) 106,144ms
[137,766s][info][gc] GC(752) Pause Young (Allocation Failure) 1693M->1502M(1860M) 106,656ms
[137,950s][info][gc] GC(753) Pause Young (Allocation Failure) 1694M->1502M(1860M) 99,124ms
[138,118s][info][gc] GC(754) Pause Young (Allocation Failure) 1694M->1503M(1860M) 99,912ms
[138,296s][info][gc] GC(755) Pause Young (Allocation Failure) 1695M->1504M(1859M) 104,689ms
[138,467s][info][gc] GC(756) Pause Young (Allocation Failure) 1696M->1504M(1859M) 105,581ms
[138,642s][info][gc] GC(757) Pause Young (Allocation Failure) 1696M->1505M(1859M) 98,964ms
[138,820s][info][gc] GC(758) Pause Young (Allocation Failure) 1697M->1505M(1859M) 109,139ms
[138,989s][info][gc] GC(759) Pause Young (Allocation Failure) 1698M->1506M(1859M) 102,452ms
[139,180s][info][gc] GC(760) Pause Young (Allocation Failure) 1699M->1507M(1859M) 115,284ms
[139,352s][info][gc] GC(761) Pause Young (Allocation Failure) 1699M->1507M(1859M) 103,853ms
[139,522s][info][gc] GC(762) Pause Young (Allocation Failure) 1700M->1508M(1858M) 100,305ms
[139,697s][info][gc] GC(763) Pause Young (Allocation Failure) 1701M->1509M(1859M) 106,055ms
[139,866s][info][gc] GC(764) Pause Young (Allocation Failure) 1701M->1509M(1859M) 102,122ms
[140,055s][info][gc] GC(765) Pause Young (Allocation Failure) 1702M->1510M(1859M) 105,819ms
[140,232s][info][gc] GC(766) Pause Young (Allocation Failure) 1703M->1510M(1859M) 104,125ms
[140,412s][info][gc] GC(767) Pause Young (Allocation Failure) 1703M->1511M(1859M) 106,034ms
[140,585s][info][gc] GC(768) Pause Young (Allocation Failure) 1704M->1512M(1858M) 107,009ms
[140,754s][info][gc] GC(769) Pause Young (Allocation Failure) 1705M->1512M(1858M) 101,221ms
[140,930s][info][gc] GC(770) Pause Young (Allocation Failure) 1705M->1513M(1858M) 107,231ms
[141,151s][info][gc] GC(771) Pause Young (Allocation Failure) 1706M->1514M(1858M) 144,465ms
[141,347s][info][gc] GC(772) Pause Young (Allocation Failure) 1707M->1514M(1858M) 104,676ms
[141,512s][info][gc] GC(773) Pause Young (Allocation Failure) 1708M->1515M(1858M) 99,532ms
[141,682s][info][gc] GC(774) Pause Young (Allocation Failure) 1708M->1515M(1858M) 102,167ms
[141,851s][info][gc] GC(775) Pause Young (Allocation Failure) 1709M->1516M(1857M) 102,179ms
[142,023s][info][gc] GC(776) Pause Young (Allocation Failure) 1710M->1517M(1858M) 109,868ms
[142,202s][info][gc] GC(777) Pause Young (Allocation Failure) 1711M->1517M(1858M) 104,615ms
[142,372s][info][gc] GC(778) Pause Young (Allocation Failure) 1711M->1518M(1858M) 103,783ms
[142,538s][info][gc] GC(779) Pause Young (Allocation Failure) 1712M->1519M(1858M) 102,987ms
[142,703s][info][gc] GC(780) Pause Young (Allocation Failure) 1712M->1519M(1858M) 102,355ms
[142,872s][info][gc] GC(781) Pause Young (Allocation Failure) 1713M->1520M(1857M) 102,293ms
[143,047s][info][gc] GC(782) Pause Young (Allocation Failure) 1714M->1520M(1857M) 107,968ms
[143,221s][info][gc] GC(783) Pause Young (Allocation Failure) 1715M->1521M(1857M) 100,935ms
[143,393s][info][gc] GC(784) Pause Young (Allocation Failure) 1715M->1522M(1857M) 106,682ms
[143,582s][info][gc] GC(785) Pause Young (Allocation Failure) 1716M->1522M(1857M) 101,542ms
[143,752s][info][gc] GC(786) Pause Young (Allocation Failure) 1717M->1523M(1857M) 103,471ms
[143,921s][info][gc] GC(787) Pause Young (Allocation Failure) 1717M->1524M(1857M) 101,291ms
[144,090s][info][gc] GC(788) Pause Young (Allocation Failure) 1718M->1524M(1856M) 103,462ms
[144,329s][info][gc] GC(789) Pause Young (Allocation Failure) 1719M->1525M(1857M) 159,261ms
[144,511s][info][gc] GC(790) Pause Young (Allocation Failure) 1719M->1525M(1857M) 104,842ms
[144,684s][info][gc] GC(791) Pause Young (Allocation Failure) 1720M->1526M(1857M) 104,638ms
[144,865s][info][gc] GC(792) Pause Young (Allocation Failure) 1721M->1527M(1857M) 112,707ms
[145,035s][info][gc] GC(793) Pause Young (Allocation Failure) 1722M->1527M(1857M) 102,653ms
[145,216s][info][gc] GC(794) Pause Young (Allocation Failure) 1722M->1528M(1856M) 103,851ms
[145,394s][info][gc] GC(795) Pause Young (Allocation Failure) 1723M->1529M(1856M) 108,657ms
[145,571s][info][gc] GC(796) Pause Young (Allocation Failure) 1724M->1529M(1856M) 107,686ms
[145,744s][info][gc] GC(797) Pause Young (Allocation Failure) 1724M->1530M(1856M) 105,911ms
[145,915s][info][gc] GC(798) Pause Young (Allocation Failure) 1725M->1530M(1856M) 104,093ms
[146,105s][info][gc] GC(799) Pause Young (Allocation Failure) 1726M->1531M(1856M) 118,825ms
[146,281s][info][gc] GC(800) Pause Young (Allocation Failure) 1727M->1532M(1856M) 101,237ms
[146,470s][info][gc] GC(801) Pause Young (Allocation Failure) 1727M->1532M(1855M) 122,022ms
[146,691s][info][gc] GC(802) Pause Young (Allocation Failure) 1728M->1533M(1856M) 129,431ms
[146,863s][info][gc] GC(803) Pause Young (Allocation Failure) 1728M->1534M(1856M) 103,944ms
[147,030s][info][gc] GC(804) Pause Young (Allocation Failure) 1729M->1534M(1856M) 102,216ms
[147,218s][info][gc] GC(805) Pause Young (Allocation Failure) 1730M->1535M(1856M) 108,271ms
[147,388s][info][gc] GC(806) Pause Young (Allocation Failure) 1731M->1535M(1856M) 106,346ms
[147,554s][info][gc] GC(807) Pause Young (Allocation Failure) 1731M->1536M(1856M) 98,883ms
[147,726s][info][gc] GC(808) Pause Young (Allocation Failure) 1732M->1537M(1855M) 104,122ms
[147,934s][info][gc] GC(809) Pause Young (Allocation Failure) 1733M->1537M(1855M) 130,330ms
[148,111s][info][gc] GC(810) Pause Young (Allocation Failure) 1733M->1538M(1855M) 110,574ms
[148,298s][info][gc] GC(811) Pause Young (Allocation Failure) 1734M->1538M(1855M) 110,825ms
[148,474s][info][gc] GC(812) Pause Young (Allocation Failure) 1735M->1539M(1855M) 103,561ms
[148,652s][info][gc] GC(813) Pause Young (Allocation Failure) 1735M->1540M(1855M) 106,947ms
[148,827s][info][gc] GC(814) Pause Young (Allocation Failure) 1736M->1540M(1854M) 108,713ms
[149,002s][info][gc] GC(815) Pause Young (Allocation Failure) 1737M->1541M(1855M) 107,910ms
[149,184s][info][gc] GC(816) Pause Young (Allocation Failure) 1738M->1542M(1855M) 110,030ms
[149,360s][info][gc] GC(817) Pause Young (Allocation Failure) 1738M->1542M(1855M) 107,574ms
[149,545s][info][gc] GC(818) Pause Young (Allocation Failure) 1739M->1543M(1855M) 107,880ms
[149,732s][info][gc] GC(819) Pause Young (Allocation Failure) 1740M->1543M(1855M) 107,896ms
[149,906s][info][gc] GC(820) Pause Young (Allocation Failure) 1740M->1544M(1855M) 106,936ms
[150,082s][info][gc] GC(821) Pause Young (Allocation Failure) 1741M->1545M(1854M) 105,870ms
[150,261s][info][gc] GC(822) Pause Young (Allocation Failure) 1742M->1545M(1854M) 102,959ms
[150,440s][info][gc] GC(823) Pause Young (Allocation Failure) 1742M->1546M(1854M) 111,388ms
[150,625s][info][gc] GC(824) Pause Young (Allocation Failure) 1743M->1547M(1854M) 106,191ms
[150,803s][info][gc] GC(825) Pause Young (Allocation Failure) 1744M->1547M(1854M) 111,972ms
[150,980s][info][gc] GC(826) Pause Young (Allocation Failure) 1745M->1548M(1854M) 106,609ms
[151,169s][info][gc] GC(827) Pause Young (Allocation Failure) 1745M->1549M(1853M) 118,924ms
[151,341s][info][gc] GC(828) Pause Young (Allocation Failure) 1746M->1549M(1854M) 106,029ms
[151,515s][info][gc] GC(829) Pause Young (Allocation Failure) 1747M->1550M(1854M) 105,944ms
[151,693s][info][gc] GC(830) Pause Young (Allocation Failure) 1747M->1550M(1854M) 106,503ms
[151,871s][info][gc] GC(831) Pause Young (Allocation Failure) 1748M->1551M(1854M) 103,750ms
[152,053s][info][gc] GC(832) Pause Young (Allocation Failure) 1749M->1552M(1854M) 111,382ms
[152,245s][info][gc] GC(833) Pause Young (Allocation Failure) 1750M->1552M(1854M) 108,601ms
[152,421s][info][gc] GC(834) Pause Young (Allocation Failure) 1750M->1553M(1853M) 107,962ms
[152,603s][info][gc] GC(835) Pause Young (Allocation Failure) 1751M->1554M(1853M) 115,379ms
[152,778s][info][gc] GC(836) Pause Young (Allocation Failure) 1752M->1554M(1853M) 105,886ms
[152,953s][info][gc] GC(837) Pause Young (Allocation Failure) 1752M->1555M(1853M) 109,936ms
[153,135s][info][gc] GC(838) Pause Young (Allocation Failure) 1753M->1555M(1853M) 110,603ms
[153,339s][info][gc] GC(839) Pause Young (Allocation Failure) 1754M->1556M(1853M) 130,708ms
[153,595s][info][gc] GC(840) Pause Young (Allocation Failure) 1754M->1557M(1852M) 148,206ms
[153,780s][info][gc] GC(841) Pause Young (Allocation Failure) 1755M->1557M(1853M) 110,281ms
[153,973s][info][gc] GC(842) Pause Young (Allocation Failure) 1756M->1558M(1853M) 116,313ms
[157,660s][info][gc] GC(843) Pause Full (Ergonomics) 1558M->1539M(1853M) 3687,093ms
[157,961s][info][gc] GC(844) Pause Young (Allocation Failure) 1738M->1540M(1853M) 223,905ms
[158,144s][info][gc] GC(845) Pause Young (Allocation Failure) 1739M->1541M(1853M) 115,196ms
[158,323s][info][gc] GC(846) Pause Young (Allocation Failure) 1739M->1541M(1853M) 106,970ms
[158,504s][info][gc] GC(847) Pause Young (Allocation Failure) 1740M->1542M(1853M) 110,143ms
[158,681s][info][gc] GC(848) Pause Young (Allocation Failure) 1741M->1542M(1852M) 107,073ms
[158,880s][info][gc] GC(849) Pause Young (Allocation Failure) 1741M->1543M(1852M) 120,354ms
[159,058s][info][gc] GC(850) Pause Young (Allocation Failure) 1742M->1544M(1852M) 108,806ms
[159,244s][info][gc] GC(851) Pause Young (Allocation Failure) 1743M->1544M(1852M) 111,322ms
[159,438s][info][gc] GC(852) Pause Young (Allocation Failure) 1743M->1545M(1852M) 114,575ms
[159,615s][info][gc] GC(853) Pause Young (Allocation Failure) 1744M->1546M(1852M) 109,574ms
[159,801s][info][gc] GC(854) Pause Young (Allocation Failure) 1745M->1546M(1852M) 112,331ms
[159,983s][info][gc] GC(855) Pause Young (Allocation Failure) 1746M->1547M(1851M) 110,791ms
[160,160s][info][gc] GC(856) Pause Young (Allocation Failure) 1746M->1547M(1852M) 108,418ms
[160,337s][info][gc] GC(857) Pause Young (Allocation Failure) 1747M->1548M(1852M) 111,038ms
[160,517s][info][gc] GC(858) Pause Young (Allocation Failure) 1748M->1549M(1852M) 110,455ms
[160,701s][info][gc] GC(859) Pause Young (Allocation Failure) 1748M->1549M(1852M) 112,890ms
[160,887s][info][gc] GC(860) Pause Young (Allocation Failure) 1749M->1550M(1852M) 107,742ms
[161,068s][info][gc] GC(861) Pause Young (Allocation Failure) 1750M->1551M(1851M) 110,726ms
[161,244s][info][gc] GC(862) Pause Young (Allocation Failure) 1751M->1551M(1851M) 109,653ms
[161,424s][info][gc] GC(863) Pause Young (Allocation Failure) 1751M->1552M(1851M) 110,771ms
[161,665s][info][gc] GC(864) Pause Young (Allocation Failure) 1752M->1552M(1851M) 146,643ms
[161,857s][info][gc] GC(865) Pause Young (Allocation Failure) 1753M->1553M(1851M) 109,512ms
[162,037s][info][gc] GC(866) Pause Young (Allocation Failure) 1753M->1554M(1851M) 110,312ms
[162,212s][info][gc] GC(867) Pause Young (Allocation Failure) 1754M->1554M(1851M) 108,834ms
[162,394s][info][gc] GC(868) Pause Young (Allocation Failure) 1755M->1555M(1850M) 113,668ms
[162,569s][info][gc] GC(869) Pause Young (Allocation Failure) 1755M->1556M(1851M) 108,334ms
[162,747s][info][gc] GC(870) Pause Young (Allocation Failure) 1756M->1556M(1851M) 110,199ms
[162,935s][info][gc] GC(871) Pause Young (Allocation Failure) 1757M->1557M(1851M) 113,403ms
[163,133s][info][gc] GC(872) Pause Young (Allocation Failure) 1757M->1557M(1851M) 128,895ms
[163,313s][info][gc] GC(873) Pause Young (Allocation Failure) 1758M->1558M(1851M) 108,974ms
[163,488s][info][gc] GC(874) Pause Young (Allocation Failure) 1759M->1559M(1850M) 109,308ms
[163,695s][info][gc] GC(875) Pause Young (Allocation Failure) 1760M->1559M(1850M) 133,636ms
[163,899s][info][gc] GC(876) Pause Young (Allocation Failure) 1760M->1560M(1850M) 110,272ms
[164,086s][info][gc] GC(877) Pause Young (Allocation Failure) 1761M->1561M(1850M) 113,665ms
[166,501s][info][gc] GC(878) Pause Full (Ergonomics) 1561M->1560M(1850M) 2415,047ms
[166,818s][info][gc] GC(879) Pause Young (Allocation Failure) 1761M->1561M(1850M) 238,060ms
[169,222s][info][gc] GC(880) Pause Full (Ergonomics) 1561M->1561M(1850M) 2404,576ms
[171,666s][info][gc] GC(881) Pause Full (Ergonomics) 1762M->1561M(1850M) 2363,077ms
[174,743s][info][gc] GC(882) Pause Full (Allocation Failure) 1561M->1561M(1850M) 3076,925ms
